10-09 17:23:01.029  9995 10015 I TestRunner: started: initial_login(edu.ucsc.cse118.assignment2.BasicInstrumentedTest)
10-09 17:23:01.032  9995 10015 W Settings: Setting always_finish_activities has moved from android.provider.Settings.System to android.provider.Settings.Global, returning read-only value.
10-09 17:23:01.038   863   942 D SplashScreenView: Build android.window.SplashScreenView{96a1497 V.E...... ......ID 0,0-0,0}
10-09 17:23:01.038   863   942 D SplashScreenView: Icon: view: null drawable: null size: 0
10-09 17:23:01.038   863   942 D SplashScreenView: Branding: view: android.view.View{83af684 G.ED..... ......I. 0,0-0,0 #10204a9 android:id/splashscreen_branding_view} drawable: null size w: 0 h: 0
10-09 17:23:01.042   565  2077 W InputReader: Device virtio_input_multi_touch_2 is associated with display ADISPLAY_ID_NONE.
10-09 17:23:01.042   565  2077 W InputReader: Device virtio_input_multi_touch_3 is associated with display ADISPLAY_ID_NONE.
10-09 17:23:01.042   565  2077 W InputReader: Device virtio_input_multi_touch_5 is associated with display ADISPLAY_ID_NONE.
10-09 17:23:01.042   565  2077 W InputReader: Device virtio_input_multi_touch_7 is associated with display ADISPLAY_ID_NONE.
10-09 17:23:01.042   565  2077 W InputReader: Device virtio_input_multi_touch_11 is associated with display ADISPLAY_ID_NONE.
10-09 17:23:01.042   565  2077 W InputReader: Device virtio_input_multi_touch_6 is associated with display ADISPLAY_ID_NONE.
10-09 17:23:01.042   565  2077 W InputReader: Device virtio_input_multi_touch_4 is associated with display ADISPLAY_ID_NONE.
10-09 17:23:01.042   565  2077 W InputReader: Device virtio_input_multi_touch_9 is associated with display ADISPLAY_ID_NONE.
10-09 17:23:01.042   565  2077 W InputReader: Device virtio_input_multi_touch_8 is associated with display ADISPLAY_ID_NONE.
10-09 17:23:01.042   565  2077 W InputReader: Device virtio_input_multi_touch_10 is associated with display ADISPLAY_ID_NONE.
10-09 17:23:01.042   565  2077 W InputReader: Device virtio_input_multi_touch_2 is associated with display ADISPLAY_ID_NONE.
10-09 17:23:01.042   565  2077 W InputReader: Device virtio_input_multi_touch_3 is associated with display ADISPLAY_ID_NONE.
10-09 17:23:01.042   565  2077 W InputReader: Device virtio_input_multi_touch_5 is associated with display ADISPLAY_ID_NONE.
10-09 17:23:01.042   565  2077 W InputReader: Device virtio_input_multi_touch_7 is associated with display ADISPLAY_ID_NONE.
10-09 17:23:01.042   565  2077 W InputReader: Device virtio_input_multi_touch_11 is associated with display ADISPLAY_ID_NONE.
10-09 17:23:01.042   565  2077 W InputReader: Device virtio_input_multi_touch_6 is associated with display ADISPLAY_ID_NONE.
10-09 17:23:01.042   565  2077 W InputReader: Device virtio_input_multi_touch_4 is associated with display ADISPLAY_ID_NONE.
10-09 17:23:01.042   565  2077 W InputReader: Device virtio_input_multi_touch_9 is associated with display ADISPLAY_ID_NONE.
10-09 17:23:01.042   565  2077 W InputReader: Device virtio_input_multi_touch_8 is associated with display ADISPLAY_ID_NONE.
10-09 17:23:01.042   565  2077 W InputReader: Device virtio_input_multi_touch_10 is associated with display ADISPLAY_ID_NONE.
10-09 17:23:01.057   365   424 D goldfish-address-space: claimShared: Ask to claim region [0x1f18b0000 0x1f2254000]
10-09 17:23:01.060   365   424 D goldfish-address-space: claimShared: Ask to claim region [0x1f462c000 0x1f4fd0000]
10-09 17:23:01.062   365   424 D goldfish-address-space: claimShared: Ask to claim region [0x1f5974000 0x1f6318000]
10-09 17:23:01.073   565  2077 W InputReader: Device virtio_input_multi_touch_2 is associated with display ADISPLAY_ID_NONE.
10-09 17:23:01.073   565  2077 W InputReader: Device virtio_input_multi_touch_3 is associated with display ADISPLAY_ID_NONE.
10-09 17:23:01.073   565  2077 W InputReader: Device virtio_input_multi_touch_5 is associated with display ADISPLAY_ID_NONE.
10-09 17:23:01.073   565  2077 W InputReader: Device virtio_input_multi_touch_7 is associated with display ADISPLAY_ID_NONE.
10-09 17:23:01.073   565  2077 W InputReader: Device virtio_input_multi_touch_11 is associated with display ADISPLAY_ID_NONE.
10-09 17:23:01.073   565  2077 W InputReader: Device virtio_input_multi_touch_6 is associated with display ADISPLAY_ID_NONE.
10-09 17:23:01.073   565  2077 W InputReader: Device virtio_input_multi_touch_4 is associated with display ADISPLAY_ID_NONE.
10-09 17:23:01.073   565  2077 W InputReader: Device virtio_input_multi_touch_9 is associated with display ADISPLAY_ID_NONE.
10-09 17:23:01.073   565  2077 W InputReader: Device virtio_input_multi_touch_8 is associated with display ADISPLAY_ID_NONE.
10-09 17:23:01.073   565  2077 W InputReader: Device virtio_input_multi_touch_10 is associated with display ADISPLAY_ID_NONE.
10-09 17:23:01.073   565  2077 W InputReader: Device virtio_input_multi_touch_2 is associated with display ADISPLAY_ID_NONE.
10-09 17:23:01.073   565  2077 W InputReader: Device virtio_input_multi_touch_3 is associated with display ADISPLAY_ID_NONE.
10-09 17:23:01.073   565  2077 W InputReader: Device virtio_input_multi_touch_5 is associated with display ADISPLAY_ID_NONE.
10-09 17:23:01.073   565  2077 W InputReader: Device virtio_input_multi_touch_7 is associated with display ADISPLAY_ID_NONE.
10-09 17:23:01.073   565  2077 W InputReader: Device virtio_input_multi_touch_11 is associated with display ADISPLAY_ID_NONE.
10-09 17:23:01.073   565  2077 W InputReader: Device virtio_input_multi_touch_6 is associated with display ADISPLAY_ID_NONE.
10-09 17:23:01.073   565  2077 W InputReader: Device virtio_input_multi_touch_4 is associated with display ADISPLAY_ID_NONE.
10-09 17:23:01.073   565  2077 W InputReader: Device virtio_input_multi_touch_9 is associated with display ADISPLAY_ID_NONE.
10-09 17:23:01.073   565  2077 W InputReader: Device virtio_input_multi_touch_8 is associated with display ADISPLAY_ID_NONE.
10-09 17:23:01.073   565  2077 W InputReader: Device virtio_input_multi_touch_10 is associated with display ADISPLAY_ID_NONE.
10-09 17:23:01.083   365   424 D goldfish-address-space: claimShared: Ask to claim region [0x1f09a4000 0x1f0fd0000]
10-09 17:23:01.096  9995  9995 D LifecycleMonitor: Lifecycle status change: edu.ucsc.cse118.assignment2.MainActivity@3576856 in: PRE_ON_CREATE
10-09 17:23:01.096  9995  9995 V ActivityScenario: Activity lifecycle changed event received but ignored because the reported transition was not ON_CREATE while the last known transition was PRE_ON_CREATE
10-09 17:23:01.107   863   945 D EGL_emulation: app_time_stats: avg=702.92ms min=112.57ms max=1293.26ms count=2
10-09 17:23:01.109  9995  9995 D LifecycleMonitor: Lifecycle status change: edu.ucsc.cse118.assignment2.MainActivity@3576856 in: CREATED
10-09 17:23:01.110  9995  9995 V ActivityScenario: Update currentActivityStage to CREATED, currentActivity=edu.ucsc.cse118.assignment2.MainActivity@3576856
10-09 17:23:01.110  9995  9995 D LifecycleMonitor: Lifecycle status change: edu.ucsc.cse118.assignment2.MainActivity@3576856 in: STARTED
10-09 17:23:01.110  9995  9995 V ActivityScenario: Update currentActivityStage to STARTED, currentActivity=edu.ucsc.cse118.assignment2.MainActivity@3576856
10-09 17:23:01.111  9995  9995 D LifecycleMonitor: Lifecycle status change: edu.ucsc.cse118.assignment2.MainActivity@3576856 in: RESUMED
10-09 17:23:01.111  9995  9995 V ActivityScenario: Update currentActivityStage to RESUMED, currentActivity=edu.ucsc.cse118.assignment2.MainActivity@3576856
10-09 17:23:01.123   365   424 D goldfish-address-space: claimShared: Ask to claim region [0x1f4fd0000 0x1f5974000]
10-09 17:23:01.124   365   424 D goldfish-address-space: claimShared: Ask to claim region [0x1f6318000 0x1f6cbc000]
10-09 17:23:01.125   365   424 D goldfish-address-space: claimShared: Ask to claim region [0x1f6cbc000 0x1f7660000]
10-09 17:23:01.134   565   606 I ActivityTaskManager: Displayed edu.ucsc.cse118.assignment2/.MainActivity: +98ms
10-09 17:23:01.140   565  2073 W InputManager-JNI: Input channel object '8ca5e67 Splash Screen edu.ucsc.cse118.assignment2.test (client)' was disposed without first being removed with the input manager!
10-09 17:23:01.148  1570  1570 I GoogleInputMethodService: GoogleInputMethodService.onFinishInput():3269
10-09 17:23:01.149  1570  1570 I GoogleInputMethodService: GoogleInputMethodService.onStartInput():1947
10-09 17:23:01.150  1570  1570 I DeviceUnlockedTag: DeviceUnlockedTag.notifyDeviceLockStatusChanged():79 Notify device unlocked.
10-09 17:23:01.153  9995  9995 I ViewInteraction: Checking 'MatchesViewAssertion{viewMatcher=(view has effective visibility <VISIBLE> and view.getGlobalVisibleRect() to return non-empty rectangle)}' assertion on view (an instance of android.widget.TextView and view.getText() with or without transformation to match: is "Login" or (view.getParent() is assignable from class <class com.google.android.material.textfield.TextInputLayout> and (view is an instance of android.view.ViewGroup and has descendant matching an instance of android.widget.TextView and view.getText() with or without transformation to match: is "Login")))
10-09 17:23:01.153  9995  9995 E ViewAssertions: '(view has effective visibility <VISIBLE> and view.getGlobalVisibleRect() to return non-empty rectangle)' check could not be performed because view '(an instance of android.widget.TextView and view.getText() with or without transformation to match: is "Login" or (view.getParent() is assignable from class <class com.google.android.material.textfield.TextInputLayout> and (view is an instance of android.view.ViewGroup and has descendant matching an instance of android.widget.TextView and view.getText() with or without transformation to match: is "Login")))' was not found.
10-09 17:23:01.159  9995  9995 D LifecycleMonitor: Lifecycle status change: edu.ucsc.cse118.assignment2.MainActivity@3576856 in: PAUSED
10-09 17:23:01.159  9995  9995 V ActivityScenario: Update currentActivityStage to PAUSED, currentActivity=edu.ucsc.cse118.assignment2.MainActivity@3576856
10-09 17:23:01.160   565  2073 W InputReader: Device virtio_input_multi_touch_2 is associated with display ADISPLAY_ID_NONE.
10-09 17:23:01.160   565  2073 W InputReader: Device virtio_input_multi_touch_3 is associated with display ADISPLAY_ID_NONE.
10-09 17:23:01.160   565  2073 W InputReader: Device virtio_input_multi_touch_5 is associated with display ADISPLAY_ID_NONE.
10-09 17:23:01.160   565  2073 W InputReader: Device virtio_input_multi_touch_7 is associated with display ADISPLAY_ID_NONE.
10-09 17:23:01.160   565  2073 W InputReader: Device virtio_input_multi_touch_11 is associated with display ADISPLAY_ID_NONE.
10-09 17:23:01.160   565  2073 W InputReader: Device virtio_input_multi_touch_6 is associated with display ADISPLAY_ID_NONE.
10-09 17:23:01.160   565  2073 W InputReader: Device virtio_input_multi_touch_4 is associated with display ADISPLAY_ID_NONE.
10-09 17:23:01.160   565  2073 W InputReader: Device virtio_input_multi_touch_9 is associated with display ADISPLAY_ID_NONE.
10-09 17:23:01.160   565  2073 W InputReader: Device virtio_input_multi_touch_8 is associated with display ADISPLAY_ID_NONE.
10-09 17:23:01.160   565  2073 W InputReader: Device virtio_input_multi_touch_10 is associated with display ADISPLAY_ID_NONE.
10-09 17:23:01.160   565  2073 W InputReader: Device virtio_input_multi_touch_2 is associated with display ADISPLAY_ID_NONE.
10-09 17:23:01.160   565  2073 W InputReader: Device virtio_input_multi_touch_3 is associated with display ADISPLAY_ID_NONE.
10-09 17:23:01.160   565  2073 W InputReader: Device virtio_input_multi_touch_5 is associated with display ADISPLAY_ID_NONE.
10-09 17:23:01.160   565  2073 W InputReader: Device virtio_input_multi_touch_7 is associated with display ADISPLAY_ID_NONE.
10-09 17:23:01.160   565  2073 W InputReader: Device virtio_input_multi_touch_11 is associated with display ADISPLAY_ID_NONE.
10-09 17:23:01.160   565  2073 W InputReader: Device virtio_input_multi_touch_6 is associated with display ADISPLAY_ID_NONE.
10-09 17:23:01.160   565  2073 W InputReader: Device virtio_input_multi_touch_4 is associated with display ADISPLAY_ID_NONE.
10-09 17:23:01.160   565  2073 W InputReader: Device virtio_input_multi_touch_9 is associated with display ADISPLAY_ID_NONE.
10-09 17:23:01.160   565  2073 W InputReader: Device virtio_input_multi_touch_8 is associated with display ADISPLAY_ID_NONE.
10-09 17:23:01.160   565  2073 W InputReader: Device virtio_input_multi_touch_10 is associated with display ADISPLAY_ID_NONE.
10-09 17:23:01.191   365   424 D goldfish-address-space: claimShared: Ask to claim region [0x1f0000000 0x1f09a4000]
10-09 17:23:01.193   365   424 D goldfish-address-space: claimShared: Ask to claim region [0x1f18b0000 0x1f2254000]
10-09 17:23:01.194   365   424 D goldfish-address-space: claimShared: Ask to claim region [0x1f2254000 0x1f2bf8000]
10-09 17:23:01.205   565  3205 W InputReader: Device virtio_input_multi_touch_2 is associated with display ADISPLAY_ID_NONE.
10-09 17:23:01.205   565  3205 W InputReader: Device virtio_input_multi_touch_3 is associated with display ADISPLAY_ID_NONE.
10-09 17:23:01.205   565  3205 W InputReader: Device virtio_input_multi_touch_5 is associated with display ADISPLAY_ID_NONE.
10-09 17:23:01.205   565  3205 W InputReader: Device virtio_input_multi_touch_7 is associated with display ADISPLAY_ID_NONE.
10-09 17:23:01.205   565  3205 W InputReader: Device virtio_input_multi_touch_11 is associated with display ADISPLAY_ID_NONE.
10-09 17:23:01.205   565  3205 W InputReader: Device virtio_input_multi_touch_6 is associated with display ADISPLAY_ID_NONE.
10-09 17:23:01.205   565  3205 W InputReader: Device virtio_input_multi_touch_4 is associated with display ADISPLAY_ID_NONE.
10-09 17:23:01.205   565  3205 W InputReader: Device virtio_input_multi_touch_9 is associated with display ADISPLAY_ID_NONE.
10-09 17:23:01.205   565  3205 W InputReader: Device virtio_input_multi_touch_8 is associated with display ADISPLAY_ID_NONE.
10-09 17:23:01.205   565  3205 W InputReader: Device virtio_input_multi_touch_10 is associated with display ADISPLAY_ID_NONE.
10-09 17:23:01.205   565  3205 W InputReader: Device virtio_input_multi_touch_2 is associated with display ADISPLAY_ID_NONE.
10-09 17:23:01.205   565  3205 W InputReader: Device virtio_input_multi_touch_3 is associated with display ADISPLAY_ID_NONE.
10-09 17:23:01.205   565  3205 W InputReader: Device virtio_input_multi_touch_5 is associated with display ADISPLAY_ID_NONE.
10-09 17:23:01.205   565  3205 W InputReader: Device virtio_input_multi_touch_7 is associated with display ADISPLAY_ID_NONE.
10-09 17:23:01.205   565  3205 W InputReader: Device virtio_input_multi_touch_11 is associated with display ADISPLAY_ID_NONE.
10-09 17:23:01.205   565  3205 W InputReader: Device virtio_input_multi_touch_6 is associated with display ADISPLAY_ID_NONE.
10-09 17:23:01.205   565  3205 W InputReader: Device virtio_input_multi_touch_4 is associated with display ADISPLAY_ID_NONE.
10-09 17:23:01.205   565  3205 W InputReader: Device virtio_input_multi_touch_9 is associated with display ADISPLAY_ID_NONE.
10-09 17:23:01.205   565  3205 W InputReader: Device virtio_input_multi_touch_8 is associated with display ADISPLAY_ID_NONE.
10-09 17:23:01.205   565  3205 W InputReader: Device virtio_input_multi_touch_10 is associated with display ADISPLAY_ID_NONE.
10-09 17:23:01.220   365   424 D goldfish-address-space: claimShared: Ask to claim region [0x1f2bf8000 0x1f3224000]
10-09 17:23:01.228   365   424 D goldfish-address-space: claimShared: Ask to claim region [0x1f462c000 0x1f4fd0000]
10-09 17:23:01.230   365   424 D goldfish-address-space: claimShared: Ask to claim region [0x1f5974000 0x1f6318000]
10-09 17:23:01.231   365   424 D goldfish-address-space: claimShared: Ask to claim region [0x1fa85c000 0x1fb200000]
10-09 17:23:01.249   565  2077 W InputManager-JNI: Input channel object 'cb84a27 edu.ucsc.cse118.assignment2.test/androidx.test.core.app.InstrumentationActivityInvoker$EmptyActivity (client)' was disposed without first being removed with the input manager!
10-09 17:23:01.252   565  2073 W InputReader: Device virtio_input_multi_touch_2 is associated with display ADISPLAY_ID_NONE.
10-09 17:23:01.252   565  2073 W InputReader: Device virtio_input_multi_touch_3 is associated with display ADISPLAY_ID_NONE.
10-09 17:23:01.252   565  2073 W InputReader: Device virtio_input_multi_touch_5 is associated with display ADISPLAY_ID_NONE.
10-09 17:23:01.252   565  2073 W InputReader: Device virtio_input_multi_touch_7 is associated with display ADISPLAY_ID_NONE.
10-09 17:23:01.252   565  2073 W InputReader: Device virtio_input_multi_touch_11 is associated with display ADISPLAY_ID_NONE.
10-09 17:23:01.252   565  2073 W InputReader: Device virtio_input_multi_touch_6 is associated with display ADISPLAY_ID_NONE.
10-09 17:23:01.252   565  2073 W InputReader: Device virtio_input_multi_touch_4 is associated with display ADISPLAY_ID_NONE.
10-09 17:23:01.252   565  2073 W InputReader: Device virtio_input_multi_touch_9 is associated with display ADISPLAY_ID_NONE.
10-09 17:23:01.252   565  2073 W InputReader: Device virtio_input_multi_touch_8 is associated with display ADISPLAY_ID_NONE.
10-09 17:23:01.252   565  2073 W InputReader: Device virtio_input_multi_touch_10 is associated with display ADISPLAY_ID_NONE.
10-09 17:23:01.252   565  2073 W InputReader: Device virtio_input_multi_touch_2 is associated with display ADISPLAY_ID_NONE.
10-09 17:23:01.252   565  2073 W InputReader: Device virtio_input_multi_touch_3 is associated with display ADISPLAY_ID_NONE.
10-09 17:23:01.252   565  2073 W InputReader: Device virtio_input_multi_touch_5 is associated with display ADISPLAY_ID_NONE.
10-09 17:23:01.252   565  2073 W InputReader: Device virtio_input_multi_touch_7 is associated with display ADISPLAY_ID_NONE.
10-09 17:23:01.252   565  2073 W InputReader: Device virtio_input_multi_touch_11 is associated with display ADISPLAY_ID_NONE.
10-09 17:23:01.252   565  2073 W InputReader: Device virtio_input_multi_touch_6 is associated with display ADISPLAY_ID_NONE.
10-09 17:23:01.252   565  2073 W InputReader: Device virtio_input_multi_touch_4 is associated with display ADISPLAY_ID_NONE.
10-09 17:23:01.252   565  2073 W InputReader: Device virtio_input_multi_touch_9 is associated with display ADISPLAY_ID_NONE.
10-09 17:23:01.252   565  2073 W InputReader: Device virtio_input_multi_touch_8 is associated with display ADISPLAY_ID_NONE.
10-09 17:23:01.252   565  2073 W InputReader: Device virtio_input_multi_touch_10 is associated with display ADISPLAY_ID_NONE.
10-09 17:23:01.284  7067 10245 D BatteryInfo: time for getStats: 0ms
10-09 17:23:01.289  7067 10245 D BatteryInfo: time for regular BatteryInfo: 5ms
10-09 17:23:01.290  7067 10245 D BatteryInfo: time for getBatteryInfo: 1ms
10-09 17:23:01.294  7067  7103 D BatteryTipLoader: BatteryInfoLoader post query: 2ms
10-09 17:23:01.294  7067  7103 D BatteryInfo: time for getBatteryInfo: 0ms
10-09 17:23:01.294  7067  7103 D BatteryTipLoader: BatteryInfoLoader.loadInBackground: 2ms
10-09 17:23:01.311   365   424 D goldfish-address-space: claimShared: Ask to claim region [0x1f0000000 0x1f09a4000]
10-09 17:23:01.317   365   424 D goldfish-address-space: claimShared: Ask to claim region [0x1f18b0000 0x1f2254000]
10-09 17:23:01.319   365   424 D goldfish-address-space: claimShared: Ask to claim region [0x1f2254000 0x1f2bf8000]
10-09 17:23:01.327  7067  7067 D ContextualSuggestFrag: loadSuggestions
10-09 17:23:01.327  7067  7067 D ContextualSuggestFrag: loadSuggestions
10-09 17:23:01.327  7067  7067 D BatteryInfo: time for callback: 0ms
10-09 17:23:01.328  7067  7096 D ContextualSuggestFrag: Start loading suggestions
10-09 17:23:01.328  7067  7102 D ContextualSuggestFrag: Start loading suggestions
10-09 17:23:01.332  7067  7096 D ContextualSuggestFrag: Loaded suggests: 0
10-09 17:23:01.336  7067  7067 D ContextualSuggestFrag: Remove suggestion
10-09 17:23:01.336  7067  7067 D ContextualSuggestFrag: Total loading time: 9 ms
10-09 17:23:01.347  7067  7102 D ContextualSuggestFrag: Loaded suggests: 0
10-09 17:23:01.358  7067  7067 D ContextualSuggestFrag: Remove suggestion
10-09 17:23:01.358  7067  7067 D ContextualSuggestFrag: Total loading time: 31 ms
10-09 17:23:01.359   565  3205 W InputManager-JNI: Input channel object 'cc5e322 edu.ucsc.cse118.assignment2.test/androidx.test.core.app.InstrumentationActivityInvoker$EmptyActivity (client)' was disposed without first being removed with the input manager!
10-09 17:23:01.362  7067  7103 D BatteryTipLoader: BatteryInfoLoader post query: 12ms
10-09 17:23:01.362  7067  7103 D BatteryInfo: time for getBatteryInfo: 0ms
10-09 17:23:01.362  7067  7103 D BatteryTipLoader: BatteryInfoLoader.loadInBackground: 12ms
10-09 17:23:01.362  9995  9995 D LifecycleMonitor: Lifecycle status change: edu.ucsc.cse118.assignment2.MainActivity@3576856 in: STOPPED
10-09 17:23:01.362  9995  9995 V ActivityScenario: Update currentActivityStage to STOPPED, currentActivity=edu.ucsc.cse118.assignment2.MainActivity@3576856
10-09 17:23:01.363  9995  9995 D LifecycleMonitor: Lifecycle status change: edu.ucsc.cse118.assignment2.MainActivity@3576856 in: DESTROYED
10-09 17:23:01.363  9995  9995 V ActivityScenario: Update currentActivityStage to DESTROYED, currentActivity=null
10-09 17:23:01.364  9995 10015 E TestRunner: failed: initial_login(edu.ucsc.cse118.assignment2.BasicInstrumentedTest)
10-09 17:23:01.364  9995 10015 E TestRunner: ----- begin exception -----
10-09 17:23:01.365  9995 10015 E TestRunner: com.adevinta.android.barista.internal.failurehandler.BaristaException: No view matching ((an instance of android.widget.TextView and view.getText() with or without transformation to match: is "Login" or (view.getParent() is assignable from class <class com.google.android.material.textfield.TextInputLayout> and (view is an instance of android.view.ViewGroup and has descendant matching an instance of android.widget.TextView and view.getText() with or without transformation to match: is "Login")))) was found
10-09 17:23:01.365  9995 10015 E TestRunner: 	at com.adevinta.android.barista.internal.failurehandler.SpyFailureHandler.resendFirstError(SpyFailureHandler.kt:25)
10-09 17:23:01.365  9995 10015 E TestRunner: 	at com.adevinta.android.barista.internal.AssertAnyKt.assertAnyView(AssertAny.kt:40)
10-09 17:23:01.365  9995 10015 E TestRunner: 	at com.adevinta.android.barista.internal.AssertAnyKt.assertAny(AssertAny.kt:18)
10-09 17:23:01.365  9995 10015 E TestRunner: 	at com.adevinta.android.barista.assertion.BaristaVisibilityAssertions.assertDisplayed(BaristaVisibilityAssertions.kt:38)
10-09 17:23:01.365  9995 10015 E TestRunner: 	at edu.ucsc.cse118.assignment2.BasicInstrumentedTest.initial_login(BasicInstrumentedTest.kt:31)
10-09 17:23:01.365  9995 10015 E TestRunner: 	at java.lang.reflect.Method.invoke(Native Method)
10-09 17:23:01.365  9995 10015 E TestRunner: 	at org.junit.runners.model.FrameworkMethod$1.runReflectiveCall(FrameworkMethod.java:59)
10-09 17:23:01.365  9995 10015 E TestRunner: 	at org.junit.internal.runners.model.ReflectiveCallable.run(ReflectiveCallable.java:12)
10-09 17:23:01.365  9995 10015 E TestRunner: 	at org.junit.runners.model.FrameworkMethod.invokeExplosively(FrameworkMethod.java:56)
10-09 17:23:01.365  9995 10015 E TestRunner: 	at org.junit.internal.runners.statements.InvokeMethod.evaluate(InvokeMethod.java:17)
10-09 17:23:01.365  9995 10015 E TestRunner: 	at org.junit.rules.ExternalResource$1.evaluate(ExternalResource.java:54)
10-09 17:23:01.365  9995 10015 E TestRunner: 	at org.junit.runners.ParentRunner$3.evaluate(ParentRunner.java:306)
10-09 17:23:01.365  9995 10015 E TestRunner: 	at org.junit.runners.BlockJUnit4ClassRunner$1.evaluate(BlockJUnit4ClassRunner.java:100)
10-09 17:23:01.365  9995 10015 E TestRunner: 	at org.junit.runners.ParentRunner.runLeaf(ParentRunner.java:366)
10-09 17:23:01.365  9995 10015 E TestRunner: 	at org.junit.runners.BlockJUnit4ClassRunner.runChild(BlockJUnit4ClassRunner.java:103)
10-09 17:23:01.365  9995 10015 E TestRunner: 	at org.junit.runners.BlockJUnit4ClassRunner.runChild(BlockJUnit4ClassRunner.java:63)
10-09 17:23:01.365  9995 10015 E TestRunner: 	at org.junit.runners.ParentRunner$4.run(ParentRunner.java:331)
10-09 17:23:01.365  9995 10015 E TestRunner: 	at org.junit.runners.ParentRunner$1.schedule(ParentRunner.java:79)
10-09 17:23:01.365  9995 10015 E TestRunner: 	at org.junit.runners.ParentRunner.runChildren(ParentRunner.java:329)
10-09 17:23:01.365  9995 10015 E TestRunner: 	at org.junit.runners.ParentRunner.access$100(ParentRunner.java:66)
10-09 17:23:01.365  9995 10015 E TestRunner: 	at org.junit.runners.ParentRunner$2.evaluate(ParentRunner.java:293)
10-09 17:23:01.365  9995 10015 E TestRunner: 	at org.junit.runners.ParentRunner$3.evaluate(ParentRunner.java:306)
10-09 17:23:01.365  9995 10015 E TestRunner: 	at org.junit.runners.ParentRunner.run(ParentRunner.java:413)
10-09 17:23:01.365  9995 10015 E TestRunner: 	at androidx.test.ext.junit.runners.AndroidJUnit4.run(AndroidJUnit4.java:162)
10-09 17:23:01.365  9995 10015 E TestRunner: 	at org.junit.runners.Suite.runChild(Suite.java:128)
10-09 17:23:01.365  9995 10015 E TestRunner: 	at org.junit.runners.Suite.runChild(Suite.java:27)
10-09 17:23:01.365  9995 10015 E TestRunner: 	at org.junit.runners.ParentRunner$4.run(ParentRunner.java:331)
10-09 17:23:01.365  9995 10015 E TestRunner: 	at org.junit.runners.ParentRunner$1.schedule(ParentRunner.java:79)
10-09 17:23:01.365  9995 10015 E TestRunner: 	at org.junit.runners.ParentRunner.runChildren(ParentRunner.java:329)
10-09 17:23:01.365  9995 10015 E TestRunner: 	at org.junit.runners.ParentRunner.access$100(ParentRunner.java:66)
10-09 17:23:01.365  9995 10015 E TestRunner: 	at org.junit.runners.ParentRunner$2.evaluate(ParentRunner.java:293)
10-09 17:23:01.365  9995 10015 E TestRunner: 	at org.junit.runners.ParentRunner$3.evaluate(ParentRunner.java:306)
10-09 17:23:01.365  9995 10015 E TestRunner: 	at org.junit.runners.ParentRunner.run(ParentRunner.java:413)
10-09 17:23:01.365  9995 10015 E TestRunner: 	at org.junit.runner.JUnitCore.run(JUnitCore.java:137)
10-09 17:23:01.365  9995 10015 E TestRunner: 	at org.junit.runner.JUnitCore.run(JUnitCore.java:115)
10-09 17:23:01.365  9995 10015 E TestRunner: 	at androidx.test.internal.runner.TestExecutor.execute(TestExecutor.java:56)
10-09 17:23:01.365  9995 10015 E TestRunner: 	at androidx.test.runner.AndroidJUnitRunner.onStart(AndroidJUnitRunner.java:444)
10-09 17:23:01.365  9995 10015 E TestRunner: 	at android.app.Instrumentation$InstrumentationThread.run(Instrumentation.java:2278)
10-09 17:23:01.365  9995 10015 E TestRunner: Caused by: androidx.test.espresso.NoMatchingViewException: No views in hierarchy found matching: (an instance of android.widget.TextView and view.getText() with or without transformation to match: is "Login" or (view.getParent() is assignable from class <class com.google.android.material.textfield.TextInputLayout> and (view is an instance of android.view.ViewGroup and has descendant matching an instance of android.widget.TextView and view.getText() with or without transformation to match: is "Login")))
10-09 17:23:01.365  9995 10015 E TestRunner:
10-09 17:23:01.365  9995 10015 E TestRunner: View Hierarchy:
10-09 17:23:01.365  9995 10015 E TestRunner: +>DecorView{id=-1, visibility=VISIBLE, width=1080, height=2340, has-focus=false, has-focusable=false, has-window-focus=true, is-clickable=false, is-enabled=true, is-focused=false, is-focusable=false, is-layout-requested=false, is-selected=false, layout-params={(0,0)(fillxfill) ty=BASE_APPLICATION wanim=0x10302fe
10-09 17:23:01.365  9995 10015 E TestRunner:   fl=LAYOUT_IN_SCREEN LAYOUT_INSET_DECOR SPLIT_TOUCH HARDWARE_ACCELERATED DRAWS_SYSTEM_BAR_BACKGROUNDS
10-09 17:23:01.365  9995 10015 E TestRunner:   pfl=NO_MOVE_ANIMATION FORCE_DRAW_STATUS_BAR_BACKGROUND FIT_INSETS_CONTROLLED
10-09 17:23:01.365  9995 10015 E TestRunner:   bhv=DEFAULT
10-09 17:23:01.365  9995 10015 E TestRunner:   fitSides=}, tag=null, root-is-layout-requested=false, has-input-connection=false, x=0.0, y=0.0, child-count=3}
10-09 17:23:01.365  9995 10015 E TestRunner: |
10-09 17:23:01.365  9995 10015 E TestRunner: +->LinearLayout{id=-1, visibility=VISIBLE, width=1080, height=2296, has-focus=false, has-focusable=false, has-window-focus=true, is-clickable=false, is-enabled=true, is-focused=false, is-focusable=false, is-layout-requested=false, is-selected=false, layout-params=android.widget.FrameLayout$LayoutParams@3ec4d51, tag=null, root-is-layout-requested=false, has-input-connection=false, x=0.0, y=0.0, child-count=2}
10-09 17:23:01.365  9995 10015 E TestRunner: |
10-09 17:23:01.365  9995 10015 E TestRunner: +-->ViewStub{id=16908723, res-name=action_mode_bar_stub, visibility=GONE, width=0, height=0, has-focus=false, has-focusable=false, has-window-focus=true, is-clickable=false, is-enabled=true, is-focused=false, is-focusable=false, is-layout-requested=true, is-selected=false, layout-params=android.widget.LinearLayout$LayoutParams@8d1c9b6, tag=null, root-is-layout-requested=false, has-input-connection=false, x=0.0, y=0.0}
10-09 17:23:01.365  9995 10015 E TestRunner: |
10-09 17:23:01.365  9995 10015 E TestRunner: +-->FrameLayout{id=-1, visibility=VISIBLE, width=1080, height=2230, has-focus=false, has-focusable=false, has-window-focus=true, is-clickable=false, is-enabled=true, is-focused=false, is-focusable=false, is-layout-requested=false, is-selected=false, layout-params=android.widget.LinearLayout$LayoutParams@66b4e24, tag=null, root-is-layout-requested=false, has-input-connection=false, x=0.0, y=66.0, child-count=1}
10-09 17:23:01.365  9995 10015 E TestRunner: |
10-09 17:23:01.365  9995 10015 E TestRunner: +--->ActionBarOverlayLayout{id=2131230863, res-name=decor_content_parent, visibility=VISIBLE, width=1080, height=2230, has-focus=false, has-focusable=false, has-window-focus=true, is-clickable=false, is-enabled=true, is-focused=false, is-focusable=false, is-layout-requested=false, is-selected=false, layout-params=android.widget.FrameLayout$LayoutParams@5d8d753, tag=null, root-is-layout-requested=false, has-input-connection=false, x=0.0, y=0.0, child-count=2}
10-09 17:23:01.365  9995 10015 E TestRunner: |
10-09 17:23:01.365  9995 10015 E TestRunner: +---->ContentFrameLayout{id=16908290, res-name=content, visibility=VISIBLE, width=1080, height=2076, has-focus=false, has-focusable=false, has-window-focus=true, is-clickable=false, is-enabled=true, is-focused=false, is-focusable=false, is-layout-requested=false, is-selected=false, layout-params=androidx.appcompat.widget.ActionBarOverlayLayout$LayoutParams@3da5589, tag=null, root-is-layout-requested=false, has-input-connection=false, x=0.0, y=154.0, child-count=1}
10-09 17:23:01.365  9995 10015 E TestRunner: |
10-09 17:23:01.365  9995 10015 E TestRunner: +----->ConstraintLayout{id=-1, visibility=VISIBLE, width=1080, height=2076, has-focus=false, has-focusable=false, has-window-focus=true, is-clickable=false, is-enabled=true, is-focused=false, is-focusable=false, is-layout-requested=false, is-selected=false, layout-params=android.widget.FrameLayout$LayoutParams@afc598e, tag=null, root-is-layout-requested=false, has-input-connection=false, x=0.0, y=0.0, child-count=0}
10-09 17:23:01.365  9995 10015 E TestRunner: |
10-09 17:23:01.365  9995 10015 E TestRunner: +---->ActionBarContainer{id=2131230773, res-name=action_bar_container, visibility=VISIBLE, width=1080, height=154, has-focus=false, has-focusable=false, has-window-focus=true, is-clickable=false, is-enabled=true, is-focused=false, is-focusable=false, is-layout-requested=false, is-selected=false, layout-params=androidx.appcompat.widget.ActionBarOverlayLayout$LayoutParams@789c145, tag=null, root-is-layout-requested=false, has-input-connection=false, x=0.0, y=0.0, child-count=2}
10-09 17:23:01.365  9995 10015 E TestRunner: |
10-09 17:23:01.365  9995 10015 E TestRunner: +----->Toolbar{id=2131230771, res-name=action_bar, visibility=VISIBLE, width=1080, height=154, has-focus=false, has-focusable=false, has-window-focus=true, is-clickable=false, is-enabled=true, is-focused=false, is-focusable=false, is-layout-requested=false, is-selected=false, layout-params=android.widget.FrameLayout$LayoutParams@40979a8, tag=null, root-is-layout-requested=false, has-input-connection=false, x=0.0, y=0.0, child-count=2}
10-09 17:23:01.365  9995 10015 E TestRunner: |
10-09 17:23:01.365  9995 10015 E TestRunner: +------>AppCompatTextView{id=-1, visibility=VISIBLE, width=560, height=74, has-focus=false, has-focusable=false, has-window-focus=true, is-clickable=false, is-enabled=true, is-focused=false, is-focusable=false, is-layout-requested=false, is-selected=false, layout-params=androidx.appcompat.widget.Toolbar$LayoutParams@b0a2cc1, tag=null, root-is-layout-requested=false, has-input-connection=false, x=44.0, y=40.0, text=CSE118 Assignment 2, input-type=0, ime-target=false, has-links=false}
10-09 17:23:01.365  9995 10015 E TestRunner: |
10-09 17:23:01.365  9995 10015 E TestRunner: +------>ActionMenuView{id=-1, visibility=VISIBLE, width=0, height=154, has-focus=false, has-focusable=false, has-window-focus=true, is-clickable=false, is-enabled=true, is-focused=false, is-focusable=false, is-layout-requested=false, is-selected=false, layout-params=androidx.appcompat.widget.Toolbar$LayoutParams@b3e0c66, tag=null, root-is-layout-requested=false, has-input-connection=false, x=1080.0, y=0.0, child-count=0}
10-09 17:23:01.365  9995 10015 E TestRunner: |
10-09 17:23:01.365  9995 10015 E TestRunner: +----->ActionBarContextView{id=2131230779, res-name=action_context_bar, visibility=GONE, width=0, height=0, has-focus=false, has-focusable=false, has-window-focus=true, is-clickable=false, is-enabled=true, is-focused=false, is-focusable=false, is-layout-requested=true, is-selected=false, layout-params=android.widget.FrameLayout$LayoutParams@e168ba7, tag=null, root-is-layout-requested=false, has-input-connection=false, x=0.0, y=0.0, child-count=0}
10-09 17:23:01.365  9995 10015 E TestRunner: |
10-09 17:23:01.365  9995 10015 E TestRunner: +->View{id=16908336, res-name=navigationBarBackground, visibility=VISIBLE, width=1080, height=44, has-focus=false, has-focusable=false, has-window-focus=true, is-clickable=false, is-enabled=true, is-focused=false, is-focusable=false, is-layout-requested=false, is-selected=false, layout-params=android.widget.FrameLayout$LayoutParams@8508854, tag=null, root-is-layout-requested=false, has-input-connection=false, x=0.0, y=2296.0}
10-09 17:23:01.365  9995 10015 E TestRunner: |
10-09 17:23:01.365  9995 10015 E TestRunner: +->View{id=16908335, res-name=statusBarBackground, visibility=VISIBLE, width=1080, height=66, has-focus=false, has-focusable=false, has-window-focus=true, is-clickable=false, is-enabled=true, is-focused=false, is-focusable=false, is-layout-requested=false, is-selected=false, layout-params=android.widget.FrameLayout$LayoutParams@8cbd3fd, tag=null, root-is-layout-requested=false, has-input-connection=false, x=0.0, y=0.0}
10-09 17:23:01.365  9995 10015 E TestRunner: 	at androidx.test.espresso.NoMatchingViewException$Builder.build(NoMatchingViewException.java:5)
10-09 17:23:01.365  9995 10015 E TestRunner: 	at androidx.test.espresso.base.ViewFinderImpl.getView(ViewFinderImpl.java:26)
10-09 17:23:01.365  9995 10015 E TestRunner: 	at androidx.test.espresso.ViewInteraction$2.call(ViewInteraction.java:5)
10-09 17:23:01.365  9995 10015 E TestRunner: 	at androidx.test.espresso.ViewInteraction$2.call(ViewInteraction.java:1)
10-09 17:23:01.365  9995 10015 E TestRunner: 	at java.util.concurrent.FutureTask.run(FutureTask.java:266)
10-09 17:23:01.365  9995 10015 E TestRunner: 	at android.os.Handler.handleCallback(Handler.java:938)
10-09 17:23:01.365  9995 10015 E TestRunner: 	at android.os.Handler.dispatchMessage(Handler.java:99)
10-09 17:23:01.365  9995 10015 E TestRunner: 	at android.os.Looper.loopOnce(Looper.java:201)
10-09 17:23:01.365  9995 10015 E TestRunner: 	at android.os.Looper.loop(Looper.java:288)
10-09 17:23:01.365  9995 10015 E TestRunner: 	at android.app.ActivityThread.main(ActivityThread.java:7842)
10-09 17:23:01.365  9995 10015 E TestRunner: 	at java.lang.reflect.Method.invoke(Native Method)
10-09 17:23:01.365  9995 10015 E TestRunner: 	at com.android.internal.os.RuntimeInit$MethodAndArgsCaller.run(RuntimeInit.java:548)
10-09 17:23:01.365  9995 10015 E TestRunner: 	at com.android.internal.os.ZygoteInit.main(ZygoteInit.java:1003)
10-09 17:23:01.365  9995 10015 E TestRunner: ----- end exception -----
10-09 17:23:01.367  9995 10015 I TestRunner: finished: initial_login(edu.ucsc.cse118.assignment2.BasicInstrumentedTest)
