10-10 20:51:26.779 22255 22276 I TestRunner: started: visible_message_date(edu.ucsc.cse118.assignment2.AdvancedInstrumentedTest)
10-10 20:51:26.784 22255 22276 W Settings: Setting always_finish_activities has moved from android.provider.Settings.System to android.provider.Settings.Global, returning read-only value.
10-10 20:51:26.788   354 22320 W android.hardware.audio@7.0-impl.ranchu: TinyalsaSink::consumeThread:184 pcm_write failed with res=-1
10-10 20:51:26.794   863   942 D SplashScreenView: Build android.window.SplashScreenView{246c7fc V.E...... ......ID 0,0-0,0}
10-10 20:51:26.794   863   942 D SplashScreenView: Icon: view: null drawable: null size: 0
10-10 20:51:26.794   863   942 D SplashScreenView: Branding: view: android.view.View{1fa1e85 G.ED..... ......I. 0,0-0,0 #10204a9 android:id/splashscreen_branding_view} drawable: null size w: 0 h: 0
10-10 20:51:26.806   565  1200 W InputReader: Device virtio_input_multi_touch_2 is associated with display ADISPLAY_ID_NONE.
10-10 20:51:26.806   565  1200 W InputReader: Device virtio_input_multi_touch_3 is associated with display ADISPLAY_ID_NONE.
10-10 20:51:26.806   565  1200 W InputReader: Device virtio_input_multi_touch_5 is associated with display ADISPLAY_ID_NONE.
10-10 20:51:26.806   565  1200 W InputReader: Device virtio_input_multi_touch_7 is associated with display ADISPLAY_ID_NONE.
10-10 20:51:26.806   565  1200 W InputReader: Device virtio_input_multi_touch_11 is associated with display ADISPLAY_ID_NONE.
10-10 20:51:26.806   565  1200 W InputReader: Device virtio_input_multi_touch_6 is associated with display ADISPLAY_ID_NONE.
10-10 20:51:26.806   565  1200 W InputReader: Device virtio_input_multi_touch_4 is associated with display ADISPLAY_ID_NONE.
10-10 20:51:26.806   565  1200 W InputReader: Device virtio_input_multi_touch_9 is associated with display ADISPLAY_ID_NONE.
10-10 20:51:26.807   565  1200 W InputReader: Device virtio_input_multi_touch_8 is associated with display ADISPLAY_ID_NONE.
10-10 20:51:26.807   565  1200 W InputReader: Device virtio_input_multi_touch_10 is associated with display ADISPLAY_ID_NONE.
10-10 20:51:26.807   565  1200 W InputReader: Device virtio_input_multi_touch_2 is associated with display ADISPLAY_ID_NONE.
10-10 20:51:26.807   565  1200 W InputReader: Device virtio_input_multi_touch_3 is associated with display ADISPLAY_ID_NONE.
10-10 20:51:26.807   565  1200 W InputReader: Device virtio_input_multi_touch_5 is associated with display ADISPLAY_ID_NONE.
10-10 20:51:26.807   565  1200 W InputReader: Device virtio_input_multi_touch_7 is associated with display ADISPLAY_ID_NONE.
10-10 20:51:26.807   565  1200 W InputReader: Device virtio_input_multi_touch_11 is associated with display ADISPLAY_ID_NONE.
10-10 20:51:26.807   565  1200 W InputReader: Device virtio_input_multi_touch_6 is associated with display ADISPLAY_ID_NONE.
10-10 20:51:26.807   565  1200 W InputReader: Device virtio_input_multi_touch_4 is associated with display ADISPLAY_ID_NONE.
10-10 20:51:26.807   565  1200 W InputReader: Device virtio_input_multi_touch_9 is associated with display ADISPLAY_ID_NONE.
10-10 20:51:26.807   565  1200 W InputReader: Device virtio_input_multi_touch_8 is associated with display ADISPLAY_ID_NONE.
10-10 20:51:26.807   565  1200 W InputReader: Device virtio_input_multi_touch_10 is associated with display ADISPLAY_ID_NONE.
10-10 20:51:26.810   354 22320 W android.hardware.audio@7.0-impl.ranchu: TinyalsaSink::consumeThread:184 pcm_write failed with res=-1
10-10 20:51:26.814   365   425 D goldfish-address-space: claimShared: Ask to claim region [0x1e8000000 0x1e89a4000]
10-10 20:51:26.816   365   425 D goldfish-address-space: claimShared: Ask to claim region [0x1e89a4000 0x1e9348000]
10-10 20:51:26.818   365   425 D goldfish-address-space: claimShared: Ask to claim region [0x1e9348000 0x1e9cec000]
10-10 20:51:26.823   565  3205 W InputReader: Device virtio_input_multi_touch_2 is associated with display ADISPLAY_ID_NONE.
10-10 20:51:26.823   565  3205 W InputReader: Device virtio_input_multi_touch_3 is associated with display ADISPLAY_ID_NONE.
10-10 20:51:26.823   565  3205 W InputReader: Device virtio_input_multi_touch_5 is associated with display ADISPLAY_ID_NONE.
10-10 20:51:26.823   565  3205 W InputReader: Device virtio_input_multi_touch_7 is associated with display ADISPLAY_ID_NONE.
10-10 20:51:26.823   565  3205 W InputReader: Device virtio_input_multi_touch_11 is associated with display ADISPLAY_ID_NONE.
10-10 20:51:26.823   565  3205 W InputReader: Device virtio_input_multi_touch_6 is associated with display ADISPLAY_ID_NONE.
10-10 20:51:26.823   565  3205 W InputReader: Device virtio_input_multi_touch_4 is associated with display ADISPLAY_ID_NONE.
10-10 20:51:26.823   565  3205 W InputReader: Device virtio_input_multi_touch_9 is associated with display ADISPLAY_ID_NONE.
10-10 20:51:26.823   565  3205 W InputReader: Device virtio_input_multi_touch_8 is associated with display ADISPLAY_ID_NONE.
10-10 20:51:26.823   565  3205 W InputReader: Device virtio_input_multi_touch_10 is associated with display ADISPLAY_ID_NONE.
10-10 20:51:26.823   565  3205 W InputReader: Device virtio_input_multi_touch_2 is associated with display ADISPLAY_ID_NONE.
10-10 20:51:26.823   565  3205 W InputReader: Device virtio_input_multi_touch_3 is associated with display ADISPLAY_ID_NONE.
10-10 20:51:26.823   565  3205 W InputReader: Device virtio_input_multi_touch_5 is associated with display ADISPLAY_ID_NONE.
10-10 20:51:26.823   565  3205 W InputReader: Device virtio_input_multi_touch_7 is associated with display ADISPLAY_ID_NONE.
10-10 20:51:26.823   565  3205 W InputReader: Device virtio_input_multi_touch_11 is associated with display ADISPLAY_ID_NONE.
10-10 20:51:26.823   565  3205 W InputReader: Device virtio_input_multi_touch_6 is associated with display ADISPLAY_ID_NONE.
10-10 20:51:26.823   565  3205 W InputReader: Device virtio_input_multi_touch_4 is associated with display ADISPLAY_ID_NONE.
10-10 20:51:26.823   565  3205 W InputReader: Device virtio_input_multi_touch_9 is associated with display ADISPLAY_ID_NONE.
10-10 20:51:26.823   565  3205 W InputReader: Device virtio_input_multi_touch_8 is associated with display ADISPLAY_ID_NONE.
10-10 20:51:26.823   565  3205 W InputReader: Device virtio_input_multi_touch_10 is associated with display ADISPLAY_ID_NONE.
10-10 20:51:26.830 22255 22255 D LifecycleMonitor: Lifecycle status change: edu.ucsc.cse118.assignment2.MainActivity@81dede5 in: PRE_ON_CREATE
10-10 20:51:26.831 22255 22255 V ActivityScenario: Activity lifecycle changed event received but ignored because the reported transition was not ON_CREATE while the last known transition was PRE_ON_CREATE
10-10 20:51:26.839   354 22320 W android.hardware.audio@7.0-impl.ranchu: TinyalsaSink::consumeThread:184 pcm_write failed with res=-1
10-10 20:51:26.855   354 22320 W android.hardware.audio@7.0-impl.ranchu: TinyalsaSink::consumeThread:184 pcm_write failed with res=-1
10-10 20:51:26.858 22255 22255 D LifecycleMonitor: Lifecycle status change: edu.ucsc.cse118.assignment2.MainActivity@81dede5 in: CREATED
10-10 20:51:26.859 22255 22255 V ActivityScenario: Update currentActivityStage to CREATED, currentActivity=edu.ucsc.cse118.assignment2.MainActivity@81dede5
10-10 20:51:26.860 22255 22255 D LifecycleMonitor: Lifecycle status change: edu.ucsc.cse118.assignment2.MainActivity@81dede5 in: STARTED
10-10 20:51:26.860 22255 22255 V ActivityScenario: Update currentActivityStage to STARTED, currentActivity=edu.ucsc.cse118.assignment2.MainActivity@81dede5
10-10 20:51:26.861 22255 22255 D LifecycleMonitor: Lifecycle status change: edu.ucsc.cse118.assignment2.MainActivity@81dede5 in: RESUMED
10-10 20:51:26.861 22255 22255 V ActivityScenario: Update currentActivityStage to RESUMED, currentActivity=edu.ucsc.cse118.assignment2.MainActivity@81dede5
10-10 20:51:26.872 16350 16350 I A       : onApplyWindowInsets: systemWindowInsets=Insets{left=0, top=66, right=0, bottom=44}
10-10 20:51:26.872 16350 16350 I A       : onApplyWindowInsets: systemWindowInsets=Insets{left=0, top=66, right=0, bottom=44}
10-10 20:51:26.877   365   425 D goldfish-address-space: claimShared: Ask to claim region [0x1e9cec000 0x1ea690000]
10-10 20:51:26.879   365   425 D goldfish-address-space: claimShared: Ask to claim region [0x1ec9a4000 0x1ed348000]
10-10 20:51:26.880   354 22320 W android.hardware.audio@7.0-impl.ranchu: TinyalsaSink::consumeThread:184 pcm_write failed with res=-1
10-10 20:51:26.880   365   425 D goldfish-address-space: claimShared: Ask to claim region [0x1f0000000 0x1f09a4000]
10-10 20:51:26.888   863   945 D EGL_emulation: app_time_stats: avg=360.45ms min=117.78ms max=844.26ms count=3
10-10 20:51:26.899   354 22320 W android.hardware.audio@7.0-impl.ranchu: TinyalsaSink::consumeThread:184 pcm_write failed with res=-1
10-10 20:51:26.900 22255 22255 D RootViewPicker: Root not ready - waiting: 10ms for one to appear.
10-10 20:51:26.906  1694  1694 I GsaVoiceInteractionSrv: Handling ACTION_STOP_HOTWORD
10-10 20:51:26.906  1694  1694 E HwDetectorWithState: a: 3
10-10 20:51:26.909   565   575 I system_server: NativeAlloc concurrent copying GC freed 134376(4901KB) AllocSpace objects, 5(100KB) LOS objects, 49% free, 21MB/43MB, paused 52us,30us total 122.291ms
10-10 20:51:26.910   565   606 I ActivityTaskManager: Displayed edu.ucsc.cse118.assignment2/.MainActivity: +114ms
10-10 20:51:26.910 22255 22255 D RootViewPicker: Root not ready - waiting: 25ms for one to appear.
10-10 20:51:26.923   354 22320 W android.hardware.audio@7.0-impl.ranchu: TinyalsaSink::consumeThread:184 pcm_write failed with res=-1
10-10 20:51:26.926  1570  1570 I GoogleInputMethodService: GoogleInputMethodService.onFinishInput():3269
10-10 20:51:26.926  1570  1570 I GoogleInputMethodService: GoogleInputMethodService.onStartInput():1947
10-10 20:51:26.927  1570  1570 I DeviceUnlockedTag: DeviceUnlockedTag.notifyDeviceLockStatusChanged():79 Notify device unlocked.
10-10 20:51:26.927   565  3205 W InputManager-JNI: Input channel object 'd0e7a04 Splash Screen edu.ucsc.cse118.assignment2.test (client)' was disposed without first being removed with the input manager!
10-10 20:51:26.940   863   945 D EGL_emulation: app_time_stats: avg=355.99ms min=82.82ms max=896.39ms count=3
10-10 20:51:26.943   354 22320 W android.hardware.audio@7.0-impl.ranchu: TinyalsaSink::consumeThread:184 pcm_write failed with res=-1
10-10 20:51:26.951 22255 22255 I ViewInteraction: Performing 'single click' action on view ((view has effective visibility <VISIBLE> and view.getGlobalVisibleRect() to return non-empty rectangle) and (an instance of android.widget.TextView and view.getText() with or without transformation to match: is "LOGIN" or (view.getParent() is assignable from class <class com.google.android.material.textfield.TextInputLayout> and (view is an instance of android.view.ViewGroup and has descendant matching an instance of android.widget.TextView and view.getText() with or without transformation to match: is "LOGIN"))))
10-10 20:51:26.955  1166  1166 D TaplEvents: TIS / TouchInteractionService.onInputEvent: MotionEvent { action=ACTION_DOWN, actionButton=0, id[0]=0, x[0]=560.5, y[0]=1660.5, toolType[0]=TOOL_TYPE_UNKNOWN, buttonState=BUTTON_PRIMARY, classification=NONE, metaState=0, flags=0x0, edgeFlags=0x0, pointerCount=1, historySize=0, eventTime=21810452, downTime=21810452, deviceId=-1, source=0x1002, displayId=0, eventId=-805374353 }
10-10 20:51:26.965   354 22320 W android.hardware.audio@7.0-impl.ranchu: TinyalsaSink::consumeThread:184 pcm_write failed with res=-1
10-10 20:51:26.987   354 22320 W android.hardware.audio@7.0-impl.ranchu: TinyalsaSink::consumeThread:184 pcm_write failed with res=-1
10-10 20:51:26.992  1166  1166 D TaplEvents: TIS / TouchInteractionService.onInputEvent: MotionEvent { action=ACTION_UP, actionButton=0, id[0]=0, x[0]=560.5, y[0]=1660.5, toolType[0]=TOOL_TYPE_FINGER, buttonState=BUTTON_PRIMARY, classification=NONE, metaState=0, flags=0x0, edgeFlags=0x0, pointerCount=1, historySize=0, eventTime=21810492, downTime=21810452, deviceId=-1, source=0x1002, displayId=0, eventId=-569219327 }
10-10 20:51:26.994   354   474 E android.hardware.audio@7.0-impl.ranchu: device/generic/goldfish/audio/stream_out.cpp:updateSourceMetadata:377 failure: Result::NOT_SUPPORTED
10-10 20:51:26.996 22255 22255 D LifecycleMonitor: Lifecycle status change: edu.ucsc.cse118.assignment2.MainActivity@81dede5 in: PAUSED
10-10 20:51:26.996 22255 22255 V ActivityScenario: Update currentActivityStage to PAUSED, currentActivity=edu.ucsc.cse118.assignment2.MainActivity@81dede5
10-10 20:51:26.997   565  2075 W InputReader: Device virtio_input_multi_touch_2 is associated with display ADISPLAY_ID_NONE.
10-10 20:51:26.997   565  2075 W InputReader: Device virtio_input_multi_touch_3 is associated with display ADISPLAY_ID_NONE.
10-10 20:51:26.997   565  2075 W InputReader: Device virtio_input_multi_touch_5 is associated with display ADISPLAY_ID_NONE.
10-10 20:51:26.997   565  2075 W InputReader: Device virtio_input_multi_touch_7 is associated with display ADISPLAY_ID_NONE.
10-10 20:51:26.997   565  2075 W InputReader: Device virtio_input_multi_touch_11 is associated with display ADISPLAY_ID_NONE.
10-10 20:51:26.997   565  2075 W InputReader: Device virtio_input_multi_touch_6 is associated with display ADISPLAY_ID_NONE.
10-10 20:51:26.997   565  2075 W InputReader: Device virtio_input_multi_touch_4 is associated with display ADISPLAY_ID_NONE.
10-10 20:51:26.997   565  2075 W InputReader: Device virtio_input_multi_touch_9 is associated with display ADISPLAY_ID_NONE.
10-10 20:51:26.997   565  2075 W InputReader: Device virtio_input_multi_touch_8 is associated with display ADISPLAY_ID_NONE.
10-10 20:51:26.997   565  2075 W InputReader: Device virtio_input_multi_touch_10 is associated with display ADISPLAY_ID_NONE.
10-10 20:51:26.998   565  2075 W InputReader: Device virtio_input_multi_touch_2 is associated with display ADISPLAY_ID_NONE.
10-10 20:51:26.998   565  2075 W InputReader: Device virtio_input_multi_touch_3 is associated with display ADISPLAY_ID_NONE.
10-10 20:51:26.998   565  2075 W InputReader: Device virtio_input_multi_touch_5 is associated with display ADISPLAY_ID_NONE.
10-10 20:51:26.998   565  2075 W InputReader: Device virtio_input_multi_touch_7 is associated with display ADISPLAY_ID_NONE.
10-10 20:51:26.998   565  2075 W InputReader: Device virtio_input_multi_touch_11 is associated with display ADISPLAY_ID_NONE.
10-10 20:51:26.998   565  2075 W InputReader: Device virtio_input_multi_touch_6 is associated with display ADISPLAY_ID_NONE.
10-10 20:51:26.998   565  2075 W InputReader: Device virtio_input_multi_touch_4 is associated with display ADISPLAY_ID_NONE.
10-10 20:51:26.998   565  2075 W InputReader: Device virtio_input_multi_touch_9 is associated with display ADISPLAY_ID_NONE.
10-10 20:51:26.998   565  2075 W InputReader: Device virtio_input_multi_touch_8 is associated with display ADISPLAY_ID_NONE.
10-10 20:51:26.998   565  2075 W InputReader: Device virtio_input_multi_touch_10 is associated with display ADISPLAY_ID_NONE.
10-10 20:51:27.005 22255 22255 D LifecycleMonitor: Lifecycle status change: edu.ucsc.cse118.assignment2.WorkspaceActivity@f1a377a in: PRE_ON_CREATE
10-10 20:51:27.005 22255 22255 V ActivityScenario: Activity lifecycle changed event received but ignored because the intent does not match. startActivityIntent=Intent { act=android.intent.action.MAIN cat=[android.intent.category.LAUNCHER] cmp=edu.ucsc.cse118.assignment2/.MainActivity }, activity.getIntent()=Intent { cmp=edu.ucsc.cse118.assignment2/.WorkspaceActivity }, activity=edu.ucsc.cse118.assignment2.WorkspaceActivity@f1a377a
10-10 20:51:27.009   354 22320 W android.hardware.audio@7.0-impl.ranchu: TinyalsaSink::consumeThread:184 pcm_write failed with res=-1
10-10 20:51:27.015 22255 22255 D LifecycleMonitor: Lifecycle status change: edu.ucsc.cse118.assignment2.WorkspaceActivity@f1a377a in: CREATED
10-10 20:51:27.015 22255 22255 V ActivityScenario: Activity lifecycle changed event received but ignored because the intent does not match. startActivityIntent=Intent { act=android.intent.action.MAIN cat=[android.intent.category.LAUNCHER] cmp=edu.ucsc.cse118.assignment2/.MainActivity }, activity.getIntent()=Intent { cmp=edu.ucsc.cse118.assignment2/.WorkspaceActivity }, activity=edu.ucsc.cse118.assignment2.WorkspaceActivity@f1a377a
10-10 20:51:27.016 22255 22255 D LifecycleMonitor: Lifecycle status change: edu.ucsc.cse118.assignment2.WorkspaceActivity@f1a377a in: STARTED
10-10 20:51:27.016 22255 22255 V ActivityScenario: Activity lifecycle changed event received but ignored because the intent does not match. startActivityIntent=Intent { act=android.intent.action.MAIN cat=[android.intent.category.LAUNCHER] cmp=edu.ucsc.cse118.assignment2/.MainActivity }, activity.getIntent()=Intent { cmp=edu.ucsc.cse118.assignment2/.WorkspaceActivity }, activity=edu.ucsc.cse118.assignment2.WorkspaceActivity@f1a377a
10-10 20:51:27.016 22255 22255 D LifecycleMonitor: Lifecycle status change: edu.ucsc.cse118.assignment2.WorkspaceActivity@f1a377a in: RESUMED
10-10 20:51:27.017 22255 22255 V ActivityScenario: Activity lifecycle changed event received but ignored because the intent does not match. startActivityIntent=Intent { act=android.intent.action.MAIN cat=[android.intent.category.LAUNCHER] cmp=edu.ucsc.cse118.assignment2/.MainActivity }, activity.getIntent()=Intent { cmp=edu.ucsc.cse118.assignment2/.WorkspaceActivity }, activity=edu.ucsc.cse118.assignment2.WorkspaceActivity@f1a377a
10-10 20:51:27.027   365   425 D goldfish-address-space: claimShared: Ask to claim region [0x1e8000000 0x1e89a4000]
10-10 20:51:27.029   365   425 D goldfish-address-space: claimShared: Ask to claim region [0x1e89a4000 0x1e9348000]
10-10 20:51:27.029   365   425 D goldfish-address-space: claimShared: Ask to claim region [0x1e9348000 0x1e9cec000]
10-10 20:51:27.031   354 22320 W android.hardware.audio@7.0-impl.ranchu: TinyalsaSink::consumeThread:184 pcm_write failed with res=-1
10-10 20:51:27.045   565   606 I ActivityTaskManager: Displayed edu.ucsc.cse118.assignment2/.WorkspaceActivity: +50ms
10-10 20:51:27.054   354 22320 W android.hardware.audio@7.0-impl.ranchu: TinyalsaSink::consumeThread:184 pcm_write failed with res=-1
10-10 20:51:27.072  1570  1570 I GoogleInputMethodService: GoogleInputMethodService.onFinishInput():3269
10-10 20:51:27.073  1570  1570 I GoogleInputMethodService: GoogleInputMethodService.onStartInput():1947
10-10 20:51:27.074  1570  1570 I DeviceUnlockedTag: DeviceUnlockedTag.notifyDeviceLockStatusChanged():79 Notify device unlocked.
10-10 20:51:27.075 22255 22255 D LifecycleMonitor: Lifecycle status change: edu.ucsc.cse118.assignment2.MainActivity@81dede5 in: STOPPED
10-10 20:51:27.075 22255 22255 V ActivityScenario: Update currentActivityStage to STOPPED, currentActivity=edu.ucsc.cse118.assignment2.MainActivity@81dede5
10-10 20:51:27.076   354 22320 W android.hardware.audio@7.0-impl.ranchu: TinyalsaSink::consumeThread:184 pcm_write failed with res=-1
10-10 20:51:27.098   354 22320 W android.hardware.audio@7.0-impl.ranchu: TinyalsaSink::consumeThread:184 pcm_write failed with res=-1
10-10 20:51:27.121   354 22320 W android.hardware.audio@7.0-impl.ranchu: TinyalsaSink::consumeThread:184 pcm_write failed with res=-1
10-10 20:51:27.125   354   474 E android.hardware.audio@7.0-impl.ranchu: device/generic/goldfish/audio/stream_out.cpp:updateSourceMetadata:377 failure: Result::NOT_SUPPORTED
10-10 20:51:27.143   354 22320 W android.hardware.audio@7.0-impl.ranchu: TinyalsaSink::consumeThread:184 pcm_write failed with res=-1
10-10 20:51:27.165   354 22320 W android.hardware.audio@7.0-impl.ranchu: TinyalsaSink::consumeThread:184 pcm_write failed with res=-1
10-10 20:51:27.187   354 22320 W android.hardware.audio@7.0-impl.ranchu: TinyalsaSink::consumeThread:184 pcm_write failed with res=-1
10-10 20:51:27.209   354 22320 W android.hardware.audio@7.0-impl.ranchu: TinyalsaSink::consumeThread:184 pcm_write failed with res=-1
10-10 20:51:27.231   354 22320 W android.hardware.audio@7.0-impl.ranchu: TinyalsaSink::consumeThread:184 pcm_write failed with res=-1
10-10 20:51:27.253   354 22320 W android.hardware.audio@7.0-impl.ranchu: TinyalsaSink::consumeThread:184 pcm_write failed with res=-1
10-10 20:51:27.275   354 22320 W android.hardware.audio@7.0-impl.ranchu: TinyalsaSink::consumeThread:184 pcm_write failed with res=-1
10-10 20:51:27.298   354 22320 W android.hardware.audio@7.0-impl.ranchu: TinyalsaSink::consumeThread:184 pcm_write failed with res=-1
10-10 20:51:27.303 22255 22255 I ViewInteraction: Performing 'single click' action on view ((view has effective visibility <VISIBLE> and view.getGlobalVisibleRect() to return non-empty rectangle) and (an instance of android.widget.TextView and view.getText() with or without transformation to match: is "CSE118 Fall 22" or (view.getParent() is assignable from class <class com.google.android.material.textfield.TextInputLayout> and (view is an instance of android.view.ViewGroup and has descendant matching an instance of android.widget.TextView and view.getText() with or without transformation to match: is "CSE118 Fall 22"))))
10-10 20:51:27.306  1166  1166 D TaplEvents: TIS / TouchInteractionService.onInputEvent: MotionEvent { action=ACTION_DOWN, actionButton=0, id[0]=0, x[0]=206.0, y[0]=278.5, toolType[0]=TOOL_TYPE_UNKNOWN, buttonState=BUTTON_PRIMARY, classification=NONE, metaState=0, flags=0x0, edgeFlags=0x0, pointerCount=1, historySize=0, eventTime=21810805, downTime=21810805, deviceId=-1, source=0x1002, displayId=0, eventId=-39957790 }
10-10 20:51:27.320   354 22320 W android.hardware.audio@7.0-impl.ranchu: TinyalsaSink::consumeThread:184 pcm_write failed with res=-1
10-10 20:51:27.341   354 22320 W android.hardware.audio@7.0-impl.ranchu: TinyalsaSink::consumeThread:184 pcm_write failed with res=-1
10-10 20:51:27.346  1166  1166 D TaplEvents: TIS / TouchInteractionService.onInputEvent: MotionEvent { action=ACTION_UP, actionButton=0, id[0]=0, x[0]=206.0, y[0]=278.5, toolType[0]=TOOL_TYPE_FINGER, buttonState=BUTTON_PRIMARY, classification=NONE, metaState=0, flags=0x0, edgeFlags=0x0, pointerCount=1, historySize=0, eventTime=21810846, downTime=21810805, deviceId=-1, source=0x1002, displayId=0, eventId=-557209126 }
10-10 20:51:27.363   354 22320 W android.hardware.audio@7.0-impl.ranchu: TinyalsaSink::consumeThread:184 pcm_write failed with res=-1
10-10 20:51:27.387   354 22320 W android.hardware.audio@7.0-impl.ranchu: TinyalsaSink::consumeThread:184 pcm_write failed with res=-1
10-10 20:51:27.408   354 22320 W android.hardware.audio@7.0-impl.ranchu: TinyalsaSink::consumeThread:184 pcm_write failed with res=-1
10-10 20:51:27.430   354 22320 W android.hardware.audio@7.0-impl.ranchu: TinyalsaSink::consumeThread:184 pcm_write failed with res=-1
10-10 20:51:27.454   354 22320 W android.hardware.audio@7.0-impl.ranchu: TinyalsaSink::consumeThread:184 pcm_write failed with res=-1
10-10 20:51:27.476   354 22320 W android.hardware.audio@7.0-impl.ranchu: TinyalsaSink::consumeThread:184 pcm_write failed with res=-1
10-10 20:51:27.497   354 22320 W android.hardware.audio@7.0-impl.ranchu: TinyalsaSink::consumeThread:184 pcm_write failed with res=-1
10-10 20:51:27.521   354 22320 W android.hardware.audio@7.0-impl.ranchu: TinyalsaSink::consumeThread:184 pcm_write failed with res=-1
10-10 20:51:27.541   354 22320 W android.hardware.audio@7.0-impl.ranchu: TinyalsaSink::consumeThread:184 pcm_write failed with res=-1
10-10 20:51:27.563   354 22320 W android.hardware.audio@7.0-impl.ranchu: TinyalsaSink::consumeThread:184 pcm_write failed with res=-1
10-10 20:51:27.584 22255 22255 D LifecycleMonitor: Lifecycle status change: edu.ucsc.cse118.assignment2.WorkspaceActivity@f1a377a in: PAUSED
10-10 20:51:27.585 22255 22255 V ActivityScenario: Activity lifecycle changed event received but ignored because the intent does not match. startActivityIntent=Intent { act=android.intent.action.MAIN cat=[android.intent.category.LAUNCHER] cmp=edu.ucsc.cse118.assignment2/.MainActivity }, activity.getIntent()=Intent { cmp=edu.ucsc.cse118.assignment2/.WorkspaceActivity }, activity=edu.ucsc.cse118.assignment2.WorkspaceActivity@f1a377a
10-10 20:51:27.586   565  1415 W InputReader: Device virtio_input_multi_touch_2 is associated with display ADISPLAY_ID_NONE.
10-10 20:51:27.586   565  1415 W InputReader: Device virtio_input_multi_touch_3 is associated with display ADISPLAY_ID_NONE.
10-10 20:51:27.586   565  1415 W InputReader: Device virtio_input_multi_touch_5 is associated with display ADISPLAY_ID_NONE.
10-10 20:51:27.586   565  1415 W InputReader: Device virtio_input_multi_touch_7 is associated with display ADISPLAY_ID_NONE.
10-10 20:51:27.586   565  1415 W InputReader: Device virtio_input_multi_touch_11 is associated with display ADISPLAY_ID_NONE.
10-10 20:51:27.586   565  1415 W InputReader: Device virtio_input_multi_touch_6 is associated with display ADISPLAY_ID_NONE.
10-10 20:51:27.586   565  1415 W InputReader: Device virtio_input_multi_touch_4 is associated with display ADISPLAY_ID_NONE.
10-10 20:51:27.586   565  1415 W InputReader: Device virtio_input_multi_touch_9 is associated with display ADISPLAY_ID_NONE.
10-10 20:51:27.586   565  1415 W InputReader: Device virtio_input_multi_touch_8 is associated with display ADISPLAY_ID_NONE.
10-10 20:51:27.586   565  1415 W InputReader: Device virtio_input_multi_touch_10 is associated with display ADISPLAY_ID_NONE.
10-10 20:51:27.586   565  1415 W InputReader: Device virtio_input_multi_touch_2 is associated with display ADISPLAY_ID_NONE.
10-10 20:51:27.586   565  1415 W InputReader: Device virtio_input_multi_touch_3 is associated with display ADISPLAY_ID_NONE.
10-10 20:51:27.586   565  1415 W InputReader: Device virtio_input_multi_touch_5 is associated with display ADISPLAY_ID_NONE.
10-10 20:51:27.586   565  1415 W InputReader: Device virtio_input_multi_touch_7 is associated with display ADISPLAY_ID_NONE.
10-10 20:51:27.586   565  1415 W InputReader: Device virtio_input_multi_touch_11 is associated with display ADISPLAY_ID_NONE.
10-10 20:51:27.586   565  1415 W InputReader: Device virtio_input_multi_touch_6 is associated with display ADISPLAY_ID_NONE.
10-10 20:51:27.586   565  1415 W InputReader: Device virtio_input_multi_touch_4 is associated with display ADISPLAY_ID_NONE.
10-10 20:51:27.586   565  1415 W InputReader: Device virtio_input_multi_touch_9 is associated with display ADISPLAY_ID_NONE.
10-10 20:51:27.586   565  1415 W InputReader: Device virtio_input_multi_touch_8 is associated with display ADISPLAY_ID_NONE.
10-10 20:51:27.586   565  1415 W InputReader: Device virtio_input_multi_touch_10 is associated with display ADISPLAY_ID_NONE.
10-10 20:51:27.587   354 22320 W android.hardware.audio@7.0-impl.ranchu: TinyalsaSink::consumeThread:184 pcm_write failed with res=-1
10-10 20:51:27.601 22255 22255 D LifecycleMonitor: Lifecycle status change: edu.ucsc.cse118.assignment2.MainActivity@81dede5 in: DESTROYED
10-10 20:51:27.601 22255 22255 V ActivityScenario: Update currentActivityStage to DESTROYED, currentActivity=null
10-10 20:51:27.603   565  2075 W InputManager-JNI: Input channel object 'ed64091 edu.ucsc.cse118.assignment2/edu.ucsc.cse118.assignment2.MainActivity (client)' was disposed without first being removed with the input manager!
10-10 20:51:27.607   354 22320 W android.hardware.audio@7.0-impl.ranchu: TinyalsaSink::consumeThread:184 pcm_write failed with res=-1
10-10 20:51:27.623   365   425 D goldfish-address-space: claimShared: Ask to claim region [0x1e9cec000 0x1ea690000]
10-10 20:51:27.626   365   425 D goldfish-address-space: claimShared: Ask to claim region [0x1ec000000 0x1ec9a4000]
10-10 20:51:27.627   365   425 D goldfish-address-space: claimShared: Ask to claim region [0x1ec9a4000 0x1ed348000]
10-10 20:51:27.629   354 22320 W android.hardware.audio@7.0-impl.ranchu: TinyalsaSink::consumeThread:184 pcm_write failed with res=-1
10-10 20:51:27.635   565  2075 W InputReader: Device virtio_input_multi_touch_2 is associated with display ADISPLAY_ID_NONE.
10-10 20:51:27.636   565  2075 W InputReader: Device virtio_input_multi_touch_3 is associated with display ADISPLAY_ID_NONE.
10-10 20:51:27.636   565  2075 W InputReader: Device virtio_input_multi_touch_5 is associated with display ADISPLAY_ID_NONE.
10-10 20:51:27.636   565  2075 W InputReader: Device virtio_input_multi_touch_7 is associated with display ADISPLAY_ID_NONE.
10-10 20:51:27.636   565  2075 W InputReader: Device virtio_input_multi_touch_11 is associated with display ADISPLAY_ID_NONE.
10-10 20:51:27.636   565  2075 W InputReader: Device virtio_input_multi_touch_6 is associated with display ADISPLAY_ID_NONE.
10-10 20:51:27.636   565  2075 W InputReader: Device virtio_input_multi_touch_4 is associated with display ADISPLAY_ID_NONE.
10-10 20:51:27.636   565  2075 W InputReader: Device virtio_input_multi_touch_9 is associated with display ADISPLAY_ID_NONE.
10-10 20:51:27.636   565  2075 W InputReader: Device virtio_input_multi_touch_8 is associated with display ADISPLAY_ID_NONE.
10-10 20:51:27.636   565  2075 W InputReader: Device virtio_input_multi_touch_10 is associated with display ADISPLAY_ID_NONE.
10-10 20:51:27.636   565  2075 W InputReader: Device virtio_input_multi_touch_2 is associated with display ADISPLAY_ID_NONE.
10-10 20:51:27.636   565  2075 W InputReader: Device virtio_input_multi_touch_3 is associated with display ADISPLAY_ID_NONE.
10-10 20:51:27.636   565  2075 W InputReader: Device virtio_input_multi_touch_5 is associated with display ADISPLAY_ID_NONE.
10-10 20:51:27.636   565  2075 W InputReader: Device virtio_input_multi_touch_7 is associated with display ADISPLAY_ID_NONE.
10-10 20:51:27.636   565  2075 W InputReader: Device virtio_input_multi_touch_11 is associated with display ADISPLAY_ID_NONE.
10-10 20:51:27.636   565  2075 W InputReader: Device virtio_input_multi_touch_6 is associated with display ADISPLAY_ID_NONE.
10-10 20:51:27.636   565  2075 W InputReader: Device virtio_input_multi_touch_4 is associated with display ADISPLAY_ID_NONE.
10-10 20:51:27.636   565  2075 W InputReader: Device virtio_input_multi_touch_9 is associated with display ADISPLAY_ID_NONE.
10-10 20:51:27.636   565  2075 W InputReader: Device virtio_input_multi_touch_8 is associated with display ADISPLAY_ID_NONE.
10-10 20:51:27.636   565  2075 W InputReader: Device virtio_input_multi_touch_10 is associated with display ADISPLAY_ID_NONE.
10-10 20:51:27.649 22255 22276 E TestRunner: failed: visible_message_date(edu.ucsc.cse118.assignment2.AdvancedInstrumentedTest)
10-10 20:51:27.649 22255 22276 E TestRunner: ----- begin exception -----
10-10 20:51:27.649 22255 22276 E TestRunner: com.adevinta.android.barista.internal.failurehandler.BaristaException: Could not perform action single click on view (an instance of android.widget.TextView and view.getText() with or without transformation to match: is "Assignment 2" or (view.getParent() is assignable from class <class com.google.android.material.textfield.TextInputLayout> and (view is an instance of android.view.ViewGroup and has descendant matching an instance of android.widget.TextView and view.getText() with or without transformation to match: is "Assignment 2")))
10-10 20:51:27.649 22255 22276 E TestRunner: 	at com.adevinta.android.barista.internal.failurehandler.SpyFailureHandler.resendFirstError(SpyFailureHandler.kt:25)
10-10 20:51:27.649 22255 22276 E TestRunner: 	at com.adevinta.android.barista.internal.PerformActionKt.performActionOnView(PerformAction.kt:50)
10-10 20:51:27.649 22255 22276 E TestRunner: 	at com.adevinta.android.barista.internal.PerformActionKt.performAction(PerformAction.kt:26)
10-10 20:51:27.649 22255 22276 E TestRunner: 	at com.adevinta.android.barista.interaction.BaristaClickInteractions.clickOn(BaristaClickInteractions.kt:24)
10-10 20:51:27.649 22255 22276 E TestRunner: 	at edu.ucsc.cse118.assignment2.AdvancedInstrumentedTest.goToChannel(AdvancedInstrumentedTest.kt:31)
10-10 20:51:27.649 22255 22276 E TestRunner: 	at edu.ucsc.cse118.assignment2.AdvancedInstrumentedTest.visible_message_date(AdvancedInstrumentedTest.kt:90)
10-10 20:51:27.649 22255 22276 E TestRunner: 	at java.lang.reflect.Method.invoke(Native Method)
10-10 20:51:27.649 22255 22276 E TestRunner: 	at org.junit.runners.model.FrameworkMethod$1.runReflectiveCall(FrameworkMethod.java:59)
10-10 20:51:27.649 22255 22276 E TestRunner: 	at org.junit.internal.runners.model.ReflectiveCallable.run(ReflectiveCallable.java:12)
10-10 20:51:27.649 22255 22276 E TestRunner: 	at org.junit.runners.model.FrameworkMethod.invokeExplosively(FrameworkMethod.java:56)
10-10 20:51:27.649 22255 22276 E TestRunner: 	at org.junit.internal.runners.statements.InvokeMethod.evaluate(InvokeMethod.java:17)
10-10 20:51:27.649 22255 22276 E TestRunner: 	at org.junit.rules.ExternalResource$1.evaluate(ExternalResource.java:54)
10-10 20:51:27.649 22255 22276 E TestRunner: 	at org.junit.runners.ParentRunner$3.evaluate(ParentRunner.java:306)
10-10 20:51:27.649 22255 22276 E TestRunner: 	at org.junit.runners.BlockJUnit4ClassRunner$1.evaluate(BlockJUnit4ClassRunner.java:100)
10-10 20:51:27.649 22255 22276 E TestRunner: 	at org.junit.runners.ParentRunner.runLeaf(ParentRunner.java:366)
10-10 20:51:27.649 22255 22276 E TestRunner: 	at org.junit.runners.BlockJUnit4ClassRunner.runChild(BlockJUnit4ClassRunner.java:103)
10-10 20:51:27.649 22255 22276 E TestRunner: 	at org.junit.runners.BlockJUnit4ClassRunner.runChild(BlockJUnit4ClassRunner.java:63)
10-10 20:51:27.649 22255 22276 E TestRunner: 	at org.junit.runners.ParentRunner$4.run(ParentRunner.java:331)
10-10 20:51:27.649 22255 22276 E TestRunner: 	at org.junit.runners.ParentRunner$1.schedule(ParentRunner.java:79)
10-10 20:51:27.649 22255 22276 E TestRunner: 	at org.junit.runners.ParentRunner.runChildren(ParentRunner.java:329)
10-10 20:51:27.649 22255 22276 E TestRunner: 	at org.junit.runners.ParentRunner.access$100(ParentRunner.java:66)
10-10 20:51:27.649 22255 22276 E TestRunner: 	at org.junit.runners.ParentRunner$2.evaluate(ParentRunner.java:293)
10-10 20:51:27.649 22255 22276 E TestRunner: 	at org.junit.runners.ParentRunner$3.evaluate(ParentRunner.java:306)
10-10 20:51:27.649 22255 22276 E TestRunner: 	at org.junit.runners.ParentRunner.run(ParentRunner.java:413)
10-10 20:51:27.649 22255 22276 E TestRunner: 	at androidx.test.ext.junit.runners.AndroidJUnit4.run(AndroidJUnit4.java:162)
10-10 20:51:27.649 22255 22276 E TestRunner: 	at org.junit.runners.Suite.runChild(Suite.java:128)
10-10 20:51:27.649 22255 22276 E TestRunner: 	at org.junit.runners.Suite.runChild(Suite.java:27)
10-10 20:51:27.649 22255 22276 E TestRunner: 	at org.junit.runners.ParentRunner$4.run(ParentRunner.java:331)
10-10 20:51:27.649 22255 22276 E TestRunner: 	at org.junit.runners.ParentRunner$1.schedule(ParentRunner.java:79)
10-10 20:51:27.649 22255 22276 E TestRunner: 	at org.junit.runners.ParentRunner.runChildren(ParentRunner.java:329)
10-10 20:51:27.649 22255 22276 E TestRunner: 	at org.junit.runners.ParentRunner.access$100(ParentRunner.java:66)
10-10 20:51:27.649 22255 22276 E TestRunner: 	at org.junit.runners.ParentRunner$2.evaluate(ParentRunner.java:293)
10-10 20:51:27.649 22255 22276 E TestRunner: 	at org.junit.runners.ParentRunner$3.evaluate(ParentRunner.java:306)
10-10 20:51:27.649 22255 22276 E TestRunner: 	at org.junit.runners.ParentRunner.run(ParentRunner.java:413)
10-10 20:51:27.649 22255 22276 E TestRunner: 	at org.junit.runner.JUnitCore.run(JUnitCore.java:137)
10-10 20:51:27.649 22255 22276 E TestRunner: 	at org.junit.runner.JUnitCore.run(JUnitCore.java:115)
10-10 20:51:27.649 22255 22276 E TestRunner: 	at androidx.test.internal.runner.TestExecutor.execute(TestExecutor.java:56)
10-10 20:51:27.649 22255 22276 E TestRunner: 	at androidx.test.runner.AndroidJUnitRunner.onStart(AndroidJUnitRunner.java:444)
10-10 20:51:27.649 22255 22276 E TestRunner: 	at android.app.Instrumentation$InstrumentationThread.run(Instrumentation.java:2278)
10-10 20:51:27.650 22255 22276 E TestRunner: Caused by: androidx.test.espresso.NoMatchingViewException: No views in hierarchy found matching: ((view has effective visibility <VISIBLE> and view.getGlobalVisibleRect() to return non-empty rectangle) and (an instance of android.widget.TextView and view.getText() with or without transformation to match: is "Assignment 2" or (view.getParent() is assignable from class <class com.google.android.material.textfield.TextInputLayout> and (view is an instance of android.view.ViewGroup and has descendant matching an instance of android.widget.TextView and view.getText() with or without transformation to match: is "Assignment 2"))))
10-10 20:51:27.650 22255 22276 E TestRunner:
10-10 20:51:27.650 22255 22276 E TestRunner: View Hierarchy:
10-10 20:51:27.650 22255 22276 E TestRunner: +>DecorView{id=-1, visibility=VISIBLE, width=1080, height=2340, has-focus=false, has-focusable=true, has-window-focus=true, is-clickable=false, is-enabled=true, is-focused=false, is-focusable=false, is-layout-requested=false, is-selected=false, layout-params={(0,0)(fillxfill) ty=BASE_APPLICATION wanim=0x10302fe
10-10 20:51:27.650 22255 22276 E TestRunner:   fl=LAYOUT_IN_SCREEN LAYOUT_INSET_DECOR SPLIT_TOUCH HARDWARE_ACCELERATED DRAWS_SYSTEM_BAR_BACKGROUNDS
10-10 20:51:27.650 22255 22276 E TestRunner:   pfl=NO_MOVE_ANIMATION FORCE_DRAW_STATUS_BAR_BACKGROUND FIT_INSETS_CONTROLLED
10-10 20:51:27.650 22255 22276 E TestRunner:   bhv=DEFAULT
10-10 20:51:27.650 22255 22276 E TestRunner:   fitSides=}, tag=null, root-is-layout-requested=false, has-input-connection=false, x=0.0, y=0.0, child-count=3}
10-10 20:51:27.650 22255 22276 E TestRunner: |
10-10 20:51:27.650 22255 22276 E TestRunner: +->LinearLayout{id=-1, visibility=VISIBLE, width=1080, height=2296, has-focus=false, has-focusable=true, has-window-focus=true, is-clickable=false, is-enabled=true, is-focused=false, is-focusable=false, is-layout-requested=false, is-selected=false, layout-params=android.widget.FrameLayout$LayoutParams@fd6d0f5, tag=null, root-is-layout-requested=false, has-input-connection=false, x=0.0, y=0.0, child-count=2}
10-10 20:51:27.650 22255 22276 E TestRunner: |
10-10 20:51:27.650 22255 22276 E TestRunner: +-->ViewStub{id=16908723, res-name=action_mode_bar_stub, visibility=GONE, width=0, height=0, has-focus=false, has-focusable=false, has-window-focus=true, is-clickable=false, is-enabled=true, is-focused=false, is-focusable=false, is-layout-requested=true, is-selected=false, layout-params=android.widget.LinearLayout$LayoutParams@49fce8a, tag=null, root-is-layout-requested=false, has-input-connection=false, x=0.0, y=0.0}
10-10 20:51:27.650 22255 22276 E TestRunner: |
10-10 20:51:27.650 22255 22276 E TestRunner: +-->FrameLayout{id=-1, visibility=VISIBLE, width=1080, height=2230, has-focus=false, has-focusable=true, has-window-focus=true, is-clickable=false, is-enabled=true, is-focused=false, is-focusable=false, is-layout-requested=false, is-selected=false, layout-params=android.widget.LinearLayout$LayoutParams@2fad118, tag=null, root-is-layout-requested=false, has-input-connection=false, x=0.0, y=66.0, child-count=1}
10-10 20:51:27.650 22255 22276 E TestRunner: |
10-10 20:51:27.650 22255 22276 E TestRunner: +--->ActionBarOverlayLayout{id=2131230865, res-name=decor_content_parent, visibility=VISIBLE, width=1080, height=2230, has-focus=false, has-focusable=true, has-window-focus=true, is-clickable=false, is-enabled=true, is-focused=false, is-focusable=false, is-layout-requested=false, is-selected=false, layout-params=android.widget.FrameLayout$LayoutParams@c9f9dd7, tag=null, root-is-layout-requested=false, has-input-connection=false, x=0.0, y=0.0, child-count=2}
10-10 20:51:27.650 22255 22276 E TestRunner: |
10-10 20:51:27.650 22255 22276 E TestRunner: +---->ContentFrameLayout{id=16908290, res-name=content, visibility=VISIBLE, width=1080, height=2076, has-focus=false, has-focusable=true, has-window-focus=true, is-clickable=false, is-enabled=true, is-focused=false, is-focusable=false, is-layout-requested=false, is-selected=false, layout-params=androidx.appcompat.widget.ActionBarOverlayLayout$LayoutParams@65529ad, tag=null, root-is-layout-requested=false, has-input-connection=false, x=0.0, y=154.0, child-count=1}
10-10 20:51:27.650 22255 22276 E TestRunner: |
10-10 20:51:27.650 22255 22276 E TestRunner: +----->ConstraintLayout{id=-1, visibility=VISIBLE, width=1080, height=2076, has-focus=false, has-focusable=true, has-window-focus=true, is-clickable=false, is-enabled=true, is-focused=false, is-focusable=false, is-layout-requested=false, is-selected=false, layout-params=android.widget.FrameLayout$LayoutParams@1564073, tag=null, root-is-layout-requested=false, has-input-connection=false, x=0.0, y=0.0, child-count=1}
10-10 20:51:27.650 22255 22276 E TestRunner: |
10-10 20:51:27.650 22255 22276 E TestRunner: +------>RecyclerView{id=2131231061, res-name=recyclerview, visibility=VISIBLE, width=1080, height=2076, has-focus=false, has-focusable=true, has-window-focus=true, is-clickable=false, is-enabled=true, is-focused=false, is-focusable=true, is-layout-requested=false, is-selected=false, layout-params=androidx.constraintlayout.widget.ConstraintLayout$LayoutParams@3ca70cf, tag=null, root-is-layout-requested=false, has-input-connection=false, x=0.0, y=0.0, child-count=3}
10-10 20:51:27.650 22255 22276 E TestRunner: |
10-10 20:51:27.650 22255 22276 E TestRunner: +------->CardView{id=-1, visibility=VISIBLE, width=1058, height=165, has-focus=false, has-focusable=false, has-window-focus=true, is-clickable=false, is-enabled=true, is-focused=false, is-focusable=false, is-layout-requested=false, is-selected=false, layout-params=androidx.recyclerview.widget.RecyclerView$LayoutParams@abee165, tag=null, root-is-layout-requested=false, has-input-connection=false, x=11.0, y=11.0, child-count=1}
10-10 20:51:27.650 22255 22276 E TestRunner: |
10-10 20:51:27.650 22255 22276 E TestRunner: +-------->LinearLayout{id=-1, visibility=VISIBLE, width=1058, height=165, has-focus=false, has-focusable=false, has-window-focus=true, is-clickable=false, is-enabled=true, is-focused=false, is-focusable=false, is-layout-requested=false, is-selected=false, layout-params=android.widget.FrameLayout$LayoutParams@bd0b048, tag=null, root-is-layout-requested=false, has-input-connection=false, x=0.0, y=0.0, child-count=2}
10-10 20:51:27.650 22255 22276 E TestRunner: |
10-10 20:51:27.650 22255 22276 E TestRunner: +--------->MaterialTextView{id=2131231015, res-name=name, visibility=VISIBLE, width=369, height=74, has-focus=false, has-focusable=false, has-window-focus=true, is-clickable=false, is-enabled=true, is-focused=false, is-focusable=false, is-layout-requested=false, is-selected=false, layout-params=android.widget.LinearLayout$LayoutParams@d412ee1, tag=null, root-is-layout-requested=false, has-input-connection=false, x=11.0, y=11.0, text=CSE118 Fall 22, input-type=0, ime-target=false, has-links=false}
10-10 20:51:27.650 22255 22276 E TestRunner: |
10-10 20:51:27.650 22255 22276 E TestRunner: +--------->MaterialTextView{id=2131230831, res-name=channels, visibility=VISIBLE, width=218, height=59, has-focus=false, has-focusable=false, has-window-focus=true, is-clickable=false, is-enabled=true, is-focused=false, is-focusable=false, is-layout-requested=false, is-selected=false, layout-params=android.widget.LinearLayout$LayoutParams@40fb406, tag=null, root-is-layout-requested=false, has-input-connection=false, x=11.0, y=85.0, text=3 Channels, input-type=0, ime-target=false, has-links=false}
10-10 20:51:27.650 22255 22276 E TestRunner: |
10-10 20:51:27.650 22255 22276 E TestRunner: +------->CardView{id=-1, visibility=VISIBLE, width=1058, height=165, has-focus=false, has-focusable=false, has-window-focus=true, is-clickable=false, is-enabled=true, is-focused=false, is-focusable=false, is-layout-requested=false, is-selected=false, layout-params=androidx.recyclerview.widget.RecyclerView$LayoutParams@86488f4, tag=null, root-is-layout-requested=false, has-input-connection=false, x=11.0, y=198.0, child-count=1}
10-10 20:51:27.650 22255 22276 E TestRunner: |
10-10 20:51:27.650 22255 22276 E TestRunner: +-------->LinearLayout{id=-1, visibility=VISIBLE, width=1058, height=165, has-focus=false, has-focusable=false, has-window-focus=true, is-clickable=false, is-enabled=true, is-focused=false, is-focusable=false, is-layout-requested=false, is-selected=false, layout-params=android.widget.FrameLayout$LayoutParams@9d02c63, tag=null, root-is-layout-requested=false, has-input-connection=false, x=0.0, y=0.0, child-count=2}
10-10 20:51:27.650 22255 22276 E TestRunner: |
10-10 20:51:27.650 22255 22276 E TestRunner: +--------->MaterialTextView{id=2131231015, res-name=name, visibility=VISIBLE, width=335, height=74, has-focus=false, has-focusable=false, has-window-focus=true, is-clickable=false, is-enabled=true, is-focused=false, is-focusable=false, is-layout-requested=false, is-selected=false, layout-params=android.widget.LinearLayout$LayoutParams@2bb4060, tag=null, root-is-layout-requested=false, has-input-connection=false, x=11.0, y=11.0, text=No Messages, input-type=0, ime-target=false, has-links=false}
10-10 20:51:27.650 22255 22276 E TestRunner: |
10-10 20:51:27.650 22255 22276 E TestRunner: +--------->MaterialTextView{id=2131230831, res-name=channels, visibility=VISIBLE, width=218, height=59, has-focus=false, has-focusable=false, has-window-focus=true, is-clickable=false, is-enabled=true, is-focused=false, is-focusable=false, is-layout-requested=false, is-selected=false, layout-params=android.widget.LinearLayout$LayoutParams@197d919, tag=null, root-is-layout-requested=false, has-input-connection=false, x=11.0, y=85.0, text=2 Channels, input-type=0, ime-target=false, has-links=false}
10-10 20:51:27.650 22255 22276 E TestRunner: |
10-10 20:51:27.650 22255 22276 E TestRunner: +------->CardView{id=-1, visibility=VISIBLE, width=1058, height=165, has-focus=false, has-focusable=false, has-window-focus=true, is-clickable=false, is-enabled=true, is-focused=false, is-focusable=false, is-layout-requested=false, is-selected=false, layout-params=androidx.recyclerview.widget.RecyclerView$LayoutParams@78f2bbf, tag=null, root-is-layout-requested=false, has-input-connection=false, x=11.0, y=385.0, child-count=1}
10-10 20:51:27.650 22255 22276 E TestRunner: |
10-10 20:51:27.650 22255 22276 E TestRunner: +-------->LinearLayout{id=-1, visibility=VISIBLE, width=1058, height=165, has-focus=false, has-focusable=false, has-window-focus=true, is-clickable=false, is-enabled=true, is-focused=false, is-focusable=false, is-layout-requested=false, is-selected=false, layout-params=android.widget.FrameLayout$LayoutParams@fa159ea, tag=null, root-is-layout-requested=false, has-input-connection=false, x=0.0, y=0.0, child-count=2}
10-10 20:51:27.650 22255 22276 E TestRunner: |
10-10 20:51:27.650 22255 22276 E TestRunner: +--------->MaterialTextView{id=2131231015, res-name=name, visibility=VISIBLE, width=310, height=74, has-focus=false, has-focusable=false, has-window-focus=true, is-clickable=false, is-enabled=true, is-focused=false, is-focusable=false, is-layout-requested=false, is-selected=false, layout-params=android.widget.LinearLayout$LayoutParams@614c4db, tag=null, root-is-layout-requested=false, has-input-connection=false, x=11.0, y=11.0, text=No Channels, input-type=0, ime-target=false, has-links=false}
10-10 20:51:27.650 22255 22276 E TestRunner: |
10-10 20:51:27.650 22255 22276 E TestRunner: +--------->MaterialTextView{id=2131230831, res-name=channels, visibility=VISIBLE, width=218, height=59, has-focus=false, has-focusable=false, has-window-focus=true, is-clickable=false, is-enabled=true, is-focused=false, is-focusable=false, is-layout-requested=false, is-selected=false, layout-params=android.widget.LinearLayout$LayoutParams@734bb78, tag=null, root-is-layout-requested=false, has-input-connection=false, x=11.0, y=85.0, text=0 Channels, input-type=0, ime-target=false, has-links=false}
10-10 20:51:27.650 22255 22276 E TestRunner: |
10-10 20:51:27.650 22255 22276 E TestRunner: +---->ActionBarContainer{id=2131230773, res-name=action_bar_container, visibility=VISIBLE, width=1080, height=154, has-focus=false, has-focusable=false, has-window-focus=true, is-clickable=false, is-enabled=true, is-focused=false, is-focusable=false, is-layout-requested=false, is-selected=false, layout-params=androidx.appcompat.widget.ActionBarOverlayLayout$LayoutParams@290d3b7, tag=null, root-is-layout-requested=false, has-input-connection=false, x=0.0, y=0.0, child-count=2}
10-10 20:51:27.650 22255 22276 E TestRunner: |
10-10 20:51:27.650 22255 22276 E TestRunner: +----->Toolbar{id=2131230771, res-name=action_bar, visibility=VISIBLE, width=1080, height=154, has-focus=false, has-focusable=false, has-window-focus=true, is-clickable=false, is-enabled=true, is-focused=false, is-focusable=false, is-layout-requested=false, is-selected=false, layout-params=android.widget.FrameLayout$LayoutParams@33f3c42, tag=null, root-is-layout-requested=false, has-input-connection=false, x=0.0, y=0.0, child-count=2}
10-10 20:51:27.650 22255 22276 E TestRunner: |
10-10 20:51:27.650 22255 22276 E TestRunner: +------>AppCompatTextView{id=-1, visibility=VISIBLE, width=560, height=74, has-focus=false, has-focusable=false, has-window-focus=true, is-clickable=false, is-enabled=true, is-focused=false, is-focusable=false, is-layout-requested=false, is-selected=false, layout-params=androidx.appcompat.widget.Toolbar$LayoutParams@354f453, tag=null, root-is-layout-requested=false, has-input-connection=false, x=44.0, y=40.0, text=CSE118 Assignment 2, input-type=0, ime-target=false, has-links=false}
10-10 20:51:27.650 22255 22276 E TestRunner: |
