10-10 20:38:22.869 20433 20452 I TestRunner: started: message_count_three(edu.ucsc.cse118.assignment2.AdvancedInstrumentedTest)
10-10 20:38:22.870   354 20495 W android.hardware.audio@7.0-impl.ranchu: TinyalsaSink::consumeThread:184 pcm_write failed with res=-1
10-10 20:38:22.875   565  2064 W InputReader: Device virtio_input_multi_touch_2 is associated with display ADISPLAY_ID_NONE.
10-10 20:38:22.875   565  2064 W InputReader: Device virtio_input_multi_touch_3 is associated with display ADISPLAY_ID_NONE.
10-10 20:38:22.875   565  2064 W InputReader: Device virtio_input_multi_touch_5 is associated with display ADISPLAY_ID_NONE.
10-10 20:38:22.875   565  2064 W InputReader: Device virtio_input_multi_touch_7 is associated with display ADISPLAY_ID_NONE.
10-10 20:38:22.875   565  2064 W InputReader: Device virtio_input_multi_touch_11 is associated with display ADISPLAY_ID_NONE.
10-10 20:38:22.875   565  2064 W InputReader: Device virtio_input_multi_touch_6 is associated with display ADISPLAY_ID_NONE.
10-10 20:38:22.875   565  2064 W InputReader: Device virtio_input_multi_touch_4 is associated with display ADISPLAY_ID_NONE.
10-10 20:38:22.875   565  2064 W InputReader: Device virtio_input_multi_touch_9 is associated with display ADISPLAY_ID_NONE.
10-10 20:38:22.875   565  2064 W InputReader: Device virtio_input_multi_touch_8 is associated with display ADISPLAY_ID_NONE.
10-10 20:38:22.875   565  2064 W InputReader: Device virtio_input_multi_touch_10 is associated with display ADISPLAY_ID_NONE.
10-10 20:38:22.875   565  2064 W InputReader: Device virtio_input_multi_touch_2 is associated with display ADISPLAY_ID_NONE.
10-10 20:38:22.875   565  2064 W InputReader: Device virtio_input_multi_touch_3 is associated with display ADISPLAY_ID_NONE.
10-10 20:38:22.875   565  2064 W InputReader: Device virtio_input_multi_touch_5 is associated with display ADISPLAY_ID_NONE.
10-10 20:38:22.875   565  2064 W InputReader: Device virtio_input_multi_touch_7 is associated with display ADISPLAY_ID_NONE.
10-10 20:38:22.875   565  2064 W InputReader: Device virtio_input_multi_touch_11 is associated with display ADISPLAY_ID_NONE.
10-10 20:38:22.875   565  2064 W InputReader: Device virtio_input_multi_touch_6 is associated with display ADISPLAY_ID_NONE.
10-10 20:38:22.875   565  2064 W InputReader: Device virtio_input_multi_touch_4 is associated with display ADISPLAY_ID_NONE.
10-10 20:38:22.875   565  2064 W InputReader: Device virtio_input_multi_touch_9 is associated with display ADISPLAY_ID_NONE.
10-10 20:38:22.875   565  2064 W InputReader: Device virtio_input_multi_touch_8 is associated with display ADISPLAY_ID_NONE.
10-10 20:38:22.875   565  2064 W InputReader: Device virtio_input_multi_touch_10 is associated with display ADISPLAY_ID_NONE.
10-10 20:38:22.876 20433 20452 W Settings: Setting always_finish_activities has moved from android.provider.Settings.System to android.provider.Settings.Global, returning read-only value.
10-10 20:38:22.885   863   942 D SplashScreenView: Build android.window.SplashScreenView{82857ab V.E...... ......ID 0,0-0,0}
10-10 20:38:22.885   863   942 D SplashScreenView: Icon: view: null drawable: null size: 0
10-10 20:38:22.885   863   942 D SplashScreenView: Branding: view: android.view.View{d259e08 G.ED..... ......I. 0,0-0,0 #10204a9 android:id/splashscreen_branding_view} drawable: null size w: 0 h: 0
10-10 20:38:22.889 16350 16350 I A       : onApplyWindowInsets: systemWindowInsets=Insets{left=0, top=66, right=0, bottom=44}
10-10 20:38:22.889 16350 16350 I A       : onApplyWindowInsets: systemWindowInsets=Insets{left=0, top=66, right=0, bottom=44}
10-10 20:38:22.889   365   365 D goldfish-address-space: claimShared: Ask to claim region [0x1e8000000 0x1e89a4000]
10-10 20:38:22.891   565  2899 W InputReader: Device virtio_input_multi_touch_2 is associated with display ADISPLAY_ID_NONE.
10-10 20:38:22.891   565  2899 W InputReader: Device virtio_input_multi_touch_3 is associated with display ADISPLAY_ID_NONE.
10-10 20:38:22.891   565  2899 W InputReader: Device virtio_input_multi_touch_5 is associated with display ADISPLAY_ID_NONE.
10-10 20:38:22.891   565  2899 W InputReader: Device virtio_input_multi_touch_7 is associated with display ADISPLAY_ID_NONE.
10-10 20:38:22.891   565  2899 W InputReader: Device virtio_input_multi_touch_11 is associated with display ADISPLAY_ID_NONE.
10-10 20:38:22.891   565  2899 W InputReader: Device virtio_input_multi_touch_6 is associated with display ADISPLAY_ID_NONE.
10-10 20:38:22.891   565  2899 W InputReader: Device virtio_input_multi_touch_4 is associated with display ADISPLAY_ID_NONE.
10-10 20:38:22.891   565  2899 W InputReader: Device virtio_input_multi_touch_9 is associated with display ADISPLAY_ID_NONE.
10-10 20:38:22.891   565  2899 W InputReader: Device virtio_input_multi_touch_8 is associated with display ADISPLAY_ID_NONE.
10-10 20:38:22.891   565  2899 W InputReader: Device virtio_input_multi_touch_10 is associated with display ADISPLAY_ID_NONE.
10-10 20:38:22.891   565  2899 W InputReader: Device virtio_input_multi_touch_2 is associated with display ADISPLAY_ID_NONE.
10-10 20:38:22.891   565  2899 W InputReader: Device virtio_input_multi_touch_3 is associated with display ADISPLAY_ID_NONE.
10-10 20:38:22.891   565  2899 W InputReader: Device virtio_input_multi_touch_5 is associated with display ADISPLAY_ID_NONE.
10-10 20:38:22.891   565  2899 W InputReader: Device virtio_input_multi_touch_7 is associated with display ADISPLAY_ID_NONE.
10-10 20:38:22.891   565  2899 W InputReader: Device virtio_input_multi_touch_11 is associated with display ADISPLAY_ID_NONE.
10-10 20:38:22.891   565  2899 W InputReader: Device virtio_input_multi_touch_6 is associated with display ADISPLAY_ID_NONE.
10-10 20:38:22.891   565  2899 W InputReader: Device virtio_input_multi_touch_4 is associated with display ADISPLAY_ID_NONE.
10-10 20:38:22.891   565  2899 W InputReader: Device virtio_input_multi_touch_9 is associated with display ADISPLAY_ID_NONE.
10-10 20:38:22.891   565  2899 W InputReader: Device virtio_input_multi_touch_8 is associated with display ADISPLAY_ID_NONE.
10-10 20:38:22.891   565  2899 W InputReader: Device virtio_input_multi_touch_10 is associated with display ADISPLAY_ID_NONE.
10-10 20:38:22.891   365   365 D goldfish-address-space: claimShared: Ask to claim region [0x1e89a4000 0x1e9348000]
10-10 20:38:22.892   354 20495 W android.hardware.audio@7.0-impl.ranchu: TinyalsaSink::consumeThread:184 pcm_write failed with res=-1
10-10 20:38:22.894   365   365 D goldfish-address-space: claimShared: Ask to claim region [0x1e9348000 0x1e9cec000]
10-10 20:38:22.903   365   365 D goldfish-address-space: claimShared: Ask to claim region [0x1e9cec000 0x1ea690000]
10-10 20:38:22.904   365   365 D goldfish-address-space: claimShared: Ask to claim region [0x1ec000000 0x1ec9a4000]
10-10 20:38:22.904  1694  1694 I GsaVoiceInteractionSrv: Handling ACTION_START_HOTWORD
10-10 20:38:22.904  1694  1694 I GsaVoiceInteractionSrv: disregardVoiceMatch: false
10-10 20:38:22.904  1694  1694 I GsaVoiceInteractionSrv: Cannot start hotword, hotword has been explicitly disabled.
10-10 20:38:22.905   365   365 D goldfish-address-space: claimShared: Ask to claim region [0x1ec9a4000 0x1ed348000]
10-10 20:38:22.907   365   365 D goldfish-address-space: claimShared: Ask to claim region [0x1f33d0000 0x1f3d74000]
10-10 20:38:22.908   565  2077 W InputReader: Device virtio_input_multi_touch_2 is associated with display ADISPLAY_ID_NONE.
10-10 20:38:22.908   565  2077 W InputReader: Device virtio_input_multi_touch_3 is associated with display ADISPLAY_ID_NONE.
10-10 20:38:22.908   565  2077 W InputReader: Device virtio_input_multi_touch_5 is associated with display ADISPLAY_ID_NONE.
10-10 20:38:22.908   565  2077 W InputReader: Device virtio_input_multi_touch_7 is associated with display ADISPLAY_ID_NONE.
10-10 20:38:22.908   565  2077 W InputReader: Device virtio_input_multi_touch_11 is associated with display ADISPLAY_ID_NONE.
10-10 20:38:22.908   365   365 D goldfish-address-space: claimShared: Ask to claim region [0x1f09a4000 0x1f1348000]
10-10 20:38:22.908   565  2077 W InputReader: Device virtio_input_multi_touch_6 is associated with display ADISPLAY_ID_NONE.
10-10 20:38:22.908   565  2077 W InputReader: Device virtio_input_multi_touch_4 is associated with display ADISPLAY_ID_NONE.
10-10 20:38:22.908   565  2077 W InputReader: Device virtio_input_multi_touch_9 is associated with display ADISPLAY_ID_NONE.
10-10 20:38:22.908   565  2077 W InputReader: Device virtio_input_multi_touch_8 is associated with display ADISPLAY_ID_NONE.
10-10 20:38:22.908   565  2077 W InputReader: Device virtio_input_multi_touch_10 is associated with display ADISPLAY_ID_NONE.
10-10 20:38:22.908   565  2077 W InputReader: Device virtio_input_multi_touch_2 is associated with display ADISPLAY_ID_NONE.
10-10 20:38:22.908   565  2077 W InputReader: Device virtio_input_multi_touch_3 is associated with display ADISPLAY_ID_NONE.
10-10 20:38:22.908   565  2077 W InputReader: Device virtio_input_multi_touch_5 is associated with display ADISPLAY_ID_NONE.
10-10 20:38:22.908   565  2077 W InputReader: Device virtio_input_multi_touch_7 is associated with display ADISPLAY_ID_NONE.
10-10 20:38:22.908   565  2077 W InputReader: Device virtio_input_multi_touch_11 is associated with display ADISPLAY_ID_NONE.
10-10 20:38:22.908   565  2077 W InputReader: Device virtio_input_multi_touch_6 is associated with display ADISPLAY_ID_NONE.
10-10 20:38:22.908   565  2077 W InputReader: Device virtio_input_multi_touch_4 is associated with display ADISPLAY_ID_NONE.
10-10 20:38:22.908   565  2077 W InputReader: Device virtio_input_multi_touch_9 is associated with display ADISPLAY_ID_NONE.
10-10 20:38:22.908   565  2077 W InputReader: Device virtio_input_multi_touch_8 is associated with display ADISPLAY_ID_NONE.
10-10 20:38:22.908   565  2077 W InputReader: Device virtio_input_multi_touch_10 is associated with display ADISPLAY_ID_NONE.
10-10 20:38:22.915   354 20495 W android.hardware.audio@7.0-impl.ranchu: TinyalsaSink::consumeThread:184 pcm_write failed with res=-1
10-10 20:38:22.917   365   365 D goldfish-address-space: claimShared: Ask to claim region [0x1f1348000 0x1f1cec000]
10-10 20:38:22.923 20433 20433 D LifecycleMonitor: Lifecycle status change: edu.ucsc.cse118.assignment2.MainActivity@6c0ac13 in: PRE_ON_CREATE
10-10 20:38:22.923 20433 20433 V ActivityScenario: Activity lifecycle changed event received but ignored because the reported transition was not ON_CREATE while the last known transition was PRE_ON_CREATE
10-10 20:38:22.923  1694  1694 I GsaVoiceInteractionSrv: Handling ACTION_STOP_HOTWORD
10-10 20:38:22.923  1694  1694 E HwDetectorWithState: a: 3
10-10 20:38:22.929 20433 20433 D LifecycleMonitor: Lifecycle status change: edu.ucsc.cse118.assignment2.MainActivity@6c0ac13 in: CREATED
10-10 20:38:22.929 20433 20433 V ActivityScenario: Update currentActivityStage to CREATED, currentActivity=edu.ucsc.cse118.assignment2.MainActivity@6c0ac13
10-10 20:38:22.930 20433 20433 D LifecycleMonitor: Lifecycle status change: edu.ucsc.cse118.assignment2.MainActivity@6c0ac13 in: STARTED
10-10 20:38:22.930 20433 20433 V ActivityScenario: Update currentActivityStage to STARTED, currentActivity=edu.ucsc.cse118.assignment2.MainActivity@6c0ac13
10-10 20:38:22.932 20433 20433 D LifecycleMonitor: Lifecycle status change: edu.ucsc.cse118.assignment2.MainActivity@6c0ac13 in: RESUMED
10-10 20:38:22.935 20433 20433 V ActivityScenario: Update currentActivityStage to RESUMED, currentActivity=edu.ucsc.cse118.assignment2.MainActivity@6c0ac13
10-10 20:38:22.938   354 20495 W android.hardware.audio@7.0-impl.ranchu: TinyalsaSink::consumeThread:184 pcm_write failed with res=-1
10-10 20:38:22.959   354 20495 W android.hardware.audio@7.0-impl.ranchu: TinyalsaSink::consumeThread:184 pcm_write failed with res=-1
10-10 20:38:22.960   565  2064 W InputManager-JNI: Input channel object '546bf0 edu.ucsc.cse118.assignment2.test/androidx.test.core.app.InstrumentationActivityInvoker$EmptyActivity (client)' was disposed without first being removed with the input manager!
10-10 20:38:22.964   365   365 D goldfish-address-space: claimShared: Ask to claim region [0x1e89a4000 0x1e9348000]
10-10 20:38:22.966   365   365 D goldfish-address-space: claimShared: Ask to claim region [0x1e9348000 0x1e9cec000]
10-10 20:38:22.967   365   365 D goldfish-address-space: claimShared: Ask to claim region [0x1edcec000 0x1ee690000]
10-10 20:38:22.981   354 20495 W android.hardware.audio@7.0-impl.ranchu: TinyalsaSink::consumeThread:184 pcm_write failed with res=-1
10-10 20:38:22.984   565   606 I ActivityTaskManager: Displayed edu.ucsc.cse118.assignment2/.MainActivity: +104ms
10-10 20:38:22.987 20433 20433 D RootViewPicker: Root not ready - waiting: 10ms for one to appear.
10-10 20:38:22.998 20433 20433 D RootViewPicker: Root not ready - waiting: 25ms for one to appear.
10-10 20:38:23.002   354 20495 W android.hardware.audio@7.0-impl.ranchu: TinyalsaSink::consumeThread:184 pcm_write failed with res=-1
10-10 20:38:23.004  1570  1570 I GoogleInputMethodService: GoogleInputMethodService.onFinishInput():3269
10-10 20:38:23.005  1570  1570 I GoogleInputMethodService: GoogleInputMethodService.onStartInput():1947
10-10 20:38:23.006  1570  1570 I DeviceUnlockedTag: DeviceUnlockedTag.notifyDeviceLockStatusChanged():79 Notify device unlocked.
10-10 20:38:23.006   565  2077 W InputManager-JNI: Input channel object '418389b Splash Screen edu.ucsc.cse118.assignment2.test (client)' was disposed without first being removed with the input manager!
10-10 20:38:23.025   354 20495 W android.hardware.audio@7.0-impl.ranchu: TinyalsaSink::consumeThread:184 pcm_write failed with res=-1
10-10 20:38:23.038 20433 20433 I ViewInteraction: Performing 'single click' action on view ((view has effective visibility <VISIBLE> and view.getGlobalVisibleRect() to return non-empty rectangle) and (an instance of android.widget.TextView and view.getText() with or without transformation to match: is "LOGIN" or (view.getParent() is assignable from class <class com.google.android.material.textfield.TextInputLayout> and (view is an instance of android.view.ViewGroup and has descendant matching an instance of android.widget.TextView and view.getText() with or without transformation to match: is "LOGIN"))))
10-10 20:38:23.040  1166  1166 D TaplEvents: TIS / TouchInteractionService.onInputEvent: MotionEvent { action=ACTION_DOWN, actionButton=0, id[0]=0, x[0]=560.5, y[0]=1660.5, toolType[0]=TOOL_TYPE_UNKNOWN, buttonState=BUTTON_PRIMARY, classification=NONE, metaState=0, flags=0x0, edgeFlags=0x0, pointerCount=1, historySize=0, eventTime=21026539, downTime=21026539, deviceId=-1, source=0x1002, displayId=0, eventId=-943702639 }
10-10 20:38:23.047   354 20495 W android.hardware.audio@7.0-impl.ranchu: TinyalsaSink::consumeThread:184 pcm_write failed with res=-1
10-10 20:38:23.069   354 20495 W android.hardware.audio@7.0-impl.ranchu: TinyalsaSink::consumeThread:184 pcm_write failed with res=-1
10-10 20:38:23.082  1166  1166 D TaplEvents: TIS / TouchInteractionService.onInputEvent: MotionEvent { action=ACTION_UP, actionButton=0, id[0]=0, x[0]=560.5, y[0]=1660.5, toolType[0]=TOOL_TYPE_FINGER, buttonState=BUTTON_PRIMARY, classification=NONE, metaState=0, flags=0x0, edgeFlags=0x0, pointerCount=1, historySize=0, eventTime=21026581, downTime=21026539, deviceId=-1, source=0x1002, displayId=0, eventId=-306871650 }
10-10 20:38:23.088 20433 20433 D LifecycleMonitor: Lifecycle status change: edu.ucsc.cse118.assignment2.MainActivity@6c0ac13 in: PAUSED
10-10 20:38:23.088 20433 20433 V ActivityScenario: Update currentActivityStage to PAUSED, currentActivity=edu.ucsc.cse118.assignment2.MainActivity@6c0ac13
10-10 20:38:23.089   565  3206 W InputReader: Device virtio_input_multi_touch_2 is associated with display ADISPLAY_ID_NONE.
10-10 20:38:23.089   565  3206 W InputReader: Device virtio_input_multi_touch_3 is associated with display ADISPLAY_ID_NONE.
10-10 20:38:23.089   565  3206 W InputReader: Device virtio_input_multi_touch_5 is associated with display ADISPLAY_ID_NONE.
10-10 20:38:23.089   565  3206 W InputReader: Device virtio_input_multi_touch_7 is associated with display ADISPLAY_ID_NONE.
10-10 20:38:23.089   565  3206 W InputReader: Device virtio_input_multi_touch_11 is associated with display ADISPLAY_ID_NONE.
10-10 20:38:23.089   565  3206 W InputReader: Device virtio_input_multi_touch_6 is associated with display ADISPLAY_ID_NONE.
10-10 20:38:23.089   565  3206 W InputReader: Device virtio_input_multi_touch_4 is associated with display ADISPLAY_ID_NONE.
10-10 20:38:23.089   565  3206 W InputReader: Device virtio_input_multi_touch_9 is associated with display ADISPLAY_ID_NONE.
10-10 20:38:23.089   565  3206 W InputReader: Device virtio_input_multi_touch_8 is associated with display ADISPLAY_ID_NONE.
10-10 20:38:23.089   565  3206 W InputReader: Device virtio_input_multi_touch_10 is associated with display ADISPLAY_ID_NONE.
10-10 20:38:23.089   565  3206 W InputReader: Device virtio_input_multi_touch_2 is associated with display ADISPLAY_ID_NONE.
10-10 20:38:23.089   565  3206 W InputReader: Device virtio_input_multi_touch_3 is associated with display ADISPLAY_ID_NONE.
10-10 20:38:23.089   565  3206 W InputReader: Device virtio_input_multi_touch_5 is associated with display ADISPLAY_ID_NONE.
10-10 20:38:23.089   565  3206 W InputReader: Device virtio_input_multi_touch_7 is associated with display ADISPLAY_ID_NONE.
10-10 20:38:23.089   565  3206 W InputReader: Device virtio_input_multi_touch_11 is associated with display ADISPLAY_ID_NONE.
10-10 20:38:23.089   565  3206 W InputReader: Device virtio_input_multi_touch_6 is associated with display ADISPLAY_ID_NONE.
10-10 20:38:23.089   565  3206 W InputReader: Device virtio_input_multi_touch_4 is associated with display ADISPLAY_ID_NONE.
10-10 20:38:23.089   565  3206 W InputReader: Device virtio_input_multi_touch_9 is associated with display ADISPLAY_ID_NONE.
10-10 20:38:23.089   565  3206 W InputReader: Device virtio_input_multi_touch_8 is associated with display ADISPLAY_ID_NONE.
10-10 20:38:23.089   565  3206 W InputReader: Device virtio_input_multi_touch_10 is associated with display ADISPLAY_ID_NONE.
10-10 20:38:23.091   354 20495 W android.hardware.audio@7.0-impl.ranchu: TinyalsaSink::consumeThread:184 pcm_write failed with res=-1
10-10 20:38:23.093   354   474 E android.hardware.audio@7.0-impl.ranchu: device/generic/goldfish/audio/stream_out.cpp:updateSourceMetadata:377 failure: Result::NOT_SUPPORTED
10-10 20:38:23.104 20433 20433 D LifecycleMonitor: Lifecycle status change: edu.ucsc.cse118.assignment2.WorkspaceActivity@f7092d4 in: PRE_ON_CREATE
10-10 20:38:23.105 20433 20433 V ActivityScenario: Activity lifecycle changed event received but ignored because the intent does not match. startActivityIntent=Intent { act=android.intent.action.MAIN cat=[android.intent.category.LAUNCHER] cmp=edu.ucsc.cse118.assignment2/.MainActivity }, activity.getIntent()=Intent { cmp=edu.ucsc.cse118.assignment2/.WorkspaceActivity }, activity=edu.ucsc.cse118.assignment2.WorkspaceActivity@f7092d4
10-10 20:38:23.113   354 20495 W android.hardware.audio@7.0-impl.ranchu: TinyalsaSink::consumeThread:184 pcm_write failed with res=-1
10-10 20:38:23.114 20433 20433 D LifecycleMonitor: Lifecycle status change: edu.ucsc.cse118.assignment2.WorkspaceActivity@f7092d4 in: CREATED
10-10 20:38:23.114 20433 20433 V ActivityScenario: Activity lifecycle changed event received but ignored because the intent does not match. startActivityIntent=Intent { act=android.intent.action.MAIN cat=[android.intent.category.LAUNCHER] cmp=edu.ucsc.cse118.assignment2/.MainActivity }, activity.getIntent()=Intent { cmp=edu.ucsc.cse118.assignment2/.WorkspaceActivity }, activity=edu.ucsc.cse118.assignment2.WorkspaceActivity@f7092d4
10-10 20:38:23.118 20433 20433 D LifecycleMonitor: Lifecycle status change: edu.ucsc.cse118.assignment2.WorkspaceActivity@f7092d4 in: STARTED
10-10 20:38:23.118 20433 20433 V ActivityScenario: Activity lifecycle changed event received but ignored because the intent does not match. startActivityIntent=Intent { act=android.intent.action.MAIN cat=[android.intent.category.LAUNCHER] cmp=edu.ucsc.cse118.assignment2/.MainActivity }, activity.getIntent()=Intent { cmp=edu.ucsc.cse118.assignment2/.WorkspaceActivity }, activity=edu.ucsc.cse118.assignment2.WorkspaceActivity@f7092d4
10-10 20:38:23.119 20433 20433 D LifecycleMonitor: Lifecycle status change: edu.ucsc.cse118.assignment2.WorkspaceActivity@f7092d4 in: RESUMED
10-10 20:38:23.119 20433 20433 V ActivityScenario: Activity lifecycle changed event received but ignored because the intent does not match. startActivityIntent=Intent { act=android.intent.action.MAIN cat=[android.intent.category.LAUNCHER] cmp=edu.ucsc.cse118.assignment2/.MainActivity }, activity.getIntent()=Intent { cmp=edu.ucsc.cse118.assignment2/.WorkspaceActivity }, activity=edu.ucsc.cse118.assignment2.WorkspaceActivity@f7092d4
10-10 20:38:23.129   365   365 D goldfish-address-space: claimShared: Ask to claim region [0x1e8000000 0x1e89a4000]
10-10 20:38:23.130   365   365 D goldfish-address-space: claimShared: Ask to claim region [0x1e9cec000 0x1ea690000]
10-10 20:38:23.131   365   365 D goldfish-address-space: claimShared: Ask to claim region [0x1ec000000 0x1ec9a4000]
10-10 20:38:23.135   354 20495 W android.hardware.audio@7.0-impl.ranchu: TinyalsaSink::consumeThread:184 pcm_write failed with res=-1
10-10 20:38:23.141   565   606 I ActivityTaskManager: Displayed edu.ucsc.cse118.assignment2/.WorkspaceActivity: +58ms
10-10 20:38:23.157   354 20495 W android.hardware.audio@7.0-impl.ranchu: TinyalsaSink::consumeThread:184 pcm_write failed with res=-1
10-10 20:38:23.171 20433 20433 D LifecycleMonitor: Lifecycle status change: edu.ucsc.cse118.assignment2.MainActivity@6c0ac13 in: STOPPED
10-10 20:38:23.171 20433 20433 V ActivityScenario: Update currentActivityStage to STOPPED, currentActivity=edu.ucsc.cse118.assignment2.MainActivity@6c0ac13
10-10 20:38:23.173  1570  1570 I GoogleInputMethodService: GoogleInputMethodService.onFinishInput():3269
10-10 20:38:23.174  1570  1570 I GoogleInputMethodService: GoogleInputMethodService.onStartInput():1947
10-10 20:38:23.174  1570  1570 I DeviceUnlockedTag: DeviceUnlockedTag.notifyDeviceLockStatusChanged():79 Notify device unlocked.
10-10 20:38:23.180   354 20495 W android.hardware.audio@7.0-impl.ranchu: TinyalsaSink::consumeThread:184 pcm_write failed with res=-1
10-10 20:38:23.202   354 20495 W android.hardware.audio@7.0-impl.ranchu: TinyalsaSink::consumeThread:184 pcm_write failed with res=-1
10-10 20:38:23.224   354 20495 W android.hardware.audio@7.0-impl.ranchu: TinyalsaSink::consumeThread:184 pcm_write failed with res=-1
10-10 20:38:23.225   354   474 E android.hardware.audio@7.0-impl.ranchu: device/generic/goldfish/audio/stream_out.cpp:updateSourceMetadata:377 failure: Result::NOT_SUPPORTED
10-10 20:38:23.248   354 20495 W android.hardware.audio@7.0-impl.ranchu: TinyalsaSink::consumeThread:184 pcm_write failed with res=-1
10-10 20:38:23.268   354 20495 W android.hardware.audio@7.0-impl.ranchu: TinyalsaSink::consumeThread:184 pcm_write failed with res=-1
10-10 20:38:23.291   354 20495 W android.hardware.audio@7.0-impl.ranchu: TinyalsaSink::consumeThread:184 pcm_write failed with res=-1
10-10 20:38:23.313   354 20495 W android.hardware.audio@7.0-impl.ranchu: TinyalsaSink::consumeThread:184 pcm_write failed with res=-1
10-10 20:38:23.335   354 20495 W android.hardware.audio@7.0-impl.ranchu: TinyalsaSink::consumeThread:184 pcm_write failed with res=-1
10-10 20:38:23.357   354 20495 W android.hardware.audio@7.0-impl.ranchu: TinyalsaSink::consumeThread:184 pcm_write failed with res=-1
10-10 20:38:23.379   354 20495 W android.hardware.audio@7.0-impl.ranchu: TinyalsaSink::consumeThread:184 pcm_write failed with res=-1
10-10 20:38:23.401   354 20495 W android.hardware.audio@7.0-impl.ranchu: TinyalsaSink::consumeThread:184 pcm_write failed with res=-1
10-10 20:38:23.404 20433 20433 I ViewInteraction: Performing 'single click' action on view ((view has effective visibility <VISIBLE> and view.getGlobalVisibleRect() to return non-empty rectangle) and (an instance of android.widget.TextView and view.getText() with or without transformation to match: is "CSE118 Fall 22" or (view.getParent() is assignable from class <class com.google.android.material.textfield.TextInputLayout> and (view is an instance of android.view.ViewGroup and has descendant matching an instance of android.widget.TextView and view.getText() with or without transformation to match: is "CSE118 Fall 22"))))
10-10 20:38:23.405  1166  1166 D TaplEvents: TIS / TouchInteractionService.onInputEvent: MotionEvent { action=ACTION_DOWN, actionButton=0, id[0]=0, x[0]=206.0, y[0]=278.5, toolType[0]=TOOL_TYPE_UNKNOWN, buttonState=BUTTON_PRIMARY, classification=NONE, metaState=0, flags=0x0, edgeFlags=0x0, pointerCount=1, historySize=0, eventTime=21026905, downTime=21026905, deviceId=-1, source=0x1002, displayId=0, eventId=-994027311 }
10-10 20:38:23.424   354 20495 W android.hardware.audio@7.0-impl.ranchu: TinyalsaSink::consumeThread:184 pcm_write failed with res=-1
10-10 20:38:23.445   354 20495 W android.hardware.audio@7.0-impl.ranchu: TinyalsaSink::consumeThread:184 pcm_write failed with res=-1
10-10 20:38:23.446  1166  1166 D TaplEvents: TIS / TouchInteractionService.onInputEvent: MotionEvent { action=ACTION_UP, actionButton=0, id[0]=0, x[0]=206.0, y[0]=278.5, toolType[0]=TOOL_TYPE_FINGER, buttonState=BUTTON_PRIMARY, classification=NONE, metaState=0, flags=0x0, edgeFlags=0x0, pointerCount=1, historySize=0, eventTime=21026946, downTime=21026905, deviceId=-1, source=0x1002, displayId=0, eventId=-819015888 }
10-10 20:38:23.468   354 20495 W android.hardware.audio@7.0-impl.ranchu: TinyalsaSink::consumeThread:184 pcm_write failed with res=-1
10-10 20:38:23.492   354 20495 W android.hardware.audio@7.0-impl.ranchu: TinyalsaSink::consumeThread:184 pcm_write failed with res=-1
10-10 20:38:23.513   354 20495 W android.hardware.audio@7.0-impl.ranchu: TinyalsaSink::consumeThread:184 pcm_write failed with res=-1
10-10 20:38:23.536   354 20495 W android.hardware.audio@7.0-impl.ranchu: TinyalsaSink::consumeThread:184 pcm_write failed with res=-1
10-10 20:38:23.558   354 20495 W android.hardware.audio@7.0-impl.ranchu: TinyalsaSink::consumeThread:184 pcm_write failed with res=-1
10-10 20:38:23.580   354 20495 W android.hardware.audio@7.0-impl.ranchu: TinyalsaSink::consumeThread:184 pcm_write failed with res=-1
10-10 20:38:23.601   354 20495 W android.hardware.audio@7.0-impl.ranchu: TinyalsaSink::consumeThread:184 pcm_write failed with res=-1
10-10 20:38:23.624   354 20495 W android.hardware.audio@7.0-impl.ranchu: TinyalsaSink::consumeThread:184 pcm_write failed with res=-1
10-10 20:38:23.646   354 20495 W android.hardware.audio@7.0-impl.ranchu: TinyalsaSink::consumeThread:184 pcm_write failed with res=-1
10-10 20:38:23.667   354 20495 W android.hardware.audio@7.0-impl.ranchu: TinyalsaSink::consumeThread:184 pcm_write failed with res=-1
10-10 20:38:23.673 20433 20433 I ViewInteraction: Checking 'MatchesViewAssertion{viewMatcher=(view has effective visibility <VISIBLE> and view.getGlobalVisibleRect() to return non-empty rectangle)}' assertion on view (an instance of android.widget.TextView and view.getText() with or without transformation to match: is "6 Messages" or (view.getParent() is assignable from class <class com.google.android.material.textfield.TextInputLayout> and (view is an instance of android.view.ViewGroup and has descendant matching an instance of android.widget.TextView and view.getText() with or without transformation to match: is "6 Messages")))
10-10 20:38:23.673 20433 20433 E ViewAssertions: '(view has effective visibility <VISIBLE> and view.getGlobalVisibleRect() to return non-empty rectangle)' check could not be performed because view '(an instance of android.widget.TextView and view.getText() with or without transformation to match: is "6 Messages" or (view.getParent() is assignable from class <class com.google.android.material.textfield.TextInputLayout> and (view is an instance of android.view.ViewGroup and has descendant matching an instance of android.widget.TextView and view.getText() with or without transformation to match: is "6 Messages")))' was not found.
10-10 20:38:23.681 20433 20433 D LifecycleMonitor: Lifecycle status change: edu.ucsc.cse118.assignment2.WorkspaceActivity@f7092d4 in: PAUSED
10-10 20:38:23.681 20433 20433 V ActivityScenario: Activity lifecycle changed event received but ignored because the intent does not match. startActivityIntent=Intent { act=android.intent.action.MAIN cat=[android.intent.category.LAUNCHER] cmp=edu.ucsc.cse118.assignment2/.MainActivity }, activity.getIntent()=Intent { cmp=edu.ucsc.cse118.assignment2/.WorkspaceActivity }, activity=edu.ucsc.cse118.assignment2.WorkspaceActivity@f7092d4
10-10 20:38:23.687   565  2077 W InputReader: Device virtio_input_multi_touch_2 is associated with display ADISPLAY_ID_NONE.
10-10 20:38:23.687   565  2077 W InputReader: Device virtio_input_multi_touch_3 is associated with display ADISPLAY_ID_NONE.
10-10 20:38:23.687   565  2077 W InputReader: Device virtio_input_multi_touch_5 is associated with display ADISPLAY_ID_NONE.
10-10 20:38:23.687   565  2077 W InputReader: Device virtio_input_multi_touch_7 is associated with display ADISPLAY_ID_NONE.
10-10 20:38:23.687   565  2077 W InputReader: Device virtio_input_multi_touch_11 is associated with display ADISPLAY_ID_NONE.
10-10 20:38:23.687   565  2077 W InputReader: Device virtio_input_multi_touch_6 is associated with display ADISPLAY_ID_NONE.
10-10 20:38:23.687   565  2077 W InputReader: Device virtio_input_multi_touch_4 is associated with display ADISPLAY_ID_NONE.
10-10 20:38:23.687   565  2077 W InputReader: Device virtio_input_multi_touch_9 is associated with display ADISPLAY_ID_NONE.
10-10 20:38:23.687   565  2077 W InputReader: Device virtio_input_multi_touch_8 is associated with display ADISPLAY_ID_NONE.
10-10 20:38:23.687   565  2077 W InputReader: Device virtio_input_multi_touch_10 is associated with display ADISPLAY_ID_NONE.
10-10 20:38:23.687   565  2077 W InputReader: Device virtio_input_multi_touch_2 is associated with display ADISPLAY_ID_NONE.
10-10 20:38:23.687   565  2077 W InputReader: Device virtio_input_multi_touch_3 is associated with display ADISPLAY_ID_NONE.
10-10 20:38:23.687   565  2077 W InputReader: Device virtio_input_multi_touch_5 is associated with display ADISPLAY_ID_NONE.
10-10 20:38:23.687   565  2077 W InputReader: Device virtio_input_multi_touch_7 is associated with display ADISPLAY_ID_NONE.
10-10 20:38:23.687   565  2077 W InputReader: Device virtio_input_multi_touch_11 is associated with display ADISPLAY_ID_NONE.
10-10 20:38:23.687   565  2077 W InputReader: Device virtio_input_multi_touch_6 is associated with display ADISPLAY_ID_NONE.
10-10 20:38:23.687   565  2077 W InputReader: Device virtio_input_multi_touch_4 is associated with display ADISPLAY_ID_NONE.
10-10 20:38:23.687   565  2077 W InputReader: Device virtio_input_multi_touch_9 is associated with display ADISPLAY_ID_NONE.
10-10 20:38:23.687   565  2077 W InputReader: Device virtio_input_multi_touch_8 is associated with display ADISPLAY_ID_NONE.
10-10 20:38:23.687   565  2077 W InputReader: Device virtio_input_multi_touch_10 is associated with display ADISPLAY_ID_NONE.
10-10 20:38:23.689   354 20495 W android.hardware.audio@7.0-impl.ranchu: TinyalsaSink::consumeThread:184 pcm_write failed with res=-1
10-10 20:38:23.705 20433 20433 D LifecycleMonitor: Lifecycle status change: edu.ucsc.cse118.assignment2.MainActivity@6c0ac13 in: DESTROYED
10-10 20:38:23.705 20433 20433 V ActivityScenario: Update currentActivityStage to DESTROYED, currentActivity=null
10-10 20:38:23.709   565  2064 W InputManager-JNI: Input channel object '1e6d3ac edu.ucsc.cse118.assignment2/edu.ucsc.cse118.assignment2.MainActivity (client)' was disposed without first being removed with the input manager!
10-10 20:38:23.711   354 20495 W android.hardware.audio@7.0-impl.ranchu: TinyalsaSink::consumeThread:184 pcm_write failed with res=-1
10-10 20:38:23.722   365   365 D goldfish-address-space: claimShared: Ask to claim region [0x1e89a4000 0x1e9348000]
10-10 20:38:23.723   365   365 D goldfish-address-space: claimShared: Ask to claim region [0x1e9348000 0x1e9cec000]
10-10 20:38:23.724   365   365 D goldfish-address-space: claimShared: Ask to claim region [0x1ec9a4000 0x1ed348000]
10-10 20:38:23.733   565   849 W InputReader: Device virtio_input_multi_touch_2 is associated with display ADISPLAY_ID_NONE.
10-10 20:38:23.733   565   849 W InputReader: Device virtio_input_multi_touch_3 is associated with display ADISPLAY_ID_NONE.
10-10 20:38:23.733   565   849 W InputReader: Device virtio_input_multi_touch_5 is associated with display ADISPLAY_ID_NONE.
10-10 20:38:23.733   565   849 W InputReader: Device virtio_input_multi_touch_7 is associated with display ADISPLAY_ID_NONE.
10-10 20:38:23.733   565   849 W InputReader: Device virtio_input_multi_touch_11 is associated with display ADISPLAY_ID_NONE.
10-10 20:38:23.733   565   849 W InputReader: Device virtio_input_multi_touch_6 is associated with display ADISPLAY_ID_NONE.
10-10 20:38:23.733   565   849 W InputReader: Device virtio_input_multi_touch_4 is associated with display ADISPLAY_ID_NONE.
10-10 20:38:23.733   565   849 W InputReader: Device virtio_input_multi_touch_9 is associated with display ADISPLAY_ID_NONE.
10-10 20:38:23.733   565   849 W InputReader: Device virtio_input_multi_touch_8 is associated with display ADISPLAY_ID_NONE.
10-10 20:38:23.733   565   849 W InputReader: Device virtio_input_multi_touch_10 is associated with display ADISPLAY_ID_NONE.
10-10 20:38:23.733   565   849 W InputReader: Device virtio_input_multi_touch_2 is associated with display ADISPLAY_ID_NONE.
10-10 20:38:23.733   565   849 W InputReader: Device virtio_input_multi_touch_3 is associated with display ADISPLAY_ID_NONE.
10-10 20:38:23.733   565   849 W InputReader: Device virtio_input_multi_touch_5 is associated with display ADISPLAY_ID_NONE.
10-10 20:38:23.733   565   849 W InputReader: Device virtio_input_multi_touch_7 is associated with display ADISPLAY_ID_NONE.
10-10 20:38:23.733   565   849 W InputReader: Device virtio_input_multi_touch_11 is associated with display ADISPLAY_ID_NONE.
10-10 20:38:23.733   565   849 W InputReader: Device virtio_input_multi_touch_6 is associated with display ADISPLAY_ID_NONE.
10-10 20:38:23.733   565   849 W InputReader: Device virtio_input_multi_touch_4 is associated with display ADISPLAY_ID_NONE.
10-10 20:38:23.733   565   849 W InputReader: Device virtio_input_multi_touch_9 is associated with display ADISPLAY_ID_NONE.
10-10 20:38:23.733   565   849 W InputReader: Device virtio_input_multi_touch_8 is associated with display ADISPLAY_ID_NONE.
10-10 20:38:23.733   565   849 W InputReader: Device virtio_input_multi_touch_10 is associated with display ADISPLAY_ID_NONE.
10-10 20:38:23.733   354 20495 W android.hardware.audio@7.0-impl.ranchu: TinyalsaSink::consumeThread:184 pcm_write failed with res=-1
10-10 20:38:23.745 20433 20452 E TestRunner: failed: message_count_three(edu.ucsc.cse118.assignment2.AdvancedInstrumentedTest)
10-10 20:38:23.745 20433 20452 E TestRunner: ----- begin exception -----
10-10 20:38:23.746 20433 20452 E TestRunner: com.adevinta.android.barista.internal.failurehandler.BaristaException: No view matching ((an instance of android.widget.TextView and view.getText() with or without transformation to match: is "6 Messages" or (view.getParent() is assignable from class <class com.google.android.material.textfield.TextInputLayout> and (view is an instance of android.view.ViewGroup and has descendant matching an instance of android.widget.TextView and view.getText() with or without transformation to match: is "6 Messages")))) was found
10-10 20:38:23.746 20433 20452 E TestRunner: 	at com.adevinta.android.barista.internal.failurehandler.SpyFailureHandler.resendFirstError(SpyFailureHandler.kt:25)
10-10 20:38:23.746 20433 20452 E TestRunner: 	at com.adevinta.android.barista.internal.AssertAnyKt.assertAnyView(AssertAny.kt:40)
10-10 20:38:23.746 20433 20452 E TestRunner: 	at com.adevinta.android.barista.internal.AssertAnyKt.assertAny(AssertAny.kt:18)
10-10 20:38:23.746 20433 20452 E TestRunner: 	at com.adevinta.android.barista.assertion.BaristaVisibilityAssertions.assertDisplayed(BaristaVisibilityAssertions.kt:38)
10-10 20:38:23.746 20433 20452 E TestRunner: 	at edu.ucsc.cse118.assignment2.AdvancedInstrumentedTest.message_count_three(AdvancedInstrumentedTest.kt:73)
10-10 20:38:23.746 20433 20452 E TestRunner: 	at java.lang.reflect.Method.invoke(Native Method)
10-10 20:38:23.746 20433 20452 E TestRunner: 	at org.junit.runners.model.FrameworkMethod$1.runReflectiveCall(FrameworkMethod.java:59)
10-10 20:38:23.746 20433 20452 E TestRunner: 	at org.junit.internal.runners.model.ReflectiveCallable.run(ReflectiveCallable.java:12)
10-10 20:38:23.746 20433 20452 E TestRunner: 	at org.junit.runners.model.FrameworkMethod.invokeExplosively(FrameworkMethod.java:56)
10-10 20:38:23.746 20433 20452 E TestRunner: 	at org.junit.internal.runners.statements.InvokeMethod.evaluate(InvokeMethod.java:17)
10-10 20:38:23.746 20433 20452 E TestRunner: 	at org.junit.rules.ExternalResource$1.evaluate(ExternalResource.java:54)
10-10 20:38:23.746 20433 20452 E TestRunner: 	at org.junit.runners.ParentRunner$3.evaluate(ParentRunner.java:306)
10-10 20:38:23.746 20433 20452 E TestRunner: 	at org.junit.runners.BlockJUnit4ClassRunner$1.evaluate(BlockJUnit4ClassRunner.java:100)
10-10 20:38:23.746 20433 20452 E TestRunner: 	at org.junit.runners.ParentRunner.runLeaf(ParentRunner.java:366)
10-10 20:38:23.746 20433 20452 E TestRunner: 	at org.junit.runners.BlockJUnit4ClassRunner.runChild(BlockJUnit4ClassRunner.java:103)
10-10 20:38:23.746 20433 20452 E TestRunner: 	at org.junit.runners.BlockJUnit4ClassRunner.runChild(BlockJUnit4ClassRunner.java:63)
10-10 20:38:23.746 20433 20452 E TestRunner: 	at org.junit.runners.ParentRunner$4.run(ParentRunner.java:331)
10-10 20:38:23.746 20433 20452 E TestRunner: 	at org.junit.runners.ParentRunner$1.schedule(ParentRunner.java:79)
10-10 20:38:23.746 20433 20452 E TestRunner: 	at org.junit.runners.ParentRunner.runChildren(ParentRunner.java:329)
10-10 20:38:23.746 20433 20452 E TestRunner: 	at org.junit.runners.ParentRunner.access$100(ParentRunner.java:66)
10-10 20:38:23.746 20433 20452 E TestRunner: 	at org.junit.runners.ParentRunner$2.evaluate(ParentRunner.java:293)
10-10 20:38:23.746 20433 20452 E TestRunner: 	at org.junit.runners.ParentRunner$3.evaluate(ParentRunner.java:306)
10-10 20:38:23.746 20433 20452 E TestRunner: 	at org.junit.runners.ParentRunner.run(ParentRunner.java:413)
10-10 20:38:23.746 20433 20452 E TestRunner: 	at androidx.test.ext.junit.runners.AndroidJUnit4.run(AndroidJUnit4.java:162)
10-10 20:38:23.746 20433 20452 E TestRunner: 	at org.junit.runners.Suite.runChild(Suite.java:128)
10-10 20:38:23.746 20433 20452 E TestRunner: 	at org.junit.runners.Suite.runChild(Suite.java:27)
10-10 20:38:23.746 20433 20452 E TestRunner: 	at org.junit.runners.ParentRunner$4.run(ParentRunner.java:331)
10-10 20:38:23.746 20433 20452 E TestRunner: 	at org.junit.runners.ParentRunner$1.schedule(ParentRunner.java:79)
10-10 20:38:23.746 20433 20452 E TestRunner: 	at org.junit.runners.ParentRunner.runChildren(ParentRunner.java:329)
10-10 20:38:23.746 20433 20452 E TestRunner: 	at org.junit.runners.ParentRunner.access$100(ParentRunner.java:66)
10-10 20:38:23.746 20433 20452 E TestRunner: 	at org.junit.runners.ParentRunner$2.evaluate(ParentRunner.java:293)
10-10 20:38:23.746 20433 20452 E TestRunner: 	at org.junit.runners.ParentRunner$3.evaluate(ParentRunner.java:306)
10-10 20:38:23.746 20433 20452 E TestRunner: 	at org.junit.runners.ParentRunner.run(ParentRunner.java:413)
10-10 20:38:23.746 20433 20452 E TestRunner: 	at org.junit.runner.JUnitCore.run(JUnitCore.java:137)
10-10 20:38:23.746 20433 20452 E TestRunner: 	at org.junit.runner.JUnitCore.run(JUnitCore.java:115)
10-10 20:38:23.746 20433 20452 E TestRunner: 	at androidx.test.internal.runner.TestExecutor.execute(TestExecutor.java:56)
10-10 20:38:23.746 20433 20452 E TestRunner: 	at androidx.test.runner.AndroidJUnitRunner.onStart(AndroidJUnitRunner.java:444)
10-10 20:38:23.746 20433 20452 E TestRunner: 	at android.app.Instrumentation$InstrumentationThread.run(Instrumentation.java:2278)
10-10 20:38:23.746 20433 20452 E TestRunner: Caused by: androidx.test.espresso.NoMatchingViewException: No views in hierarchy found matching: (an instance of android.widget.TextView and view.getText() with or without transformation to match: is "6 Messages" or (view.getParent() is assignable from class <class com.google.android.material.textfield.TextInputLayout> and (view is an instance of android.view.ViewGroup and has descendant matching an instance of android.widget.TextView and view.getText() with or without transformation to match: is "6 Messages")))
10-10 20:38:23.746 20433 20452 E TestRunner:
10-10 20:38:23.746 20433 20452 E TestRunner: View Hierarchy:
10-10 20:38:23.746 20433 20452 E TestRunner: +>DecorView{id=-1, visibility=VISIBLE, width=1080, height=2340, has-focus=false, has-focusable=true, has-window-focus=true, is-clickable=false, is-enabled=true, is-focused=false, is-focusable=false, is-layout-requested=false, is-selected=false, layout-params={(0,0)(fillxfill) ty=BASE_APPLICATION wanim=0x10302fe
10-10 20:38:23.746 20433 20452 E TestRunner:   fl=LAYOUT_IN_SCREEN LAYOUT_INSET_DECOR SPLIT_TOUCH HARDWARE_ACCELERATED DRAWS_SYSTEM_BAR_BACKGROUNDS
10-10 20:38:23.746 20433 20452 E TestRunner:   pfl=NO_MOVE_ANIMATION FORCE_DRAW_STATUS_BAR_BACKGROUND FIT_INSETS_CONTROLLED
10-10 20:38:23.746 20433 20452 E TestRunner:   bhv=DEFAULT
10-10 20:38:23.746 20433 20452 E TestRunner:   fitSides=}, tag=null, root-is-layout-requested=false, has-input-connection=false, x=0.0, y=0.0, child-count=3}
10-10 20:38:23.746 20433 20452 E TestRunner: |
10-10 20:38:23.746 20433 20452 E TestRunner: +->LinearLayout{id=-1, visibility=VISIBLE, width=1080, height=2296, has-focus=false, has-focusable=true, has-window-focus=true, is-clickable=false, is-enabled=true, is-focused=false, is-focusable=false, is-layout-requested=false, is-selected=false, layout-params=android.widget.FrameLayout$LayoutParams@ad38e2a, tag=null, root-is-layout-requested=false, has-input-connection=false, x=0.0, y=0.0, child-count=2}
10-10 20:38:23.746 20433 20452 E TestRunner: |
10-10 20:38:23.746 20433 20452 E TestRunner: +-->ViewStub{id=16908723, res-name=action_mode_bar_stub, visibility=GONE, width=0, height=0, has-focus=false, has-focusable=false, has-window-focus=true, is-clickable=false, is-enabled=true, is-focused=false, is-focusable=false, is-layout-requested=true, is-selected=false, layout-params=android.widget.LinearLayout$LayoutParams@fe0841b, tag=null, root-is-layout-requested=false, has-input-connection=false, x=0.0, y=0.0}
10-10 20:38:23.746 20433 20452 E TestRunner: |
10-10 20:38:23.746 20433 20452 E TestRunner: +-->FrameLayout{id=-1, visibility=VISIBLE, width=1080, height=2230, has-focus=false, has-focusable=true, has-window-focus=true, is-clickable=false, is-enabled=true, is-focused=false, is-focusable=false, is-layout-requested=false, is-selected=false, layout-params=android.widget.LinearLayout$LayoutParams@5808391, tag=null, root-is-layout-requested=false, has-input-connection=false, x=0.0, y=66.0, child-count=1}
10-10 20:38:23.746 20433 20452 E TestRunner: |
10-10 20:38:23.746 20433 20452 E TestRunner: +--->ActionBarOverlayLayout{id=2131230865, res-name=decor_content_parent, visibility=VISIBLE, width=1080, height=2230, has-focus=false, has-focusable=true, has-window-focus=true, is-clickable=false, is-enabled=true, is-focused=false, is-focusable=false, is-layout-requested=false, is-selected=false, layout-params=android.widget.FrameLayout$LayoutParams@94ca964, tag=null, root-is-layout-requested=false, has-input-connection=false, x=0.0, y=0.0, child-count=2}
10-10 20:38:23.746 20433 20452 E TestRunner: |
10-10 20:38:23.746 20433 20452 E TestRunner: +---->ContentFrameLayout{id=16908290, res-name=content, visibility=VISIBLE, width=1080, height=2076, has-focus=false, has-focusable=true, has-window-focus=true, is-clickable=false, is-enabled=true, is-focused=false, is-focusable=false, is-layout-requested=false, is-selected=false, layout-params=androidx.appcompat.widget.ActionBarOverlayLayout$LayoutParams@b7bb882, tag=null, root-is-layout-requested=false, has-input-connection=false, x=0.0, y=154.0, child-count=1}
10-10 20:38:23.746 20433 20452 E TestRunner: |
10-10 20:38:23.746 20433 20452 E TestRunner: +----->ConstraintLayout{id=-1, visibility=VISIBLE, width=1080, height=2076, has-focus=false, has-focusable=true, has-window-focus=true, is-clickable=false, is-enabled=true, is-focused=false, is-focusable=false, is-layout-requested=false, is-selected=false, layout-params=android.widget.FrameLayout$LayoutParams@cdcf7d0, tag=null, root-is-layout-requested=false, has-input-connection=false, x=0.0, y=0.0, child-count=1}
10-10 20:38:23.746 20433 20452 E TestRunner: |
10-10 20:38:23.746 20433 20452 E TestRunner: +------>RecyclerView{id=2131231061, res-name=recyclerview, visibility=VISIBLE, width=1080, height=2076, has-focus=false, has-focusable=true, has-window-focus=true, is-clickable=false, is-enabled=true, is-focused=false, is-focusable=true, is-layout-requested=false, is-selected=false, layout-params=androidx.constraintlayout.widget.ConstraintLayout$LayoutParams@ee1c0fc, tag=null, root-is-layout-requested=false, has-input-connection=false, x=0.0, y=0.0, child-count=3}
10-10 20:38:23.746 20433 20452 E TestRunner: |
10-10 20:38:23.746 20433 20452 E TestRunner: +------->CardView{id=-1, visibility=VISIBLE, width=1058, height=165, has-focus=false, has-focusable=false, has-window-focus=true, is-clickable=false, is-enabled=true, is-focused=false, is-focusable=false, is-layout-requested=false, is-selected=false, layout-params=androidx.recyclerview.widget.RecyclerView$LayoutParams@403d5da, tag=null, root-is-layout-requested=false, has-input-connection=false, x=11.0, y=11.0, child-count=1}
10-10 20:38:23.746 20433 20452 E TestRunner: |
10-10 20:38:23.746 20433 20452 E TestRunner: +-------->LinearLayout{id=-1, visibility=VISIBLE, width=1058, height=165, has-focus=false, has-focusable=false, has-window-focus=true, is-clickable=false, is-enabled=true, is-focused=false, is-focusable=false, is-layout-requested=false, is-selected=false, layout-params=android.widget.FrameLayout$LayoutParams@a387301, tag=null, root-is-layout-requested=false, has-input-connection=false, x=0.0, y=0.0, child-count=2}
10-10 20:38:23.746 20433 20452 E TestRunner: |
10-10 20:38:23.746 20433 20452 E TestRunner: +--------->MaterialTextView{id=2131231015, res-name=name, visibility=VISIBLE, width=369, height=74, has-focus=false, has-focusable=false, has-window-focus=true, is-clickable=false, is-enabled=true, is-focused=false, is-focusable=false, is-layout-requested=false, is-selected=false, layout-params=android.widget.LinearLayout$LayoutParams@d975a6, tag=null, root-is-layout-requested=false, has-input-connection=false, x=11.0, y=11.0, text=CSE118 Fall 22, input-type=0, ime-target=false, has-links=false}
10-10 20:38:23.746 20433 20452 E TestRunner: |
10-10 20:38:23.746 20433 20452 E TestRunner: +--------->MaterialTextView{id=2131230831, res-name=channels, visibility=VISIBLE, width=218, height=59, has-focus=false, has-focusable=false, has-window-focus=true, is-clickable=false, is-enabled=true, is-focused=false, is-focusable=false, is-layout-requested=false, is-selected=false, layout-params=android.widget.LinearLayout$LayoutParams@2d3dbe7, tag=null, root-is-layout-requested=false, has-input-connection=false, x=11.0, y=85.0, text=3 Channels, input-type=0, ime-target=false, has-links=false}
10-10 20:38:23.746 20433 20452 E TestRunner: |
10-10 20:38:23.746 20433 20452 E TestRunner: +------->CardView{id=-1, visibility=VISIBLE, width=1058, height=165, has-focus=false, has-focusable=false, has-window-focus=true, is-clickable=false, is-enabled=true, is-focused=false, is-focusable=false, is-layout-requested=false, is-selected=false, layout-params=androidx.recyclerview.widget.RecyclerView$LayoutParams@5383e3d, tag=null, root-is-layout-requested=false, has-input-connection=false, x=11.0, y=198.0, child-count=1}
10-10 20:38:23.746 20433 20452 E TestRunner: |
10-10 20:38:23.746 20433 20452 E TestRunner: +-------->LinearLayout{id=-1, visibility=VISIBLE, width=1058, height=165, has-focus=false, has-focusable=false, has-window-focus=true, is-clickable=false, is-enabled=true, is-focused=false, is-focusable=false, is-layout-requested=false, is-selected=false, layout-params=android.widget.FrameLayout$LayoutParams@945f500, tag=null, root-is-layout-requested=false, has-input-connection=false, x=0.0, y=0.0, child-count=2}
10-10 20:38:23.746 20433 20452 E TestRunner: |
10-10 20:38:23.746 20433 20452 E TestRunner: +--------->MaterialTextView{id=2131231015, res-name=name, visibility=VISIBLE, width=335, height=74, has-focus=false, has-focusable=false, has-window-focus=true, is-clickable=false, is-enabled=true, is-focused=false, is-focusable=false, is-layout-requested=false, is-selected=false, layout-params=android.widget.LinearLayout$LayoutParams@16f8139, tag=null, root-is-layout-requested=false, has-input-connection=false, x=11.0, y=11.0, text=No Messages, input-type=0, ime-target=false, has-links=false}
10-10 20:38:23.746 20433 20452 E TestRunner: |
