10-09 17:22:58.723  9995 10015 I TestRunner: started: invisible_message_not_shown(edu.ucsc.cse118.assignment2.AdvancedInstrumentedTest)
10-09 17:22:58.727  9995 10015 W Settings: Setting always_finish_activities has moved from android.provider.Settings.System to android.provider.Settings.Global, returning read-only value.
10-09 17:22:58.733   863   942 D SplashScreenView: Build android.window.SplashScreenView{1c09863 V.E...... ......ID 0,0-0,0}
10-09 17:22:58.733   863   942 D SplashScreenView: Icon: view: null drawable: null size: 0
10-09 17:22:58.733   863   942 D SplashScreenView: Branding: view: android.view.View{d013c60 G.ED..... ......I. 0,0-0,0 #10204a9 android:id/splashscreen_branding_view} drawable: null size w: 0 h: 0
10-09 17:22:58.739   365   425 D goldfish-address-space: claimShared: Ask to claim region [0x1f1974000 0x1f2318000]
10-09 17:22:58.744  7067  9918 D BatteryInfo: time for getStats: 0ms
10-09 17:22:58.744   365   425 D goldfish-address-space: claimShared: Ask to claim region [0x1f0000000 0x1f09a4000]
10-09 17:22:58.745   365   425 D goldfish-address-space: claimShared: Ask to claim region [0x1f09a4000 0x1f1348000]
10-09 17:22:58.746  7067  9918 D BatteryInfo: time for regular BatteryInfo: 2ms
10-09 17:22:58.747  7067  9918 D BatteryInfo: time for getBatteryInfo: 1ms
10-09 17:22:58.749  7067  7093 D BatteryTipLoader: BatteryInfoLoader post query: 1ms
10-09 17:22:58.749  7067  7093 D BatteryInfo: time for getBatteryInfo: 0ms
10-09 17:22:58.749  7067  7093 D BatteryTipLoader: BatteryInfoLoader.loadInBackground: 1ms
10-09 17:22:58.753   565   602 W InputReader: Device virtio_input_multi_touch_2 is associated with display ADISPLAY_ID_NONE.
10-09 17:22:58.753   565   602 W InputReader: Device virtio_input_multi_touch_3 is associated with display ADISPLAY_ID_NONE.
10-09 17:22:58.753   565   602 W InputReader: Device virtio_input_multi_touch_5 is associated with display ADISPLAY_ID_NONE.
10-09 17:22:58.754   565   602 W InputReader: Device virtio_input_multi_touch_7 is associated with display ADISPLAY_ID_NONE.
10-09 17:22:58.754   565   602 W InputReader: Device virtio_input_multi_touch_11 is associated with display ADISPLAY_ID_NONE.
10-09 17:22:58.754   565   602 W InputReader: Device virtio_input_multi_touch_6 is associated with display ADISPLAY_ID_NONE.
10-09 17:22:58.754   565   602 W InputReader: Device virtio_input_multi_touch_4 is associated with display ADISPLAY_ID_NONE.
10-09 17:22:58.754   565   602 W InputReader: Device virtio_input_multi_touch_9 is associated with display ADISPLAY_ID_NONE.
10-09 17:22:58.754   565   602 W InputReader: Device virtio_input_multi_touch_8 is associated with display ADISPLAY_ID_NONE.
10-09 17:22:58.754   565   602 W InputReader: Device virtio_input_multi_touch_10 is associated with display ADISPLAY_ID_NONE.
10-09 17:22:58.754   565   602 W InputReader: Device virtio_input_multi_touch_2 is associated with display ADISPLAY_ID_NONE.
10-09 17:22:58.754   565   602 W InputReader: Device virtio_input_multi_touch_3 is associated with display ADISPLAY_ID_NONE.
10-09 17:22:58.754   565   602 W InputReader: Device virtio_input_multi_touch_5 is associated with display ADISPLAY_ID_NONE.
10-09 17:22:58.754   565   602 W InputReader: Device virtio_input_multi_touch_7 is associated with display ADISPLAY_ID_NONE.
10-09 17:22:58.754   565   602 W InputReader: Device virtio_input_multi_touch_11 is associated with display ADISPLAY_ID_NONE.
10-09 17:22:58.754   565   602 W InputReader: Device virtio_input_multi_touch_6 is associated with display ADISPLAY_ID_NONE.
10-09 17:22:58.754   565   602 W InputReader: Device virtio_input_multi_touch_4 is associated with display ADISPLAY_ID_NONE.
10-09 17:22:58.754   565   602 W InputReader: Device virtio_input_multi_touch_9 is associated with display ADISPLAY_ID_NONE.
10-09 17:22:58.754   565   602 W InputReader: Device virtio_input_multi_touch_8 is associated with display ADISPLAY_ID_NONE.
10-09 17:22:58.754   565   602 W InputReader: Device virtio_input_multi_touch_10 is associated with display ADISPLAY_ID_NONE.
10-09 17:22:58.773   365   425 D goldfish-address-space: claimShared: Ask to claim region [0x1f4000000 0x1f49a4000]
10-09 17:22:58.795   365   425 D goldfish-address-space: claimShared: Ask to claim region [0x1f49a4000 0x1f5348000]
10-09 17:22:58.796   365   425 D goldfish-address-space: claimShared: Ask to claim region [0x1f5348000 0x1f5cec000]
10-09 17:22:58.829   565  2071 W InputReader: Device virtio_input_multi_touch_2 is associated with display ADISPLAY_ID_NONE.
10-09 17:22:58.829   565  2071 W InputReader: Device virtio_input_multi_touch_3 is associated with display ADISPLAY_ID_NONE.
10-09 17:22:58.829   565  2071 W InputReader: Device virtio_input_multi_touch_5 is associated with display ADISPLAY_ID_NONE.
10-09 17:22:58.829   565  2071 W InputReader: Device virtio_input_multi_touch_7 is associated with display ADISPLAY_ID_NONE.
10-09 17:22:58.829   565  2071 W InputReader: Device virtio_input_multi_touch_11 is associated with display ADISPLAY_ID_NONE.
10-09 17:22:58.829   565  2071 W InputReader: Device virtio_input_multi_touch_6 is associated with display ADISPLAY_ID_NONE.
10-09 17:22:58.829   565  2071 W InputReader: Device virtio_input_multi_touch_4 is associated with display ADISPLAY_ID_NONE.
10-09 17:22:58.829   565  2071 W InputReader: Device virtio_input_multi_touch_9 is associated with display ADISPLAY_ID_NONE.
10-09 17:22:58.829   565  2071 W InputReader: Device virtio_input_multi_touch_8 is associated with display ADISPLAY_ID_NONE.
10-09 17:22:58.829   565  2071 W InputReader: Device virtio_input_multi_touch_10 is associated with display ADISPLAY_ID_NONE.
10-09 17:22:58.829   565  2071 W InputReader: Device virtio_input_multi_touch_2 is associated with display ADISPLAY_ID_NONE.
10-09 17:22:58.829   565  2071 W InputReader: Device virtio_input_multi_touch_3 is associated with display ADISPLAY_ID_NONE.
10-09 17:22:58.829   565  2071 W InputReader: Device virtio_input_multi_touch_5 is associated with display ADISPLAY_ID_NONE.
10-09 17:22:58.829   565  2071 W InputReader: Device virtio_input_multi_touch_7 is associated with display ADISPLAY_ID_NONE.
10-09 17:22:58.829   565  2071 W InputReader: Device virtio_input_multi_touch_11 is associated with display ADISPLAY_ID_NONE.
10-09 17:22:58.829   565  2071 W InputReader: Device virtio_input_multi_touch_6 is associated with display ADISPLAY_ID_NONE.
10-09 17:22:58.829   565  2071 W InputReader: Device virtio_input_multi_touch_4 is associated with display ADISPLAY_ID_NONE.
10-09 17:22:58.829   565  2071 W InputReader: Device virtio_input_multi_touch_9 is associated with display ADISPLAY_ID_NONE.
10-09 17:22:58.829   565  2071 W InputReader: Device virtio_input_multi_touch_8 is associated with display ADISPLAY_ID_NONE.
10-09 17:22:58.829   565  2071 W InputReader: Device virtio_input_multi_touch_10 is associated with display ADISPLAY_ID_NONE.
10-09 17:22:58.842  7067  7067 D ContextualSuggestFrag: loadSuggestions
10-09 17:22:58.842  7067  7067 D ContextualSuggestFrag: loadSuggestions
10-09 17:22:58.842  7067  7067 D BatteryInfo: time for callback: 0ms
10-09 17:22:58.843  7067  7096 D ContextualSuggestFrag: Start loading suggestions
10-09 17:22:58.843  7067  7093 D ContextualSuggestFrag: Start loading suggestions
10-09 17:22:58.844  7067  7093 D ContextualSuggestFrag: Loaded suggests: 0
10-09 17:22:58.847  9995  9995 D LifecycleMonitor: Lifecycle status change: edu.ucsc.cse118.assignment2.MainActivity@3b79fc6 in: PRE_ON_CREATE
10-09 17:22:58.847  9995  9995 V ActivityScenario: Activity lifecycle changed event received but ignored because the reported transition was not ON_CREATE while the last known transition was PRE_ON_CREATE
10-09 17:22:58.847  7067  7096 D ContextualSuggestFrag: Loaded suggests: 0
10-09 17:22:58.852  9995  9995 D LifecycleMonitor: Lifecycle status change: edu.ucsc.cse118.assignment2.MainActivity@3b79fc6 in: CREATED
10-09 17:22:58.852  9995  9995 V ActivityScenario: Update currentActivityStage to CREATED, currentActivity=edu.ucsc.cse118.assignment2.MainActivity@3b79fc6
10-09 17:22:58.853  9995  9995 D LifecycleMonitor: Lifecycle status change: edu.ucsc.cse118.assignment2.MainActivity@3b79fc6 in: STARTED
10-09 17:22:58.853  9995  9995 V ActivityScenario: Update currentActivityStage to STARTED, currentActivity=edu.ucsc.cse118.assignment2.MainActivity@3b79fc6
10-09 17:22:58.853  9995  9995 D LifecycleMonitor: Lifecycle status change: edu.ucsc.cse118.assignment2.MainActivity@3b79fc6 in: RESUMED
10-09 17:22:58.853  9995  9995 V ActivityScenario: Update currentActivityStage to RESUMED, currentActivity=edu.ucsc.cse118.assignment2.MainActivity@3b79fc6
10-09 17:22:58.854  7067  7067 D ContextualSuggestFrag: Remove suggestion
10-09 17:22:58.854  7067  7067 D ContextualSuggestFrag: Total loading time: 12 ms
10-09 17:22:58.856  7067  7067 D ContextualSuggestFrag: Remove suggestion
10-09 17:22:58.856  7067  7067 D ContextualSuggestFrag: Total loading time: 14 ms
10-09 17:22:58.858   565   602 W InputManager-JNI: Input channel object 'f30b8ee edu.ucsc.cse118.assignment2.test/androidx.test.core.app.InstrumentationActivityInvoker$EmptyActivity (client)' was disposed without first being removed with the input manager!
10-09 17:22:58.858  7067  7102 D BatteryTipLoader: BatteryInfoLoader post query: 1ms
10-09 17:22:58.858  7067  7102 D BatteryInfo: time for getBatteryInfo: 0ms
10-09 17:22:58.858  7067  7102 D BatteryTipLoader: BatteryInfoLoader.loadInBackground: 1ms
10-09 17:22:58.874   365   425 D goldfish-address-space: claimShared: Ask to claim region [0x1f6690000 0x1f7034000]
10-09 17:22:58.875   365   425 D goldfish-address-space: claimShared: Ask to claim region [0x1f49a4000 0x1f5348000]
10-09 17:22:58.876   365   425 D goldfish-address-space: claimShared: Ask to claim region [0x1f5348000 0x1f5cec000]
10-09 17:22:58.881   565   606 I ActivityTaskManager: Displayed edu.ucsc.cse118.assignment2/.MainActivity: +149ms
10-09 17:22:58.892  9995  9995 D RootViewPicker: Root not ready - waiting: 10ms for one to appear.
10-09 17:22:58.892   565   969 W InputManager-JNI: Input channel object 'f11bd11 Splash Screen edu.ucsc.cse118.assignment2.test (client)' was disposed without first being removed with the input manager!
10-09 17:22:58.895  1570  1570 I GoogleInputMethodService: GoogleInputMethodService.onFinishInput():3269
10-09 17:22:58.895  1570  1570 I GoogleInputMethodService: GoogleInputMethodService.onStartInput():1947
10-09 17:22:58.896  1570  1570 I DeviceUnlockedTag: DeviceUnlockedTag.notifyDeviceLockStatusChanged():79 Notify device unlocked.
10-09 17:22:58.929  9995  9995 D LifecycleMonitor: Lifecycle status change: edu.ucsc.cse118.assignment2.MainActivity@3b79fc6 in: PAUSED
10-09 17:22:58.929  9995  9995 V ActivityScenario: Update currentActivityStage to PAUSED, currentActivity=edu.ucsc.cse118.assignment2.MainActivity@3b79fc6
10-09 17:22:58.929   565   969 W InputReader: Device virtio_input_multi_touch_2 is associated with display ADISPLAY_ID_NONE.
10-09 17:22:58.929   565   969 W InputReader: Device virtio_input_multi_touch_3 is associated with display ADISPLAY_ID_NONE.
10-09 17:22:58.929   565   969 W InputReader: Device virtio_input_multi_touch_5 is associated with display ADISPLAY_ID_NONE.
10-09 17:22:58.929   565   969 W InputReader: Device virtio_input_multi_touch_7 is associated with display ADISPLAY_ID_NONE.
10-09 17:22:58.929   565   969 W InputReader: Device virtio_input_multi_touch_11 is associated with display ADISPLAY_ID_NONE.
10-09 17:22:58.929   565   969 W InputReader: Device virtio_input_multi_touch_6 is associated with display ADISPLAY_ID_NONE.
10-09 17:22:58.929   565   969 W InputReader: Device virtio_input_multi_touch_4 is associated with display ADISPLAY_ID_NONE.
10-09 17:22:58.929   565   969 W InputReader: Device virtio_input_multi_touch_9 is associated with display ADISPLAY_ID_NONE.
10-09 17:22:58.929   565   969 W InputReader: Device virtio_input_multi_touch_8 is associated with display ADISPLAY_ID_NONE.
10-09 17:22:58.929   565   969 W InputReader: Device virtio_input_multi_touch_10 is associated with display ADISPLAY_ID_NONE.
10-09 17:22:58.929   565   969 W InputReader: Device virtio_input_multi_touch_2 is associated with display ADISPLAY_ID_NONE.
10-09 17:22:58.930   565   969 W InputReader: Device virtio_input_multi_touch_3 is associated with display ADISPLAY_ID_NONE.
10-09 17:22:58.930   565   969 W InputReader: Device virtio_input_multi_touch_5 is associated with display ADISPLAY_ID_NONE.
10-09 17:22:58.930   565   969 W InputReader: Device virtio_input_multi_touch_7 is associated with display ADISPLAY_ID_NONE.
10-09 17:22:58.930   565   969 W InputReader: Device virtio_input_multi_touch_11 is associated with display ADISPLAY_ID_NONE.
10-09 17:22:58.930   565   969 W InputReader: Device virtio_input_multi_touch_6 is associated with display ADISPLAY_ID_NONE.
10-09 17:22:58.930   565   969 W InputReader: Device virtio_input_multi_touch_4 is associated with display ADISPLAY_ID_NONE.
10-09 17:22:58.930   565   969 W InputReader: Device virtio_input_multi_touch_9 is associated with display ADISPLAY_ID_NONE.
10-09 17:22:58.930   565   969 W InputReader: Device virtio_input_multi_touch_8 is associated with display ADISPLAY_ID_NONE.
10-09 17:22:58.930   565   969 W InputReader: Device virtio_input_multi_touch_10 is associated with display ADISPLAY_ID_NONE.
10-09 17:22:58.958   365   425 D goldfish-address-space: claimShared: Ask to claim region [0x1f1974000 0x1f2318000]
10-09 17:22:58.959   365   425 D goldfish-address-space: claimShared: Ask to claim region [0x1f0000000 0x1f09a4000]
10-09 17:22:58.959   365   424 D goldfish-address-space: claimShared: Ask to claim region [0x1f09a4000 0x1f1348000]
10-09 17:22:58.967   565   969 W InputReader: Device virtio_input_multi_touch_2 is associated with display ADISPLAY_ID_NONE.
10-09 17:22:58.967   565   969 W InputReader: Device virtio_input_multi_touch_3 is associated with display ADISPLAY_ID_NONE.
10-09 17:22:58.967   565   969 W InputReader: Device virtio_input_multi_touch_5 is associated with display ADISPLAY_ID_NONE.
10-09 17:22:58.967   565   969 W InputReader: Device virtio_input_multi_touch_7 is associated with display ADISPLAY_ID_NONE.
10-09 17:22:58.967   565   969 W InputReader: Device virtio_input_multi_touch_11 is associated with display ADISPLAY_ID_NONE.
10-09 17:22:58.967   565   969 W InputReader: Device virtio_input_multi_touch_6 is associated with display ADISPLAY_ID_NONE.
10-09 17:22:58.967   565   969 W InputReader: Device virtio_input_multi_touch_4 is associated with display ADISPLAY_ID_NONE.
10-09 17:22:58.967   565   969 W InputReader: Device virtio_input_multi_touch_9 is associated with display ADISPLAY_ID_NONE.
10-09 17:22:58.967   565   969 W InputReader: Device virtio_input_multi_touch_8 is associated with display ADISPLAY_ID_NONE.
10-09 17:22:58.967   565   969 W InputReader: Device virtio_input_multi_touch_10 is associated with display ADISPLAY_ID_NONE.
10-09 17:22:58.967   565   969 W InputReader: Device virtio_input_multi_touch_2 is associated with display ADISPLAY_ID_NONE.
10-09 17:22:58.967   565   969 W InputReader: Device virtio_input_multi_touch_3 is associated with display ADISPLAY_ID_NONE.
10-09 17:22:58.967   565   969 W InputReader: Device virtio_input_multi_touch_5 is associated with display ADISPLAY_ID_NONE.
10-09 17:22:58.967   565   969 W InputReader: Device virtio_input_multi_touch_7 is associated with display ADISPLAY_ID_NONE.
10-09 17:22:58.967   565   969 W InputReader: Device virtio_input_multi_touch_11 is associated with display ADISPLAY_ID_NONE.
10-09 17:22:58.967   565   969 W InputReader: Device virtio_input_multi_touch_6 is associated with display ADISPLAY_ID_NONE.
10-09 17:22:58.967   565   969 W InputReader: Device virtio_input_multi_touch_4 is associated with display ADISPLAY_ID_NONE.
10-09 17:22:58.967   565   969 W InputReader: Device virtio_input_multi_touch_9 is associated with display ADISPLAY_ID_NONE.
10-09 17:22:58.967   565   969 W InputReader: Device virtio_input_multi_touch_8 is associated with display ADISPLAY_ID_NONE.
10-09 17:22:58.967   565   969 W InputReader: Device virtio_input_multi_touch_10 is associated with display ADISPLAY_ID_NONE.
10-09 17:22:58.989   365   424 D goldfish-address-space: claimShared: Ask to claim region [0x1f4000000 0x1f49a4000]
10-09 17:22:58.989   365   424 D goldfish-address-space: claimShared: Ask to claim region [0x1f5cec000 0x1f6690000]
10-09 17:22:58.990   365   424 D goldfish-address-space: claimShared: Ask to claim region [0x1f8000000 0x1f89a4000]
10-09 17:22:58.999   565   606 I ActivityTaskManager: Displayed edu.ucsc.cse118.assignment2.test/androidx.test.core.app.InstrumentationActivityInvoker$EmptyActivity: +59ms
10-09 17:22:59.000   365   424 D goldfish-address-space: claimShared: Ask to claim region [0x1f0000000 0x1f062c000]
10-09 17:22:59.013  9995  9995 D LifecycleMonitor: Lifecycle status change: edu.ucsc.cse118.assignment2.MainActivity@3b79fc6 in: STOPPED
10-09 17:22:59.013  9995  9995 V ActivityScenario: Update currentActivityStage to STOPPED, currentActivity=edu.ucsc.cse118.assignment2.MainActivity@3b79fc6
10-09 17:22:59.013  9995  9995 D LifecycleMonitor: Lifecycle status change: edu.ucsc.cse118.assignment2.MainActivity@3b79fc6 in: DESTROYED
10-09 17:22:59.013  9995  9995 V ActivityScenario: Update currentActivityStage to DESTROYED, currentActivity=null
10-09 17:22:59.013  9995 10015 E TestRunner: failed: invisible_message_not_shown(edu.ucsc.cse118.assignment2.AdvancedInstrumentedTest)
10-09 17:22:59.013  9995 10015 E TestRunner: ----- begin exception -----
10-09 17:22:59.014  9995 10015 E TestRunner: com.adevinta.android.barista.internal.failurehandler.BaristaException: Could not perform action single click on view (an instance of android.widget.TextView and view.getText() with or without transformation to match: is "LOGIN" or (view.getParent() is assignable from class <class com.google.android.material.textfield.TextInputLayout> and (view is an instance of android.view.ViewGroup and has descendant matching an instance of android.widget.TextView and view.getText() with or without transformation to match: is "LOGIN")))
10-09 17:22:59.014  9995 10015 E TestRunner: 	at com.adevinta.android.barista.internal.failurehandler.SpyFailureHandler.resendFirstError(SpyFailureHandler.kt:25)
10-09 17:22:59.014  9995 10015 E TestRunner: 	at com.adevinta.android.barista.internal.PerformActionKt.performActionOnView(PerformAction.kt:50)
10-09 17:22:59.014  9995 10015 E TestRunner: 	at com.adevinta.android.barista.internal.PerformActionKt.performAction(PerformAction.kt:26)
10-09 17:22:59.014  9995 10015 E TestRunner: 	at com.adevinta.android.barista.interaction.BaristaClickInteractions.clickOn(BaristaClickInteractions.kt:24)
10-09 17:22:59.014  9995 10015 E TestRunner: 	at edu.ucsc.cse118.assignment2.AdvancedInstrumentedTest.goToWorkspace(AdvancedInstrumentedTest.kt:25)
10-09 17:22:59.014  9995 10015 E TestRunner: 	at edu.ucsc.cse118.assignment2.AdvancedInstrumentedTest.goToChannel(AdvancedInstrumentedTest.kt:30)
10-09 17:22:59.014  9995 10015 E TestRunner: 	at edu.ucsc.cse118.assignment2.AdvancedInstrumentedTest.invisible_message_not_shown(AdvancedInstrumentedTest.kt:96)
10-09 17:22:59.014  9995 10015 E TestRunner: 	at java.lang.reflect.Method.invoke(Native Method)
10-09 17:22:59.014  9995 10015 E TestRunner: 	at org.junit.runners.model.FrameworkMethod$1.runReflectiveCall(FrameworkMethod.java:59)
10-09 17:22:59.014  9995 10015 E TestRunner: 	at org.junit.internal.runners.model.ReflectiveCallable.run(ReflectiveCallable.java:12)
10-09 17:22:59.014  9995 10015 E TestRunner: 	at org.junit.runners.model.FrameworkMethod.invokeExplosively(FrameworkMethod.java:56)
10-09 17:22:59.014  9995 10015 E TestRunner: 	at org.junit.internal.runners.statements.InvokeMethod.evaluate(InvokeMethod.java:17)
10-09 17:22:59.014  9995 10015 E TestRunner: 	at org.junit.rules.ExternalResource$1.evaluate(ExternalResource.java:54)
10-09 17:22:59.014  9995 10015 E TestRunner: 	at org.junit.runners.ParentRunner$3.evaluate(ParentRunner.java:306)
10-09 17:22:59.014  9995 10015 E TestRunner: 	at org.junit.runners.BlockJUnit4ClassRunner$1.evaluate(BlockJUnit4ClassRunner.java:100)
10-09 17:22:59.014  9995 10015 E TestRunner: 	at org.junit.runners.ParentRunner.runLeaf(ParentRunner.java:366)
10-09 17:22:59.014  9995 10015 E TestRunner: 	at org.junit.runners.BlockJUnit4ClassRunner.runChild(BlockJUnit4ClassRunner.java:103)
10-09 17:22:59.014  9995 10015 E TestRunner: 	at org.junit.runners.BlockJUnit4ClassRunner.runChild(BlockJUnit4ClassRunner.java:63)
10-09 17:22:59.014  9995 10015 E TestRunner: 	at org.junit.runners.ParentRunner$4.run(ParentRunner.java:331)
10-09 17:22:59.014  9995 10015 E TestRunner: 	at org.junit.runners.ParentRunner$1.schedule(ParentRunner.java:79)
10-09 17:22:59.014  9995 10015 E TestRunner: 	at org.junit.runners.ParentRunner.runChildren(ParentRunner.java:329)
10-09 17:22:59.014  9995 10015 E TestRunner: 	at org.junit.runners.ParentRunner.access$100(ParentRunner.java:66)
10-09 17:22:59.014  9995 10015 E TestRunner: 	at org.junit.runners.ParentRunner$2.evaluate(ParentRunner.java:293)
10-09 17:22:59.014  9995 10015 E TestRunner: 	at org.junit.runners.ParentRunner$3.evaluate(ParentRunner.java:306)
10-09 17:22:59.014  9995 10015 E TestRunner: 	at org.junit.runners.ParentRunner.run(ParentRunner.java:413)
10-09 17:22:59.014  9995 10015 E TestRunner: 	at androidx.test.ext.junit.runners.AndroidJUnit4.run(AndroidJUnit4.java:162)
10-09 17:22:59.014  9995 10015 E TestRunner: 	at org.junit.runners.Suite.runChild(Suite.java:128)
10-09 17:22:59.014  9995 10015 E TestRunner: 	at org.junit.runners.Suite.runChild(Suite.java:27)
10-09 17:22:59.014  9995 10015 E TestRunner: 	at org.junit.runners.ParentRunner$4.run(ParentRunner.java:331)
10-09 17:22:59.014  9995 10015 E TestRunner: 	at org.junit.runners.ParentRunner$1.schedule(ParentRunner.java:79)
10-09 17:22:59.014  9995 10015 E TestRunner: 	at org.junit.runners.ParentRunner.runChildren(ParentRunner.java:329)
10-09 17:22:59.014  9995 10015 E TestRunner: 	at org.junit.runners.ParentRunner.access$100(ParentRunner.java:66)
10-09 17:22:59.014  9995 10015 E TestRunner: 	at org.junit.runners.ParentRunner$2.evaluate(ParentRunner.java:293)
10-09 17:22:59.014  9995 10015 E TestRunner: 	at org.junit.runners.ParentRunner$3.evaluate(ParentRunner.java:306)
10-09 17:22:59.014  9995 10015 E TestRunner: 	at org.junit.runners.ParentRunner.run(ParentRunner.java:413)
10-09 17:22:59.014  9995 10015 E TestRunner: 	at org.junit.runner.JUnitCore.run(JUnitCore.java:137)
10-09 17:22:59.014  9995 10015 E TestRunner: 	at org.junit.runner.JUnitCore.run(JUnitCore.java:115)
10-09 17:22:59.014  9995 10015 E TestRunner: 	at androidx.test.internal.runner.TestExecutor.execute(TestExecutor.java:56)
10-09 17:22:59.014  9995 10015 E TestRunner: 	at androidx.test.runner.AndroidJUnitRunner.onStart(AndroidJUnitRunner.java:444)
10-09 17:22:59.014  9995 10015 E TestRunner: 	at android.app.Instrumentation$InstrumentationThread.run(Instrumentation.java:2278)
10-09 17:22:59.014  9995 10015 E TestRunner: Caused by: androidx.test.espresso.NoMatchingViewException: No views in hierarchy found matching: ((view has effective visibility <VISIBLE> and view.getGlobalVisibleRect() to return non-empty rectangle) and (an instance of android.widget.TextView and view.getText() with or without transformation to match: is "LOGIN" or (view.getParent() is assignable from class <class com.google.android.material.textfield.TextInputLayout> and (view is an instance of android.view.ViewGroup and has descendant matching an instance of android.widget.TextView and view.getText() with or without transformation to match: is "LOGIN"))))
10-09 17:22:59.014  9995 10015 E TestRunner:
10-09 17:22:59.014  9995 10015 E TestRunner: View Hierarchy:
10-09 17:22:59.014  9995 10015 E TestRunner: +>DecorView{id=-1, visibility=VISIBLE, width=1080, height=2340, has-focus=false, has-focusable=false, has-window-focus=true, is-clickable=false, is-enabled=true, is-focused=false, is-focusable=false, is-layout-requested=false, is-selected=false, layout-params={(0,0)(fillxfill) ty=BASE_APPLICATION wanim=0x10302fe
10-09 17:22:59.014  9995 10015 E TestRunner:   fl=LAYOUT_IN_SCREEN LAYOUT_INSET_DECOR SPLIT_TOUCH HARDWARE_ACCELERATED DRAWS_SYSTEM_BAR_BACKGROUNDS
10-09 17:22:59.014  9995 10015 E TestRunner:   pfl=NO_MOVE_ANIMATION FORCE_DRAW_STATUS_BAR_BACKGROUND FIT_INSETS_CONTROLLED
10-09 17:22:59.014  9995 10015 E TestRunner:   bhv=DEFAULT
10-09 17:22:59.014  9995 10015 E TestRunner:   fitSides=}, tag=null, root-is-layout-requested=false, has-input-connection=false, x=0.0, y=0.0, child-count=3}
10-09 17:22:59.014  9995 10015 E TestRunner: |
10-09 17:22:59.014  9995 10015 E TestRunner: +->LinearLayout{id=-1, visibility=VISIBLE, width=1080, height=2296, has-focus=false, has-focusable=false, has-window-focus=true, is-clickable=false, is-enabled=true, is-focused=false, is-focusable=false, is-layout-requested=false, is-selected=false, layout-params=android.widget.FrameLayout$LayoutParams@ddd5481, tag=null, root-is-layout-requested=false, has-input-connection=false, x=0.0, y=0.0, child-count=2}
10-09 17:22:59.014  9995 10015 E TestRunner: |
10-09 17:22:59.014  9995 10015 E TestRunner: +-->ViewStub{id=16908723, res-name=action_mode_bar_stub, visibility=GONE, width=0, height=0, has-focus=false, has-focusable=false, has-window-focus=true, is-clickable=false, is-enabled=true, is-focused=false, is-focusable=false, is-layout-requested=true, is-selected=false, layout-params=android.widget.LinearLayout$LayoutParams@3c27926, tag=null, root-is-layout-requested=false, has-input-connection=false, x=0.0, y=0.0}
10-09 17:22:59.014  9995 10015 E TestRunner: |
10-09 17:22:59.014  9995 10015 E TestRunner: +-->FrameLayout{id=-1, visibility=VISIBLE, width=1080, height=2230, has-focus=false, has-focusable=false, has-window-focus=true, is-clickable=false, is-enabled=true, is-focused=false, is-focusable=false, is-layout-requested=false, is-selected=false, layout-params=android.widget.LinearLayout$LayoutParams@18ca314, tag=null, root-is-layout-requested=false, has-input-connection=false, x=0.0, y=66.0, child-count=1}
10-09 17:22:59.014  9995 10015 E TestRunner: |
10-09 17:22:59.014  9995 10015 E TestRunner: +--->ActionBarOverlayLayout{id=2131230863, res-name=decor_content_parent, visibility=VISIBLE, width=1080, height=2230, has-focus=false, has-focusable=false, has-window-focus=true, is-clickable=false, is-enabled=true, is-focused=false, is-focusable=false, is-layout-requested=false, is-selected=false, layout-params=android.widget.FrameLayout$LayoutParams@7fa2503, tag=null, root-is-layout-requested=false, has-input-connection=false, x=0.0, y=0.0, child-count=2}
10-09 17:22:59.014  9995 10015 E TestRunner: |
10-09 17:22:59.014  9995 10015 E TestRunner: +---->ContentFrameLayout{id=16908290, res-name=content, visibility=VISIBLE, width=1080, height=2076, has-focus=false, has-focusable=false, has-window-focus=true, is-clickable=false, is-enabled=true, is-focused=false, is-focusable=false, is-layout-requested=false, is-selected=false, layout-params=androidx.appcompat.widget.ActionBarOverlayLayout$LayoutParams@59f12b9, tag=null, root-is-layout-requested=false, has-input-connection=false, x=0.0, y=154.0, child-count=1}
10-09 17:22:59.014  9995 10015 E TestRunner: |
10-09 17:22:59.014  9995 10015 E TestRunner: +----->ConstraintLayout{id=-1, visibility=VISIBLE, width=1080, height=2076, has-focus=false, has-focusable=false, has-window-focus=true, is-clickable=false, is-enabled=true, is-focused=false, is-focusable=false, is-layout-requested=false, is-selected=false, layout-params=android.widget.FrameLayout$LayoutParams@8586fe, tag=null, root-is-layout-requested=false, has-input-connection=false, x=0.0, y=0.0, child-count=0}
10-09 17:22:59.014  9995 10015 E TestRunner: |
10-09 17:22:59.014  9995 10015 E TestRunner: +---->ActionBarContainer{id=2131230773, res-name=action_bar_container, visibility=VISIBLE, width=1080, height=154, has-focus=false, has-focusable=false, has-window-focus=true, is-clickable=false, is-enabled=true, is-focused=false, is-focusable=false, is-layout-requested=false, is-selected=false, layout-params=androidx.appcompat.widget.ActionBarOverlayLayout$LayoutParams@e952175, tag=null, root-is-layout-requested=false, has-input-connection=false, x=0.0, y=0.0, child-count=2}
10-09 17:22:59.014  9995 10015 E TestRunner: |
10-09 17:22:59.014  9995 10015 E TestRunner: +----->Toolbar{id=2131230771, res-name=action_bar, visibility=VISIBLE, width=1080, height=154, has-focus=false, has-focusable=false, has-window-focus=true, is-clickable=false, is-enabled=true, is-focused=false, is-focusable=false, is-layout-requested=false, is-selected=false, layout-params=android.widget.FrameLayout$LayoutParams@127bb98, tag=null, root-is-layout-requested=false, has-input-connection=false, x=0.0, y=0.0, child-count=2}
10-09 17:22:59.014  9995 10015 E TestRunner: |
10-09 17:22:59.014  9995 10015 E TestRunner: +------>AppCompatTextView{id=-1, visibility=VISIBLE, width=560, height=74, has-focus=false, has-focusable=false, has-window-focus=true, is-clickable=false, is-enabled=true, is-focused=false, is-focusable=false, is-layout-requested=false, is-selected=false, layout-params=androidx.appcompat.widget.Toolbar$LayoutParams@8a35ff1, tag=null, root-is-layout-requested=false, has-input-connection=false, x=44.0, y=40.0, text=CSE118 Assignment 2, input-type=0, ime-target=false, has-links=false}
10-09 17:22:59.014  9995 10015 E TestRunner: |
10-09 17:22:59.014  9995 10015 E TestRunner: +------>ActionMenuView{id=-1, visibility=VISIBLE, width=0, height=154, has-focus=false, has-focusable=false, has-window-focus=true, is-clickable=false, is-enabled=true, is-focused=false, is-focusable=false, is-layout-requested=false, is-selected=false, layout-params=androidx.appcompat.widget.Toolbar$LayoutParams@a3177d6, tag=null, root-is-layout-requested=false, has-input-connection=false, x=1080.0, y=0.0, child-count=0}
10-09 17:22:59.014  9995 10015 E TestRunner: |
10-09 17:22:59.014  9995 10015 E TestRunner: +----->ActionBarContextView{id=2131230779, res-name=action_context_bar, visibility=GONE, width=0, height=0, has-focus=false, has-focusable=false, has-window-focus=true, is-clickable=false, is-enabled=true, is-focused=false, is-focusable=false, is-layout-requested=true, is-selected=false, layout-params=android.widget.FrameLayout$LayoutParams@f176a57, tag=null, root-is-layout-requested=false, has-input-connection=false, x=0.0, y=0.0, child-count=0}
10-09 17:22:59.014  9995 10015 E TestRunner: |
10-09 17:22:59.014  9995 10015 E TestRunner: +->View{id=16908336, res-name=navigationBarBackground, visibility=VISIBLE, width=1080, height=44, has-focus=false, has-focusable=false, has-window-focus=true, is-clickable=false, is-enabled=true, is-focused=false, is-focusable=false, is-layout-requested=false, is-selected=false, layout-params=android.widget.FrameLayout$LayoutParams@5a8f944, tag=null, root-is-layout-requested=false, has-input-connection=false, x=0.0, y=2296.0}
10-09 17:22:59.014  9995 10015 E TestRunner: |
10-09 17:22:59.014  9995 10015 E TestRunner: +->View{id=16908335, res-name=statusBarBackground, visibility=VISIBLE, width=1080, height=66, has-focus=false, has-focusable=false, has-window-focus=true, is-clickable=false, is-enabled=true, is-focused=false, is-focusable=false, is-layout-requested=false, is-selected=false, layout-params=android.widget.FrameLayout$LayoutParams@37d0a2d, tag=null, root-is-layout-requested=false, has-input-connection=false, x=0.0, y=0.0}
10-09 17:22:59.014  9995 10015 E TestRunner: 	at androidx.test.espresso.NoMatchingViewException$Builder.build(NoMatchingViewException.java:5)
10-09 17:22:59.014  9995 10015 E TestRunner: 	at androidx.test.espresso.base.ViewFinderImpl.getView(ViewFinderImpl.java:26)
10-09 17:22:59.014  9995 10015 E TestRunner: 	at androidx.test.espresso.ViewInteraction.doPerform(ViewInteraction.java:4)
10-09 17:22:59.014  9995 10015 E TestRunner: 	at androidx.test.espresso.ViewInteraction.access$100(ViewInteraction.java:1)
10-09 17:22:59.014  9995 10015 E TestRunner: 	at androidx.test.espresso.ViewInteraction$1.call(ViewInteraction.java:2)
10-09 17:22:59.014  9995 10015 E TestRunner: 	at androidx.test.espresso.ViewInteraction$1.call(ViewInteraction.java:1)
10-09 17:22:59.014  9995 10015 E TestRunner: 	at java.util.concurrent.FutureTask.run(FutureTask.java:266)
10-09 17:22:59.014  9995 10015 E TestRunner: 	at android.os.Handler.handleCallback(Handler.java:938)
10-09 17:22:59.014  9995 10015 E TestRunner: 	at android.os.Handler.dispatchMessage(Handler.java:99)
10-09 17:22:59.014  9995 10015 E TestRunner: 	at android.os.Looper.loopOnce(Looper.java:201)
10-09 17:22:59.014  9995 10015 E TestRunner: 	at android.os.Looper.loop(Looper.java:288)
10-09 17:22:59.014  9995 10015 E TestRunner: 	at android.app.ActivityThread.main(ActivityThread.java:7842)
10-09 17:22:59.014  9995 10015 E TestRunner: 	at java.lang.reflect.Method.invoke(Native Method)
10-09 17:22:59.014  9995 10015 E TestRunner: 	at com.android.internal.os.RuntimeInit$MethodAndArgsCaller.run(RuntimeInit.java:548)
10-09 17:22:59.014  9995 10015 E TestRunner: 	at com.android.internal.os.ZygoteInit.main(ZygoteInit.java:1003)
10-09 17:22:59.014  9995 10015 E TestRunner: ----- end exception -----
10-09 17:22:59.015  9995 10015 I TestRunner: finished: invisible_message_not_shown(edu.ucsc.cse118.assignment2.AdvancedInstrumentedTest)
