10-09 17:22:58.082  9995 10015 I TestRunner: started: visible_message_date(edu.ucsc.cse118.assignment2.AdvancedInstrumentedTest)
10-09 17:22:58.082   565  3205 W InputReader: Device virtio_input_multi_touch_2 is associated with display ADISPLAY_ID_NONE.
10-09 17:22:58.082   565  3205 W InputReader: Device virtio_input_multi_touch_3 is associated with display ADISPLAY_ID_NONE.
10-09 17:22:58.082   565  3205 W InputReader: Device virtio_input_multi_touch_5 is associated with display ADISPLAY_ID_NONE.
10-09 17:22:58.082   565  3205 W InputReader: Device virtio_input_multi_touch_7 is associated with display ADISPLAY_ID_NONE.
10-09 17:22:58.082   565  3205 W InputReader: Device virtio_input_multi_touch_11 is associated with display ADISPLAY_ID_NONE.
10-09 17:22:58.082   565  3205 W InputReader: Device virtio_input_multi_touch_6 is associated with display ADISPLAY_ID_NONE.
10-09 17:22:58.082   565  3205 W InputReader: Device virtio_input_multi_touch_4 is associated with display ADISPLAY_ID_NONE.
10-09 17:22:58.082   565  3205 W InputReader: Device virtio_input_multi_touch_9 is associated with display ADISPLAY_ID_NONE.
10-09 17:22:58.082   565  3205 W InputReader: Device virtio_input_multi_touch_8 is associated with display ADISPLAY_ID_NONE.
10-09 17:22:58.082   565  3205 W InputReader: Device virtio_input_multi_touch_10 is associated with display ADISPLAY_ID_NONE.
10-09 17:22:58.083   565  3205 W InputReader: Device virtio_input_multi_touch_2 is associated with display ADISPLAY_ID_NONE.
10-09 17:22:58.083   565  3205 W InputReader: Device virtio_input_multi_touch_3 is associated with display ADISPLAY_ID_NONE.
10-09 17:22:58.083   565  3205 W InputReader: Device virtio_input_multi_touch_5 is associated with display ADISPLAY_ID_NONE.
10-09 17:22:58.083   565  3205 W InputReader: Device virtio_input_multi_touch_7 is associated with display ADISPLAY_ID_NONE.
10-09 17:22:58.083   565  3205 W InputReader: Device virtio_input_multi_touch_11 is associated with display ADISPLAY_ID_NONE.
10-09 17:22:58.083   565  3205 W InputReader: Device virtio_input_multi_touch_6 is associated with display ADISPLAY_ID_NONE.
10-09 17:22:58.083   565  3205 W InputReader: Device virtio_input_multi_touch_4 is associated with display ADISPLAY_ID_NONE.
10-09 17:22:58.083   565  3205 W InputReader: Device virtio_input_multi_touch_9 is associated with display ADISPLAY_ID_NONE.
10-09 17:22:58.083   565  3205 W InputReader: Device virtio_input_multi_touch_8 is associated with display ADISPLAY_ID_NONE.
10-09 17:22:58.083   565  3205 W InputReader: Device virtio_input_multi_touch_10 is associated with display ADISPLAY_ID_NONE.
10-09 17:22:58.095  9995 10015 W Settings: Setting always_finish_activities has moved from android.provider.Settings.System to android.provider.Settings.Global, returning read-only value.
10-09 17:22:58.099  7067  9918 D BatteryInfo: time for getStats: 0ms
10-09 17:22:58.101  7067  9918 D BatteryInfo: time for regular BatteryInfo: 2ms
10-09 17:22:58.102  7067  9918 D BatteryInfo: time for getBatteryInfo: 1ms
10-09 17:22:58.122   863   942 D SplashScreenView: Build android.window.SplashScreenView{a6f74dc V.E...... ......ID 0,0-0,0}
10-09 17:22:58.122   863   942 D SplashScreenView: Icon: view: null drawable: null size: 0
10-09 17:22:58.122   863   942 D SplashScreenView: Branding: view: android.view.View{537f9e5 G.ED..... ......I. 0,0-0,0 #10204a9 android:id/splashscreen_branding_view} drawable: null size w: 0 h: 0
10-09 17:22:58.131  7067  7093 D BatteryTipLoader: BatteryInfoLoader post query: 3ms
10-09 17:22:58.132  7067  7093 D BatteryInfo: time for getBatteryInfo: 1ms
10-09 17:22:58.132  7067  7093 D BatteryTipLoader: BatteryInfoLoader.loadInBackground: 4ms
10-09 17:22:58.162   365   424 D goldfish-address-space: claimShared: Ask to claim region [0x1f0000000 0x1f09a4000]
10-09 17:22:58.169   365   424 D goldfish-address-space: claimShared: Ask to claim region [0x1f15fc000 0x1f1fa0000]
10-09 17:22:58.170   365   425 D goldfish-address-space: claimShared: Ask to claim region [0x1f462c000 0x1f4fd0000]
10-09 17:22:58.172   365   425 D goldfish-address-space: claimShared: Ask to claim region [0x1f4fd0000 0x1f5974000]
10-09 17:22:58.174   365   425 D goldfish-address-space: claimShared: Ask to claim region [0x1f8000000 0x1f89a4000]
10-09 17:22:58.175   365   425 D goldfish-address-space: claimShared: Ask to claim region [0x1fe318000 0x1fecbc000]
10-09 17:22:58.185  9995 10004 I 118.assignment: Background concurrent copying GC freed 235944(16MB) AllocSpace objects, 254(5520KB) LOS objects, 49% free, 4977KB/9954KB, paused 27us,17us total 111.462ms
10-09 17:22:58.201  7067  7067 D ContextualSuggestFrag: loadSuggestions
10-09 17:22:58.201  7067  7067 D ContextualSuggestFrag: loadSuggestions
10-09 17:22:58.201  7067  7103 D ContextualSuggestFrag: Start loading suggestions
10-09 17:22:58.201  7067  7096 D ContextualSuggestFrag: Start loading suggestions
10-09 17:22:58.203  7067  7067 D BatteryInfo: time for callback: 0ms
10-09 17:22:58.205  7067  7103 D ContextualSuggestFrag: Loaded suggests: 0
10-09 17:22:58.205  7067  7096 D ContextualSuggestFrag: Loaded suggests: 0
10-09 17:22:58.211   863   891 I ndroid.systemu: NativeAlloc concurrent copying GC freed 29898(1454KB) AllocSpace objects, 0(0B) LOS objects, 49% free, 14MB/29MB, paused 37us,17us total 159.865ms
10-09 17:22:58.217  7067  7093 D BatteryTipLoader: BatteryInfoLoader post query: 2ms
10-09 17:22:58.217  7067  7093 D BatteryInfo: time for getBatteryInfo: 0ms
10-09 17:22:58.217  7067  7093 D BatteryTipLoader: BatteryInfoLoader.loadInBackground: 2ms
10-09 17:22:58.217   565  2077 W InputReader: Device virtio_input_multi_touch_2 is associated with display ADISPLAY_ID_NONE.
10-09 17:22:58.217   565  2077 W InputReader: Device virtio_input_multi_touch_3 is associated with display ADISPLAY_ID_NONE.
10-09 17:22:58.217   565  2077 W InputReader: Device virtio_input_multi_touch_5 is associated with display ADISPLAY_ID_NONE.
10-09 17:22:58.217   565  2077 W InputReader: Device virtio_input_multi_touch_7 is associated with display ADISPLAY_ID_NONE.
10-09 17:22:58.217   565  2077 W InputReader: Device virtio_input_multi_touch_11 is associated with display ADISPLAY_ID_NONE.
10-09 17:22:58.217   565  2077 W InputReader: Device virtio_input_multi_touch_6 is associated with display ADISPLAY_ID_NONE.
10-09 17:22:58.217   565  2077 W InputReader: Device virtio_input_multi_touch_4 is associated with display ADISPLAY_ID_NONE.
10-09 17:22:58.217   565  2077 W InputReader: Device virtio_input_multi_touch_9 is associated with display ADISPLAY_ID_NONE.
10-09 17:22:58.217   565  2077 W InputReader: Device virtio_input_multi_touch_8 is associated with display ADISPLAY_ID_NONE.
10-09 17:22:58.217   565  2077 W InputReader: Device virtio_input_multi_touch_10 is associated with display ADISPLAY_ID_NONE.
10-09 17:22:58.217   565  2077 W InputReader: Device virtio_input_multi_touch_2 is associated with display ADISPLAY_ID_NONE.
10-09 17:22:58.217   565  2077 W InputReader: Device virtio_input_multi_touch_3 is associated with display ADISPLAY_ID_NONE.
10-09 17:22:58.217   565  2077 W InputReader: Device virtio_input_multi_touch_5 is associated with display ADISPLAY_ID_NONE.
10-09 17:22:58.217   565  2077 W InputReader: Device virtio_input_multi_touch_7 is associated with display ADISPLAY_ID_NONE.
10-09 17:22:58.217   565  2077 W InputReader: Device virtio_input_multi_touch_11 is associated with display ADISPLAY_ID_NONE.
10-09 17:22:58.217   565  2077 W InputReader: Device virtio_input_multi_touch_6 is associated with display ADISPLAY_ID_NONE.
10-09 17:22:58.217   565  2077 W InputReader: Device virtio_input_multi_touch_4 is associated with display ADISPLAY_ID_NONE.
10-09 17:22:58.217   565  2077 W InputReader: Device virtio_input_multi_touch_9 is associated with display ADISPLAY_ID_NONE.
10-09 17:22:58.217   565  2077 W InputReader: Device virtio_input_multi_touch_8 is associated with display ADISPLAY_ID_NONE.
10-09 17:22:58.217   565  2077 W InputReader: Device virtio_input_multi_touch_10 is associated with display ADISPLAY_ID_NONE.
10-09 17:22:58.221   365   425 D goldfish-address-space: claimShared: Ask to claim region [0x1f3224000 0x1f3850000]
10-09 17:22:58.229   863   945 D EGL_emulation: app_time_stats: avg=174.52ms min=82.58ms max=274.15ms count=6
10-09 17:22:58.253   863   945 D EGL_emulation: app_time_stats: avg=504.91ms min=63.84ms max=945.98ms count=2
10-09 17:22:58.258  7067  7067 D ContextualSuggestFrag: Remove suggestion
10-09 17:22:58.258  7067  7067 D ContextualSuggestFrag: Total loading time: 56 ms
10-09 17:22:58.258  7067  7067 D ContextualSuggestFrag: Remove suggestion
10-09 17:22:58.258  7067  7067 D ContextualSuggestFrag: Total loading time: 56 ms
10-09 17:22:58.262   565  2071 W InputManager-JNI: Input channel object '5f3d216 edu.ucsc.cse118.assignment2.test/androidx.test.core.app.InstrumentationActivityInvoker$EmptyActivity (client)' was disposed without first being removed with the input manager!
10-09 17:22:58.267   565  2071 W InputReader: Device virtio_input_multi_touch_2 is associated with display ADISPLAY_ID_NONE.
10-09 17:22:58.268   565  2071 W InputReader: Device virtio_input_multi_touch_3 is associated with display ADISPLAY_ID_NONE.
10-09 17:22:58.268   565  2071 W InputReader: Device virtio_input_multi_touch_5 is associated with display ADISPLAY_ID_NONE.
10-09 17:22:58.268   565  2071 W InputReader: Device virtio_input_multi_touch_7 is associated with display ADISPLAY_ID_NONE.
10-09 17:22:58.268   565  2071 W InputReader: Device virtio_input_multi_touch_11 is associated with display ADISPLAY_ID_NONE.
10-09 17:22:58.268   565  2071 W InputReader: Device virtio_input_multi_touch_6 is associated with display ADISPLAY_ID_NONE.
10-09 17:22:58.268   565  2071 W InputReader: Device virtio_input_multi_touch_4 is associated with display ADISPLAY_ID_NONE.
10-09 17:22:58.268   565  2071 W InputReader: Device virtio_input_multi_touch_9 is associated with display ADISPLAY_ID_NONE.
10-09 17:22:58.268   565  2071 W InputReader: Device virtio_input_multi_touch_8 is associated with display ADISPLAY_ID_NONE.
10-09 17:22:58.269   565  2071 W InputReader: Device virtio_input_multi_touch_10 is associated with display ADISPLAY_ID_NONE.
10-09 17:22:58.269   565  2071 W InputReader: Device virtio_input_multi_touch_2 is associated with display ADISPLAY_ID_NONE.
10-09 17:22:58.269   565  2071 W InputReader: Device virtio_input_multi_touch_3 is associated with display ADISPLAY_ID_NONE.
10-09 17:22:58.269   565  2071 W InputReader: Device virtio_input_multi_touch_5 is associated with display ADISPLAY_ID_NONE.
10-09 17:22:58.269   565  2071 W InputReader: Device virtio_input_multi_touch_7 is associated with display ADISPLAY_ID_NONE.
10-09 17:22:58.269   565  2071 W InputReader: Device virtio_input_multi_touch_11 is associated with display ADISPLAY_ID_NONE.
10-09 17:22:58.269   565  2071 W InputReader: Device virtio_input_multi_touch_6 is associated with display ADISPLAY_ID_NONE.
10-09 17:22:58.269   565  2071 W InputReader: Device virtio_input_multi_touch_4 is associated with display ADISPLAY_ID_NONE.
10-09 17:22:58.269   565  2071 W InputReader: Device virtio_input_multi_touch_9 is associated with display ADISPLAY_ID_NONE.
10-09 17:22:58.269   565  2071 W InputReader: Device virtio_input_multi_touch_8 is associated with display ADISPLAY_ID_NONE.
10-09 17:22:58.269   565  2071 W InputReader: Device virtio_input_multi_touch_10 is associated with display ADISPLAY_ID_NONE.
10-09 17:22:58.281  9995  9995 D LifecycleMonitor: Lifecycle status change: edu.ucsc.cse118.assignment2.MainActivity@ada80d4 in: PRE_ON_CREATE
10-09 17:22:58.282  9995  9995 V ActivityScenario: Activity lifecycle changed event received but ignored because the reported transition was not ON_CREATE while the last known transition was PRE_ON_CREATE
10-09 17:22:58.291  9995  9995 D LifecycleMonitor: Lifecycle status change: edu.ucsc.cse118.assignment2.MainActivity@ada80d4 in: CREATED
10-09 17:22:58.291  9995  9995 V ActivityScenario: Update currentActivityStage to CREATED, currentActivity=edu.ucsc.cse118.assignment2.MainActivity@ada80d4
10-09 17:22:58.292  9995  9995 D LifecycleMonitor: Lifecycle status change: edu.ucsc.cse118.assignment2.MainActivity@ada80d4 in: STARTED
10-09 17:22:58.292  9995  9995 V ActivityScenario: Update currentActivityStage to STARTED, currentActivity=edu.ucsc.cse118.assignment2.MainActivity@ada80d4
10-09 17:22:58.293  9995  9995 D LifecycleMonitor: Lifecycle status change: edu.ucsc.cse118.assignment2.MainActivity@ada80d4 in: RESUMED
10-09 17:22:58.293  9995  9995 V ActivityScenario: Update currentActivityStage to RESUMED, currentActivity=edu.ucsc.cse118.assignment2.MainActivity@ada80d4
10-09 17:22:58.297   565   575 I system_server: NativeAlloc concurrent copying GC freed 187955(9298KB) AllocSpace objects, 52(2080KB) LOS objects, 49% free, 20MB/40MB, paused 36us,36us total 248.753ms
10-09 17:22:58.308   365   425 D goldfish-address-space: claimShared: Ask to claim region [0x1f1fa0000 0x1f2944000]
10-09 17:22:58.311   365   425 D goldfish-address-space: claimShared: Ask to claim region [0x1f09a4000 0x1f1348000]
10-09 17:22:58.312   365   425 D goldfish-address-space: claimShared: Ask to claim region [0x1f5974000 0x1f6318000]
10-09 17:22:58.317   565   606 I ActivityTaskManager: Displayed edu.ucsc.cse118.assignment2/.MainActivity: +200ms
10-09 17:22:58.319  9995  9995 D RootViewPicker: Root not ready - waiting: 10ms for one to appear.
10-09 17:22:58.321   565  2071 W InputManager-JNI: Input channel object '41b0de4 Splash Screen edu.ucsc.cse118.assignment2.test (client)' was disposed without first being removed with the input manager!
10-09 17:22:58.330  9995  9995 D RootViewPicker: Root not ready - waiting: 25ms for one to appear.
10-09 17:22:58.339  1570  1570 I GoogleInputMethodService: GoogleInputMethodService.onFinishInput():3269
10-09 17:22:58.339  1570  1570 I GoogleInputMethodService: GoogleInputMethodService.onStartInput():1947
10-09 17:22:58.340  1570  1570 I DeviceUnlockedTag: DeviceUnlockedTag.notifyDeviceLockStatusChanged():79 Notify device unlocked.
10-09 17:22:58.365  9995  9995 D LifecycleMonitor: Lifecycle status change: edu.ucsc.cse118.assignment2.MainActivity@ada80d4 in: PAUSED
10-09 17:22:58.365  9995  9995 V ActivityScenario: Update currentActivityStage to PAUSED, currentActivity=edu.ucsc.cse118.assignment2.MainActivity@ada80d4
10-09 17:22:58.366   565   849 W InputReader: Device virtio_input_multi_touch_2 is associated with display ADISPLAY_ID_NONE.
10-09 17:22:58.366   565   849 W InputReader: Device virtio_input_multi_touch_3 is associated with display ADISPLAY_ID_NONE.
10-09 17:22:58.366   565   849 W InputReader: Device virtio_input_multi_touch_5 is associated with display ADISPLAY_ID_NONE.
10-09 17:22:58.366   565   849 W InputReader: Device virtio_input_multi_touch_7 is associated with display ADISPLAY_ID_NONE.
10-09 17:22:58.366   565   849 W InputReader: Device virtio_input_multi_touch_11 is associated with display ADISPLAY_ID_NONE.
10-09 17:22:58.366   565   849 W InputReader: Device virtio_input_multi_touch_6 is associated with display ADISPLAY_ID_NONE.
10-09 17:22:58.366   565   849 W InputReader: Device virtio_input_multi_touch_4 is associated with display ADISPLAY_ID_NONE.
10-09 17:22:58.366   565   849 W InputReader: Device virtio_input_multi_touch_9 is associated with display ADISPLAY_ID_NONE.
10-09 17:22:58.366   565   849 W InputReader: Device virtio_input_multi_touch_8 is associated with display ADISPLAY_ID_NONE.
10-09 17:22:58.366   565   849 W InputReader: Device virtio_input_multi_touch_10 is associated with display ADISPLAY_ID_NONE.
10-09 17:22:58.366   565   849 W InputReader: Device virtio_input_multi_touch_2 is associated with display ADISPLAY_ID_NONE.
10-09 17:22:58.366   565   849 W InputReader: Device virtio_input_multi_touch_3 is associated with display ADISPLAY_ID_NONE.
10-09 17:22:58.366   565   849 W InputReader: Device virtio_input_multi_touch_5 is associated with display ADISPLAY_ID_NONE.
10-09 17:22:58.366   565   849 W InputReader: Device virtio_input_multi_touch_7 is associated with display ADISPLAY_ID_NONE.
10-09 17:22:58.366   565   849 W InputReader: Device virtio_input_multi_touch_11 is associated with display ADISPLAY_ID_NONE.
10-09 17:22:58.366   565   849 W InputReader: Device virtio_input_multi_touch_6 is associated with display ADISPLAY_ID_NONE.
10-09 17:22:58.366   565   849 W InputReader: Device virtio_input_multi_touch_4 is associated with display ADISPLAY_ID_NONE.
10-09 17:22:58.366   565   849 W InputReader: Device virtio_input_multi_touch_9 is associated with display ADISPLAY_ID_NONE.
10-09 17:22:58.366   565   849 W InputReader: Device virtio_input_multi_touch_8 is associated with display ADISPLAY_ID_NONE.
10-09 17:22:58.366   565   849 W InputReader: Device virtio_input_multi_touch_10 is associated with display ADISPLAY_ID_NONE.
10-09 17:22:58.389   365   425 D goldfish-address-space: claimShared: Ask to claim region [0x1f0000000 0x1f09a4000]
10-09 17:22:58.390   365   425 D goldfish-address-space: claimShared: Ask to claim region [0x1f1348000 0x1f1cec000]
10-09 17:22:58.391   365   425 D goldfish-address-space: claimShared: Ask to claim region [0x1f6318000 0x1f6cbc000]
10-09 17:22:58.397   565   849 W InputReader: Device virtio_input_multi_touch_2 is associated with display ADISPLAY_ID_NONE.
10-09 17:22:58.397   565   849 W InputReader: Device virtio_input_multi_touch_3 is associated with display ADISPLAY_ID_NONE.
10-09 17:22:58.397   565   849 W InputReader: Device virtio_input_multi_touch_5 is associated with display ADISPLAY_ID_NONE.
10-09 17:22:58.397   565   849 W InputReader: Device virtio_input_multi_touch_7 is associated with display ADISPLAY_ID_NONE.
10-09 17:22:58.397   565   849 W InputReader: Device virtio_input_multi_touch_11 is associated with display ADISPLAY_ID_NONE.
10-09 17:22:58.397   565   849 W InputReader: Device virtio_input_multi_touch_6 is associated with display ADISPLAY_ID_NONE.
10-09 17:22:58.397   565   849 W InputReader: Device virtio_input_multi_touch_4 is associated with display ADISPLAY_ID_NONE.
10-09 17:22:58.397   565   849 W InputReader: Device virtio_input_multi_touch_9 is associated with display ADISPLAY_ID_NONE.
10-09 17:22:58.397   565   849 W InputReader: Device virtio_input_multi_touch_8 is associated with display ADISPLAY_ID_NONE.
10-09 17:22:58.397   565   849 W InputReader: Device virtio_input_multi_touch_10 is associated with display ADISPLAY_ID_NONE.
10-09 17:22:58.397   565   849 W InputReader: Device virtio_input_multi_touch_2 is associated with display ADISPLAY_ID_NONE.
10-09 17:22:58.397   565   849 W InputReader: Device virtio_input_multi_touch_3 is associated with display ADISPLAY_ID_NONE.
10-09 17:22:58.397   565   849 W InputReader: Device virtio_input_multi_touch_5 is associated with display ADISPLAY_ID_NONE.
10-09 17:22:58.397   565   849 W InputReader: Device virtio_input_multi_touch_7 is associated with display ADISPLAY_ID_NONE.
10-09 17:22:58.397   565   849 W InputReader: Device virtio_input_multi_touch_11 is associated with display ADISPLAY_ID_NONE.
10-09 17:22:58.397   565   849 W InputReader: Device virtio_input_multi_touch_6 is associated with display ADISPLAY_ID_NONE.
10-09 17:22:58.397   565   849 W InputReader: Device virtio_input_multi_touch_4 is associated with display ADISPLAY_ID_NONE.
10-09 17:22:58.397   565   849 W InputReader: Device virtio_input_multi_touch_9 is associated with display ADISPLAY_ID_NONE.
10-09 17:22:58.397   565   849 W InputReader: Device virtio_input_multi_touch_8 is associated with display ADISPLAY_ID_NONE.
10-09 17:22:58.397   565   849 W InputReader: Device virtio_input_multi_touch_10 is associated with display ADISPLAY_ID_NONE.
10-09 17:22:58.427   365   425 D goldfish-address-space: claimShared: Ask to claim region [0x1f6cbc000 0x1f7660000]
10-09 17:22:58.428   365   425 D goldfish-address-space: claimShared: Ask to claim region [0x1f4000000 0x1f49a4000]
10-09 17:22:58.428   365   425 D goldfish-address-space: claimShared: Ask to claim region [0x1f49a4000 0x1f5348000]
10-09 17:22:58.437   565   606 I ActivityTaskManager: Displayed edu.ucsc.cse118.assignment2.test/androidx.test.core.app.InstrumentationActivityInvoker$EmptyActivity: +62ms
10-09 17:22:58.440   365   425 D goldfish-address-space: claimShared: Ask to claim region [0x1f1348000 0x1f1974000]
10-09 17:22:58.449   565  2071 W InputManager-JNI: Input channel object '8b0cebe edu.ucsc.cse118.assignment2.test/androidx.test.core.app.InstrumentationActivityInvoker$EmptyActivity (client)' was disposed without first being removed with the input manager!
10-09 17:22:58.452   565  2071 W InputReader: Device virtio_input_multi_touch_2 is associated with display ADISPLAY_ID_NONE.
10-09 17:22:58.452   565  2071 W InputReader: Device virtio_input_multi_touch_3 is associated with display ADISPLAY_ID_NONE.
10-09 17:22:58.452   565  2071 W InputReader: Device virtio_input_multi_touch_5 is associated with display ADISPLAY_ID_NONE.
10-09 17:22:58.452   565  2071 W InputReader: Device virtio_input_multi_touch_7 is associated with display ADISPLAY_ID_NONE.
10-09 17:22:58.452   565  2071 W InputReader: Device virtio_input_multi_touch_11 is associated with display ADISPLAY_ID_NONE.
10-09 17:22:58.452   565  2071 W InputReader: Device virtio_input_multi_touch_6 is associated with display ADISPLAY_ID_NONE.
10-09 17:22:58.452   565  2071 W InputReader: Device virtio_input_multi_touch_4 is associated with display ADISPLAY_ID_NONE.
10-09 17:22:58.452   565  2071 W InputReader: Device virtio_input_multi_touch_9 is associated with display ADISPLAY_ID_NONE.
10-09 17:22:58.452   565  2071 W InputReader: Device virtio_input_multi_touch_8 is associated with display ADISPLAY_ID_NONE.
10-09 17:22:58.452   565  2071 W InputReader: Device virtio_input_multi_touch_10 is associated with display ADISPLAY_ID_NONE.
10-09 17:22:58.452   565  2071 W InputReader: Device virtio_input_multi_touch_2 is associated with display ADISPLAY_ID_NONE.
10-09 17:22:58.452   565  2071 W InputReader: Device virtio_input_multi_touch_3 is associated with display ADISPLAY_ID_NONE.
10-09 17:22:58.452   565  2071 W InputReader: Device virtio_input_multi_touch_5 is associated with display ADISPLAY_ID_NONE.
10-09 17:22:58.452   565  2071 W InputReader: Device virtio_input_multi_touch_7 is associated with display ADISPLAY_ID_NONE.
10-09 17:22:58.452   565  2071 W InputReader: Device virtio_input_multi_touch_11 is associated with display ADISPLAY_ID_NONE.
10-09 17:22:58.452   565  2071 W InputReader: Device virtio_input_multi_touch_6 is associated with display ADISPLAY_ID_NONE.
10-09 17:22:58.452   565  2071 W InputReader: Device virtio_input_multi_touch_4 is associated with display ADISPLAY_ID_NONE.
10-09 17:22:58.452   565  2071 W InputReader: Device virtio_input_multi_touch_9 is associated with display ADISPLAY_ID_NONE.
10-09 17:22:58.452   565  2071 W InputReader: Device virtio_input_multi_touch_8 is associated with display ADISPLAY_ID_NONE.
10-09 17:22:58.452   565  2071 W InputReader: Device virtio_input_multi_touch_10 is associated with display ADISPLAY_ID_NONE.
10-09 17:22:58.458  9995  9995 D LifecycleMonitor: Lifecycle status change: edu.ucsc.cse118.assignment2.MainActivity@ada80d4 in: STOPPED
10-09 17:22:58.458  9995  9995 V ActivityScenario: Update currentActivityStage to STOPPED, currentActivity=edu.ucsc.cse118.assignment2.MainActivity@ada80d4
10-09 17:22:58.459  9995  9995 D LifecycleMonitor: Lifecycle status change: edu.ucsc.cse118.assignment2.MainActivity@ada80d4 in: DESTROYED
10-09 17:22:58.459  9995  9995 V ActivityScenario: Update currentActivityStage to DESTROYED, currentActivity=null
10-09 17:22:58.459  9995 10015 E TestRunner: failed: visible_message_date(edu.ucsc.cse118.assignment2.AdvancedInstrumentedTest)
10-09 17:22:58.459  9995 10015 E TestRunner: ----- begin exception -----
10-09 17:22:58.460  9995 10015 E TestRunner: com.adevinta.android.barista.internal.failurehandler.BaristaException: Could not perform action single click on view (an instance of android.widget.TextView and view.getText() with or without transformation to match: is "LOGIN" or (view.getParent() is assignable from class <class com.google.android.material.textfield.TextInputLayout> and (view is an instance of android.view.ViewGroup and has descendant matching an instance of android.widget.TextView and view.getText() with or without transformation to match: is "LOGIN")))
10-09 17:22:58.460  9995 10015 E TestRunner: 	at com.adevinta.android.barista.internal.failurehandler.SpyFailureHandler.resendFirstError(SpyFailureHandler.kt:25)
10-09 17:22:58.460  9995 10015 E TestRunner: 	at com.adevinta.android.barista.internal.PerformActionKt.performActionOnView(PerformAction.kt:50)
10-09 17:22:58.460  9995 10015 E TestRunner: 	at com.adevinta.android.barista.internal.PerformActionKt.performAction(PerformAction.kt:26)
10-09 17:22:58.460  9995 10015 E TestRunner: 	at com.adevinta.android.barista.interaction.BaristaClickInteractions.clickOn(BaristaClickInteractions.kt:24)
10-09 17:22:58.460  9995 10015 E TestRunner: 	at edu.ucsc.cse118.assignment2.AdvancedInstrumentedTest.goToWorkspace(AdvancedInstrumentedTest.kt:25)
10-09 17:22:58.460  9995 10015 E TestRunner: 	at edu.ucsc.cse118.assignment2.AdvancedInstrumentedTest.goToChannel(AdvancedInstrumentedTest.kt:30)
10-09 17:22:58.460  9995 10015 E TestRunner: 	at edu.ucsc.cse118.assignment2.AdvancedInstrumentedTest.visible_message_date(AdvancedInstrumentedTest.kt:90)
10-09 17:22:58.460  9995 10015 E TestRunner: 	at java.lang.reflect.Method.invoke(Native Method)
10-09 17:22:58.460  9995 10015 E TestRunner: 	at org.junit.runners.model.FrameworkMethod$1.runReflectiveCall(FrameworkMethod.java:59)
10-09 17:22:58.460  9995 10015 E TestRunner: 	at org.junit.internal.runners.model.ReflectiveCallable.run(ReflectiveCallable.java:12)
10-09 17:22:58.460  9995 10015 E TestRunner: 	at org.junit.runners.model.FrameworkMethod.invokeExplosively(FrameworkMethod.java:56)
10-09 17:22:58.460  9995 10015 E TestRunner: 	at org.junit.internal.runners.statements.InvokeMethod.evaluate(InvokeMethod.java:17)
10-09 17:22:58.460  9995 10015 E TestRunner: 	at org.junit.rules.ExternalResource$1.evaluate(ExternalResource.java:54)
10-09 17:22:58.460  9995 10015 E TestRunner: 	at org.junit.runners.ParentRunner$3.evaluate(ParentRunner.java:306)
10-09 17:22:58.460  9995 10015 E TestRunner: 	at org.junit.runners.BlockJUnit4ClassRunner$1.evaluate(BlockJUnit4ClassRunner.java:100)
10-09 17:22:58.460  9995 10015 E TestRunner: 	at org.junit.runners.ParentRunner.runLeaf(ParentRunner.java:366)
10-09 17:22:58.460  9995 10015 E TestRunner: 	at org.junit.runners.BlockJUnit4ClassRunner.runChild(BlockJUnit4ClassRunner.java:103)
10-09 17:22:58.460  9995 10015 E TestRunner: 	at org.junit.runners.BlockJUnit4ClassRunner.runChild(BlockJUnit4ClassRunner.java:63)
10-09 17:22:58.460  9995 10015 E TestRunner: 	at org.junit.runners.ParentRunner$4.run(ParentRunner.java:331)
10-09 17:22:58.460  9995 10015 E TestRunner: 	at org.junit.runners.ParentRunner$1.schedule(ParentRunner.java:79)
10-09 17:22:58.460  9995 10015 E TestRunner: 	at org.junit.runners.ParentRunner.runChildren(ParentRunner.java:329)
10-09 17:22:58.460  9995 10015 E TestRunner: 	at org.junit.runners.ParentRunner.access$100(ParentRunner.java:66)
10-09 17:22:58.460  9995 10015 E TestRunner: 	at org.junit.runners.ParentRunner$2.evaluate(ParentRunner.java:293)
10-09 17:22:58.460  9995 10015 E TestRunner: 	at org.junit.runners.ParentRunner$3.evaluate(ParentRunner.java:306)
10-09 17:22:58.460  9995 10015 E TestRunner: 	at org.junit.runners.ParentRunner.run(ParentRunner.java:413)
10-09 17:22:58.460  9995 10015 E TestRunner: 	at androidx.test.ext.junit.runners.AndroidJUnit4.run(AndroidJUnit4.java:162)
10-09 17:22:58.460  9995 10015 E TestRunner: 	at org.junit.runners.Suite.runChild(Suite.java:128)
10-09 17:22:58.460  9995 10015 E TestRunner: 	at org.junit.runners.Suite.runChild(Suite.java:27)
10-09 17:22:58.460  9995 10015 E TestRunner: 	at org.junit.runners.ParentRunner$4.run(ParentRunner.java:331)
10-09 17:22:58.460  9995 10015 E TestRunner: 	at org.junit.runners.ParentRunner$1.schedule(ParentRunner.java:79)
10-09 17:22:58.460  9995 10015 E TestRunner: 	at org.junit.runners.ParentRunner.runChildren(ParentRunner.java:329)
10-09 17:22:58.460  9995 10015 E TestRunner: 	at org.junit.runners.ParentRunner.access$100(ParentRunner.java:66)
10-09 17:22:58.460  9995 10015 E TestRunner: 	at org.junit.runners.ParentRunner$2.evaluate(ParentRunner.java:293)
10-09 17:22:58.460  9995 10015 E TestRunner: 	at org.junit.runners.ParentRunner$3.evaluate(ParentRunner.java:306)
10-09 17:22:58.460  9995 10015 E TestRunner: 	at org.junit.runners.ParentRunner.run(ParentRunner.java:413)
10-09 17:22:58.460  9995 10015 E TestRunner: 	at org.junit.runner.JUnitCore.run(JUnitCore.java:137)
10-09 17:22:58.460  9995 10015 E TestRunner: 	at org.junit.runner.JUnitCore.run(JUnitCore.java:115)
10-09 17:22:58.460  9995 10015 E TestRunner: 	at androidx.test.internal.runner.TestExecutor.execute(TestExecutor.java:56)
10-09 17:22:58.460  9995 10015 E TestRunner: 	at androidx.test.runner.AndroidJUnitRunner.onStart(AndroidJUnitRunner.java:444)
10-09 17:22:58.460  9995 10015 E TestRunner: 	at android.app.Instrumentation$InstrumentationThread.run(Instrumentation.java:2278)
10-09 17:22:58.460  9995 10015 E TestRunner: Caused by: androidx.test.espresso.NoMatchingViewException: No views in hierarchy found matching: ((view has effective visibility <VISIBLE> and view.getGlobalVisibleRect() to return non-empty rectangle) and (an instance of android.widget.TextView and view.getText() with or without transformation to match: is "LOGIN" or (view.getParent() is assignable from class <class com.google.android.material.textfield.TextInputLayout> and (view is an instance of android.view.ViewGroup and has descendant matching an instance of android.widget.TextView and view.getText() with or without transformation to match: is "LOGIN"))))
10-09 17:22:58.460  9995 10015 E TestRunner:
10-09 17:22:58.460  9995 10015 E TestRunner: View Hierarchy:
10-09 17:22:58.460  9995 10015 E TestRunner: +>DecorView{id=-1, visibility=VISIBLE, width=1080, height=2340, has-focus=false, has-focusable=false, has-window-focus=true, is-clickable=false, is-enabled=true, is-focused=false, is-focusable=false, is-layout-requested=false, is-selected=false, layout-params={(0,0)(fillxfill) ty=BASE_APPLICATION wanim=0x10302fe
10-09 17:22:58.460  9995 10015 E TestRunner:   fl=LAYOUT_IN_SCREEN LAYOUT_INSET_DECOR SPLIT_TOUCH HARDWARE_ACCELERATED DRAWS_SYSTEM_BAR_BACKGROUNDS
10-09 17:22:58.460  9995 10015 E TestRunner:   pfl=NO_MOVE_ANIMATION FORCE_DRAW_STATUS_BAR_BACKGROUND FIT_INSETS_CONTROLLED
10-09 17:22:58.460  9995 10015 E TestRunner:   bhv=DEFAULT
10-09 17:22:58.460  9995 10015 E TestRunner:   fitSides=}, tag=null, root-is-layout-requested=false, has-input-connection=false, x=0.0, y=0.0, child-count=3}
10-09 17:22:58.460  9995 10015 E TestRunner: |
10-09 17:22:58.460  9995 10015 E TestRunner: +->LinearLayout{id=-1, visibility=VISIBLE, width=1080, height=2296, has-focus=false, has-focusable=false, has-window-focus=true, is-clickable=false, is-enabled=true, is-focused=false, is-focusable=false, is-layout-requested=false, is-selected=false, layout-params=android.widget.FrameLayout$LayoutParams@861f991, tag=null, root-is-layout-requested=false, has-input-connection=false, x=0.0, y=0.0, child-count=2}
10-09 17:22:58.460  9995 10015 E TestRunner: |
10-09 17:22:58.460  9995 10015 E TestRunner: +-->ViewStub{id=16908723, res-name=action_mode_bar_stub, visibility=GONE, width=0, height=0, has-focus=false, has-focusable=false, has-window-focus=true, is-clickable=false, is-enabled=true, is-focused=false, is-focusable=false, is-layout-requested=true, is-selected=false, layout-params=android.widget.LinearLayout$LayoutParams@2e7a0f6, tag=null, root-is-layout-requested=false, has-input-connection=false, x=0.0, y=0.0}
10-09 17:22:58.460  9995 10015 E TestRunner: |
10-09 17:22:58.460  9995 10015 E TestRunner: +-->FrameLayout{id=-1, visibility=VISIBLE, width=1080, height=2230, has-focus=false, has-focusable=false, has-window-focus=true, is-clickable=false, is-enabled=true, is-focused=false, is-focusable=false, is-layout-requested=false, is-selected=false, layout-params=android.widget.LinearLayout$LayoutParams@35d1764, tag=null, root-is-layout-requested=false, has-input-connection=false, x=0.0, y=66.0, child-count=1}
10-09 17:22:58.460  9995 10015 E TestRunner: |
10-09 17:22:58.460  9995 10015 E TestRunner: +--->ActionBarOverlayLayout{id=2131230863, res-name=decor_content_parent, visibility=VISIBLE, width=1080, height=2230, has-focus=false, has-focusable=false, has-window-focus=true, is-clickable=false, is-enabled=true, is-focused=false, is-focusable=false, is-layout-requested=false, is-selected=false, layout-params=android.widget.FrameLayout$LayoutParams@d72193, tag=null, root-is-layout-requested=false, has-input-connection=false, x=0.0, y=0.0, child-count=2}
10-09 17:22:58.460  9995 10015 E TestRunner: |
10-09 17:22:58.460  9995 10015 E TestRunner: +---->ContentFrameLayout{id=16908290, res-name=content, visibility=VISIBLE, width=1080, height=2076, has-focus=false, has-focusable=false, has-window-focus=true, is-clickable=false, is-enabled=true, is-focused=false, is-focusable=false, is-layout-requested=false, is-selected=false, layout-params=androidx.appcompat.widget.ActionBarOverlayLayout$LayoutParams@b5149c9, tag=null, root-is-layout-requested=false, has-input-connection=false, x=0.0, y=154.0, child-count=1}
10-09 17:22:58.460  9995 10015 E TestRunner: |
10-09 17:22:58.460  9995 10015 E TestRunner: +----->ConstraintLayout{id=-1, visibility=VISIBLE, width=1080, height=2076, has-focus=false, has-focusable=false, has-window-focus=true, is-clickable=false, is-enabled=true, is-focused=false, is-focusable=false, is-layout-requested=false, is-selected=false, layout-params=android.widget.FrameLayout$LayoutParams@8dd8ce, tag=null, root-is-layout-requested=false, has-input-connection=false, x=0.0, y=0.0, child-count=0}
10-09 17:22:58.460  9995 10015 E TestRunner: |
10-09 17:22:58.460  9995 10015 E TestRunner: +---->ActionBarContainer{id=2131230773, res-name=action_bar_container, visibility=VISIBLE, width=1080, height=154, has-focus=false, has-focusable=false, has-window-focus=true, is-clickable=false, is-enabled=true, is-focused=false, is-focusable=false, is-layout-requested=false, is-selected=false, layout-params=androidx.appcompat.widget.ActionBarOverlayLayout$LayoutParams@31bb985, tag=null, root-is-layout-requested=false, has-input-connection=false, x=0.0, y=0.0, child-count=2}
10-09 17:22:58.460  9995 10015 E TestRunner: |
10-09 17:22:58.460  9995 10015 E TestRunner: +----->Toolbar{id=2131230771, res-name=action_bar, visibility=VISIBLE, width=1080, height=154, has-focus=false, has-focusable=false, has-window-focus=true, is-clickable=false, is-enabled=true, is-focused=false, is-focusable=false, is-layout-requested=false, is-selected=false, layout-params=android.widget.FrameLayout$LayoutParams@bccfee8, tag=null, root-is-layout-requested=false, has-input-connection=false, x=0.0, y=0.0, child-count=2}
10-09 17:22:58.460  9995 10015 E TestRunner: |
10-09 17:22:58.460  9995 10015 E TestRunner: +------>AppCompatTextView{id=-1, visibility=VISIBLE, width=560, height=74, has-focus=false, has-focusable=false, has-window-focus=true, is-clickable=false, is-enabled=true, is-focused=false, is-focusable=false, is-layout-requested=false, is-selected=false, layout-params=androidx.appcompat.widget.Toolbar$LayoutParams@b636901, tag=null, root-is-layout-requested=false, has-input-connection=false, x=44.0, y=40.0, text=CSE118 Assignment 2, input-type=0, ime-target=false, has-links=false}
10-09 17:22:58.460  9995 10015 E TestRunner: |
10-09 17:22:58.460  9995 10015 E TestRunner: +------>ActionMenuView{id=-1, visibility=VISIBLE, width=0, height=154, has-focus=false, has-focusable=false, has-window-focus=true, is-clickable=false, is-enabled=true, is-focused=false, is-focusable=false, is-layout-requested=false, is-selected=false, layout-params=androidx.appcompat.widget.Toolbar$LayoutParams@b1833a6, tag=null, root-is-layout-requested=false, has-input-connection=false, x=1080.0, y=0.0, child-count=0}
10-09 17:22:58.460  9995 10015 E TestRunner: |
10-09 17:22:58.460  9995 10015 E TestRunner: +----->ActionBarContextView{id=2131230779, res-name=action_context_bar, visibility=GONE, width=0, height=0, has-focus=false, has-focusable=false, has-window-focus=true, is-clickable=false, is-enabled=true, is-focused=false, is-focusable=false, is-layout-requested=true, is-selected=false, layout-params=android.widget.FrameLayout$LayoutParams@16ec1e7, tag=null, root-is-layout-requested=false, has-input-connection=false, x=0.0, y=0.0, child-count=0}
10-09 17:22:58.460  9995 10015 E TestRunner: |
10-09 17:22:58.460  9995 10015 E TestRunner: +->View{id=16908336, res-name=navigationBarBackground, visibility=VISIBLE, width=1080, height=44, has-focus=false, has-focusable=false, has-window-focus=true, is-clickable=false, is-enabled=true, is-focused=false, is-focusable=false, is-layout-requested=false, is-selected=false, layout-params=android.widget.FrameLayout$LayoutParams@ae72194, tag=null, root-is-layout-requested=false, has-input-connection=false, x=0.0, y=2296.0}
10-09 17:22:58.460  9995 10015 E TestRunner: |
10-09 17:22:58.460  9995 10015 E TestRunner: +->View{id=16908335, res-name=statusBarBackground, visibility=VISIBLE, width=1080, height=66, has-focus=false, has-focusable=false, has-window-focus=true, is-clickable=false, is-enabled=true, is-focused=false, is-focusable=false, is-layout-requested=false, is-selected=false, layout-params=android.widget.FrameLayout$LayoutParams@d1c943d, tag=null, root-is-layout-requested=false, has-input-connection=false, x=0.0, y=0.0}
10-09 17:22:58.460  9995 10015 E TestRunner: 	at androidx.test.espresso.NoMatchingViewException$Builder.build(NoMatchingViewException.java:5)
10-09 17:22:58.460  9995 10015 E TestRunner: 	at androidx.test.espresso.base.ViewFinderImpl.getView(ViewFinderImpl.java:26)
10-09 17:22:58.460  9995 10015 E TestRunner: 	at androidx.test.espresso.ViewInteraction.doPerform(ViewInteraction.java:4)
10-09 17:22:58.460  9995 10015 E TestRunner: 	at androidx.test.espresso.ViewInteraction.access$100(ViewInteraction.java:1)
10-09 17:22:58.460  9995 10015 E TestRunner: 	at androidx.test.espresso.ViewInteraction$1.call(ViewInteraction.java:2)
10-09 17:22:58.460  9995 10015 E TestRunner: 	at androidx.test.espresso.ViewInteraction$1.call(ViewInteraction.java:1)
10-09 17:22:58.460  9995 10015 E TestRunner: 	at java.util.concurrent.FutureTask.run(FutureTask.java:266)
10-09 17:22:58.460  9995 10015 E TestRunner: 	at android.os.Handler.handleCallback(Handler.java:938)
10-09 17:22:58.460  9995 10015 E TestRunner: 	at android.os.Handler.dispatchMessage(Handler.java:99)
10-09 17:22:58.460  9995 10015 E TestRunner: 	at android.os.Looper.loopOnce(Looper.java:201)
10-09 17:22:58.460  9995 10015 E TestRunner: 	at android.os.Looper.loop(Looper.java:288)
10-09 17:22:58.460  9995 10015 E TestRunner: 	at android.app.ActivityThread.main(ActivityThread.java:7842)
10-09 17:22:58.460  9995 10015 E TestRunner: 	at java.lang.reflect.Method.invoke(Native Method)
10-09 17:22:58.460  9995 10015 E TestRunner: 	at com.android.internal.os.RuntimeInit$MethodAndArgsCaller.run(RuntimeInit.java:548)
10-09 17:22:58.460  9995 10015 E TestRunner: 	at com.android.internal.os.ZygoteInit.main(ZygoteInit.java:1003)
10-09 17:22:58.460  9995 10015 E TestRunner: ----- end exception -----
10-09 17:22:58.461  9995 10015 I TestRunner: finished: visible_message_date(edu.ucsc.cse118.assignment2.AdvancedInstrumentedTest)
