10-09 17:23:02.188  9995 10015 I TestRunner: started: channel_count_one(edu.ucsc.cse118.assignment2.BasicInstrumentedTest)
10-09 17:23:02.191   565   849 W InputReader: Device virtio_input_multi_touch_2 is associated with display ADISPLAY_ID_NONE.
10-09 17:23:02.191   565   849 W InputReader: Device virtio_input_multi_touch_3 is associated with display ADISPLAY_ID_NONE.
10-09 17:23:02.191   565   849 W InputReader: Device virtio_input_multi_touch_5 is associated with display ADISPLAY_ID_NONE.
10-09 17:23:02.191   565   849 W InputReader: Device virtio_input_multi_touch_7 is associated with display ADISPLAY_ID_NONE.
10-09 17:23:02.191   565   849 W InputReader: Device virtio_input_multi_touch_11 is associated with display ADISPLAY_ID_NONE.
10-09 17:23:02.191   565   849 W InputReader: Device virtio_input_multi_touch_6 is associated with display ADISPLAY_ID_NONE.
10-09 17:23:02.191   565   849 W InputReader: Device virtio_input_multi_touch_4 is associated with display ADISPLAY_ID_NONE.
10-09 17:23:02.191   565   849 W InputReader: Device virtio_input_multi_touch_9 is associated with display ADISPLAY_ID_NONE.
10-09 17:23:02.191   565   849 W InputReader: Device virtio_input_multi_touch_8 is associated with display ADISPLAY_ID_NONE.
10-09 17:23:02.191   565   849 W InputReader: Device virtio_input_multi_touch_10 is associated with display ADISPLAY_ID_NONE.
10-09 17:23:02.192   565   849 W InputReader: Device virtio_input_multi_touch_2 is associated with display ADISPLAY_ID_NONE.
10-09 17:23:02.192   565   849 W InputReader: Device virtio_input_multi_touch_3 is associated with display ADISPLAY_ID_NONE.
10-09 17:23:02.192   565   849 W InputReader: Device virtio_input_multi_touch_5 is associated with display ADISPLAY_ID_NONE.
10-09 17:23:02.192   565   849 W InputReader: Device virtio_input_multi_touch_7 is associated with display ADISPLAY_ID_NONE.
10-09 17:23:02.192   565   849 W InputReader: Device virtio_input_multi_touch_11 is associated with display ADISPLAY_ID_NONE.
10-09 17:23:02.192   565   849 W InputReader: Device virtio_input_multi_touch_6 is associated with display ADISPLAY_ID_NONE.
10-09 17:23:02.192   565   849 W InputReader: Device virtio_input_multi_touch_4 is associated with display ADISPLAY_ID_NONE.
10-09 17:23:02.192   565   849 W InputReader: Device virtio_input_multi_touch_9 is associated with display ADISPLAY_ID_NONE.
10-09 17:23:02.192   565   849 W InputReader: Device virtio_input_multi_touch_8 is associated with display ADISPLAY_ID_NONE.
10-09 17:23:02.192   565   849 W InputReader: Device virtio_input_multi_touch_10 is associated with display ADISPLAY_ID_NONE.
10-09 17:23:02.199  9995 10015 W Settings: Setting always_finish_activities has moved from android.provider.Settings.System to android.provider.Settings.Global, returning read-only value.
10-09 17:23:02.215   863   942 D SplashScreenView: Build android.window.SplashScreenView{6356559 V.E...... ......ID 0,0-0,0}
10-09 17:23:02.215   863   942 D SplashScreenView: Icon: view: null drawable: null size: 0
10-09 17:23:02.215   863   942 D SplashScreenView: Branding: view: android.view.View{573751e G.ED..... ......I. 0,0-0,0 #10204a9 android:id/splashscreen_branding_view} drawable: null size w: 0 h: 0
10-09 17:23:02.227   365   424 D goldfish-address-space: claimShared: Ask to claim region [0x1f0000000 0x1f09a4000]
10-09 17:23:02.229   365   424 D goldfish-address-space: claimShared: Ask to claim region [0x1f1edc000 0x1f2880000]
10-09 17:23:02.233   365   424 D goldfish-address-space: claimShared: Ask to claim region [0x1f6318000 0x1f6cbc000]
10-09 17:23:02.241  7067  9918 D BatteryInfo: time for getStats: 0ms
10-09 17:23:02.242  7067  9918 D BatteryInfo: time for regular BatteryInfo: 1ms
10-09 17:23:02.242  7067  9918 D BatteryInfo: time for getBatteryInfo: 0ms
10-09 17:23:02.244  7067  7096 D BatteryTipLoader: BatteryInfoLoader post query: 2ms
10-09 17:23:02.244  7067  7096 D BatteryInfo: time for getBatteryInfo: 0ms
10-09 17:23:02.244  7067  7096 D BatteryTipLoader: BatteryInfoLoader.loadInBackground: 2ms
10-09 17:23:02.254   365   424 D goldfish-address-space: claimShared: Ask to claim region [0x1f6cbc000 0x1f7660000]
10-09 17:23:02.256   365   424 D goldfish-address-space: claimShared: Ask to claim region [0x1fa85c000 0x1fb200000]
10-09 17:23:02.257   365   424 D goldfish-address-space: claimShared: Ask to claim region [0x1f8000000 0x1f89a4000]
10-09 17:23:02.286   565  3205 W InputReader: Device virtio_input_multi_touch_2 is associated with display ADISPLAY_ID_NONE.
10-09 17:23:02.286   565  3205 W InputReader: Device virtio_input_multi_touch_3 is associated with display ADISPLAY_ID_NONE.
10-09 17:23:02.286   565  3205 W InputReader: Device virtio_input_multi_touch_5 is associated with display ADISPLAY_ID_NONE.
10-09 17:23:02.286   565  3205 W InputReader: Device virtio_input_multi_touch_7 is associated with display ADISPLAY_ID_NONE.
10-09 17:23:02.286   565  3205 W InputReader: Device virtio_input_multi_touch_11 is associated with display ADISPLAY_ID_NONE.
10-09 17:23:02.286   565  3205 W InputReader: Device virtio_input_multi_touch_6 is associated with display ADISPLAY_ID_NONE.
10-09 17:23:02.286   565  3205 W InputReader: Device virtio_input_multi_touch_4 is associated with display ADISPLAY_ID_NONE.
10-09 17:23:02.286   565  3205 W InputReader: Device virtio_input_multi_touch_9 is associated with display ADISPLAY_ID_NONE.
10-09 17:23:02.286   565  3205 W InputReader: Device virtio_input_multi_touch_8 is associated with display ADISPLAY_ID_NONE.
10-09 17:23:02.286   565  3205 W InputReader: Device virtio_input_multi_touch_10 is associated with display ADISPLAY_ID_NONE.
10-09 17:23:02.286   565  3205 W InputReader: Device virtio_input_multi_touch_2 is associated with display ADISPLAY_ID_NONE.
10-09 17:23:02.286   565  3205 W InputReader: Device virtio_input_multi_touch_3 is associated with display ADISPLAY_ID_NONE.
10-09 17:23:02.286   565  3205 W InputReader: Device virtio_input_multi_touch_5 is associated with display ADISPLAY_ID_NONE.
10-09 17:23:02.286   565  3205 W InputReader: Device virtio_input_multi_touch_7 is associated with display ADISPLAY_ID_NONE.
10-09 17:23:02.286   565  3205 W InputReader: Device virtio_input_multi_touch_11 is associated with display ADISPLAY_ID_NONE.
10-09 17:23:02.286   565  3205 W InputReader: Device virtio_input_multi_touch_6 is associated with display ADISPLAY_ID_NONE.
10-09 17:23:02.286   565  3205 W InputReader: Device virtio_input_multi_touch_4 is associated with display ADISPLAY_ID_NONE.
10-09 17:23:02.286   565  3205 W InputReader: Device virtio_input_multi_touch_9 is associated with display ADISPLAY_ID_NONE.
10-09 17:23:02.286   565  3205 W InputReader: Device virtio_input_multi_touch_8 is associated with display ADISPLAY_ID_NONE.
10-09 17:23:02.286   565  3205 W InputReader: Device virtio_input_multi_touch_10 is associated with display ADISPLAY_ID_NONE.
10-09 17:23:02.296   365   424 D goldfish-address-space: claimShared: Ask to claim region [0x1f89a4000 0x1f8fd0000]
10-09 17:23:02.301  7067  7067 D ContextualSuggestFrag: loadSuggestions
10-09 17:23:02.301  7067  7103 D ContextualSuggestFrag: Start loading suggestions
10-09 17:23:02.310  7067  7067 D ContextualSuggestFrag: loadSuggestions
10-09 17:23:02.310  7067  7093 D ContextualSuggestFrag: Start loading suggestions
10-09 17:23:02.317  7067  7103 D ContextualSuggestFrag: Loaded suggests: 0
10-09 17:23:02.317  7067  7093 D ContextualSuggestFrag: Loaded suggests: 0
10-09 17:23:02.327  7067  7067 D BatteryInfo: time for callback: 0ms
10-09 17:23:02.353  7067  7067 D ContextualSuggestFrag: Remove suggestion
10-09 17:23:02.353  7067  7067 D ContextualSuggestFrag: Total loading time: 51 ms
10-09 17:23:02.353  7067  7067 D ContextualSuggestFrag: Remove suggestion
10-09 17:23:02.353  7067  7067 D ContextualSuggestFrag: Total loading time: 43 ms
10-09 17:23:02.353  7067  7096 D BatteryTipLoader: BatteryInfoLoader post query: 12ms
10-09 17:23:02.354  7067  7096 D BatteryInfo: time for getBatteryInfo: 1ms
10-09 17:23:02.354  7067  7096 D BatteryTipLoader: BatteryInfoLoader.loadInBackground: 13ms
10-09 17:23:02.365   565  1052 W InputManager-JNI: Input channel object 'e6d13d2 edu.ucsc.cse118.assignment2.test/androidx.test.core.app.InstrumentationActivityInvoker$EmptyActivity (client)' was disposed without first being removed with the input manager!
10-09 17:23:02.383   565   602 W InputReader: Device virtio_input_multi_touch_2 is associated with display ADISPLAY_ID_NONE.
10-09 17:23:02.383   565   602 W InputReader: Device virtio_input_multi_touch_3 is associated with display ADISPLAY_ID_NONE.
10-09 17:23:02.383   565   602 W InputReader: Device virtio_input_multi_touch_5 is associated with display ADISPLAY_ID_NONE.
10-09 17:23:02.383   565   602 W InputReader: Device virtio_input_multi_touch_7 is associated with display ADISPLAY_ID_NONE.
10-09 17:23:02.383   565   602 W InputReader: Device virtio_input_multi_touch_11 is associated with display ADISPLAY_ID_NONE.
10-09 17:23:02.383   565   602 W InputReader: Device virtio_input_multi_touch_6 is associated with display ADISPLAY_ID_NONE.
10-09 17:23:02.383   565   602 W InputReader: Device virtio_input_multi_touch_4 is associated with display ADISPLAY_ID_NONE.
10-09 17:23:02.383   565   602 W InputReader: Device virtio_input_multi_touch_9 is associated with display ADISPLAY_ID_NONE.
10-09 17:23:02.383   565   602 W InputReader: Device virtio_input_multi_touch_8 is associated with display ADISPLAY_ID_NONE.
10-09 17:23:02.383   565   602 W InputReader: Device virtio_input_multi_touch_10 is associated with display ADISPLAY_ID_NONE.
10-09 17:23:02.383   565   602 W InputReader: Device virtio_input_multi_touch_2 is associated with display ADISPLAY_ID_NONE.
10-09 17:23:02.383   565   602 W InputReader: Device virtio_input_multi_touch_3 is associated with display ADISPLAY_ID_NONE.
10-09 17:23:02.383   565   602 W InputReader: Device virtio_input_multi_touch_5 is associated with display ADISPLAY_ID_NONE.
10-09 17:23:02.383   565   602 W InputReader: Device virtio_input_multi_touch_7 is associated with display ADISPLAY_ID_NONE.
10-09 17:23:02.383   565   602 W InputReader: Device virtio_input_multi_touch_11 is associated with display ADISPLAY_ID_NONE.
10-09 17:23:02.383   565   602 W InputReader: Device virtio_input_multi_touch_6 is associated with display ADISPLAY_ID_NONE.
10-09 17:23:02.383   565   602 W InputReader: Device virtio_input_multi_touch_4 is associated with display ADISPLAY_ID_NONE.
10-09 17:23:02.383   565   602 W InputReader: Device virtio_input_multi_touch_9 is associated with display ADISPLAY_ID_NONE.
10-09 17:23:02.383   565   602 W InputReader: Device virtio_input_multi_touch_8 is associated with display ADISPLAY_ID_NONE.
10-09 17:23:02.383   565   602 W InputReader: Device virtio_input_multi_touch_10 is associated with display ADISPLAY_ID_NONE.
10-09 17:23:02.397  9995  9995 D LifecycleMonitor: Lifecycle status change: edu.ucsc.cse118.assignment2.MainActivity@c6711ca in: PRE_ON_CREATE
10-09 17:23:02.397  9995  9995 V ActivityScenario: Activity lifecycle changed event received but ignored because the reported transition was not ON_CREATE while the last known transition was PRE_ON_CREATE
10-09 17:23:02.404  9995  9995 D LifecycleMonitor: Lifecycle status change: edu.ucsc.cse118.assignment2.MainActivity@c6711ca in: CREATED
10-09 17:23:02.404  9995  9995 V ActivityScenario: Update currentActivityStage to CREATED, currentActivity=edu.ucsc.cse118.assignment2.MainActivity@c6711ca
10-09 17:23:02.405  9995  9995 D LifecycleMonitor: Lifecycle status change: edu.ucsc.cse118.assignment2.MainActivity@c6711ca in: STARTED
10-09 17:23:02.405  9995  9995 V ActivityScenario: Update currentActivityStage to STARTED, currentActivity=edu.ucsc.cse118.assignment2.MainActivity@c6711ca
10-09 17:23:02.405  9995  9995 D LifecycleMonitor: Lifecycle status change: edu.ucsc.cse118.assignment2.MainActivity@c6711ca in: RESUMED
10-09 17:23:02.405  9995  9995 V ActivityScenario: Update currentActivityStage to RESUMED, currentActivity=edu.ucsc.cse118.assignment2.MainActivity@c6711ca
10-09 17:23:02.427   365   424 D goldfish-address-space: claimShared: Ask to claim region [0x1f6cbc000 0x1f7660000]
10-09 17:23:02.428   365   424 D goldfish-address-space: claimShared: Ask to claim region [0x1f462c000 0x1f4fd0000]
10-09 17:23:02.429   365   424 D goldfish-address-space: claimShared: Ask to claim region [0x1f4fd0000 0x1f5974000]
10-09 17:23:02.434   565   606 I ActivityTaskManager: Displayed edu.ucsc.cse118.assignment2/.MainActivity: +228ms
10-09 17:23:02.437  9995  9995 D RootViewPicker: Root not ready - waiting: 10ms for one to appear.
10-09 17:23:02.437   565   602 W InputManager-JNI: Input channel object 'cd4d2da Splash Screen edu.ucsc.cse118.assignment2.test (client)' was disposed without first being removed with the input manager!
10-09 17:23:02.441  1570  1570 I GoogleInputMethodService: GoogleInputMethodService.onFinishInput():3269
10-09 17:23:02.442  1570  1570 I GoogleInputMethodService: GoogleInputMethodService.onStartInput():1947
10-09 17:23:02.443  1570  1570 I DeviceUnlockedTag: DeviceUnlockedTag.notifyDeviceLockStatusChanged():79 Notify device unlocked.
10-09 17:23:02.476  9995  9995 D LifecycleMonitor: Lifecycle status change: edu.ucsc.cse118.assignment2.MainActivity@c6711ca in: PAUSED
10-09 17:23:02.476  9995  9995 V ActivityScenario: Update currentActivityStage to PAUSED, currentActivity=edu.ucsc.cse118.assignment2.MainActivity@c6711ca
10-09 17:23:02.476   565  3205 W InputReader: Device virtio_input_multi_touch_2 is associated with display ADISPLAY_ID_NONE.
10-09 17:23:02.476   565  3205 W InputReader: Device virtio_input_multi_touch_3 is associated with display ADISPLAY_ID_NONE.
10-09 17:23:02.476   565  3205 W InputReader: Device virtio_input_multi_touch_5 is associated with display ADISPLAY_ID_NONE.
10-09 17:23:02.476   565  3205 W InputReader: Device virtio_input_multi_touch_7 is associated with display ADISPLAY_ID_NONE.
10-09 17:23:02.476   565  3205 W InputReader: Device virtio_input_multi_touch_11 is associated with display ADISPLAY_ID_NONE.
10-09 17:23:02.476   565  3205 W InputReader: Device virtio_input_multi_touch_6 is associated with display ADISPLAY_ID_NONE.
10-09 17:23:02.476   565  3205 W InputReader: Device virtio_input_multi_touch_4 is associated with display ADISPLAY_ID_NONE.
10-09 17:23:02.476   565  3205 W InputReader: Device virtio_input_multi_touch_9 is associated with display ADISPLAY_ID_NONE.
10-09 17:23:02.476   565  3205 W InputReader: Device virtio_input_multi_touch_8 is associated with display ADISPLAY_ID_NONE.
10-09 17:23:02.476   565  3205 W InputReader: Device virtio_input_multi_touch_10 is associated with display ADISPLAY_ID_NONE.
10-09 17:23:02.476   565  3205 W InputReader: Device virtio_input_multi_touch_2 is associated with display ADISPLAY_ID_NONE.
10-09 17:23:02.476   565  3205 W InputReader: Device virtio_input_multi_touch_3 is associated with display ADISPLAY_ID_NONE.
10-09 17:23:02.476   565  3205 W InputReader: Device virtio_input_multi_touch_5 is associated with display ADISPLAY_ID_NONE.
10-09 17:23:02.476   565  3205 W InputReader: Device virtio_input_multi_touch_7 is associated with display ADISPLAY_ID_NONE.
10-09 17:23:02.476   565  3205 W InputReader: Device virtio_input_multi_touch_11 is associated with display ADISPLAY_ID_NONE.
10-09 17:23:02.476   565  3205 W InputReader: Device virtio_input_multi_touch_6 is associated with display ADISPLAY_ID_NONE.
10-09 17:23:02.476   565  3205 W InputReader: Device virtio_input_multi_touch_4 is associated with display ADISPLAY_ID_NONE.
10-09 17:23:02.476   565  3205 W InputReader: Device virtio_input_multi_touch_9 is associated with display ADISPLAY_ID_NONE.
10-09 17:23:02.476   565  3205 W InputReader: Device virtio_input_multi_touch_8 is associated with display ADISPLAY_ID_NONE.
10-09 17:23:02.476   565  3205 W InputReader: Device virtio_input_multi_touch_10 is associated with display ADISPLAY_ID_NONE.
10-09 17:23:02.488   365   424 D goldfish-address-space: claimShared: Ask to claim region [0x1f0000000 0x1f09a4000]
10-09 17:23:02.489   365   424 D goldfish-address-space: claimShared: Ask to claim region [0x1f1edc000 0x1f2880000]
10-09 17:23:02.489   365   424 D goldfish-address-space: claimShared: Ask to claim region [0x1f5974000 0x1f6318000]
10-09 17:23:02.496   565   849 W InputReader: Device virtio_input_multi_touch_2 is associated with display ADISPLAY_ID_NONE.
10-09 17:23:02.496   565   849 W InputReader: Device virtio_input_multi_touch_3 is associated with display ADISPLAY_ID_NONE.
10-09 17:23:02.496   565   849 W InputReader: Device virtio_input_multi_touch_5 is associated with display ADISPLAY_ID_NONE.
10-09 17:23:02.496   565   849 W InputReader: Device virtio_input_multi_touch_7 is associated with display ADISPLAY_ID_NONE.
10-09 17:23:02.496   565   849 W InputReader: Device virtio_input_multi_touch_11 is associated with display ADISPLAY_ID_NONE.
10-09 17:23:02.496   565   849 W InputReader: Device virtio_input_multi_touch_6 is associated with display ADISPLAY_ID_NONE.
10-09 17:23:02.496   565   849 W InputReader: Device virtio_input_multi_touch_4 is associated with display ADISPLAY_ID_NONE.
10-09 17:23:02.496   565   849 W InputReader: Device virtio_input_multi_touch_9 is associated with display ADISPLAY_ID_NONE.
10-09 17:23:02.496   565   849 W InputReader: Device virtio_input_multi_touch_8 is associated with display ADISPLAY_ID_NONE.
10-09 17:23:02.496   565   849 W InputReader: Device virtio_input_multi_touch_10 is associated with display ADISPLAY_ID_NONE.
10-09 17:23:02.496   565   849 W InputReader: Device virtio_input_multi_touch_2 is associated with display ADISPLAY_ID_NONE.
10-09 17:23:02.496   565   849 W InputReader: Device virtio_input_multi_touch_3 is associated with display ADISPLAY_ID_NONE.
10-09 17:23:02.496   565   849 W InputReader: Device virtio_input_multi_touch_5 is associated with display ADISPLAY_ID_NONE.
10-09 17:23:02.496   565   849 W InputReader: Device virtio_input_multi_touch_7 is associated with display ADISPLAY_ID_NONE.
10-09 17:23:02.496   565   849 W InputReader: Device virtio_input_multi_touch_11 is associated with display ADISPLAY_ID_NONE.
10-09 17:23:02.496   565   849 W InputReader: Device virtio_input_multi_touch_6 is associated with display ADISPLAY_ID_NONE.
10-09 17:23:02.496   565   849 W InputReader: Device virtio_input_multi_touch_4 is associated with display ADISPLAY_ID_NONE.
10-09 17:23:02.496   565   849 W InputReader: Device virtio_input_multi_touch_9 is associated with display ADISPLAY_ID_NONE.
10-09 17:23:02.496   565   849 W InputReader: Device virtio_input_multi_touch_8 is associated with display ADISPLAY_ID_NONE.
10-09 17:23:02.496   565   849 W InputReader: Device virtio_input_multi_touch_10 is associated with display ADISPLAY_ID_NONE.
10-09 17:23:02.524   365   424 D goldfish-address-space: claimShared: Ask to claim region [0x1f6318000 0x1f6cbc000]
10-09 17:23:02.526   365   424 D goldfish-address-space: claimShared: Ask to claim region [0x1f8000000 0x1f89a4000]
10-09 17:23:02.527   365   424 D goldfish-address-space: claimShared: Ask to claim region [0x1fa85c000 0x1fb200000]
10-09 17:23:02.545   565   606 I ActivityTaskManager: Displayed edu.ucsc.cse118.assignment2.test/androidx.test.core.app.InstrumentationActivityInvoker$EmptyActivity: +61ms
10-09 17:23:02.548   365   424 D goldfish-address-space: claimShared: Ask to claim region [0x1f1edc000 0x1f2508000]
10-09 17:23:02.561   565   849 W InputManager-JNI: Input channel object '9659ff0 edu.ucsc.cse118.assignment2.test/androidx.test.core.app.InstrumentationActivityInvoker$EmptyActivity (client)' was disposed without first being removed with the input manager!
10-09 17:23:02.564  9995  9995 D LifecycleMonitor: Lifecycle status change: edu.ucsc.cse118.assignment2.MainActivity@c6711ca in: STOPPED
10-09 17:23:02.565  9995  9995 V ActivityScenario: Update currentActivityStage to STOPPED, currentActivity=edu.ucsc.cse118.assignment2.MainActivity@c6711ca
10-09 17:23:02.565  9995  9995 D LifecycleMonitor: Lifecycle status change: edu.ucsc.cse118.assignment2.MainActivity@c6711ca in: DESTROYED
10-09 17:23:02.565  9995  9995 V ActivityScenario: Update currentActivityStage to DESTROYED, currentActivity=null
10-09 17:23:02.566  9995 10015 E TestRunner: failed: channel_count_one(edu.ucsc.cse118.assignment2.BasicInstrumentedTest)
10-09 17:23:02.566  9995 10015 E TestRunner: ----- begin exception -----
10-09 17:23:02.567  9995 10015 E TestRunner: com.adevinta.android.barista.internal.failurehandler.BaristaException: Could not perform action single click on view (an instance of android.widget.TextView and view.getText() with or without transformation to match: is "LOGIN" or (view.getParent() is assignable from class <class com.google.android.material.textfield.TextInputLayout> and (view is an instance of android.view.ViewGroup and has descendant matching an instance of android.widget.TextView and view.getText() with or without transformation to match: is "LOGIN")))
10-09 17:23:02.567  9995 10015 E TestRunner: 	at com.adevinta.android.barista.internal.failurehandler.SpyFailureHandler.resendFirstError(SpyFailureHandler.kt:25)
10-09 17:23:02.567  9995 10015 E TestRunner: 	at com.adevinta.android.barista.internal.PerformActionKt.performActionOnView(PerformAction.kt:50)
10-09 17:23:02.567  9995 10015 E TestRunner: 	at com.adevinta.android.barista.internal.PerformActionKt.performAction(PerformAction.kt:26)
10-09 17:23:02.567  9995 10015 E TestRunner: 	at com.adevinta.android.barista.interaction.BaristaClickInteractions.clickOn(BaristaClickInteractions.kt:24)
10-09 17:23:02.567  9995 10015 E TestRunner: 	at edu.ucsc.cse118.assignment2.BasicInstrumentedTest.channel_count_one(BasicInstrumentedTest.kt:59)
10-09 17:23:02.567  9995 10015 E TestRunner: 	at java.lang.reflect.Method.invoke(Native Method)
10-09 17:23:02.567  9995 10015 E TestRunner: 	at org.junit.runners.model.FrameworkMethod$1.runReflectiveCall(FrameworkMethod.java:59)
10-09 17:23:02.567  9995 10015 E TestRunner: 	at org.junit.internal.runners.model.ReflectiveCallable.run(ReflectiveCallable.java:12)
10-09 17:23:02.567  9995 10015 E TestRunner: 	at org.junit.runners.model.FrameworkMethod.invokeExplosively(FrameworkMethod.java:56)
10-09 17:23:02.567  9995 10015 E TestRunner: 	at org.junit.internal.runners.statements.InvokeMethod.evaluate(InvokeMethod.java:17)
10-09 17:23:02.567  9995 10015 E TestRunner: 	at org.junit.rules.ExternalResource$1.evaluate(ExternalResource.java:54)
10-09 17:23:02.567  9995 10015 E TestRunner: 	at org.junit.runners.ParentRunner$3.evaluate(ParentRunner.java:306)
10-09 17:23:02.567  9995 10015 E TestRunner: 	at org.junit.runners.BlockJUnit4ClassRunner$1.evaluate(BlockJUnit4ClassRunner.java:100)
10-09 17:23:02.567  9995 10015 E TestRunner: 	at org.junit.runners.ParentRunner.runLeaf(ParentRunner.java:366)
10-09 17:23:02.567  9995 10015 E TestRunner: 	at org.junit.runners.BlockJUnit4ClassRunner.runChild(BlockJUnit4ClassRunner.java:103)
10-09 17:23:02.567  9995 10015 E TestRunner: 	at org.junit.runners.BlockJUnit4ClassRunner.runChild(BlockJUnit4ClassRunner.java:63)
10-09 17:23:02.567  9995 10015 E TestRunner: 	at org.junit.runners.ParentRunner$4.run(ParentRunner.java:331)
10-09 17:23:02.567  9995 10015 E TestRunner: 	at org.junit.runners.ParentRunner$1.schedule(ParentRunner.java:79)
10-09 17:23:02.567  9995 10015 E TestRunner: 	at org.junit.runners.ParentRunner.runChildren(ParentRunner.java:329)
10-09 17:23:02.567  9995 10015 E TestRunner: 	at org.junit.runners.ParentRunner.access$100(ParentRunner.java:66)
10-09 17:23:02.567  9995 10015 E TestRunner: 	at org.junit.runners.ParentRunner$2.evaluate(ParentRunner.java:293)
10-09 17:23:02.567  9995 10015 E TestRunner: 	at org.junit.runners.ParentRunner$3.evaluate(ParentRunner.java:306)
10-09 17:23:02.567  9995 10015 E TestRunner: 	at org.junit.runners.ParentRunner.run(ParentRunner.java:413)
10-09 17:23:02.567  9995 10015 E TestRunner: 	at androidx.test.ext.junit.runners.AndroidJUnit4.run(AndroidJUnit4.java:162)
10-09 17:23:02.567  9995 10015 E TestRunner: 	at org.junit.runners.Suite.runChild(Suite.java:128)
10-09 17:23:02.567  9995 10015 E TestRunner: 	at org.junit.runners.Suite.runChild(Suite.java:27)
10-09 17:23:02.567  9995 10015 E TestRunner: 	at org.junit.runners.ParentRunner$4.run(ParentRunner.java:331)
10-09 17:23:02.567  9995 10015 E TestRunner: 	at org.junit.runners.ParentRunner$1.schedule(ParentRunner.java:79)
10-09 17:23:02.567  9995 10015 E TestRunner: 	at org.junit.runners.ParentRunner.runChildren(ParentRunner.java:329)
10-09 17:23:02.567  9995 10015 E TestRunner: 	at org.junit.runners.ParentRunner.access$100(ParentRunner.java:66)
10-09 17:23:02.567  9995 10015 E TestRunner: 	at org.junit.runners.ParentRunner$2.evaluate(ParentRunner.java:293)
10-09 17:23:02.567  9995 10015 E TestRunner: 	at org.junit.runners.ParentRunner$3.evaluate(ParentRunner.java:306)
10-09 17:23:02.567  9995 10015 E TestRunner: 	at org.junit.runners.ParentRunner.run(ParentRunner.java:413)
10-09 17:23:02.567  9995 10015 E TestRunner: 	at org.junit.runner.JUnitCore.run(JUnitCore.java:137)
10-09 17:23:02.567  9995 10015 E TestRunner: 	at org.junit.runner.JUnitCore.run(JUnitCore.java:115)
10-09 17:23:02.567  9995 10015 E TestRunner: 	at androidx.test.internal.runner.TestExecutor.execute(TestExecutor.java:56)
10-09 17:23:02.567  9995 10015 E TestRunner: 	at androidx.test.runner.AndroidJUnitRunner.onStart(AndroidJUnitRunner.java:444)
10-09 17:23:02.567  9995 10015 E TestRunner: 	at android.app.Instrumentation$InstrumentationThread.run(Instrumentation.java:2278)
10-09 17:23:02.567  9995 10015 E TestRunner: Caused by: androidx.test.espresso.NoMatchingViewException: No views in hierarchy found matching: ((view has effective visibility <VISIBLE> and view.getGlobalVisibleRect() to return non-empty rectangle) and (an instance of android.widget.TextView and view.getText() with or without transformation to match: is "LOGIN" or (view.getParent() is assignable from class <class com.google.android.material.textfield.TextInputLayout> and (view is an instance of android.view.ViewGroup and has descendant matching an instance of android.widget.TextView and view.getText() with or without transformation to match: is "LOGIN"))))
10-09 17:23:02.567  9995 10015 E TestRunner: View Hierarchy:
10-09 17:23:02.567  9995 10015 E TestRunner: +>DecorView{id=-1, visibility=VISIBLE, width=1080, height=2340, has-focus=false, has-focusable=false, has-window-focus=true, is-clickable=false, is-enabled=true, is-focused=false, is-focusable=false, is-layout-requested=false, is-selected=false, layout-params={(0,0)(fillxfill) ty=BASE_APPLICATION wanim=0x10302fe
10-09 17:23:02.567  9995 10015 E TestRunner:   fl=LAYOUT_IN_SCREEN LAYOUT_INSET_DECOR SPLIT_TOUCH HARDWARE_ACCELERATED DRAWS_SYSTEM_BAR_BACKGROUNDS
10-09 17:23:02.567  9995 10015 E TestRunner:   pfl=NO_MOVE_ANIMATION FORCE_DRAW_STATUS_BAR_BACKGROUND FIT_INSETS_CONTROLLED
10-09 17:23:02.567  9995 10015 E TestRunner:   bhv=DEFAULT
10-09 17:23:02.567  9995 10015 E TestRunner:   fitSides=}, tag=null, root-is-layout-requested=false, has-input-connection=false, x=0.0, y=0.0, child-count=3}
10-09 17:23:02.567  9995 10015 E TestRunner: |
10-09 17:23:02.567  9995 10015 E TestRunner: +->LinearLayout{id=-1, visibility=VISIBLE, width=1080, height=2296, has-focus=false, has-focusable=false, has-window-focus=true, is-clickable=false, is-enabled=true, is-focused=false, is-focusable=false, is-layout-requested=false, is-selected=false, layout-params=android.widget.FrameLayout$LayoutParams@2265615, tag=null, root-is-layout-requested=false, has-input-connection=false, x=0.0, y=0.0, child-count=2}
10-09 17:23:02.567  9995 10015 E TestRunner: |
10-09 17:23:02.567  9995 10015 E TestRunner: +-->ViewStub{id=16908723, res-name=action_mode_bar_stub, visibility=GONE, width=0, height=0, has-focus=false, has-focusable=false, has-window-focus=true, is-clickable=false, is-enabled=true, is-focused=false, is-focusable=false, is-layout-requested=true, is-selected=false, layout-params=android.widget.LinearLayout$LayoutParams@1cb3d2a, tag=null, root-is-layout-requested=false, has-input-connection=false, x=0.0, y=0.0}
10-09 17:23:02.567  9995 10015 E TestRunner: |
10-09 17:23:02.567  9995 10015 E TestRunner: +-->FrameLayout{id=-1, visibility=VISIBLE, width=1080, height=2230, has-focus=false, has-focusable=false, has-window-focus=true, is-clickable=false, is-enabled=true, is-focused=false, is-focusable=false, is-layout-requested=false, is-selected=false, layout-params=android.widget.LinearLayout$LayoutParams@b9770b8, tag=null, root-is-layout-requested=false, has-input-connection=false, x=0.0, y=66.0, child-count=1}
10-09 17:23:02.567  9995 10015 E TestRunner: |
10-09 17:23:02.567  9995 10015 E TestRunner: +--->ActionBarOverlayLayout{id=2131230863, res-name=decor_content_parent, visibility=VISIBLE, width=1080, height=2230, has-focus=false, has-focusable=false, has-window-focus=true, is-clickable=false, is-enabled=true, is-focused=false, is-focusable=false, is-layout-requested=false, is-selected=false, layout-params=android.widget.FrameLayout$LayoutParams@9b5f9f7, tag=null, root-is-layout-requested=false, has-input-connection=false, x=0.0, y=0.0, child-count=2}
10-09 17:23:02.567  9995 10015 E TestRunner: |
10-09 17:23:02.567  9995 10015 E TestRunner: +---->ContentFrameLayout{id=16908290, res-name=content, visibility=VISIBLE, width=1080, height=2076, has-focus=false, has-focusable=false, has-window-focus=true, is-clickable=false, is-enabled=true, is-focused=false, is-focusable=false, is-layout-requested=false, is-selected=false, layout-params=androidx.appcompat.widget.ActionBarOverlayLayout$LayoutParams@42c32cd, tag=null, root-is-layout-requested=false, has-input-connection=false, x=0.0, y=154.0, child-count=1}
10-09 17:23:02.567  9995 10015 E TestRunner: |
10-09 17:23:02.567  9995 10015 E TestRunner: +----->ConstraintLayout{id=-1, visibility=VISIBLE, width=1080, height=2076, has-focus=false, has-focusable=false, has-window-focus=true, is-clickable=false, is-enabled=true, is-focused=false, is-focusable=false, is-layout-requested=false, is-selected=false, layout-params=android.widget.FrameLayout$LayoutParams@5da4782, tag=null, root-is-layout-requested=false, has-input-connection=false, x=0.0, y=0.0, child-count=0}
10-09 17:23:02.567  9995 10015 E TestRunner: |
10-09 17:23:02.567  9995 10015 E TestRunner: +---->ActionBarContainer{id=2131230773, res-name=action_bar_container, visibility=VISIBLE, width=1080, height=154, has-focus=false, has-focusable=false, has-window-focus=true, is-clickable=false, is-enabled=true, is-focused=false, is-focusable=false, is-layout-requested=false, is-selected=false, layout-params=androidx.appcompat.widget.ActionBarOverlayLayout$LayoutParams@1562ec9, tag=null, root-is-layout-requested=false, has-input-connection=false, x=0.0, y=0.0, child-count=2}
10-09 17:23:02.567  9995 10015 E TestRunner: |
10-09 17:23:02.567  9995 10015 E TestRunner: +----->Toolbar{id=2131230771, res-name=action_bar, visibility=VISIBLE, width=1080, height=154, has-focus=false, has-focusable=false, has-window-focus=true, is-clickable=false, is-enabled=true, is-focused=false, is-focusable=false, is-layout-requested=false, is-selected=false, layout-params=android.widget.FrameLayout$LayoutParams@b73d7fc, tag=null, root-is-layout-requested=false, has-input-connection=false, x=0.0, y=0.0, child-count=2}
10-09 17:23:02.567  9995 10015 E TestRunner: |
10-09 17:23:02.567  9995 10015 E TestRunner: +------>AppCompatTextView{id=-1, visibility=VISIBLE, width=560, height=74, has-focus=false, has-focusable=false, has-window-focus=true, is-clickable=false, is-enabled=true, is-focused=false, is-focusable=false, is-layout-requested=false, is-selected=false, layout-params=androidx.appcompat.widget.Toolbar$LayoutParams@509ee85, tag=null, root-is-layout-requested=false, has-input-connection=false, x=44.0, y=40.0, text=CSE118 Assignment 2, input-type=0, ime-target=false, has-links=false}
10-09 17:23:02.567  9995 10015 E TestRunner: |
10-09 17:23:02.567  9995 10015 E TestRunner: +------>ActionMenuView{id=-1, visibility=VISIBLE, width=0, height=154, has-focus=false, has-focusable=false, has-window-focus=true, is-clickable=false, is-enabled=true, is-focused=false, is-focusable=false, is-layout-requested=false, is-selected=false, layout-params=androidx.appcompat.widget.Toolbar$LayoutParams@bc544da, tag=null, root-is-layout-requested=false, has-input-connection=false, x=1080.0, y=0.0, child-count=0}
10-09 17:23:02.567  9995 10015 E TestRunner: |
10-09 17:23:02.567  9995 10015 E TestRunner: +----->ActionBarContextView{id=2131230779, res-name=action_context_bar, visibility=GONE, width=0, height=0, has-focus=false, has-focusable=false, has-window-focus=true, is-clickable=false, is-enabled=true, is-focused=false, is-focusable=false, is-layout-requested=true, is-selected=false, layout-params=android.widget.FrameLayout$LayoutParams@894ed0b, tag=null, root-is-layout-requested=false, has-input-connection=false, x=0.0, y=0.0, child-count=0}
10-09 17:23:02.567  9995 10015 E TestRunner: |
10-09 17:23:02.567  9995 10015 E TestRunner: +->View{id=16908336, res-name=navigationBarBackground, visibility=VISIBLE, width=1080, height=44, has-focus=false, has-focusable=false, has-window-focus=true, is-clickable=false, is-enabled=true, is-focused=false, is-focusable=false, is-layout-requested=false, is-selected=false, layout-params=android.widget.FrameLayout$LayoutParams@92477e8, tag=null, root-is-layout-requested=false, has-input-connection=false, x=0.0, y=2296.0}
10-09 17:23:02.567  9995 10015 E TestRunner: |
10-09 17:23:02.567  9995 10015 E TestRunner: +->View{id=16908335, res-name=statusBarBackground, visibility=VISIBLE, width=1080, height=66, has-focus=false, has-focusable=false, has-window-focus=true, is-clickable=false, is-enabled=true, is-focused=false, is-focusable=false, is-layout-requested=false, is-selected=false, layout-params=android.widget.FrameLayout$LayoutParams@67fee01, tag=null, root-is-layout-requested=false, has-input-connection=false, x=0.0, y=0.0}
10-09 17:23:02.567  9995 10015 E TestRunner: 	at androidx.test.espresso.NoMatchingViewException$Builder.build(NoMatchingViewException.java:5)
10-09 17:23:02.567  9995 10015 E TestRunner: 	at androidx.test.espresso.base.ViewFinderImpl.getView(ViewFinderImpl.java:26)
10-09 17:23:02.567  9995 10015 E TestRunner: 	at androidx.test.espresso.ViewInteraction.doPerform(ViewInteraction.java:4)
10-09 17:23:02.567  9995 10015 E TestRunner: 	at androidx.test.espresso.ViewInteraction.access$100(ViewInteraction.java:1)
10-09 17:23:02.567  9995 10015 E TestRunner: 	at androidx.test.espresso.ViewInteraction$1.call(ViewInteraction.java:2)
10-09 17:23:02.567  9995 10015 E TestRunner: 	at androidx.test.espresso.ViewInteraction$1.call(ViewInteraction.java:1)
10-09 17:23:02.567  9995 10015 E TestRunner: 	at java.util.concurrent.FutureTask.run(FutureTask.java:266)
10-09 17:23:02.567  9995 10015 E TestRunner: 	at android.os.Handler.handleCallback(Handler.java:938)
10-09 17:23:02.567  9995 10015 E TestRunner: 	at android.os.Handler.dispatchMessage(Handler.java:99)
10-09 17:23:02.567  9995 10015 E TestRunner: 	at android.os.Looper.loopOnce(Looper.java:201)
10-09 17:23:02.567  9995 10015 E TestRunner: 	at android.os.Looper.loop(Looper.java:288)
10-09 17:23:02.567  9995 10015 E TestRunner: 	at android.app.ActivityThread.main(ActivityThread.java:7842)
10-09 17:23:02.567  9995 10015 E TestRunner: 	at java.lang.reflect.Method.invoke(Native Method)
10-09 17:23:02.567  9995 10015 E TestRunner: 	at com.android.internal.os.RuntimeInit$MethodAndArgsCaller.run(RuntimeInit.java:548)
10-09 17:23:02.567  9995 10015 E TestRunner: 	at com.android.internal.os.ZygoteInit.main(ZygoteInit.java:1003)
10-09 17:23:02.567  9995 10015 E TestRunner: ----- end exception -----
10-09 17:23:02.571   565  1052 W InputReader: Device virtio_input_multi_touch_2 is associated with display ADISPLAY_ID_NONE.
10-09 17:23:02.571   565  1052 W InputReader: Device virtio_input_multi_touch_3 is associated with display ADISPLAY_ID_NONE.
10-09 17:23:02.571   565  1052 W InputReader: Device virtio_input_multi_touch_5 is associated with display ADISPLAY_ID_NONE.
10-09 17:23:02.571   565  1052 W InputReader: Device virtio_input_multi_touch_7 is associated with display ADISPLAY_ID_NONE.
10-09 17:23:02.571   565  1052 W InputReader: Device virtio_input_multi_touch_11 is associated with display ADISPLAY_ID_NONE.
10-09 17:23:02.572   565  1052 W InputReader: Device virtio_input_multi_touch_6 is associated with display ADISPLAY_ID_NONE.
10-09 17:23:02.572   565  1052 W InputReader: Device virtio_input_multi_touch_4 is associated with display ADISPLAY_ID_NONE.
10-09 17:23:02.572   565  1052 W InputReader: Device virtio_input_multi_touch_9 is associated with display ADISPLAY_ID_NONE.
10-09 17:23:02.572   565  1052 W InputReader: Device virtio_input_multi_touch_8 is associated with display ADISPLAY_ID_NONE.
10-09 17:23:02.572   565  1052 W InputReader: Device virtio_input_multi_touch_10 is associated with display ADISPLAY_ID_NONE.
10-09 17:23:02.572   565  1052 W InputReader: Device virtio_input_multi_touch_2 is associated with display ADISPLAY_ID_NONE.
10-09 17:23:02.572   565  1052 W InputReader: Device virtio_input_multi_touch_3 is associated with display ADISPLAY_ID_NONE.
10-09 17:23:02.572   565  1052 W InputReader: Device virtio_input_multi_touch_5 is associated with display ADISPLAY_ID_NONE.
10-09 17:23:02.572   565  1052 W InputReader: Device virtio_input_multi_touch_7 is associated with display ADISPLAY_ID_NONE.
10-09 17:23:02.572   565  1052 W InputReader: Device virtio_input_multi_touch_11 is associated with display ADISPLAY_ID_NONE.
10-09 17:23:02.572   565  1052 W InputReader: Device virtio_input_multi_touch_6 is associated with display ADISPLAY_ID_NONE.
10-09 17:23:02.572   565  1052 W InputReader: Device virtio_input_multi_touch_4 is associated with display ADISPLAY_ID_NONE.
10-09 17:23:02.572   565  1052 W InputReader: Device virtio_input_multi_touch_9 is associated with display ADISPLAY_ID_NONE.
10-09 17:23:02.572   565  1052 W InputReader: Device virtio_input_multi_touch_8 is associated with display ADISPLAY_ID_NONE.
10-09 17:23:02.572   565  1052 W InputReader: Device virtio_input_multi_touch_10 is associated with display ADISPLAY_ID_NONE.
10-09 17:23:02.576   565   849 W InputManager-JNI: Input channel object '8061442 edu.ucsc.cse118.assignment2/edu.ucsc.cse118.assignment2.MainActivity (client)' was disposed without first being removed with the input manager!
10-09 17:23:02.587  9995 10015 I TestRunner: finished: channel_count_one(edu.ucsc.cse118.assignment2.BasicInstrumentedTest)
