10-09 17:22:48.852  9995 10015 I TestRunner: started: invisible_message_detail_date(edu.ucsc.cse118.assignment2.AdvancedInstrumentedTest)
10-09 17:22:48.867  9995 10015 W Settings: Setting always_finish_activities has moved from android.provider.Settings.System to android.provider.Settings.Global, returning read-only value.
10-09 17:22:48.874  9995 10015 D CompatibilityChangeReporter: Compat change id reported: 160794467; UID 10148; state: ENABLED
10-09 17:22:48.981   352   352 D Zygote  : Forked child process 10017
10-09 17:22:49.004 10017 10017 I ssignment2.tes: Late-enabling -Xcheck:jni
10-09 17:22:49.017   863   942 D SplashScreenView: Build android.window.SplashScreenView{b3b2535 V.E...... ......ID 0,0-0,0}
10-09 17:22:49.017   863   942 D SplashScreenView: Icon: view: null drawable: null size: 0
10-09 17:22:49.017   863   942 D SplashScreenView: Branding: view: android.view.View{9832dca G.ED..... ......I. 0,0-0,0 #10204a9 android:id/splashscreen_branding_view} drawable: null size w: 0 h: 0
10-09 17:22:49.042   443   483 I adbd    : jdwp connection from 10017
10-09 17:22:49.048   365   425 D goldfish-address-space: claimShared: Ask to claim region [0x1f2f70000 0x1f3914000]
10-09 17:22:49.066   565   849 W InputReader: Device virtio_input_multi_touch_2 is associated with display ADISPLAY_ID_NONE.
10-09 17:22:49.067   565   849 W InputReader: Device virtio_input_multi_touch_3 is associated with display ADISPLAY_ID_NONE.
10-09 17:22:49.069   365   425 D goldfish-address-space: claimShared: Ask to claim region [0x1f1cec000 0x1f2690000]
10-09 17:22:49.070   565   849 W InputReader: Device virtio_input_multi_touch_5 is associated with display ADISPLAY_ID_NONE.
10-09 17:22:49.071   565   849 W InputReader: Device virtio_input_multi_touch_7 is associated with display ADISPLAY_ID_NONE.
10-09 17:22:49.071   565   849 W InputReader: Device virtio_input_multi_touch_11 is associated with display ADISPLAY_ID_NONE.
10-09 17:22:49.071   565   849 W InputReader: Device virtio_input_multi_touch_6 is associated with display ADISPLAY_ID_NONE.
10-09 17:22:49.072   565   849 W InputReader: Device virtio_input_multi_touch_4 is associated with display ADISPLAY_ID_NONE.
10-09 17:22:49.072   565   849 W InputReader: Device virtio_input_multi_touch_9 is associated with display ADISPLAY_ID_NONE.
10-09 17:22:49.072   565   849 W InputReader: Device virtio_input_multi_touch_8 is associated with display ADISPLAY_ID_NONE.
10-09 17:22:49.072   365   425 D goldfish-address-space: claimShared: Ask to claim region [0x1f4000000 0x1f49a4000]
10-09 17:22:49.078   565   849 W InputReader: Device virtio_input_multi_touch_10 is associated with display ADISPLAY_ID_NONE.
10-09 17:22:49.089   565   849 W InputReader: Device virtio_input_multi_touch_2 is associated with display ADISPLAY_ID_NONE.
10-09 17:22:49.089   565   849 W InputReader: Device virtio_input_multi_touch_3 is associated with display ADISPLAY_ID_NONE.
10-09 17:22:49.090   565   849 W InputReader: Device virtio_input_multi_touch_5 is associated with display ADISPLAY_ID_NONE.
10-09 17:22:49.091   565   849 W InputReader: Device virtio_input_multi_touch_7 is associated with display ADISPLAY_ID_NONE.
10-09 17:22:49.091   565   849 W InputReader: Device virtio_input_multi_touch_11 is associated with display ADISPLAY_ID_NONE.
10-09 17:22:49.091   565   849 W InputReader: Device virtio_input_multi_touch_6 is associated with display ADISPLAY_ID_NONE.
10-09 17:22:49.091   565   849 W InputReader: Device virtio_input_multi_touch_4 is associated with display ADISPLAY_ID_NONE.
10-09 17:22:49.091   565   849 W InputReader: Device virtio_input_multi_touch_9 is associated with display ADISPLAY_ID_NONE.
10-09 17:22:49.091   565   849 W InputReader: Device virtio_input_multi_touch_8 is associated with display ADISPLAY_ID_NONE.
10-09 17:22:49.091   565   849 W InputReader: Device virtio_input_multi_touch_10 is associated with display ADISPLAY_ID_NONE.
10-09 17:22:49.117  7067  7089 D EGL_emulation: app_time_stats: avg=2032.75ms min=3.84ms max=40485.52ms count=20
10-09 17:22:49.128 10017 10017 D CompatibilityChangeReporter: Compat change id reported: 171979766; UID 10149; state: ENABLED
10-09 17:22:49.150 10017 10017 D ApplicationLoaders: Returning zygote-cached class loader: /system/framework/android.test.base.jar
10-09 17:22:49.154 10017 10017 D ApplicationLoaders: Returning zygote-cached class loader: /system/framework/android.test.base.jar
10-09 17:22:49.159   365   425 D goldfish-address-space: claimShared: Ask to claim region [0x1f3914000 0x1f3f40000]
10-09 17:22:49.245   863   945 D EGL_emulation: app_time_stats: avg=42495.65ms min=42495.65ms max=42495.65ms count=1
10-09 17:22:49.729 10017 10017 V GraphicsEnvironment: ANGLE Developer option for 'edu.ucsc.cse118.assignment2.test' set to: 'default'
10-09 17:22:49.730 10017 10017 V GraphicsEnvironment: ANGLE GameManagerService for edu.ucsc.cse118.assignment2.test: false
10-09 17:22:49.731 10017 10017 V GraphicsEnvironment: Neither updatable production driver nor prerelease driver is supported.
10-09 17:22:49.734 10017 10017 D NetworkSecurityConfig: No Network Security Config specified, using platform default
10-09 17:22:49.740 10017 10017 D NetworkSecurityConfig: No Network Security Config specified, using platform default
10-09 17:22:49.821 10017 10046 D libEGL  : loaded /vendor/lib64/egl/libEGL_emulation.so
10-09 17:22:49.826 10017 10046 D libEGL  : loaded /vendor/lib64/egl/libGLESv1_CM_emulation.so
10-09 17:22:49.828 10017 10046 D libEGL  : loaded /vendor/lib64/egl/libGLESv2_emulation.so
10-09 17:22:49.899   565  2077 W InputReader: Device virtio_input_multi_touch_2 is associated with display ADISPLAY_ID_NONE.
10-09 17:22:49.899   565  2077 W InputReader: Device virtio_input_multi_touch_3 is associated with display ADISPLAY_ID_NONE.
10-09 17:22:49.899   565  2077 W InputReader: Device virtio_input_multi_touch_5 is associated with display ADISPLAY_ID_NONE.
10-09 17:22:49.899   565  2077 W InputReader: Device virtio_input_multi_touch_7 is associated with display ADISPLAY_ID_NONE.
10-09 17:22:49.899   565  2077 W InputReader: Device virtio_input_multi_touch_11 is associated with display ADISPLAY_ID_NONE.
10-09 17:22:49.899   565  2077 W InputReader: Device virtio_input_multi_touch_6 is associated with display ADISPLAY_ID_NONE.
10-09 17:22:49.899   565  2077 W InputReader: Device virtio_input_multi_touch_4 is associated with display ADISPLAY_ID_NONE.
10-09 17:22:49.899   565  2077 W InputReader: Device virtio_input_multi_touch_9 is associated with display ADISPLAY_ID_NONE.
10-09 17:22:49.899   565  2077 W InputReader: Device virtio_input_multi_touch_8 is associated with display ADISPLAY_ID_NONE.
10-09 17:22:49.899   565  2077 W InputReader: Device virtio_input_multi_touch_10 is associated with display ADISPLAY_ID_NONE.
10-09 17:22:49.899   565  2077 W InputReader: Device virtio_input_multi_touch_2 is associated with display ADISPLAY_ID_NONE.
10-09 17:22:49.899   565  2077 W InputReader: Device virtio_input_multi_touch_3 is associated with display ADISPLAY_ID_NONE.
10-09 17:22:49.899   565  2077 W InputReader: Device virtio_input_multi_touch_5 is associated with display ADISPLAY_ID_NONE.
10-09 17:22:49.899   565  2077 W InputReader: Device virtio_input_multi_touch_7 is associated with display ADISPLAY_ID_NONE.
10-09 17:22:49.899   565  2077 W InputReader: Device virtio_input_multi_touch_11 is associated with display ADISPLAY_ID_NONE.
10-09 17:22:49.899   565  2077 W InputReader: Device virtio_input_multi_touch_6 is associated with display ADISPLAY_ID_NONE.
10-09 17:22:49.899   565  2077 W InputReader: Device virtio_input_multi_touch_4 is associated with display ADISPLAY_ID_NONE.
10-09 17:22:49.899   565  2077 W InputReader: Device virtio_input_multi_touch_9 is associated with display ADISPLAY_ID_NONE.
10-09 17:22:49.899   565  2077 W InputReader: Device virtio_input_multi_touch_8 is associated with display ADISPLAY_ID_NONE.
10-09 17:22:49.899   565  2077 W InputReader: Device virtio_input_multi_touch_10 is associated with display ADISPLAY_ID_NONE.
10-09 17:22:49.943  9995 10050 D libEGL  : loaded /vendor/lib64/egl/libEGL_emulation.so
10-09 17:22:49.943  9995 10050 D libEGL  : loaded /vendor/lib64/egl/libGLESv1_CM_emulation.so
10-09 17:22:49.944  9995 10050 D libEGL  : loaded /vendor/lib64/egl/libGLESv2_emulation.so
10-09 17:22:49.999  9995  9995 D LifecycleMonitor: Lifecycle status change: edu.ucsc.cse118.assignment2.MainActivity@e1a802 in: PRE_ON_CREATE
10-09 17:22:50.000  9995  9995 V ActivityScenario: Activity lifecycle changed event received but ignored because the reported transition was not ON_CREATE while the last known transition was PRE_ON_CREATE
10-09 17:22:50.040  9995  9995 W 118.assignment: Accessing hidden method Landroid/view/View;->computeFitSystemWindows(Landroid/graphics/Rect;Landroid/graphics/Rect;)Z (unsupported, reflection, allowed)
10-09 17:22:50.041  9995  9995 W 118.assignment: Accessing hidden method Landroid/view/ViewGroup;->makeOptionalFitsSystemWindows()V (unsupported, reflection, allowed)
10-09 17:22:50.071  9995  9995 D LifecycleMonitor: Lifecycle status change: edu.ucsc.cse118.assignment2.MainActivity@e1a802 in: CREATED
10-09 17:22:50.071  9995  9995 V ActivityScenario: Update currentActivityStage to CREATED, currentActivity=edu.ucsc.cse118.assignment2.MainActivity@e1a802
10-09 17:22:50.073  9995  9995 D LifecycleMonitor: Lifecycle status change: edu.ucsc.cse118.assignment2.MainActivity@e1a802 in: STARTED
10-09 17:22:50.073  9995  9995 V ActivityScenario: Update currentActivityStage to STARTED, currentActivity=edu.ucsc.cse118.assignment2.MainActivity@e1a802
10-09 17:22:50.075  9995  9995 D LifecycleMonitor: Lifecycle status change: edu.ucsc.cse118.assignment2.MainActivity@e1a802 in: RESUMED
10-09 17:22:50.076  9995  9995 V ActivityScenario: Update currentActivityStage to RESUMED, currentActivity=edu.ucsc.cse118.assignment2.MainActivity@e1a802
10-09 17:22:50.092  9995 10015 W 118.assignment: Accessing hidden method Landroid/view/ViewConfiguration;->getDoubleTapMinTime()I (unsupported, reflection, allowed)
10-09 17:22:50.099  9995 10015 D EventInjectionStrategy: Creating injection strategy with input manager.
10-09 17:22:50.099  9995 10015 W 118.assignment: Accessing hidden method Landroid/hardware/input/InputManager;->getInstance()Landroid/hardware/input/InputManager; (unsupported, reflection, allowed)
10-09 17:22:50.100  9995 10015 W 118.assignment: Accessing hidden method Landroid/hardware/input/InputManager;->injectInputEvent(Landroid/view/InputEvent;I)Z (unsupported, reflection, allowed)
10-09 17:22:50.100  9995 10015 W 118.assignment: Accessing hidden field Landroid/hardware/input/InputManager;->INJECT_INPUT_EVENT_MODE_WAIT_FOR_FINISH:I (unsupported, reflection, allowed)
10-09 17:22:50.136  9995 10048 D HostConnection: createUnique: call
10-09 17:22:50.143  9995 10048 D HostConnection: HostConnection::get() New Host Connection established 0xb400006f699a9b50, tid 10048
10-09 17:22:50.150  9995 10048 D HostConnection: HostComposition ext ANDROID_EMU_CHECKSUM_HELPER_v1 ANDROID_EMU_native_sync_v2 ANDROID_EMU_native_sync_v3 ANDROID_EMU_native_sync_v4 ANDROID_EMU_dma_v1 ANDROID_EMU_direct_mem ANDROID_EMU_host_composition_v1 ANDROID_EMU_host_composition_v2 ANDROID_EMU_vulkan ANDROID_EMU_deferred_vulkan_commands ANDROID_EMU_vulkan_null_optional_strings ANDROID_EMU_vulkan_create_resources_with_requirements ANDROID_EMU_YUV_Cache ANDROID_EMU_vulkan_ignored_handles ANDROID_EMU_has_shared_slots_host_memory_allocator ANDROID_EMU_vulkan_free_memory_sync ANDROID_EMU_vulkan_shader_float16_int8 ANDROID_EMU_vulkan_async_queue_submit ANDROID_EMU_vulkan_queue_submit_with_commands ANDROID_EMU_sync_buffer_data ANDROID_EMU_read_color_buffer_dma ANDROID_EMU_hwc_multi_configs GL_OES_EGL_image_external_essl3 GL_OES_vertex_array_object GL_KHR_texture_compression_astc_ldr ANDROID_EMU_host_side_tracing ANDROID_EMU_gles_max_version_3_0
10-09 17:22:50.163   202   202 I hwservicemanager: getTransport: Cannot find entry android.hardware.configstore@1.0::ISurfaceFlingerConfigs/default in either framework or device VINTF manifest.
10-09 17:22:50.164  9995 10048 W OpenGLRenderer: Failed to choose config with EGL_SWAP_BEHAVIOR_PRESERVED, retrying without...
10-09 17:22:50.165  9995 10048 W OpenGLRenderer: Failed to initialize 101010-2 format, error = EGL_SUCCESS
10-09 17:22:50.168  9995 10048 D EGL_emulation: eglCreateContext: 0xb400006f699a9190: maj 3 min 0 rcv 3
10-09 17:22:50.173  9995 10048 D EGL_emulation: eglMakeCurrent: 0xb400006f699a9190: ver 3 0 (tinfo 0x717522e080) (first time)
10-09 17:22:50.182   202   202 I hwservicemanager: getTransport: Cannot find entry android.hardware.graphics.mapper@4.0::IMapper/default in either framework or device VINTF manifest.
10-09 17:22:50.183  9995 10048 I Gralloc4: mapper 4.x is not supported
10-09 17:22:50.182   863   945 D EGL_emulation: app_time_stats: avg=43568.87ms min=43568.87ms max=43568.87ms count=1
10-09 17:22:50.183  9995 10048 D HostConnection: createUnique: call
10-09 17:22:50.184  9995 10048 D HostConnection: HostConnection::get() New Host Connection established 0xb400006f699a90d0, tid 10048
10-09 17:22:50.184  9995 10048 D goldfish-address-space: allocate: Ask for block of size 0x100
10-09 17:22:50.185  9995 10048 D goldfish-address-space: allocate: ioctl allocate returned offset 0x1efff8000 size 0x8000
10-09 17:22:50.187   202   202 I hwservicemanager: getTransport: Cannot find entry android.hardware.graphics.allocator@4.0::IAllocator/default in either framework or device VINTF manifest.
10-09 17:22:50.188  9995 10048 W Gralloc4: allocator 4.x is not supported
10-09 17:22:50.192   365   425 D goldfish-address-space: claimShared: Ask to claim region [0x1f0000000 0x1f09a4000]
10-09 17:22:50.203  9995 10048 D HostConnection: HostComposition ext ANDROID_EMU_CHECKSUM_HELPER_v1 ANDROID_EMU_native_sync_v2 ANDROID_EMU_native_sync_v3 ANDROID_EMU_native_sync_v4 ANDROID_EMU_dma_v1 ANDROID_EMU_direct_mem ANDROID_EMU_host_composition_v1 ANDROID_EMU_host_composition_v2 ANDROID_EMU_vulkan ANDROID_EMU_deferred_vulkan_commands ANDROID_EMU_vulkan_null_optional_strings ANDROID_EMU_vulkan_create_resources_with_requirements ANDROID_EMU_YUV_Cache ANDROID_EMU_vulkan_ignored_handles ANDROID_EMU_has_shared_slots_host_memory_allocator ANDROID_EMU_vulkan_free_memory_sync ANDROID_EMU_vulkan_shader_float16_int8 ANDROID_EMU_vulkan_async_queue_submit ANDROID_EMU_vulkan_queue_submit_with_commands ANDROID_EMU_sync_buffer_data ANDROID_EMU_read_color_buffer_dma ANDROID_EMU_hwc_multi_configs GL_OES_EGL_image_external_essl3 GL_OES_vertex_array_object GL_KHR_texture_compression_astc_ldr ANDROID_EMU_host_side_tracing ANDROID_EMU_gles_max_version_3_0
10-09 17:22:50.205   365   425 D goldfish-address-space: claimShared: Ask to claim region [0x1f09a4000 0x1f1348000]
10-09 17:22:50.205   365   425 D goldfish-address-space: claimShared: Ask to claim region [0x1f1348000 0x1f1cec000]
10-09 17:22:50.285   565   606 I ActivityTaskManager: Displayed edu.ucsc.cse118.assignment2/.MainActivity: +1s381ms
10-09 17:22:50.296   565  2077 W InputManager-JNI: Input channel object 'b49936 Splash Screen edu.ucsc.cse118.assignment2.test (client)' was disposed without first being removed with the input manager!
10-09 17:22:50.308  9995  9995 W 118.assignment: Accessing hidden method Landroid/os/MessageQueue;->next()Landroid/os/Message; (unsupported, reflection, allowed)
10-09 17:22:50.312  9995  9995 W 118.assignment: Accessing hidden field Landroid/os/MessageQueue;->mMessages:Landroid/os/Message; (unsupported, reflection, allowed)
10-09 17:22:50.313  9995  9995 W 118.assignment: Accessing hidden method Landroid/os/Message;->recycleUnchecked()V (unsupported, reflection, allowed)
10-09 17:22:50.314  9995  9995 W 118.assignment: Accessing hidden method Landroid/view/WindowManagerGlobal;->getInstance()Landroid/view/WindowManagerGlobal; (unsupported, reflection, allowed)
10-09 17:22:50.314  9995  9995 W 118.assignment: Accessing hidden field Landroid/view/WindowManagerGlobal;->mViews:Ljava/util/ArrayList; (unsupported, reflection, allowed)
10-09 17:22:50.315  9995  9995 W 118.assignment: Accessing hidden field Landroid/view/WindowManagerGlobal;->mParams:Ljava/util/ArrayList; (unsupported, reflection, allowed)
10-09 17:22:50.327  1570  1570 I GoogleInputMethodService: GoogleInputMethodService.onFinishInput():3269
10-09 17:22:50.338  1570  1570 I GoogleInputMethodService: GoogleInputMethodService.onStartInput():1947
10-09 17:22:50.363  1570  1570 I DeviceUnlockedTag: DeviceUnlockedTag.notifyDeviceLockStatusChanged():79 Notify device unlocked.
10-09 17:22:50.424  9995  9995 D LifecycleMonitor: Lifecycle status change: edu.ucsc.cse118.assignment2.MainActivity@e1a802 in: PAUSED
10-09 17:22:50.424  9995  9995 V ActivityScenario: Update currentActivityStage to PAUSED, currentActivity=edu.ucsc.cse118.assignment2.MainActivity@e1a802
10-09 17:22:50.425   565  2073 W InputReader: Device virtio_input_multi_touch_2 is associated with display ADISPLAY_ID_NONE.
10-09 17:22:50.425   565  2073 W InputReader: Device virtio_input_multi_touch_3 is associated with display ADISPLAY_ID_NONE.
10-09 17:22:50.425   565  2073 W InputReader: Device virtio_input_multi_touch_5 is associated with display ADISPLAY_ID_NONE.
10-09 17:22:50.425   565  2073 W InputReader: Device virtio_input_multi_touch_7 is associated with display ADISPLAY_ID_NONE.
10-09 17:22:50.425   565  2073 W InputReader: Device virtio_input_multi_touch_11 is associated with display ADISPLAY_ID_NONE.
10-09 17:22:50.425   565  2073 W InputReader: Device virtio_input_multi_touch_6 is associated with display ADISPLAY_ID_NONE.
10-09 17:22:50.426   565  2073 W InputReader: Device virtio_input_multi_touch_4 is associated with display ADISPLAY_ID_NONE.
10-09 17:22:50.426   565  2073 W InputReader: Device virtio_input_multi_touch_9 is associated with display ADISPLAY_ID_NONE.
10-09 17:22:50.426   565  2073 W InputReader: Device virtio_input_multi_touch_8 is associated with display ADISPLAY_ID_NONE.
10-09 17:22:50.426   565  2073 W InputReader: Device virtio_input_multi_touch_10 is associated with display ADISPLAY_ID_NONE.
10-09 17:22:50.427   565  2073 W InputReader: Device virtio_input_multi_touch_2 is associated with display ADISPLAY_ID_NONE.
10-09 17:22:50.427   565  2073 W InputReader: Device virtio_input_multi_touch_3 is associated with display ADISPLAY_ID_NONE.
10-09 17:22:50.427   565  2073 W InputReader: Device virtio_input_multi_touch_5 is associated with display ADISPLAY_ID_NONE.
10-09 17:22:50.427   565  2073 W InputReader: Device virtio_input_multi_touch_7 is associated with display ADISPLAY_ID_NONE.
10-09 17:22:50.427   565  2073 W InputReader: Device virtio_input_multi_touch_11 is associated with display ADISPLAY_ID_NONE.
10-09 17:22:50.427   565  2073 W InputReader: Device virtio_input_multi_touch_6 is associated with display ADISPLAY_ID_NONE.
10-09 17:22:50.427   565  2073 W InputReader: Device virtio_input_multi_touch_4 is associated with display ADISPLAY_ID_NONE.
10-09 17:22:50.427   565  2073 W InputReader: Device virtio_input_multi_touch_9 is associated with display ADISPLAY_ID_NONE.
10-09 17:22:50.427   565  2073 W InputReader: Device virtio_input_multi_touch_8 is associated with display ADISPLAY_ID_NONE.
10-09 17:22:50.427   565  2073 W InputReader: Device virtio_input_multi_touch_10 is associated with display ADISPLAY_ID_NONE.
10-09 17:22:50.503   565  3205 W InputReader: Device virtio_input_multi_touch_2 is associated with display ADISPLAY_ID_NONE.
10-09 17:22:50.503   565  3205 W InputReader: Device virtio_input_multi_touch_3 is associated with display ADISPLAY_ID_NONE.
10-09 17:22:50.503   565  3205 W InputReader: Device virtio_input_multi_touch_5 is associated with display ADISPLAY_ID_NONE.
10-09 17:22:50.503   565  3205 W InputReader: Device virtio_input_multi_touch_7 is associated with display ADISPLAY_ID_NONE.
10-09 17:22:50.503   565  3205 W InputReader: Device virtio_input_multi_touch_11 is associated with display ADISPLAY_ID_NONE.
10-09 17:22:50.503   565  3205 W InputReader: Device virtio_input_multi_touch_6 is associated with display ADISPLAY_ID_NONE.
10-09 17:22:50.503   565  3205 W InputReader: Device virtio_input_multi_touch_4 is associated with display ADISPLAY_ID_NONE.
10-09 17:22:50.503   565  3205 W InputReader: Device virtio_input_multi_touch_9 is associated with display ADISPLAY_ID_NONE.
10-09 17:22:50.503   565  3205 W InputReader: Device virtio_input_multi_touch_8 is associated with display ADISPLAY_ID_NONE.
10-09 17:22:50.503   565  3205 W InputReader: Device virtio_input_multi_touch_10 is associated with display ADISPLAY_ID_NONE.
10-09 17:22:50.503   565  3205 W InputReader: Device virtio_input_multi_touch_2 is associated with display ADISPLAY_ID_NONE.
10-09 17:22:50.503   565  3205 W InputReader: Device virtio_input_multi_touch_3 is associated with display ADISPLAY_ID_NONE.
10-09 17:22:50.503   565  3205 W InputReader: Device virtio_input_multi_touch_5 is associated with display ADISPLAY_ID_NONE.
10-09 17:22:50.503   565  3205 W InputReader: Device virtio_input_multi_touch_7 is associated with display ADISPLAY_ID_NONE.
10-09 17:22:50.503   565  3205 W InputReader: Device virtio_input_multi_touch_11 is associated with display ADISPLAY_ID_NONE.
10-09 17:22:50.503   565  3205 W InputReader: Device virtio_input_multi_touch_6 is associated with display ADISPLAY_ID_NONE.
10-09 17:22:50.503   565  3205 W InputReader: Device virtio_input_multi_touch_4 is associated with display ADISPLAY_ID_NONE.
10-09 17:22:50.503   565  3205 W InputReader: Device virtio_input_multi_touch_9 is associated with display ADISPLAY_ID_NONE.
10-09 17:22:50.503   565  3205 W InputReader: Device virtio_input_multi_touch_8 is associated with display ADISPLAY_ID_NONE.
10-09 17:22:50.503   565  3205 W InputReader: Device virtio_input_multi_touch_10 is associated with display ADISPLAY_ID_NONE.
10-09 17:22:50.540   393   497 W ServiceManager: Permission failure: android.permission.ACCESS_SURFACE_FLINGER from uid=10149 pid=10017
10-09 17:22:50.540   393   497 D PermissionCache: checking android.permission.ACCESS_SURFACE_FLINGER for uid=10149 => denied (228 us)
10-09 17:22:50.540   393   497 W ServiceManager: Permission failure: android.permission.ROTATE_SURFACE_FLINGER from uid=10149 pid=10017
10-09 17:22:50.540   393   497 D PermissionCache: checking android.permission.ROTATE_SURFACE_FLINGER for uid=10149 => denied (186 us)
10-09 17:22:50.541 10017 10044 D HostConnection: createUnique: call
10-09 17:22:50.542 10017 10044 D HostConnection: HostConnection::get() New Host Connection established 0xb400006f699a00d0, tid 10044
10-09 17:22:50.586 10017 10044 D HostConnection: HostComposition ext ANDROID_EMU_CHECKSUM_HELPER_v1 ANDROID_EMU_native_sync_v2 ANDROID_EMU_native_sync_v3 ANDROID_EMU_native_sync_v4 ANDROID_EMU_dma_v1 ANDROID_EMU_direct_mem ANDROID_EMU_host_composition_v1 ANDROID_EMU_host_composition_v2 ANDROID_EMU_vulkan ANDROID_EMU_deferred_vulkan_commands ANDROID_EMU_vulkan_null_optional_strings ANDROID_EMU_vulkan_create_resources_with_requirements ANDROID_EMU_YUV_Cache ANDROID_EMU_vulkan_ignored_handles ANDROID_EMU_has_shared_slots_host_memory_allocator ANDROID_EMU_vulkan_free_memory_sync ANDROID_EMU_vulkan_shader_float16_int8 ANDROID_EMU_vulkan_async_queue_submit ANDROID_EMU_vulkan_queue_submit_with_commands ANDROID_EMU_sync_buffer_data ANDROID_EMU_read_color_buffer_dma ANDROID_EMU_hwc_multi_configs GL_OES_EGL_image_external_essl3 GL_OES_vertex_array_object GL_KHR_texture_compression_astc_ldr ANDROID_EMU_host_side_tracing ANDROID_EMU_gles_max_version_3_0
10-09 17:22:50.591   202   202 I hwservicemanager: getTransport: Cannot find entry android.hardware.configstore@1.0::ISurfaceFlingerConfigs/default in either framework or device VINTF manifest.
10-09 17:22:50.591 10017 10044 W OpenGLRenderer: Failed to choose config with EGL_SWAP_BEHAVIOR_PRESERVED, retrying without...
10-09 17:22:50.591 10017 10044 W OpenGLRenderer: Failed to initialize 101010-2 format, error = EGL_SUCCESS
10-09 17:22:50.593 10017 10044 D EGL_emulation: eglCreateContext: 0xb400006f699a1ed0: maj 3 min 0 rcv 3
10-09 17:22:50.594 10017 10044 D EGL_emulation: eglMakeCurrent: 0xb400006f699a1ed0: ver 3 0 (tinfo 0x7176c04080) (first time)
10-09 17:22:50.602  1271  2686 I FontLog : Received query Noto Color Emoji Compat, URI content://com.google.android.gms.fonts [CONTEXT service_id=132 ]
10-09 17:22:50.604  1271  2686 I FontLog : Query [emojicompat-emoji-font] resolved to {Noto Color Emoji Compat, wdth 100.0, wght 400, ital 0.0, bestEffort false} [CONTEXT service_id=132 ]
10-09 17:22:50.604   202   202 I hwservicemanager: getTransport: Cannot find entry android.hardware.graphics.mapper@4.0::IMapper/default in either framework or device VINTF manifest.
10-09 17:22:50.604 10017 10044 I Gralloc4: mapper 4.x is not supported
10-09 17:22:50.606 10017 10044 D HostConnection: createUnique: call
10-09 17:22:50.606 10017 10044 D HostConnection: HostConnection::get() New Host Connection established 0xb400006f699a8950, tid 10044
10-09 17:22:50.606 10017 10044 D goldfish-address-space: allocate: Ask for block of size 0x100
10-09 17:22:50.606 10017 10044 D goldfish-address-space: allocate: ioctl allocate returned offset 0x1efff8000 size 0x8000
10-09 17:22:50.607   202   202 I hwservicemanager: getTransport: Cannot find entry android.hardware.graphics.allocator@4.0::IAllocator/default in either framework or device VINTF manifest.
10-09 17:22:50.608 10017 10044 W Gralloc4: allocator 4.x is not supported
10-09 17:22:50.608   365   425 D goldfish-address-space: claimShared: Ask to claim region [0x1f2f70000 0x1f3914000]
10-09 17:22:50.615  1271  2686 I FontLog : Fetch {Noto Color Emoji Compat, wdth 100.0, wght 400, ital 0.0, bestEffort false} end status Status{statusCode=SUCCESS, resolution=null} [CONTEXT service_id=132 ]
10-09 17:22:50.623  1271  2686 I FontLog : Pulling font file for id = 34, cache size = 6 [CONTEXT service_id=132 ]
10-09 17:22:50.630  1271  2686 I FontLog : Pulling font file for id = 34, cache size = 6 [CONTEXT service_id=132 ]
10-09 17:22:50.646 10017 10044 D HostConnection: HostComposition ext ANDROID_EMU_CHECKSUM_HELPER_v1 ANDROID_EMU_native_sync_v2 ANDROID_EMU_native_sync_v3 ANDROID_EMU_native_sync_v4 ANDROID_EMU_dma_v1 ANDROID_EMU_direct_mem ANDROID_EMU_host_composition_v1 ANDROID_EMU_host_composition_v2 ANDROID_EMU_vulkan ANDROID_EMU_deferred_vulkan_commands ANDROID_EMU_vulkan_null_optional_strings ANDROID_EMU_vulkan_create_resources_with_requirements ANDROID_EMU_YUV_Cache ANDROID_EMU_vulkan_ignored_handles ANDROID_EMU_has_shared_slots_host_memory_allocator ANDROID_EMU_vulkan_free_memory_sync ANDROID_EMU_vulkan_shader_float16_int8 ANDROID_EMU_vulkan_async_queue_submit ANDROID_EMU_vulkan_queue_submit_with_commands ANDROID_EMU_sync_buffer_data ANDROID_EMU_read_color_buffer_dma ANDROID_EMU_hwc_multi_configs GL_OES_EGL_image_external_essl3 GL_OES_vertex_array_object GL_KHR_texture_compression_astc_ldr ANDROID_EMU_host_side_tracing ANDROID_EMU_gles_max_version_3_0
10-09 17:22:50.647   365   425 D goldfish-address-space: claimShared: Ask to claim region [0x1f1cec000 0x1f2690000]
10-09 17:22:50.648   365   425 D goldfish-address-space: claimShared: Ask to claim region [0x1f4000000 0x1f49a4000]
10-09 17:22:50.896   365   425 D goldfish-address-space: claimShared: Ask to claim region [0x1f78ec000 0x1f7f18000]
10-09 17:22:50.913   365   425 D goldfish-address-space: claimShared: Ask to claim region [0x1f49a4000 0x1f5348000]
10-09 17:22:50.914   365   424 D goldfish-address-space: claimShared: Ask to claim region [0x1f5348000 0x1f5cec000]
10-09 17:22:50.919   365   424 D goldfish-address-space: claimShared: Ask to claim region [0x1f5cec000 0x1f6690000]
10-09 17:22:50.937   565  2077 W InputManager-JNI: Input channel object 'c50fc7e edu.ucsc.cse118.assignment2.test/androidx.test.core.app.InstrumentationActivityInvoker$EmptyActivity (client)' was disposed without first being removed with the input manager!
10-09 17:22:50.945   565   969 W InputReader: Device virtio_input_multi_touch_2 is associated with display ADISPLAY_ID_NONE.
10-09 17:22:50.945   565   969 W InputReader: Device virtio_input_multi_touch_3 is associated with display ADISPLAY_ID_NONE.
10-09 17:22:50.945   565   969 W InputReader: Device virtio_input_multi_touch_5 is associated with display ADISPLAY_ID_NONE.
10-09 17:22:50.945   565   969 W InputReader: Device virtio_input_multi_touch_7 is associated with display ADISPLAY_ID_NONE.
10-09 17:22:50.945   565   969 W InputReader: Device virtio_input_multi_touch_11 is associated with display ADISPLAY_ID_NONE.
10-09 17:22:50.945   565   969 W InputReader: Device virtio_input_multi_touch_6 is associated with display ADISPLAY_ID_NONE.
10-09 17:22:50.945   565   969 W InputReader: Device virtio_input_multi_touch_4 is associated with display ADISPLAY_ID_NONE.
10-09 17:22:50.945   565   969 W InputReader: Device virtio_input_multi_touch_9 is associated with display ADISPLAY_ID_NONE.
10-09 17:22:50.945   565   969 W InputReader: Device virtio_input_multi_touch_8 is associated with display ADISPLAY_ID_NONE.
10-09 17:22:50.945   565   969 W InputReader: Device virtio_input_multi_touch_10 is associated with display ADISPLAY_ID_NONE.
10-09 17:22:50.945   565   969 W InputReader: Device virtio_input_multi_touch_2 is associated with display ADISPLAY_ID_NONE.
10-09 17:22:50.945   565   969 W InputReader: Device virtio_input_multi_touch_3 is associated with display ADISPLAY_ID_NONE.
10-09 17:22:50.945   565   969 W InputReader: Device virtio_input_multi_touch_5 is associated with display ADISPLAY_ID_NONE.
10-09 17:22:50.945   565   969 W InputReader: Device virtio_input_multi_touch_7 is associated with display ADISPLAY_ID_NONE.
10-09 17:22:50.945   565   969 W InputReader: Device virtio_input_multi_touch_11 is associated with display ADISPLAY_ID_NONE.
10-09 17:22:50.945   565   969 W InputReader: Device virtio_input_multi_touch_6 is associated with display ADISPLAY_ID_NONE.
10-09 17:22:50.945   565   969 W InputReader: Device virtio_input_multi_touch_4 is associated with display ADISPLAY_ID_NONE.
10-09 17:22:50.945   565   969 W InputReader: Device virtio_input_multi_touch_9 is associated with display ADISPLAY_ID_NONE.
10-09 17:22:50.945   565   969 W InputReader: Device virtio_input_multi_touch_8 is associated with display ADISPLAY_ID_NONE.
10-09 17:22:50.945   565   969 W InputReader: Device virtio_input_multi_touch_10 is associated with display ADISPLAY_ID_NONE.
10-09 17:22:51.055   565  2077 D TelephonyManager: requestModemActivityInfo: Sending result to app: ModemActivityInfo{ mTimestamp=2136116 mSleepTimeMs=0 mIdleTimeMs=2135147 mTxTimeMs[]=[0, 0, 0, 0, 0] mRxTimeMs=0}
10-09 17:22:51.078   218   218 W Binder:218_2: type=1400 audit(0.0:151): avc: denied { read } for name="wakeup4" dev="sysfs" ino=18252 scontext=u:r:system_suspend:s0 tcontext=u:object_r:sysfs:s0 tclass=dir permissive=0
10-09 17:22:51.079   218   225 E android.system.suspend@1.0-service: Error opening kernel wakelock stats for: wakeup4: Permission denied
10-09 17:22:51.082   218   218 W Binder:218_2: type=1400 audit(0.0:152): avc: denied { read } for name="wakeup2" dev="sysfs" ino=17379 scontext=u:r:system_suspend:s0 tcontext=u:object_r:sysfs:s0 tclass=dir permissive=0
10-09 17:22:51.085   218   225 E android.system.suspend@1.0-service: Error opening kernel wakelock stats for: wakeup2: Permission denied
10-09 17:22:51.086   218   218 W Binder:218_2: type=1400 audit(0.0:153): avc: denied { read } for name="wakeup0" dev="sysfs" ino=14282 scontext=u:r:system_suspend:s0 tcontext=u:object_r:sysfs:s0 tclass=dir permissive=0
10-09 17:22:51.088   218   225 E android.system.suspend@1.0-service: Error opening kernel wakelock stats for: wakeup0: Permission denied
10-09 17:22:51.090   218   218 W Binder:218_2: type=1400 audit(0.0:154): avc: denied { read } for name="wakeup5" dev="sysfs" ino=18312 scontext=u:r:system_suspend:s0 tcontext=u:object_r:sysfs:s0 tclass=dir permissive=0
10-09 17:22:51.092   218   225 E android.system.suspend@1.0-service: Error opening kernel wakelock stats for: wakeup5: Permission denied
10-09 17:22:51.090   218   218 W Binder:218_2: type=1400 audit(0.0:155): avc: denied { read } for name="wakeup3" dev="sysfs" ino=17427 scontext=u:r:system_suspend:s0 tcontext=u:object_r:sysfs:s0 tclass=dir permissive=0
10-09 17:22:51.094   218   225 E android.system.suspend@1.0-service: Error opening kernel wakelock stats for: wakeup3: Permission denied
10-09 17:22:51.096   218   225 E android.system.suspend@1.0-service: Error opening kernel wakelock stats for: wakeup1: Permission denied
10-09 17:22:51.094   218   218 W Binder:218_2: type=1400 audit(0.0:156): avc: denied { read } for name="wakeup1" dev="sysfs" ino=14343 scontext=u:r:system_suspend:s0 tcontext=u:object_r:sysfs:s0 tclass=dir permissive=0
10-09 17:22:51.114   365   424 D goldfish-address-space: claimShared: Ask to claim region [0x1f2f70000 0x1f3914000]
10-09 17:22:51.118   365   424 D goldfish-address-space: claimShared: Ask to claim region [0x1f1cec000 0x1f2690000]
10-09 17:22:51.119   365   424 D goldfish-address-space: claimShared: Ask to claim region [0x1f4000000 0x1f49a4000]
10-09 17:22:51.131   351   351 I netd    : trafficSwapActiveStatsMap() <20.79ms>
10-09 17:22:51.149   351   351 I netd    : tetherGetStats() -> {[]} <14.99ms>
10-09 17:22:51.163  7067  9918 D BatteryInfo: time for getStats: 1ms
10-09 17:22:51.166   565  1052 D TelephonyManager: requestModemActivityInfo: Sending result to app: ModemActivityInfo{ mTimestamp=2136116 mSleepTimeMs=0 mIdleTimeMs=2135147 mTxTimeMs[]=[0, 0, 0, 0, 0] mRxTimeMs=0}
10-09 17:22:51.166   218   218 W Binder:218_2: type=1400 audit(0.0:157): avc: denied { read } for name="wakeup4" dev="sysfs" ino=18252 scontext=u:r:system_suspend:s0 tcontext=u:object_r:sysfs:s0 tclass=dir permissive=0
10-09 17:22:51.167   218   225 E android.system.suspend@1.0-service: Error opening kernel wakelock stats for: wakeup4: Permission denied
10-09 17:22:51.167   218   225 E android.system.suspend@1.0-service: Error opening kernel wakelock stats for: wakeup2: Permission denied
10-09 17:22:51.167   218   225 E android.system.suspend@1.0-service: Error opening kernel wakelock stats for: wakeup0: Permission denied
10-09 17:22:51.167   218   225 E android.system.suspend@1.0-service: Error opening kernel wakelock stats for: wakeup5: Permission denied
10-09 17:22:51.168   218   225 E android.system.suspend@1.0-service: Error opening kernel wakelock stats for: wakeup3: Permission denied
10-09 17:22:51.168   218   225 E android.system.suspend@1.0-service: Error opening kernel wakelock stats for: wakeup1: Permission denied
10-09 17:22:51.166   218   218 W Binder:218_2: type=1400 audit(0.0:158): avc: denied { read } for name="wakeup2" dev="sysfs" ino=17379 scontext=u:r:system_suspend:s0 tcontext=u:object_r:sysfs:s0 tclass=dir permissive=0
10-09 17:22:51.166   218   218 W Binder:218_2: type=1400 audit(0.0:159): avc: denied { read } for name="wakeup0" dev="sysfs" ino=14282 scontext=u:r:system_suspend:s0 tcontext=u:object_r:sysfs:s0 tclass=dir permissive=0
10-09 17:22:51.175  7067  9918 D BatteryInfo: time for regular BatteryInfo: 12ms
10-09 17:22:51.176  7067  9918 D BatteryInfo: time for getBatteryInfo: 1ms
10-09 17:22:51.187   351   351 I netd    : trafficSwapActiveStatsMap() <16.95ms>
10-09 17:22:51.190   351   351 I netd    : tetherGetStats() -> {[]} <0.52ms>
10-09 17:22:51.193  7067  7067 D ContextualSuggestFrag: loadSuggestions
10-09 17:22:51.194  7067  7102 D ContextualSuggestFrag: Start loading suggestions
10-09 17:22:51.194  7067  7067 D ContextualSuggestFrag: loadSuggestions
10-09 17:22:51.227  7067  7096 D BatteryTipLoader: BatteryInfoLoader post query: 2ms
10-09 17:22:51.228  7067  7096 D BatteryInfo: time for getBatteryInfo: 1ms
10-09 17:22:51.228  7067  7096 D BatteryTipLoader: BatteryInfoLoader.loadInBackground: 3ms
10-09 17:22:51.228   863   945 D EGL_emulation: app_time_stats: avg=1045.73ms min=1045.73ms max=1045.73ms count=1
10-09 17:22:51.229  7067  7103 D BatteryTipLoader: BatteryInfoLoader post query: 3ms
10-09 17:22:51.229  7067  7103 D BatteryInfo: time for getBatteryInfo: 0ms
10-09 17:22:51.229  7067  7103 D BatteryTipLoader: BatteryInfoLoader.loadInBackground: 3ms
10-09 17:22:51.234  7067  7103 D ContextualSuggestFrag: Start loading suggestions
10-09 17:22:51.244  7067  7102 D ContextualSuggestFrag: Loaded suggests: 0
10-09 17:22:51.245  7067  7103 D ContextualSuggestFrag: Loaded suggests: 0
10-09 17:22:51.246   565  2073 W InputManager-JNI: Input channel object 'a461d56 edu.ucsc.cse118.assignment2.test/androidx.test.core.app.InstrumentationActivityInvoker$EmptyActivity (client)' was disposed without first being removed with the input manager!
10-09 17:22:51.260  7067  7067 D BatteryInfo: time for callback: 0ms
10-09 17:22:51.295  7067  7067 D ContextualSuggestFrag: Remove suggestion
10-09 17:22:51.295  7067  7067 D ContextualSuggestFrag: Total loading time: 101 ms
10-09 17:22:51.296  7067  7067 D ContextualSuggestFrag: Remove suggestion
10-09 17:22:51.296  7067  7067 D ContextualSuggestFrag: Total loading time: 102 ms
10-09 17:22:51.301  9995  9995 D LifecycleMonitor: Lifecycle status change: edu.ucsc.cse118.assignment2.MainActivity@e1a802 in: STOPPED
10-09 17:22:51.302  9995  9995 V ActivityScenario: Update currentActivityStage to STOPPED, currentActivity=edu.ucsc.cse118.assignment2.MainActivity@e1a802
10-09 17:22:51.311  1570  1570 I GoogleInputMethodService: GoogleInputMethodService.onFinishInput():3269
10-09 17:22:51.313  1570  1570 I GoogleInputMethodService: GoogleInputMethodService.onStartInput():1947
10-09 17:22:51.314  1570  1570 I DeviceUnlockedTag: DeviceUnlockedTag.notifyDeviceLockStatusChanged():79 Notify device unlocked.
10-09 17:22:51.315  9995  9995 D LifecycleMonitor: Lifecycle status change: edu.ucsc.cse118.assignment2.MainActivity@e1a802 in: DESTROYED
10-09 17:22:51.315  9995  9995 V ActivityScenario: Update currentActivityStage to DESTROYED, currentActivity=null
10-09 17:22:51.329   863   945 D EGL_emulation: app_time_stats: avg=2084.22ms min=2084.22ms max=2084.22ms count=1
10-09 17:22:51.339  9995 10015 E TestRunner: failed: invisible_message_detail_date(edu.ucsc.cse118.assignment2.AdvancedInstrumentedTest)
10-09 17:22:51.339  9995 10015 E TestRunner: ----- begin exception -----
10-09 17:22:51.346  9995 10015 E TestRunner: com.adevinta.android.barista.internal.failurehandler.BaristaException: Could not perform action single click on view (an instance of android.widget.TextView and view.getText() with or without transformation to match: is "LOGIN" or (view.getParent() is assignable from class <class com.google.android.material.textfield.TextInputLayout> and (view is an instance of android.view.ViewGroup and has descendant matching an instance of android.widget.TextView and view.getText() with or without transformation to match: is "LOGIN")))
10-09 17:22:51.346  9995 10015 E TestRunner: 	at com.adevinta.android.barista.internal.failurehandler.SpyFailureHandler.resendFirstError(SpyFailureHandler.kt:25)
10-09 17:22:51.346  9995 10015 E TestRunner: 	at com.adevinta.android.barista.internal.PerformActionKt.performActionOnView(PerformAction.kt:50)
10-09 17:22:51.346  9995 10015 E TestRunner: 	at com.adevinta.android.barista.internal.PerformActionKt.performAction(PerformAction.kt:26)
10-09 17:22:51.346  9995 10015 E TestRunner: 	at com.adevinta.android.barista.interaction.BaristaClickInteractions.clickOn(BaristaClickInteractions.kt:24)
10-09 17:22:51.346  9995 10015 E TestRunner: 	at edu.ucsc.cse118.assignment2.AdvancedInstrumentedTest.goToWorkspace(AdvancedInstrumentedTest.kt:25)
10-09 17:22:51.346  9995 10015 E TestRunner: 	at edu.ucsc.cse118.assignment2.AdvancedInstrumentedTest.goToChannel(AdvancedInstrumentedTest.kt:30)
10-09 17:22:51.346  9995 10015 E TestRunner: 	at edu.ucsc.cse118.assignment2.AdvancedInstrumentedTest.goToMessage(AdvancedInstrumentedTest.kt:35)
10-09 17:22:51.346  9995 10015 E TestRunner: 	at edu.ucsc.cse118.assignment2.AdvancedInstrumentedTest.invisible_message_detail_date(AdvancedInstrumentedTest.kt:133)
10-09 17:22:51.346  9995 10015 E TestRunner: 	at java.lang.reflect.Method.invoke(Native Method)
10-09 17:22:51.346  9995 10015 E TestRunner: 	at org.junit.runners.model.FrameworkMethod$1.runReflectiveCall(FrameworkMethod.java:59)
10-09 17:22:51.346  9995 10015 E TestRunner: 	at org.junit.internal.runners.model.ReflectiveCallable.run(ReflectiveCallable.java:12)
10-09 17:22:51.346  9995 10015 E TestRunner: 	at org.junit.runners.model.FrameworkMethod.invokeExplosively(FrameworkMethod.java:56)
10-09 17:22:51.346  9995 10015 E TestRunner: 	at org.junit.internal.runners.statements.InvokeMethod.evaluate(InvokeMethod.java:17)
10-09 17:22:51.346  9995 10015 E TestRunner: 	at org.junit.rules.ExternalResource$1.evaluate(ExternalResource.java:54)
10-09 17:22:51.346  9995 10015 E TestRunner: 	at org.junit.runners.ParentRunner$3.evaluate(ParentRunner.java:306)
10-09 17:22:51.346  9995 10015 E TestRunner: 	at org.junit.runners.BlockJUnit4ClassRunner$1.evaluate(BlockJUnit4ClassRunner.java:100)
10-09 17:22:51.346  9995 10015 E TestRunner: 	at org.junit.runners.ParentRunner.runLeaf(ParentRunner.java:366)
10-09 17:22:51.346  9995 10015 E TestRunner: 	at org.junit.runners.BlockJUnit4ClassRunner.runChild(BlockJUnit4ClassRunner.java:103)
10-09 17:22:51.346  9995 10015 E TestRunner: 	at org.junit.runners.BlockJUnit4ClassRunner.runChild(BlockJUnit4ClassRunner.java:63)
10-09 17:22:51.346  9995 10015 E TestRunner: 	at org.junit.runners.ParentRunner$4.run(ParentRunner.java:331)
10-09 17:22:51.346  9995 10015 E TestRunner: 	at org.junit.runners.ParentRunner$1.schedule(ParentRunner.java:79)
10-09 17:22:51.346  9995 10015 E TestRunner: 	at org.junit.runners.ParentRunner.runChildren(ParentRunner.java:329)
10-09 17:22:51.346  9995 10015 E TestRunner: 	at org.junit.runners.ParentRunner.access$100(ParentRunner.java:66)
10-09 17:22:51.346  9995 10015 E TestRunner: 	at org.junit.runners.ParentRunner$2.evaluate(ParentRunner.java:293)
10-09 17:22:51.346  9995 10015 E TestRunner: 	at org.junit.runners.ParentRunner$3.evaluate(ParentRunner.java:306)
10-09 17:22:51.346  9995 10015 E TestRunner: 	at org.junit.runners.ParentRunner.run(ParentRunner.java:413)
10-09 17:22:51.346  9995 10015 E TestRunner: 	at androidx.test.ext.junit.runners.AndroidJUnit4.run(AndroidJUnit4.java:162)
10-09 17:22:51.346  9995 10015 E TestRunner: 	at org.junit.runners.Suite.runChild(Suite.java:128)
10-09 17:22:51.346  9995 10015 E TestRunner: 	at org.junit.runners.Suite.runChild(Suite.java:27)
10-09 17:22:51.346  9995 10015 E TestRunner: 	at org.junit.runners.ParentRunner$4.run(ParentRunner.java:331)
10-09 17:22:51.346  9995 10015 E TestRunner: 	at org.junit.runners.ParentRunner$1.schedule(ParentRunner.java:79)
10-09 17:22:51.346  9995 10015 E TestRunner: 	at org.junit.runners.ParentRunner.runChildren(ParentRunner.java:329)
10-09 17:22:51.346  9995 10015 E TestRunner: 	at org.junit.runners.ParentRunner.access$100(ParentRunner.java:66)
10-09 17:22:51.346  9995 10015 E TestRunner: 	at org.junit.runners.ParentRunner$2.evaluate(ParentRunner.java:293)
10-09 17:22:51.346  9995 10015 E TestRunner: 	at org.junit.runners.ParentRunner$3.evaluate(ParentRunner.java:306)
10-09 17:22:51.346  9995 10015 E TestRunner: 	at org.junit.runners.ParentRunner.run(ParentRunner.java:413)
10-09 17:22:51.346  9995 10015 E TestRunner: 	at org.junit.runner.JUnitCore.run(JUnitCore.java:137)
10-09 17:22:51.346  9995 10015 E TestRunner: 	at org.junit.runner.JUnitCore.run(JUnitCore.java:115)
10-09 17:22:51.346  9995 10015 E TestRunner: 	at androidx.test.internal.runner.TestExecutor.execute(TestExecutor.java:56)
10-09 17:22:51.346  9995 10015 E TestRunner: 	at androidx.test.runner.AndroidJUnitRunner.onStart(AndroidJUnitRunner.java:444)
10-09 17:22:51.346  9995 10015 E TestRunner: 	at android.app.Instrumentation$InstrumentationThread.run(Instrumentation.java:2278)
10-09 17:22:51.346  9995 10015 E TestRunner: Caused by: androidx.test.espresso.NoMatchingViewException: No views in hierarchy found matching: ((view has effective visibility <VISIBLE> and view.getGlobalVisibleRect() to return non-empty rectangle) and (an instance of android.widget.TextView and view.getText() with or without transformation to match: is "LOGIN" or (view.getParent() is assignable from class <class com.google.android.material.textfield.TextInputLayout> and (view is an instance of android.view.ViewGroup and has descendant matching an instance of android.widget.TextView and view.getText() with or without transformation to match: is "LOGIN"))))
10-09 17:22:51.346  9995 10015 E TestRunner:
10-09 17:22:51.346  9995 10015 E TestRunner: View Hierarchy:
10-09 17:22:51.346  9995 10015 E TestRunner: +>DecorView{id=-1, visibility=VISIBLE, width=1080, height=2340, has-focus=false, has-focusable=false, has-window-focus=true, is-clickable=false, is-enabled=true, is-focused=false, is-focusable=false, is-layout-requested=false, is-selected=false, layout-params={(0,0)(fillxfill) ty=BASE_APPLICATION wanim=0x10302fe
10-09 17:22:51.346  9995 10015 E TestRunner:   fl=LAYOUT_IN_SCREEN LAYOUT_INSET_DECOR SPLIT_TOUCH HARDWARE_ACCELERATED DRAWS_SYSTEM_BAR_BACKGROUNDS
10-09 17:22:51.346  9995 10015 E TestRunner:   pfl=NO_MOVE_ANIMATION FORCE_DRAW_STATUS_BAR_BACKGROUND FIT_INSETS_CONTROLLED
10-09 17:22:51.346  9995 10015 E TestRunner:   bhv=DEFAULT
10-09 17:22:51.346  9995 10015 E TestRunner:   fitSides=}, tag=null, root-is-layout-requested=false, has-input-connection=false, x=0.0, y=0.0, child-count=3}
10-09 17:22:51.346  9995 10015 E TestRunner: |
10-09 17:22:51.346  9995 10015 E TestRunner: +->LinearLayout{id=-1, visibility=VISIBLE, width=1080, height=2296, has-focus=false, has-focusable=false, has-window-focus=true, is-clickable=false, is-enabled=true, is-focused=false, is-focusable=false, is-layout-requested=false, is-selected=false, layout-params=android.widget.FrameLayout$LayoutParams@e627128, tag=null, root-is-layout-requested=false, has-input-connection=false, x=0.0, y=0.0, child-count=2}
10-09 17:22:51.346  9995 10015 E TestRunner: |
10-09 17:22:51.346  9995 10015 E TestRunner: +-->ViewStub{id=16908723, res-name=action_mode_bar_stub, visibility=GONE, width=0, height=0, has-focus=false, has-focusable=false, has-window-focus=true, is-clickable=false, is-enabled=true, is-focused=false, is-focusable=false, is-layout-requested=true, is-selected=false, layout-params=android.widget.LinearLayout$LayoutParams@b548e41, tag=null, root-is-layout-requested=false, has-input-connection=false, x=0.0, y=0.0}
10-09 17:22:51.346  9995 10015 E TestRunner: |
10-09 17:22:51.346  9995 10015 E TestRunner: +-->FrameLayout{id=-1, visibility=VISIBLE, width=1080, height=2230, has-focus=false, has-focusable=false, has-window-focus=true, is-clickable=false, is-enabled=true, is-focused=false, is-focusable=false, is-layout-requested=false, is-selected=false, layout-params=android.widget.LinearLayout$LayoutParams@e3f8927, tag=null, root-is-layout-requested=false, has-input-connection=false, x=0.0, y=66.0, child-count=1}
10-09 17:22:51.346  9995 10015 E TestRunner: |
10-09 17:22:51.346  9995 10015 E TestRunner: +--->ActionBarOverlayLayout{id=2131230863, res-name=decor_content_parent, visibility=VISIBLE, width=1080, height=2230, has-focus=false, has-focusable=false, has-window-focus=true, is-clickable=false, is-enabled=true, is-focused=false, is-focusable=false, is-layout-requested=false, is-selected=false, layout-params=android.widget.FrameLayout$LayoutParams@ab3c472, tag=null, root-is-layout-requested=false, has-input-connection=false, x=0.0, y=0.0, child-count=2}
10-09 17:22:51.346  9995 10015 E TestRunner: |
10-09 17:22:51.346  9995 10015 E TestRunner: +---->ContentFrameLayout{id=16908290, res-name=content, visibility=VISIBLE, width=1080, height=2076, has-focus=false, has-focusable=false, has-window-focus=true, is-clickable=false, is-enabled=true, is-focused=false, is-focusable=false, is-layout-requested=false, is-selected=false, layout-params=androidx.appcompat.widget.ActionBarOverlayLayout$LayoutParams@fe83d40, tag=null, root-is-layout-requested=false, has-input-connection=false, x=0.0, y=154.0, child-count=1}
10-09 17:22:51.346  9995 10015 E TestRunner: |
10-09 17:22:51.346  9995 10015 E TestRunner: +----->ConstraintLayout{id=-1, visibility=VISIBLE, width=1080, height=2076, has-focus=false, has-focusable=false, has-window-focus=true, is-clickable=false, is-enabled=true, is-focused=false, is-focusable=false, is-layout-requested=false, is-selected=false, layout-params=android.widget.FrameLayout$LayoutParams@80bc479, tag=null, root-is-layout-requested=false, has-input-connection=false, x=0.0, y=0.0, child-count=0}
10-09 17:22:51.346  9995 10015 E TestRunner: |
10-09 17:22:51.346  9995 10015 E TestRunner: +---->ActionBarContainer{id=2131230773, res-name=action_bar_container, visibility=VISIBLE, width=1080, height=154, has-focus=false, has-focusable=false, has-window-focus=true, is-clickable=false, is-enabled=true, is-focused=false, is-focusable=false, is-layout-requested=false, is-selected=false, layout-params=androidx.appcompat.widget.ActionBarOverlayLayout$LayoutParams@ab3ed6c, tag=null, root-is-layout-requested=false, has-input-connection=false, x=0.0, y=0.0, child-count=2}
10-09 17:22:51.346  9995 10015 E TestRunner: |
10-09 17:22:51.346  9995 10015 E TestRunner: +----->Toolbar{id=2131230771, res-name=action_bar, visibility=VISIBLE, width=1080, height=154, has-focus=false, has-focusable=false, has-window-focus=true, is-clickable=false, is-enabled=true, is-focused=false, is-focusable=false, is-layout-requested=false, is-selected=false, layout-params=android.widget.FrameLayout$LayoutParams@852553b, tag=null, root-is-layout-requested=false, has-input-connection=false, x=0.0, y=0.0, child-count=2}
10-09 17:22:51.346  9995 10015 E TestRunner: |
