10-10 20:38:09.401 20433 20452 I TestRunner: started: invisible_message_detail_date(edu.ucsc.cse118.assignment2.AdvancedInstrumentedTest)
10-10 20:38:09.409 20433 20452 W Settings: Setting always_finish_activities has moved from android.provider.Settings.System to android.provider.Settings.Global, returning read-only value.
10-10 20:38:09.414 20433 20452 D CompatibilityChangeReporter: Compat change id reported: 160794467; UID 10148; state: ENABLED
10-10 20:38:09.541   863   942 D SplashScreenView: Build android.window.SplashScreenView{2694a85 V.E...... ......ID 0,0-0,0}
10-10 20:38:09.541   863   942 D SplashScreenView: Icon: view: null drawable: null size: 0
10-10 20:38:09.541   863   942 D SplashScreenView: Branding: view: android.view.View{36770da G.ED..... ......I. 0,0-0,0 #10204a9 android:id/splashscreen_branding_view} drawable: null size w: 0 h: 0
10-10 20:38:09.555   352   352 D Zygote  : Forked child process 20454
10-10 20:38:09.580 20454 20454 I ssignment2.tes: Late-enabling -Xcheck:jni
10-10 20:38:09.588   365   365 D goldfish-address-space: claimShared: Ask to claim region [0x1e8c58000 0x1e95fc000]
10-10 20:38:09.594   365   365 D goldfish-address-space: claimShared: Ask to claim region [0x1e95fc000 0x1e9fa0000]
10-10 20:38:09.596   365   365 D goldfish-address-space: claimShared: Ask to claim region [0x1e9fa0000 0x1ea944000]
10-10 20:38:09.650  1166  1818 D EGL_emulation: app_time_stats: avg=5074.25ms min=5074.25ms max=5074.25ms count=1
10-10 20:38:09.662   443   483 I adbd    : jdwp connection from 20454
10-10 20:38:09.674  1694  1694 I GsaVoiceInteractionSrv: Handling ACTION_STOP_HOTWORD
10-10 20:38:09.675  1694  1694 E HwDetectorWithState: a: 3
10-10 20:38:09.729   863   945 D EGL_emulation: app_time_stats: avg=65763.14ms min=65763.14ms max=65763.14ms count=1
10-10 20:38:09.732   565  3206 W InputReader: Device virtio_input_multi_touch_2 is associated with display ADISPLAY_ID_NONE.
10-10 20:38:09.734   565  3206 W InputReader: Device virtio_input_multi_touch_3 is associated with display ADISPLAY_ID_NONE.
10-10 20:38:09.734   565  3206 W InputReader: Device virtio_input_multi_touch_5 is associated with display ADISPLAY_ID_NONE.
10-10 20:38:09.734   565  3206 W InputReader: Device virtio_input_multi_touch_7 is associated with display ADISPLAY_ID_NONE.
10-10 20:38:09.734   565  3206 W InputReader: Device virtio_input_multi_touch_11 is associated with display ADISPLAY_ID_NONE.
10-10 20:38:09.734   565  3206 W InputReader: Device virtio_input_multi_touch_6 is associated with display ADISPLAY_ID_NONE.
10-10 20:38:09.734   565  3206 W InputReader: Device virtio_input_multi_touch_4 is associated with display ADISPLAY_ID_NONE.
10-10 20:38:09.734   565  3206 W InputReader: Device virtio_input_multi_touch_9 is associated with display ADISPLAY_ID_NONE.
10-10 20:38:09.734   565  3206 W InputReader: Device virtio_input_multi_touch_8 is associated with display ADISPLAY_ID_NONE.
10-10 20:38:09.735   565  3206 W InputReader: Device virtio_input_multi_touch_10 is associated with display ADISPLAY_ID_NONE.
10-10 20:38:09.739 16350 16350 I A       : onApplyWindowInsets: systemWindowInsets=Insets{left=0, top=66, right=0, bottom=44}
10-10 20:38:09.740 16350 16350 I A       : onApplyWindowInsets: systemWindowInsets=Insets{left=0, top=66, right=0, bottom=44}
10-10 20:38:09.741   565  3206 W InputReader: Device virtio_input_multi_touch_2 is associated with display ADISPLAY_ID_NONE.
10-10 20:38:09.741   565  3206 W InputReader: Device virtio_input_multi_touch_3 is associated with display ADISPLAY_ID_NONE.
10-10 20:38:09.741   565  3206 W InputReader: Device virtio_input_multi_touch_5 is associated with display ADISPLAY_ID_NONE.
10-10 20:38:09.741   565  3206 W InputReader: Device virtio_input_multi_touch_7 is associated with display ADISPLAY_ID_NONE.
10-10 20:38:09.741   565  3206 W InputReader: Device virtio_input_multi_touch_11 is associated with display ADISPLAY_ID_NONE.
10-10 20:38:09.741   565  3206 W InputReader: Device virtio_input_multi_touch_6 is associated with display ADISPLAY_ID_NONE.
10-10 20:38:09.741   565  3206 W InputReader: Device virtio_input_multi_touch_4 is associated with display ADISPLAY_ID_NONE.
10-10 20:38:09.741   565  3206 W InputReader: Device virtio_input_multi_touch_9 is associated with display ADISPLAY_ID_NONE.
10-10 20:38:09.741   565  3206 W InputReader: Device virtio_input_multi_touch_8 is associated with display ADISPLAY_ID_NONE.
10-10 20:38:09.741   565  3206 W InputReader: Device virtio_input_multi_touch_10 is associated with display ADISPLAY_ID_NONE.
10-10 20:38:09.773 20454 20454 D CompatibilityChangeReporter: Compat change id reported: 171979766; UID 10149; state: ENABLED
10-10 20:38:09.780 20454 20454 D ApplicationLoaders: Returning zygote-cached class loader: /system/framework/android.test.base.jar
10-10 20:38:09.785 20454 20454 D ApplicationLoaders: Returning zygote-cached class loader: /system/framework/android.test.base.jar
10-10 20:38:10.078 20454 20454 V GraphicsEnvironment: ANGLE Developer option for 'edu.ucsc.cse118.assignment2.test' set to: 'default'
10-10 20:38:10.078 20454 20454 V GraphicsEnvironment: ANGLE GameManagerService for edu.ucsc.cse118.assignment2.test: false
10-10 20:38:10.078 20454 20454 V GraphicsEnvironment: Neither updatable production driver nor prerelease driver is supported.
10-10 20:38:10.079 20454 20454 D NetworkSecurityConfig: No Network Security Config specified, using platform default
10-10 20:38:10.079 20454 20454 D NetworkSecurityConfig: No Network Security Config specified, using platform default
10-10 20:38:10.128 20454 20482 D libEGL  : loaded /vendor/lib64/egl/libEGL_emulation.so
10-10 20:38:10.129 20454 20482 D libEGL  : loaded /vendor/lib64/egl/libGLESv1_CM_emulation.so
10-10 20:38:10.131 20454 20482 D libEGL  : loaded /vendor/lib64/egl/libGLESv2_emulation.so
10-10 20:38:10.152   565  1415 W InputReader: Device virtio_input_multi_touch_2 is associated with display ADISPLAY_ID_NONE.
10-10 20:38:10.152   565  1415 W InputReader: Device virtio_input_multi_touch_3 is associated with display ADISPLAY_ID_NONE.
10-10 20:38:10.152   565  1415 W InputReader: Device virtio_input_multi_touch_5 is associated with display ADISPLAY_ID_NONE.
10-10 20:38:10.152   565  1415 W InputReader: Device virtio_input_multi_touch_7 is associated with display ADISPLAY_ID_NONE.
10-10 20:38:10.152   565  1415 W InputReader: Device virtio_input_multi_touch_11 is associated with display ADISPLAY_ID_NONE.
10-10 20:38:10.152   565  1415 W InputReader: Device virtio_input_multi_touch_6 is associated with display ADISPLAY_ID_NONE.
10-10 20:38:10.152   565  1415 W InputReader: Device virtio_input_multi_touch_4 is associated with display ADISPLAY_ID_NONE.
10-10 20:38:10.152   565  1415 W InputReader: Device virtio_input_multi_touch_9 is associated with display ADISPLAY_ID_NONE.
10-10 20:38:10.152   565  1415 W InputReader: Device virtio_input_multi_touch_8 is associated with display ADISPLAY_ID_NONE.
10-10 20:38:10.152   565  1415 W InputReader: Device virtio_input_multi_touch_10 is associated with display ADISPLAY_ID_NONE.
10-10 20:38:10.152   565  1415 W InputReader: Device virtio_input_multi_touch_2 is associated with display ADISPLAY_ID_NONE.
10-10 20:38:10.152   565  1415 W InputReader: Device virtio_input_multi_touch_3 is associated with display ADISPLAY_ID_NONE.
10-10 20:38:10.152   565  1415 W InputReader: Device virtio_input_multi_touch_5 is associated with display ADISPLAY_ID_NONE.
10-10 20:38:10.152   565  1415 W InputReader: Device virtio_input_multi_touch_7 is associated with display ADISPLAY_ID_NONE.
10-10 20:38:10.152   565  1415 W InputReader: Device virtio_input_multi_touch_11 is associated with display ADISPLAY_ID_NONE.
10-10 20:38:10.152   565  1415 W InputReader: Device virtio_input_multi_touch_6 is associated with display ADISPLAY_ID_NONE.
10-10 20:38:10.152   565  1415 W InputReader: Device virtio_input_multi_touch_4 is associated with display ADISPLAY_ID_NONE.
10-10 20:38:10.152   565  1415 W InputReader: Device virtio_input_multi_touch_9 is associated with display ADISPLAY_ID_NONE.
10-10 20:38:10.152   565  1415 W InputReader: Device virtio_input_multi_touch_8 is associated with display ADISPLAY_ID_NONE.
10-10 20:38:10.152   565  1415 W InputReader: Device virtio_input_multi_touch_10 is associated with display ADISPLAY_ID_NONE.
10-10 20:38:10.181 20433 20487 D libEGL  : loaded /vendor/lib64/egl/libEGL_emulation.so
10-10 20:38:10.182 20433 20487 D libEGL  : loaded /vendor/lib64/egl/libGLESv1_CM_emulation.so
10-10 20:38:10.184 20433 20487 D libEGL  : loaded /vendor/lib64/egl/libGLESv2_emulation.so
10-10 20:38:10.219 20433 20433 D LifecycleMonitor: Lifecycle status change: edu.ucsc.cse118.assignment2.MainActivity@e1a802 in: PRE_ON_CREATE
10-10 20:38:10.219 20433 20433 V ActivityScenario: Activity lifecycle changed event received but ignored because the reported transition was not ON_CREATE while the last known transition was PRE_ON_CREATE
10-10 20:38:10.254 20433 20433 W 118.assignment: Accessing hidden method Landroid/view/View;->computeFitSystemWindows(Landroid/graphics/Rect;Landroid/graphics/Rect;)Z (unsupported, reflection, allowed)
10-10 20:38:10.255 20433 20433 W 118.assignment: Accessing hidden method Landroid/view/ViewGroup;->makeOptionalFitsSystemWindows()V (unsupported, reflection, allowed)
10-10 20:38:10.290 20433 20433 D LifecycleMonitor: Lifecycle status change: edu.ucsc.cse118.assignment2.MainActivity@e1a802 in: CREATED
10-10 20:38:10.290 20433 20433 V ActivityScenario: Update currentActivityStage to CREATED, currentActivity=edu.ucsc.cse118.assignment2.MainActivity@e1a802
10-10 20:38:10.293 20433 20433 D LifecycleMonitor: Lifecycle status change: edu.ucsc.cse118.assignment2.MainActivity@e1a802 in: STARTED
10-10 20:38:10.293 20433 20433 V ActivityScenario: Update currentActivityStage to STARTED, currentActivity=edu.ucsc.cse118.assignment2.MainActivity@e1a802
10-10 20:38:10.294 20433 20433 D LifecycleMonitor: Lifecycle status change: edu.ucsc.cse118.assignment2.MainActivity@e1a802 in: RESUMED
10-10 20:38:10.294 20433 20433 V ActivityScenario: Update currentActivityStage to RESUMED, currentActivity=edu.ucsc.cse118.assignment2.MainActivity@e1a802
10-10 20:38:10.312 20433 20452 W 118.assignment: Accessing hidden method Landroid/view/ViewConfiguration;->getDoubleTapMinTime()I (unsupported, reflection, allowed)
10-10 20:38:10.323 20433 20452 D EventInjectionStrategy: Creating injection strategy with input manager.
10-10 20:38:10.324 20433 20452 W 118.assignment: Accessing hidden method Landroid/hardware/input/InputManager;->getInstance()Landroid/hardware/input/InputManager; (unsupported, reflection, allowed)
10-10 20:38:10.324 20433 20452 W 118.assignment: Accessing hidden method Landroid/hardware/input/InputManager;->injectInputEvent(Landroid/view/InputEvent;I)Z (unsupported, reflection, allowed)
10-10 20:38:10.324 20433 20452 W 118.assignment: Accessing hidden field Landroid/hardware/input/InputManager;->INJECT_INPUT_EVENT_MODE_WAIT_FOR_FINISH:I (unsupported, reflection, allowed)
10-10 20:38:10.341 20433 20485 D HostConnection: createUnique: call
10-10 20:38:10.350 20433 20485 D HostConnection: HostConnection::get() New Host Connection established 0xb400006f699a7690, tid 20485
10-10 20:38:10.368   863   945 D EGL_emulation: app_time_stats: avg=10210.87ms min=10210.87ms max=10210.87ms count=1
10-10 20:38:10.385 20433 20485 D HostConnection: HostComposition ext ANDROID_EMU_CHECKSUM_HELPER_v1 ANDROID_EMU_native_sync_v2 ANDROID_EMU_native_sync_v3 ANDROID_EMU_native_sync_v4 ANDROID_EMU_dma_v1 ANDROID_EMU_direct_mem ANDROID_EMU_host_composition_v1 ANDROID_EMU_host_composition_v2 ANDROID_EMU_vulkan ANDROID_EMU_deferred_vulkan_commands ANDROID_EMU_vulkan_null_optional_strings ANDROID_EMU_vulkan_create_resources_with_requirements ANDROID_EMU_YUV_Cache ANDROID_EMU_vulkan_ignored_handles ANDROID_EMU_has_shared_slots_host_memory_allocator ANDROID_EMU_vulkan_free_memory_sync ANDROID_EMU_vulkan_shader_float16_int8 ANDROID_EMU_vulkan_async_queue_submit ANDROID_EMU_vulkan_queue_submit_with_commands ANDROID_EMU_sync_buffer_data ANDROID_EMU_read_color_buffer_dma ANDROID_EMU_hwc_multi_configs GL_OES_EGL_image_external_essl3 GL_OES_vertex_array_object GL_KHR_texture_compression_astc_ldr ANDROID_EMU_host_side_tracing ANDROID_EMU_gles_max_version_3_0
10-10 20:38:10.388   202   202 I hwservicemanager: getTransport: Cannot find entry android.hardware.configstore@1.0::ISurfaceFlingerConfigs/default in either framework or device VINTF manifest.
10-10 20:38:10.388 20433 20485 W OpenGLRenderer: Failed to choose config with EGL_SWAP_BEHAVIOR_PRESERVED, retrying without...
10-10 20:38:10.388 20433 20485 W OpenGLRenderer: Failed to initialize 101010-2 format, error = EGL_SUCCESS
10-10 20:38:10.390 20433 20485 D EGL_emulation: eglCreateContext: 0xb400006f699aa150: maj 3 min 0 rcv 3
10-10 20:38:10.392 20433 20485 D EGL_emulation: eglMakeCurrent: 0xb400006f699aa150: ver 3 0 (tinfo 0x71751c4080) (first time)
10-10 20:38:10.397   202   202 I hwservicemanager: getTransport: Cannot find entry android.hardware.graphics.mapper@4.0::IMapper/default in either framework or device VINTF manifest.
10-10 20:38:10.397 20433 20485 I Gralloc4: mapper 4.x is not supported
10-10 20:38:10.397 20433 20485 D HostConnection: createUnique: call
10-10 20:38:10.397 20433 20485 D HostConnection: HostConnection::get() New Host Connection established 0xb400006f699ab1d0, tid 20485
10-10 20:38:10.398 20433 20485 D goldfish-address-space: allocate: Ask for block of size 0x100
10-10 20:38:10.398 20433 20485 D goldfish-address-space: allocate: ioctl allocate returned offset 0x1e7ff8000 size 0x8000
10-10 20:38:10.400   202   202 I hwservicemanager: getTransport: Cannot find entry android.hardware.graphics.allocator@4.0::IAllocator/default in either framework or device VINTF manifest.
10-10 20:38:10.400 20433 20485 W Gralloc4: allocator 4.x is not supported
10-10 20:38:10.401   365   365 D goldfish-address-space: claimShared: Ask to claim region [0x1ec000000 0x1ec9a4000]
10-10 20:38:10.420 20433 20485 D HostConnection: HostComposition ext ANDROID_EMU_CHECKSUM_HELPER_v1 ANDROID_EMU_native_sync_v2 ANDROID_EMU_native_sync_v3 ANDROID_EMU_native_sync_v4 ANDROID_EMU_dma_v1 ANDROID_EMU_direct_mem ANDROID_EMU_host_composition_v1 ANDROID_EMU_host_composition_v2 ANDROID_EMU_vulkan ANDROID_EMU_deferred_vulkan_commands ANDROID_EMU_vulkan_null_optional_strings ANDROID_EMU_vulkan_create_resources_with_requirements ANDROID_EMU_YUV_Cache ANDROID_EMU_vulkan_ignored_handles ANDROID_EMU_has_shared_slots_host_memory_allocator ANDROID_EMU_vulkan_free_memory_sync ANDROID_EMU_vulkan_shader_float16_int8 ANDROID_EMU_vulkan_async_queue_submit ANDROID_EMU_vulkan_queue_submit_with_commands ANDROID_EMU_sync_buffer_data ANDROID_EMU_read_color_buffer_dma ANDROID_EMU_hwc_multi_configs GL_OES_EGL_image_external_essl3 GL_OES_vertex_array_object GL_KHR_texture_compression_astc_ldr ANDROID_EMU_host_side_tracing ANDROID_EMU_gles_max_version_3_0
10-10 20:38:10.421   365   365 D goldfish-address-space: claimShared: Ask to claim region [0x1ed974000 0x1ee318000]
10-10 20:38:10.422   365   365 D goldfish-address-space: claimShared: Ask to claim region [0x1f0000000 0x1f09a4000]
10-10 20:38:10.493   565   606 I ActivityTaskManager: Displayed edu.ucsc.cse118.assignment2/.MainActivity: +1s75ms
10-10 20:38:10.508   565  1415 W InputManager-JNI: Input channel object '4944cad Splash Screen edu.ucsc.cse118.assignment2.test (client)' was disposed without first being removed with the input manager!
10-10 20:38:10.520  1570  1570 I GoogleInputMethodService: GoogleInputMethodService.onFinishInput():3269
10-10 20:38:10.527  1570  1570 I GoogleInputMethodService: GoogleInputMethodService.onStartInput():1947
10-10 20:38:10.528  1570  1570 I DeviceUnlockedTag: DeviceUnlockedTag.notifyDeviceLockStatusChanged():79 Notify device unlocked.
10-10 20:38:10.550 20433 20433 W 118.assignment: Accessing hidden method Landroid/os/MessageQueue;->next()Landroid/os/Message; (unsupported, reflection, allowed)
10-10 20:38:10.550 20433 20433 W 118.assignment: Accessing hidden field Landroid/os/MessageQueue;->mMessages:Landroid/os/Message; (unsupported, reflection, allowed)
10-10 20:38:10.550 20433 20433 W 118.assignment: Accessing hidden method Landroid/os/Message;->recycleUnchecked()V (unsupported, reflection, allowed)
10-10 20:38:10.572 20433 20433 W 118.assignment: Accessing hidden method Landroid/view/WindowManagerGlobal;->getInstance()Landroid/view/WindowManagerGlobal; (unsupported, reflection, allowed)
10-10 20:38:10.572 20433 20433 W 118.assignment: Accessing hidden field Landroid/view/WindowManagerGlobal;->mViews:Ljava/util/ArrayList; (unsupported, reflection, allowed)
10-10 20:38:10.572 20433 20433 W 118.assignment: Accessing hidden field Landroid/view/WindowManagerGlobal;->mParams:Ljava/util/ArrayList; (unsupported, reflection, allowed)
10-10 20:38:10.575 20433 20433 I ViewInteraction: Performing 'single click' action on view ((view has effective visibility <VISIBLE> and view.getGlobalVisibleRect() to return non-empty rectangle) and (an instance of android.widget.TextView and view.getText() with or without transformation to match: is "LOGIN" or (view.getParent() is assignable from class <class com.google.android.material.textfield.TextInputLayout> and (view is an instance of android.view.ViewGroup and has descendant matching an instance of android.widget.TextView and view.getText() with or without transformation to match: is "LOGIN"))))
10-10 20:38:10.579  1166  1166 D TaplEvents: TIS / TouchInteractionService.onInputEvent: MotionEvent { action=ACTION_DOWN, actionButton=0, id[0]=0, x[0]=560.5, y[0]=1660.5, toolType[0]=TOOL_TYPE_UNKNOWN, buttonState=BUTTON_PRIMARY, classification=NONE, metaState=0, flags=0x0, edgeFlags=0x0, pointerCount=1, historySize=0, eventTime=21014077, downTime=21014077, deviceId=-1, source=0x1002, displayId=0, eventId=-239835140 }
10-10 20:38:10.620  1166  1166 D TaplEvents: TIS / TouchInteractionService.onInputEvent: MotionEvent { action=ACTION_UP, actionButton=0, id[0]=0, x[0]=560.5, y[0]=1660.5, toolType[0]=TOOL_TYPE_FINGER, buttonState=BUTTON_PRIMARY, classification=NONE, metaState=0, flags=0x0, edgeFlags=0x0, pointerCount=1, historySize=0, eventTime=21014119, downTime=21014077, deviceId=-1, source=0x1002, displayId=0, eventId=-792555392 }
10-10 20:38:10.629 20433 20433 D LifecycleMonitor: Lifecycle status change: edu.ucsc.cse118.assignment2.MainActivity@e1a802 in: PAUSED
10-10 20:38:10.630 20433 20433 V ActivityScenario: Update currentActivityStage to PAUSED, currentActivity=edu.ucsc.cse118.assignment2.MainActivity@e1a802
10-10 20:38:10.630   565  3206 W InputReader: Device virtio_input_multi_touch_2 is associated with display ADISPLAY_ID_NONE.
10-10 20:38:10.630   565  3206 W InputReader: Device virtio_input_multi_touch_3 is associated with display ADISPLAY_ID_NONE.
10-10 20:38:10.630   565  3206 W InputReader: Device virtio_input_multi_touch_5 is associated with display ADISPLAY_ID_NONE.
10-10 20:38:10.630   565  3206 W InputReader: Device virtio_input_multi_touch_7 is associated with display ADISPLAY_ID_NONE.
10-10 20:38:10.630   565  3206 W InputReader: Device virtio_input_multi_touch_11 is associated with display ADISPLAY_ID_NONE.
10-10 20:38:10.630   565  3206 W InputReader: Device virtio_input_multi_touch_6 is associated with display ADISPLAY_ID_NONE.
10-10 20:38:10.630   565  3206 W InputReader: Device virtio_input_multi_touch_4 is associated with display ADISPLAY_ID_NONE.
10-10 20:38:10.630   565  3206 W InputReader: Device virtio_input_multi_touch_9 is associated with display ADISPLAY_ID_NONE.
10-10 20:38:10.630   565  3206 W InputReader: Device virtio_input_multi_touch_8 is associated with display ADISPLAY_ID_NONE.
10-10 20:38:10.631   565  3206 W InputReader: Device virtio_input_multi_touch_10 is associated with display ADISPLAY_ID_NONE.
10-10 20:38:10.631   565  3206 W InputReader: Device virtio_input_multi_touch_2 is associated with display ADISPLAY_ID_NONE.
10-10 20:38:10.631   565  3206 W InputReader: Device virtio_input_multi_touch_3 is associated with display ADISPLAY_ID_NONE.
10-10 20:38:10.631   565  3206 W InputReader: Device virtio_input_multi_touch_5 is associated with display ADISPLAY_ID_NONE.
10-10 20:38:10.631   565  3206 W InputReader: Device virtio_input_multi_touch_7 is associated with display ADISPLAY_ID_NONE.
10-10 20:38:10.631   565  3206 W InputReader: Device virtio_input_multi_touch_11 is associated with display ADISPLAY_ID_NONE.
10-10 20:38:10.631   565  3206 W InputReader: Device virtio_input_multi_touch_6 is associated with display ADISPLAY_ID_NONE.
10-10 20:38:10.631   565  3206 W InputReader: Device virtio_input_multi_touch_4 is associated with display ADISPLAY_ID_NONE.
10-10 20:38:10.631   565  3206 W InputReader: Device virtio_input_multi_touch_9 is associated with display ADISPLAY_ID_NONE.
10-10 20:38:10.631   565  3206 W InputReader: Device virtio_input_multi_touch_8 is associated with display ADISPLAY_ID_NONE.
10-10 20:38:10.631   565  3206 W InputReader: Device virtio_input_multi_touch_10 is associated with display ADISPLAY_ID_NONE.
10-10 20:38:10.646 20433 20433 D LifecycleMonitor: Lifecycle status change: edu.ucsc.cse118.assignment2.WorkspaceActivity@6273883 in: PRE_ON_CREATE
10-10 20:38:10.647 20433 20433 V ActivityScenario: Activity lifecycle changed event received but ignored because the intent does not match. startActivityIntent=Intent { act=android.intent.action.MAIN cat=[android.intent.category.LAUNCHER] cmp=edu.ucsc.cse118.assignment2/.MainActivity }, activity.getIntent()=Intent { cmp=edu.ucsc.cse118.assignment2/.WorkspaceActivity }, activity=edu.ucsc.cse118.assignment2.WorkspaceActivity@6273883
10-10 20:38:10.647   354   474 E android.hardware.audio@7.0-impl.ranchu: device/generic/goldfish/audio/stream_out.cpp:updateSourceMetadata:377 failure: Result::NOT_SUPPORTED
10-10 20:38:10.670 20433 20433 D LifecycleMonitor: Lifecycle status change: edu.ucsc.cse118.assignment2.WorkspaceActivity@6273883 in: CREATED
10-10 20:38:10.670 20433 20433 V ActivityScenario: Activity lifecycle changed event received but ignored because the intent does not match. startActivityIntent=Intent { act=android.intent.action.MAIN cat=[android.intent.category.LAUNCHER] cmp=edu.ucsc.cse118.assignment2/.MainActivity }, activity.getIntent()=Intent { cmp=edu.ucsc.cse118.assignment2/.WorkspaceActivity }, activity=edu.ucsc.cse118.assignment2.WorkspaceActivity@6273883
10-10 20:38:10.671 20433 20433 D LifecycleMonitor: Lifecycle status change: edu.ucsc.cse118.assignment2.WorkspaceActivity@6273883 in: STARTED
10-10 20:38:10.671 20433 20433 V ActivityScenario: Activity lifecycle changed event received but ignored because the intent does not match. startActivityIntent=Intent { act=android.intent.action.MAIN cat=[android.intent.category.LAUNCHER] cmp=edu.ucsc.cse118.assignment2/.MainActivity }, activity.getIntent()=Intent { cmp=edu.ucsc.cse118.assignment2/.WorkspaceActivity }, activity=edu.ucsc.cse118.assignment2.WorkspaceActivity@6273883
10-10 20:38:10.672 20433 20433 D LifecycleMonitor: Lifecycle status change: edu.ucsc.cse118.assignment2.WorkspaceActivity@6273883 in: RESUMED
10-10 20:38:10.672 20433 20433 V ActivityScenario: Activity lifecycle changed event received but ignored because the intent does not match. startActivityIntent=Intent { act=android.intent.action.MAIN cat=[android.intent.category.LAUNCHER] cmp=edu.ucsc.cse118.assignment2/.MainActivity }, activity.getIntent()=Intent { cmp=edu.ucsc.cse118.assignment2/.WorkspaceActivity }, activity=edu.ucsc.cse118.assignment2.WorkspaceActivity@6273883
10-10 20:38:10.681   365   365 D goldfish-address-space: claimShared: Ask to claim region [0x1e8c58000 0x1e95fc000]
10-10 20:38:10.697   365   365 D goldfish-address-space: claimShared: Ask to claim region [0x1e95fc000 0x1e9fa0000]
10-10 20:38:10.700   365   365 D goldfish-address-space: claimShared: Ask to claim region [0x1e9fa0000 0x1ea944000]
10-10 20:38:10.707   565   606 I ActivityTaskManager: Displayed edu.ucsc.cse118.assignment2/.WorkspaceActivity: +82ms
10-10 20:38:10.725 20433 20433 D LifecycleMonitor: Lifecycle status change: edu.ucsc.cse118.assignment2.MainActivity@e1a802 in: STOPPED
10-10 20:38:10.725 20433 20433 V ActivityScenario: Update currentActivityStage to STOPPED, currentActivity=edu.ucsc.cse118.assignment2.MainActivity@e1a802
10-10 20:38:10.739  1570  1570 I GoogleInputMethodService: GoogleInputMethodService.onFinishInput():3269
10-10 20:38:10.739  1570  1570 I GoogleInputMethodService: GoogleInputMethodService.onStartInput():1947
10-10 20:38:10.740  1570  1570 I DeviceUnlockedTag: DeviceUnlockedTag.notifyDeviceLockStatusChanged():79 Notify device unlocked.
10-10 20:38:10.787   354   474 E android.hardware.audio@7.0-impl.ranchu: device/generic/goldfish/audio/stream_out.cpp:updateSourceMetadata:377 failure: Result::NOT_SUPPORTED
10-10 20:38:10.808  1271  2047 I FontLog : Received query Noto Color Emoji Compat, URI content://com.google.android.gms.fonts [CONTEXT service_id=132 ]
10-10 20:38:10.809  1271  2047 I FontLog : Query [emojicompat-emoji-font] resolved to {Noto Color Emoji Compat, wdth 100.0, wght 400, ital 0.0, bestEffort false} [CONTEXT service_id=132 ]
10-10 20:38:10.812  1271  2047 I FontLog : Fetch {Noto Color Emoji Compat, wdth 100.0, wght 400, ital 0.0, bestEffort false} end status Status{statusCode=SUCCESS, resolution=null} [CONTEXT service_id=132 ]
10-10 20:38:10.817  1271  2047 I FontLog : Pulling font file for id = 72, cache size = 4 [CONTEXT service_id=132 ]
10-10 20:38:10.821  1271  2047 I FontLog : Pulling font file for id = 72, cache size = 4 [CONTEXT service_id=132 ]
10-10 20:38:10.959 20433 20433 I ViewInteraction: Performing 'single click' action on view ((view has effective visibility <VISIBLE> and view.getGlobalVisibleRect() to return non-empty rectangle) and (an instance of android.widget.TextView and view.getText() with or without transformation to match: is "CSE118 Fall 22" or (view.getParent() is assignable from class <class com.google.android.material.textfield.TextInputLayout> and (view is an instance of android.view.ViewGroup and has descendant matching an instance of android.widget.TextView and view.getText() with or without transformation to match: is "CSE118 Fall 22"))))
10-10 20:38:10.961  1166  1166 D TaplEvents: TIS / TouchInteractionService.onInputEvent: MotionEvent { action=ACTION_DOWN, actionButton=0, id[0]=0, x[0]=206.0, y[0]=278.5, toolType[0]=TOOL_TYPE_UNKNOWN, buttonState=BUTTON_PRIMARY, classification=NONE, metaState=0, flags=0x0, edgeFlags=0x0, pointerCount=1, historySize=0, eventTime=21014460, downTime=21014460, deviceId=-1, source=0x1002, displayId=0, eventId=-370042513 }
10-10 20:38:11.002  1166  1166 D TaplEvents: TIS / TouchInteractionService.onInputEvent: MotionEvent { action=ACTION_UP, actionButton=0, id[0]=0, x[0]=206.0, y[0]=278.5, toolType[0]=TOOL_TYPE_FINGER, buttonState=BUTTON_PRIMARY, classification=NONE, metaState=0, flags=0x0, edgeFlags=0x0, pointerCount=1, historySize=0, eventTime=21014502, downTime=21014460, deviceId=-1, source=0x1002, displayId=0, eventId=-219680196 }
10-10 20:38:11.282 20433 20433 D LifecycleMonitor: Lifecycle status change: edu.ucsc.cse118.assignment2.WorkspaceActivity@6273883 in: PAUSED
10-10 20:38:11.282 20433 20433 V ActivityScenario: Activity lifecycle changed event received but ignored because the intent does not match. startActivityIntent=Intent { act=android.intent.action.MAIN cat=[android.intent.category.LAUNCHER] cmp=edu.ucsc.cse118.assignment2/.MainActivity }, activity.getIntent()=Intent { cmp=edu.ucsc.cse118.assignment2/.WorkspaceActivity }, activity=edu.ucsc.cse118.assignment2.WorkspaceActivity@6273883
10-10 20:38:11.284   565  2077 W InputReader: Device virtio_input_multi_touch_2 is associated with display ADISPLAY_ID_NONE.
10-10 20:38:11.284   565  2077 W InputReader: Device virtio_input_multi_touch_3 is associated with display ADISPLAY_ID_NONE.
10-10 20:38:11.284   565  2077 W InputReader: Device virtio_input_multi_touch_5 is associated with display ADISPLAY_ID_NONE.
10-10 20:38:11.284   565  2077 W InputReader: Device virtio_input_multi_touch_7 is associated with display ADISPLAY_ID_NONE.
10-10 20:38:11.284   565  2077 W InputReader: Device virtio_input_multi_touch_11 is associated with display ADISPLAY_ID_NONE.
10-10 20:38:11.284   565  2077 W InputReader: Device virtio_input_multi_touch_6 is associated with display ADISPLAY_ID_NONE.
10-10 20:38:11.284   565  2077 W InputReader: Device virtio_input_multi_touch_4 is associated with display ADISPLAY_ID_NONE.
10-10 20:38:11.284   565  2077 W InputReader: Device virtio_input_multi_touch_9 is associated with display ADISPLAY_ID_NONE.
10-10 20:38:11.284   565  2077 W InputReader: Device virtio_input_multi_touch_8 is associated with display ADISPLAY_ID_NONE.
10-10 20:38:11.284   565  2077 W InputReader: Device virtio_input_multi_touch_10 is associated with display ADISPLAY_ID_NONE.
10-10 20:38:11.284   565  2077 W InputReader: Device virtio_input_multi_touch_2 is associated with display ADISPLAY_ID_NONE.
10-10 20:38:11.284   565  2077 W InputReader: Device virtio_input_multi_touch_3 is associated with display ADISPLAY_ID_NONE.
10-10 20:38:11.284   565  2077 W InputReader: Device virtio_input_multi_touch_5 is associated with display ADISPLAY_ID_NONE.
10-10 20:38:11.284   565  2077 W InputReader: Device virtio_input_multi_touch_7 is associated with display ADISPLAY_ID_NONE.
10-10 20:38:11.284   565  2077 W InputReader: Device virtio_input_multi_touch_11 is associated with display ADISPLAY_ID_NONE.
10-10 20:38:11.284   565  2077 W InputReader: Device virtio_input_multi_touch_6 is associated with display ADISPLAY_ID_NONE.
10-10 20:38:11.284   565  2077 W InputReader: Device virtio_input_multi_touch_4 is associated with display ADISPLAY_ID_NONE.
10-10 20:38:11.284   565  2077 W InputReader: Device virtio_input_multi_touch_9 is associated with display ADISPLAY_ID_NONE.
10-10 20:38:11.284   565  2077 W InputReader: Device virtio_input_multi_touch_8 is associated with display ADISPLAY_ID_NONE.
10-10 20:38:11.284   565  2077 W InputReader: Device virtio_input_multi_touch_10 is associated with display ADISPLAY_ID_NONE.
10-10 20:38:11.329 20433 20433 D LifecycleMonitor: Lifecycle status change: edu.ucsc.cse118.assignment2.MainActivity@e1a802 in: DESTROYED
10-10 20:38:11.329 20433 20433 V ActivityScenario: Update currentActivityStage to DESTROYED, currentActivity=null
10-10 20:38:11.335   565  3206 W InputManager-JNI: Input channel object 'd386466 edu.ucsc.cse118.assignment2/edu.ucsc.cse118.assignment2.MainActivity (client)' was disposed without first being removed with the input manager!
10-10 20:38:11.341   565  2077 W InputReader: Device virtio_input_multi_touch_2 is associated with display ADISPLAY_ID_NONE.
10-10 20:38:11.341   565  2077 W InputReader: Device virtio_input_multi_touch_3 is associated with display ADISPLAY_ID_NONE.
10-10 20:38:11.341   565  2077 W InputReader: Device virtio_input_multi_touch_5 is associated with display ADISPLAY_ID_NONE.
10-10 20:38:11.341   565  2077 W InputReader: Device virtio_input_multi_touch_7 is associated with display ADISPLAY_ID_NONE.
10-10 20:38:11.341   565  2077 W InputReader: Device virtio_input_multi_touch_11 is associated with display ADISPLAY_ID_NONE.
10-10 20:38:11.341   565  2077 W InputReader: Device virtio_input_multi_touch_6 is associated with display ADISPLAY_ID_NONE.
10-10 20:38:11.341   565  2077 W InputReader: Device virtio_input_multi_touch_4 is associated with display ADISPLAY_ID_NONE.
10-10 20:38:11.341   565  2077 W InputReader: Device virtio_input_multi_touch_9 is associated with display ADISPLAY_ID_NONE.
10-10 20:38:11.341   565  2077 W InputReader: Device virtio_input_multi_touch_8 is associated with display ADISPLAY_ID_NONE.
10-10 20:38:11.341   565  2077 W InputReader: Device virtio_input_multi_touch_10 is associated with display ADISPLAY_ID_NONE.
10-10 20:38:11.341   565  2077 W InputReader: Device virtio_input_multi_touch_2 is associated with display ADISPLAY_ID_NONE.
10-10 20:38:11.341   565  2077 W InputReader: Device virtio_input_multi_touch_3 is associated with display ADISPLAY_ID_NONE.
10-10 20:38:11.341   565  2077 W InputReader: Device virtio_input_multi_touch_5 is associated with display ADISPLAY_ID_NONE.
10-10 20:38:11.341   565  2077 W InputReader: Device virtio_input_multi_touch_7 is associated with display ADISPLAY_ID_NONE.
10-10 20:38:11.341   565  2077 W InputReader: Device virtio_input_multi_touch_11 is associated with display ADISPLAY_ID_NONE.
10-10 20:38:11.341   565  2077 W InputReader: Device virtio_input_multi_touch_6 is associated with display ADISPLAY_ID_NONE.
10-10 20:38:11.341   565  2077 W InputReader: Device virtio_input_multi_touch_4 is associated with display ADISPLAY_ID_NONE.
10-10 20:38:11.341   565  2077 W InputReader: Device virtio_input_multi_touch_9 is associated with display ADISPLAY_ID_NONE.
10-10 20:38:11.341   565  2077 W InputReader: Device virtio_input_multi_touch_8 is associated with display ADISPLAY_ID_NONE.
10-10 20:38:11.341   565  2077 W InputReader: Device virtio_input_multi_touch_10 is associated with display ADISPLAY_ID_NONE.
10-10 20:38:11.359 20454 20480 D HostConnection: createUnique: call
10-10 20:38:11.359 20454 20480 D HostConnection: HostConnection::get() New Host Connection established 0xb400006f699a5290, tid 20480
10-10 20:38:11.372 20454 20480 D HostConnection: HostComposition ext ANDROID_EMU_CHECKSUM_HELPER_v1 ANDROID_EMU_native_sync_v2 ANDROID_EMU_native_sync_v3 ANDROID_EMU_native_sync_v4 ANDROID_EMU_dma_v1 ANDROID_EMU_direct_mem ANDROID_EMU_host_composition_v1 ANDROID_EMU_host_composition_v2 ANDROID_EMU_vulkan ANDROID_EMU_deferred_vulkan_commands ANDROID_EMU_vulkan_null_optional_strings ANDROID_EMU_vulkan_create_resources_with_requirements ANDROID_EMU_YUV_Cache ANDROID_EMU_vulkan_ignored_handles ANDROID_EMU_has_shared_slots_host_memory_allocator ANDROID_EMU_vulkan_free_memory_sync ANDROID_EMU_vulkan_shader_float16_int8 ANDROID_EMU_vulkan_async_queue_submit ANDROID_EMU_vulkan_queue_submit_with_commands ANDROID_EMU_sync_buffer_data ANDROID_EMU_read_color_buffer_dma ANDROID_EMU_hwc_multi_configs GL_OES_EGL_image_external_essl3 GL_OES_vertex_array_object GL_KHR_texture_compression_astc_ldr ANDROID_EMU_host_side_tracing ANDROID_EMU_gles_max_version_3_0
10-10 20:38:11.375   202   202 I hwservicemanager: getTransport: Cannot find entry android.hardware.configstore@1.0::ISurfaceFlingerConfigs/default in either framework or device VINTF manifest.
10-10 20:38:11.375 20454 20480 W OpenGLRenderer: Failed to choose config with EGL_SWAP_BEHAVIOR_PRESERVED, retrying without...
10-10 20:38:11.375 20454 20480 W OpenGLRenderer: Failed to initialize 101010-2 format, error = EGL_SUCCESS
10-10 20:38:11.376 20454 20480 D EGL_emulation: eglCreateContext: 0xb400006f699a5c50: maj 3 min 0 rcv 3
10-10 20:38:11.376 20454 20480 D EGL_emulation: eglMakeCurrent: 0xb400006f699a5c50: ver 3 0 (tinfo 0x7176c6a080) (first time)
10-10 20:38:11.384   202   202 I hwservicemanager: getTransport: Cannot find entry android.hardware.graphics.mapper@4.0::IMapper/default in either framework or device VINTF manifest.
10-10 20:38:11.384 20454 20480 I Gralloc4: mapper 4.x is not supported
10-10 20:38:11.385 20454 20480 D HostConnection: createUnique: call
10-10 20:38:11.386 20454 20480 D HostConnection: HostConnection::get() New Host Connection established 0xb400006f699a5f50, tid 20480
10-10 20:38:11.386 20454 20480 D goldfish-address-space: allocate: Ask for block of size 0x100
10-10 20:38:11.386 20454 20480 D goldfish-address-space: allocate: ioctl allocate returned offset 0x1e7ff8000 size 0x8000
10-10 20:38:11.387   202   202 I hwservicemanager: getTransport: Cannot find entry android.hardware.graphics.allocator@4.0::IAllocator/default in either framework or device VINTF manifest.
10-10 20:38:11.387 20454 20480 W Gralloc4: allocator 4.x is not supported
10-10 20:38:11.391   365   365 D goldfish-address-space: claimShared: Ask to claim region [0x1ec000000 0x1ec9a4000]
10-10 20:38:11.399 20454 20480 D HostConnection: HostComposition ext ANDROID_EMU_CHECKSUM_HELPER_v1 ANDROID_EMU_native_sync_v2 ANDROID_EMU_native_sync_v3 ANDROID_EMU_native_sync_v4 ANDROID_EMU_dma_v1 ANDROID_EMU_direct_mem ANDROID_EMU_host_composition_v1 ANDROID_EMU_host_composition_v2 ANDROID_EMU_vulkan ANDROID_EMU_deferred_vulkan_commands ANDROID_EMU_vulkan_null_optional_strings ANDROID_EMU_vulkan_create_resources_with_requirements ANDROID_EMU_YUV_Cache ANDROID_EMU_vulkan_ignored_handles ANDROID_EMU_has_shared_slots_host_memory_allocator ANDROID_EMU_vulkan_free_memory_sync ANDROID_EMU_vulkan_shader_float16_int8 ANDROID_EMU_vulkan_async_queue_submit ANDROID_EMU_vulkan_queue_submit_with_commands ANDROID_EMU_sync_buffer_data ANDROID_EMU_read_color_buffer_dma ANDROID_EMU_hwc_multi_configs GL_OES_EGL_image_external_essl3 GL_OES_vertex_array_object GL_KHR_texture_compression_astc_ldr ANDROID_EMU_host_side_tracing ANDROID_EMU_gles_max_version_3_0
10-10 20:38:11.400   365   365 D goldfish-address-space: claimShared: Ask to claim region [0x1ed974000 0x1ee318000]
10-10 20:38:11.400   365   365 D goldfish-address-space: claimShared: Ask to claim region [0x1f0000000 0x1f09a4000]
10-10 20:38:11.443 20433 20452 E TestRunner: failed: invisible_message_detail_date(edu.ucsc.cse118.assignment2.AdvancedInstrumentedTest)
10-10 20:38:11.443 20433 20452 E TestRunner: ----- begin exception -----
10-10 20:38:11.445 20433 20452 E TestRunner: com.adevinta.android.barista.internal.failurehandler.BaristaException: Could not perform action single click on view (an instance of android.widget.TextView and view.getText() with or without transformation to match: is "Assignment 2" or (view.getParent() is assignable from class <class com.google.android.material.textfield.TextInputLayout> and (view is an instance of android.view.ViewGroup and has descendant matching an instance of android.widget.TextView and view.getText() with or without transformation to match: is "Assignment 2")))
10-10 20:38:11.445 20433 20452 E TestRunner: 	at com.adevinta.android.barista.internal.failurehandler.SpyFailureHandler.resendFirstError(SpyFailureHandler.kt:25)
10-10 20:38:11.445 20433 20452 E TestRunner: 	at com.adevinta.android.barista.internal.PerformActionKt.performActionOnView(PerformAction.kt:50)
10-10 20:38:11.445 20433 20452 E TestRunner: 	at com.adevinta.android.barista.internal.PerformActionKt.performAction(PerformAction.kt:26)
10-10 20:38:11.445 20433 20452 E TestRunner: 	at com.adevinta.android.barista.interaction.BaristaClickInteractions.clickOn(BaristaClickInteractions.kt:24)
10-10 20:38:11.445 20433 20452 E TestRunner: 	at edu.ucsc.cse118.assignment2.AdvancedInstrumentedTest.goToChannel(AdvancedInstrumentedTest.kt:31)
10-10 20:38:11.445 20433 20452 E TestRunner: 	at edu.ucsc.cse118.assignment2.AdvancedInstrumentedTest.goToMessage(AdvancedInstrumentedTest.kt:35)
10-10 20:38:11.445 20433 20452 E TestRunner: 	at edu.ucsc.cse118.assignment2.AdvancedInstrumentedTest.invisible_message_detail_date(AdvancedInstrumentedTest.kt:133)
10-10 20:38:11.445 20433 20452 E TestRunner: 	at java.lang.reflect.Method.invoke(Native Method)
10-10 20:38:11.445 20433 20452 E TestRunner: 	at org.junit.runners.model.FrameworkMethod$1.runReflectiveCall(FrameworkMethod.java:59)
10-10 20:38:11.445 20433 20452 E TestRunner: 	at org.junit.internal.runners.model.ReflectiveCallable.run(ReflectiveCallable.java:12)
10-10 20:38:11.445 20433 20452 E TestRunner: 	at org.junit.runners.model.FrameworkMethod.invokeExplosively(FrameworkMethod.java:56)
10-10 20:38:11.445 20433 20452 E TestRunner: 	at org.junit.internal.runners.statements.InvokeMethod.evaluate(InvokeMethod.java:17)
10-10 20:38:11.445 20433 20452 E TestRunner: 	at org.junit.rules.ExternalResource$1.evaluate(ExternalResource.java:54)
10-10 20:38:11.445 20433 20452 E TestRunner: 	at org.junit.runners.ParentRunner$3.evaluate(ParentRunner.java:306)
10-10 20:38:11.445 20433 20452 E TestRunner: 	at org.junit.runners.BlockJUnit4ClassRunner$1.evaluate(BlockJUnit4ClassRunner.java:100)
10-10 20:38:11.445 20433 20452 E TestRunner: 	at org.junit.runners.ParentRunner.runLeaf(ParentRunner.java:366)
10-10 20:38:11.445 20433 20452 E TestRunner: 	at org.junit.runners.BlockJUnit4ClassRunner.runChild(BlockJUnit4ClassRunner.java:103)
10-10 20:38:11.445 20433 20452 E TestRunner: 	at org.junit.runners.BlockJUnit4ClassRunner.runChild(BlockJUnit4ClassRunner.java:63)
10-10 20:38:11.445 20433 20452 E TestRunner: 	at org.junit.runners.ParentRunner$4.run(ParentRunner.java:331)
10-10 20:38:11.445 20433 20452 E TestRunner: 	at org.junit.runners.ParentRunner$1.schedule(ParentRunner.java:79)
10-10 20:38:11.445 20433 20452 E TestRunner: 	at org.junit.runners.ParentRunner.runChildren(ParentRunner.java:329)
10-10 20:38:11.445 20433 20452 E TestRunner: 	at org.junit.runners.ParentRunner.access$100(ParentRunner.java:66)
10-10 20:38:11.445 20433 20452 E TestRunner: 	at org.junit.runners.ParentRunner$2.evaluate(ParentRunner.java:293)
10-10 20:38:11.445 20433 20452 E TestRunner: 	at org.junit.runners.ParentRunner$3.evaluate(ParentRunner.java:306)
10-10 20:38:11.445 20433 20452 E TestRunner: 	at org.junit.runners.ParentRunner.run(ParentRunner.java:413)
10-10 20:38:11.445 20433 20452 E TestRunner: 	at androidx.test.ext.junit.runners.AndroidJUnit4.run(AndroidJUnit4.java:162)
10-10 20:38:11.445 20433 20452 E TestRunner: 	at org.junit.runners.Suite.runChild(Suite.java:128)
10-10 20:38:11.445 20433 20452 E TestRunner: 	at org.junit.runners.Suite.runChild(Suite.java:27)
10-10 20:38:11.445 20433 20452 E TestRunner: 	at org.junit.runners.ParentRunner$4.run(ParentRunner.java:331)
10-10 20:38:11.445 20433 20452 E TestRunner: 	at org.junit.runners.ParentRunner$1.schedule(ParentRunner.java:79)
10-10 20:38:11.445 20433 20452 E TestRunner: 	at org.junit.runners.ParentRunner.runChildren(ParentRunner.java:329)
10-10 20:38:11.445 20433 20452 E TestRunner: 	at org.junit.runners.ParentRunner.access$100(ParentRunner.java:66)
10-10 20:38:11.445 20433 20452 E TestRunner: 	at org.junit.runners.ParentRunner$2.evaluate(ParentRunner.java:293)
10-10 20:38:11.445 20433 20452 E TestRunner: 	at org.junit.runners.ParentRunner$3.evaluate(ParentRunner.java:306)
10-10 20:38:11.445 20433 20452 E TestRunner: 	at org.junit.runners.ParentRunner.run(ParentRunner.java:413)
10-10 20:38:11.445 20433 20452 E TestRunner: 	at org.junit.runner.JUnitCore.run(JUnitCore.java:137)
10-10 20:38:11.445 20433 20452 E TestRunner: 	at org.junit.runner.JUnitCore.run(JUnitCore.java:115)
10-10 20:38:11.445 20433 20452 E TestRunner: 	at androidx.test.internal.runner.TestExecutor.execute(TestExecutor.java:56)
10-10 20:38:11.445 20433 20452 E TestRunner: 	at androidx.test.runner.AndroidJUnitRunner.onStart(AndroidJUnitRunner.java:444)
10-10 20:38:11.445 20433 20452 E TestRunner: 	at android.app.Instrumentation$InstrumentationThread.run(Instrumentation.java:2278)
10-10 20:38:11.445 20433 20452 E TestRunner: Caused by: androidx.test.espresso.NoMatchingViewException: No views in hierarchy found matching: ((view has effective visibility <VISIBLE> and view.getGlobalVisibleRect() to return non-empty rectangle) and (an instance of android.widget.TextView and view.getText() with or without transformation to match: is "Assignment 2" or (view.getParent() is assignable from class <class com.google.android.material.textfield.TextInputLayout> and (view is an instance of android.view.ViewGroup and has descendant matching an instance of android.widget.TextView and view.getText() with or without transformation to match: is "Assignment 2"))))
10-10 20:38:11.445 20433 20452 E TestRunner:
10-10 20:38:11.445 20433 20452 E TestRunner: View Hierarchy:
10-10 20:38:11.445 20433 20452 E TestRunner: +>DecorView{id=-1, visibility=VISIBLE, width=1080, height=2340, has-focus=false, has-focusable=true, has-window-focus=true, is-clickable=false, is-enabled=true, is-focused=false, is-focusable=false, is-layout-requested=false, is-selected=false, layout-params={(0,0)(fillxfill) ty=BASE_APPLICATION wanim=0x10302fe
10-10 20:38:11.445 20433 20452 E TestRunner:   fl=LAYOUT_IN_SCREEN LAYOUT_INSET_DECOR SPLIT_TOUCH HARDWARE_ACCELERATED DRAWS_SYSTEM_BAR_BACKGROUNDS
10-10 20:38:11.445 20433 20452 E TestRunner:   pfl=NO_MOVE_ANIMATION FORCE_DRAW_STATUS_BAR_BACKGROUND FIT_INSETS_CONTROLLED
10-10 20:38:11.445 20433 20452 E TestRunner:   bhv=DEFAULT
10-10 20:38:11.445 20433 20452 E TestRunner:   fitSides=}, tag=null, root-is-layout-requested=false, has-input-connection=false, x=0.0, y=0.0, child-count=3}
10-10 20:38:11.445 20433 20452 E TestRunner: |
10-10 20:38:11.445 20433 20452 E TestRunner: +->LinearLayout{id=-1, visibility=VISIBLE, width=1080, height=2296, has-focus=false, has-focusable=true, has-window-focus=true, is-clickable=false, is-enabled=true, is-focused=false, is-focusable=false, is-layout-requested=false, is-selected=false, layout-params=android.widget.FrameLayout$LayoutParams@3e70fd, tag=null, root-is-layout-requested=false, has-input-connection=false, x=0.0, y=0.0, child-count=2}
10-10 20:38:11.445 20433 20452 E TestRunner: |
10-10 20:38:11.445 20433 20452 E TestRunner: +-->ViewStub{id=16908723, res-name=action_mode_bar_stub, visibility=GONE, width=0, height=0, has-focus=false, has-focusable=false, has-window-focus=true, is-clickable=false, is-enabled=true, is-focused=false, is-focusable=false, is-layout-requested=true, is-selected=false, layout-params=android.widget.LinearLayout$LayoutParams@1b161f2, tag=null, root-is-layout-requested=false, has-input-connection=false, x=0.0, y=0.0}
10-10 20:38:11.445 20433 20452 E TestRunner: |
10-10 20:38:11.445 20433 20452 E TestRunner: +-->FrameLayout{id=-1, visibility=VISIBLE, width=1080, height=2230, has-focus=false, has-focusable=true, has-window-focus=true, is-clickable=false, is-enabled=true, is-focused=false, is-focusable=false, is-layout-requested=false, is-selected=false, layout-params=android.widget.LinearLayout$LayoutParams@9acd6c0, tag=null, root-is-layout-requested=false, has-input-connection=false, x=0.0, y=66.0, child-count=1}
10-10 20:38:11.445 20433 20452 E TestRunner: |
10-10 20:38:11.445 20433 20452 E TestRunner: +--->ActionBarOverlayLayout{id=2131230865, res-name=decor_content_parent, visibility=VISIBLE, width=1080, height=2230, has-focus=false, has-focusable=true, has-window-focus=true, is-clickable=false, is-enabled=true, is-focused=false, is-focusable=false, is-layout-requested=false, is-selected=false, layout-params=android.widget.FrameLayout$LayoutParams@7acfd9f, tag=null, root-is-layout-requested=false, has-input-connection=false, x=0.0, y=0.0, child-count=2}
10-10 20:38:11.445 20433 20452 E TestRunner: |
10-10 20:38:11.445 20433 20452 E TestRunner: +---->ContentFrameLayout{id=16908290, res-name=content, visibility=VISIBLE, width=1080, height=2076, has-focus=false, has-focusable=true, has-window-focus=true, is-clickable=false, is-enabled=true, is-focused=false, is-focusable=false, is-layout-requested=false, is-selected=false, layout-params=androidx.appcompat.widget.ActionBarOverlayLayout$LayoutParams@6ffc2b5, tag=null, root-is-layout-requested=false, has-input-connection=false, x=0.0, y=154.0, child-count=1}
10-10 20:38:11.445 20433 20452 E TestRunner: |
10-10 20:38:11.445 20433 20452 E TestRunner: +----->ConstraintLayout{id=-1, visibility=VISIBLE, width=1080, height=2076, has-focus=false, has-focusable=true, has-window-focus=true, is-clickable=false, is-enabled=true, is-focused=false, is-focusable=false, is-layout-requested=false, is-selected=false, layout-params=android.widget.FrameLayout$LayoutParams@e6dd4bb, tag=null, root-is-layout-requested=false, has-input-connection=false, x=0.0, y=0.0, child-count=1}
10-10 20:38:11.445 20433 20452 E TestRunner: |
10-10 20:38:11.445 20433 20452 E TestRunner: +------>RecyclerView{id=2131231061, res-name=recyclerview, visibility=VISIBLE, width=1080, height=2076, has-focus=false, has-focusable=true, has-window-focus=true, is-clickable=false, is-enabled=true, is-focused=false, is-focusable=true, is-layout-requested=false, is-selected=false, layout-params=androidx.constraintlayout.widget.ConstraintLayout$LayoutParams@e9b0197, tag=null, root-is-layout-requested=false, has-input-connection=false, x=0.0, y=0.0, child-count=3}
10-10 20:38:11.445 20433 20452 E TestRunner: |
10-10 20:38:11.445 20433 20452 E TestRunner: +------->CardView{id=-1, visibility=VISIBLE, width=1058, height=165, has-focus=false, has-focusable=false, has-window-focus=true, is-clickable=false, is-enabled=true, is-focused=false, is-focusable=false, is-layout-requested=false, is-selected=false, layout-params=androidx.recyclerview.widget.RecyclerView$LayoutParams@ff2936d, tag=null, root-is-layout-requested=false, has-input-connection=false, x=11.0, y=11.0, child-count=1}
10-10 20:38:11.445 20433 20452 E TestRunner: |
10-10 20:38:11.445 20433 20452 E TestRunner: +-------->LinearLayout{id=-1, visibility=VISIBLE, width=1058, height=165, has-focus=false, has-focusable=false, has-window-focus=true, is-clickable=false, is-enabled=true, is-focused=false, is-focusable=false, is-layout-requested=false, is-selected=false, layout-params=android.widget.FrameLayout$LayoutParams@e036ff0, tag=null, root-is-layout-requested=false, has-input-connection=false, x=0.0, y=0.0, child-count=2}
10-10 20:38:11.445 20433 20452 E TestRunner: |
10-10 20:38:11.445 20433 20452 E TestRunner: +--------->MaterialTextView{id=2131231015, res-name=name, visibility=VISIBLE, width=369, height=74, has-focus=false, has-focusable=false, has-window-focus=true, is-clickable=false, is-enabled=true, is-focused=false, is-focusable=false, is-layout-requested=false, is-selected=false, layout-params=android.widget.LinearLayout$LayoutParams@731f969, tag=null, root-is-layout-requested=false, has-input-connection=false, x=11.0, y=11.0, text=CSE118 Fall 22, input-type=0, ime-target=false, has-links=false}
10-10 20:38:11.445 20433 20452 E TestRunner: |
