10-15 20:01:18.297 27035 27058 I TestRunner: started: construction_channel_framing_message_ranice_date(edu.ucsc.cse118.assignment3.BasicTest)
10-15 20:01:18.298  1166  1208 D QuickstepModelDelegate: notifyAppTargetEvent action=1 launchLocation=
10-15 20:01:18.298   365   365 D goldfish-address-space: claimShared: Ask to claim region [0x1eef2c000 0x1ef8d0000]
10-15 20:01:18.299   365   425 D goldfish-address-space: claimShared: Ask to claim region [0x1ecc58000 0x1ed5fc000]
10-15 20:01:18.303 27035 27058 W Settings: Setting always_finish_activities has moved from android.provider.Settings.System to android.provider.Settings.Global, returning read-only value.
10-15 20:01:18.306   365   425 D goldfish-address-space: claimShared: Ask to claim region [0x1f0000000 0x1f09a4000]
10-15 20:01:18.315   365   365 D goldfish-address-space: claimShared: Ask to claim region [0x1f1348000 0x1f1cec000]
10-15 20:01:18.319   365   365 D goldfish-address-space: claimShared: Ask to claim region [0x1f1cec000 0x1f2690000]
10-15 20:01:18.319   365   425 D goldfish-address-space: claimShared: Ask to claim region [0x1f2690000 0x1f3034000]
10-15 20:01:18.323  1694  1694 I GsaVoiceInteractionSrv: Handling ACTION_START_HOTWORD
10-15 20:01:18.323  1694  1694 I GsaVoiceInteractionSrv: disregardVoiceMatch: false
10-15 20:01:18.323  1694  1694 I GsaVoiceInteractionSrv: Cannot start hotword, hotword has been explicitly disabled.
10-15 20:01:18.331   863   942 D SplashScreenView: Build android.window.SplashScreenView{8757985 V.E...... ......ID 0,0-0,0}
10-15 20:01:18.331   863   942 D SplashScreenView: Icon: view: null drawable: null size: 0
10-15 20:01:18.331   863   942 D SplashScreenView: Branding: view: android.view.View{6e973da G.ED..... ......I. 0,0-0,0 #10204a9 android:id/splashscreen_branding_view} drawable: null size w: 0 h: 0
10-15 20:01:18.352   565   937 W InputReader: Device virtio_input_multi_touch_2 is associated with display ADISPLAY_ID_NONE.
10-15 20:01:18.352   565   937 W InputReader: Device virtio_input_multi_touch_3 is associated with display ADISPLAY_ID_NONE.
10-15 20:01:18.352   565   937 W InputReader: Device virtio_input_multi_touch_5 is associated with display ADISPLAY_ID_NONE.
10-15 20:01:18.352   565   937 W InputReader: Device virtio_input_multi_touch_7 is associated with display ADISPLAY_ID_NONE.
10-15 20:01:18.352   565   937 W InputReader: Device virtio_input_multi_touch_11 is associated with display ADISPLAY_ID_NONE.
10-15 20:01:18.352   565   937 W InputReader: Device virtio_input_multi_touch_6 is associated with display ADISPLAY_ID_NONE.
10-15 20:01:18.352   565   937 W InputReader: Device virtio_input_multi_touch_4 is associated with display ADISPLAY_ID_NONE.
10-15 20:01:18.352   565   937 W InputReader: Device virtio_input_multi_touch_9 is associated with display ADISPLAY_ID_NONE.
10-15 20:01:18.352   565   937 W InputReader: Device virtio_input_multi_touch_8 is associated with display ADISPLAY_ID_NONE.
10-15 20:01:18.352   565   937 W InputReader: Device virtio_input_multi_touch_10 is associated with display ADISPLAY_ID_NONE.
10-15 20:01:18.352   565   937 W InputReader: Device virtio_input_multi_touch_2 is associated with display ADISPLAY_ID_NONE.
10-15 20:01:18.352   565   937 W InputReader: Device virtio_input_multi_touch_3 is associated with display ADISPLAY_ID_NONE.
10-15 20:01:18.352   565   937 W InputReader: Device virtio_input_multi_touch_5 is associated with display ADISPLAY_ID_NONE.
10-15 20:01:18.352   565   937 W InputReader: Device virtio_input_multi_touch_7 is associated with display ADISPLAY_ID_NONE.
10-15 20:01:18.352   565   937 W InputReader: Device virtio_input_multi_touch_11 is associated with display ADISPLAY_ID_NONE.
10-15 20:01:18.352   565   937 W InputReader: Device virtio_input_multi_touch_6 is associated with display ADISPLAY_ID_NONE.
10-15 20:01:18.352   565   937 W InputReader: Device virtio_input_multi_touch_4 is associated with display ADISPLAY_ID_NONE.
10-15 20:01:18.352   565   937 W InputReader: Device virtio_input_multi_touch_9 is associated with display ADISPLAY_ID_NONE.
10-15 20:01:18.352   565   937 W InputReader: Device virtio_input_multi_touch_8 is associated with display ADISPLAY_ID_NONE.
10-15 20:01:18.352   565   937 W InputReader: Device virtio_input_multi_touch_10 is associated with display ADISPLAY_ID_NONE.
10-15 20:01:18.365   365   425 D goldfish-address-space: claimShared: Ask to claim region [0x1f3034000 0x1f39d8000]
10-15 20:01:18.367  1694  1694 I GsaVoiceInteractionSrv: Handling ACTION_STOP_HOTWORD
10-15 20:01:18.371   365   425 D goldfish-address-space: claimShared: Ask to claim region [0x1ee588000 0x1eef2c000]
10-15 20:01:18.375   365   425 D goldfish-address-space: claimShared: Ask to claim region [0x1f1cec000 0x1f2690000]
10-15 20:01:18.378  1694  1694 E HwDetectorWithState: a: 3
10-15 20:01:18.411   565  2899 W InputReader: Device virtio_input_multi_touch_2 is associated with display ADISPLAY_ID_NONE.
10-15 20:01:18.411   565  2899 W InputReader: Device virtio_input_multi_touch_3 is associated with display ADISPLAY_ID_NONE.
10-15 20:01:18.411   565  2899 W InputReader: Device virtio_input_multi_touch_5 is associated with display ADISPLAY_ID_NONE.
10-15 20:01:18.411   565  2899 W InputReader: Device virtio_input_multi_touch_7 is associated with display ADISPLAY_ID_NONE.
10-15 20:01:18.411   565  2899 W InputReader: Device virtio_input_multi_touch_11 is associated with display ADISPLAY_ID_NONE.
10-15 20:01:18.411   565  2899 W InputReader: Device virtio_input_multi_touch_6 is associated with display ADISPLAY_ID_NONE.
10-15 20:01:18.411   565  2899 W InputReader: Device virtio_input_multi_touch_4 is associated with display ADISPLAY_ID_NONE.
10-15 20:01:18.411   565  2899 W InputReader: Device virtio_input_multi_touch_9 is associated with display ADISPLAY_ID_NONE.
10-15 20:01:18.411   565  2899 W InputReader: Device virtio_input_multi_touch_8 is associated with display ADISPLAY_ID_NONE.
10-15 20:01:18.411   565  2899 W InputReader: Device virtio_input_multi_touch_10 is associated with display ADISPLAY_ID_NONE.
10-15 20:01:18.411   565  2899 W InputReader: Device virtio_input_multi_touch_2 is associated with display ADISPLAY_ID_NONE.
10-15 20:01:18.411   565  2899 W InputReader: Device virtio_input_multi_touch_3 is associated with display ADISPLAY_ID_NONE.
10-15 20:01:18.411   565  2899 W InputReader: Device virtio_input_multi_touch_5 is associated with display ADISPLAY_ID_NONE.
10-15 20:01:18.411   565  2899 W InputReader: Device virtio_input_multi_touch_7 is associated with display ADISPLAY_ID_NONE.
10-15 20:01:18.411   565  2899 W InputReader: Device virtio_input_multi_touch_11 is associated with display ADISPLAY_ID_NONE.
10-15 20:01:18.411   565  2899 W InputReader: Device virtio_input_multi_touch_6 is associated with display ADISPLAY_ID_NONE.
10-15 20:01:18.411   565  2899 W InputReader: Device virtio_input_multi_touch_4 is associated with display ADISPLAY_ID_NONE.
10-15 20:01:18.411   565  2899 W InputReader: Device virtio_input_multi_touch_9 is associated with display ADISPLAY_ID_NONE.
10-15 20:01:18.411   565  2899 W InputReader: Device virtio_input_multi_touch_8 is associated with display ADISPLAY_ID_NONE.
10-15 20:01:18.411   565  2899 W InputReader: Device virtio_input_multi_touch_10 is associated with display ADISPLAY_ID_NONE.
10-15 20:01:18.415 27035 27035 D LifecycleMonitor: Lifecycle status change: edu.ucsc.cse118.assignment3.MainActivity@43e7246 in: PRE_ON_CREATE
10-15 20:01:18.415 27035 27035 V ActivityScenario: Activity lifecycle changed event received but ignored because the reported transition was not ON_CREATE while the last known transition was PRE_ON_CREATE
10-15 20:01:18.431 27035 27035 D LifecycleMonitor: Lifecycle status change: edu.ucsc.cse118.assignment3.MainActivity@43e7246 in: CREATED
10-15 20:01:18.431 27035 27035 V ActivityScenario: Update currentActivityStage to CREATED, currentActivity=edu.ucsc.cse118.assignment3.MainActivity@43e7246
10-15 20:01:18.445 27035 27035 D LifecycleMonitor: Lifecycle status change: edu.ucsc.cse118.assignment3.MainActivity@43e7246 in: STARTED
10-15 20:01:18.445 27035 27035 V ActivityScenario: Update currentActivityStage to STARTED, currentActivity=edu.ucsc.cse118.assignment3.MainActivity@43e7246
10-15 20:01:18.446 27035 27035 D LifecycleMonitor: Lifecycle status change: edu.ucsc.cse118.assignment3.MainActivity@43e7246 in: RESUMED
10-15 20:01:18.446 27035 27035 V ActivityScenario: Update currentActivityStage to RESUMED, currentActivity=edu.ucsc.cse118.assignment3.MainActivity@43e7246
10-15 20:01:18.462   365   425 D goldfish-address-space: claimShared: Ask to claim region [0x1eef2c000 0x1ef8d0000]
10-15 20:01:18.463   365   425 D goldfish-address-space: claimShared: Ask to claim region [0x1ecc58000 0x1ed5fc000]
10-15 20:01:18.464   365   425 D goldfish-address-space: claimShared: Ask to claim region [0x1f0000000 0x1f09a4000]
10-15 20:01:18.473   565   606 I ActivityTaskManager: Displayed edu.ucsc.cse118.assignment3/.MainActivity: +160ms
10-15 20:01:18.477 27035 27035 D RootViewPicker: Root not ready - waiting: 10ms for one to appear.
10-15 20:01:18.482   565   601 W InputManager-JNI: Input channel object '9d74593 edu.ucsc.cse118.assignment3.test/androidx.test.core.app.InstrumentationActivityInvoker$EmptyActivity (client)' was disposed without first being removed with the input manager!
10-15 20:01:18.489 27035 27035 D RootViewPicker: Root not ready - waiting: 25ms for one to appear.
10-15 20:01:18.494  1570  1570 I GoogleInputMethodService: GoogleInputMethodService.onFinishInput():3269
10-15 20:01:18.495  1570  1570 I GoogleInputMethodService: GoogleInputMethodService.onStartInput():1947
10-15 20:01:18.495  1570  1570 I DeviceUnlockedTag: DeviceUnlockedTag.notifyDeviceLockStatusChanged():79 Notify device unlocked.
10-15 20:01:18.496   565  1622 W InputManager-JNI: Input channel object '39dd6d7 Splash Screen edu.ucsc.cse118.assignment3.test (client)' was disposed without first being removed with the input manager!
10-15 20:01:18.524 27035 27035 I ViewInteraction: Performing 'type text(molly@cse118.com)' action on view ((view has effective visibility <VISIBLE> and view.getGlobalVisibleRect() to return non-empty rectangle) and ((view.getId() is <2131230899/edu.ucsc.cse118.assignment3:id/email> and is assignable from class <class android.widget.EditText>) or (is descendant of a view matching view.getId() is <2131230899/edu.ucsc.cse118.assignment3:id/email> and is assignable from class <class android.widget.EditText>)))
10-15 20:01:18.529  1166  1166 D TaplEvents: TIS / TouchInteractionService.onInputEvent: MotionEvent { action=ACTION_DOWN, actionButton=0, id[0]=0, x[0]=539.5, y[0]=782.5, toolType[0]=TOOL_TYPE_UNKNOWN, buttonState=BUTTON_PRIMARY, classification=NONE, metaState=0, flags=0x0, edgeFlags=0x0, pointerCount=1, historySize=0, eventTime=17539605, downTime=17539605, deviceId=-1, source=0x1002, displayId=0, eventId=-825875202 }
10-15 20:01:18.568  1166  1166 D TaplEvents: TIS / TouchInteractionService.onInputEvent: MotionEvent { action=ACTION_UP, actionButton=0, id[0]=0, x[0]=539.5, y[0]=782.5, toolType[0]=TOOL_TYPE_FINGER, buttonState=BUTTON_PRIMARY, classification=NONE, metaState=0, flags=0x0, edgeFlags=0x0, pointerCount=1, historySize=0, eventTime=17539647, downTime=17539605, deviceId=-1, source=0x1002, displayId=0, eventId=-717817741 }
10-15 20:01:18.579  1570  1570 I GoogleInputMethodService: GoogleInputMethodService.onFinishInput():3269
10-15 20:01:18.579 27035 27035 D InputMethodManager: showSoftInput() view=androidx.appcompat.widget.AppCompatEditText{dcefd49 VFED..CL. .F.P..ID 196,501-884,625 #7f0800b3 app:id/email aid=1073741824} flags=0 reason=SHOW_SOFT_INPUT
10-15 20:01:18.583  1570  1570 I GoogleInputMethodService: GoogleInputMethodService.onStartInput():1947
10-15 20:01:18.583  1570  1570 I DeviceUnlockedTag: DeviceUnlockedTag.notifyDeviceLockStatusChanged():79 Notify device unlocked.
10-15 20:01:18.587  1570  1570 I GoogleInputMethodService: GoogleInputMethodService.onStartInputView():2057
10-15 20:01:18.588  1570  1570 I DeviceUnlockedTag: DeviceUnlockedTag.notifyDeviceLockStatusChanged():79 Notify device unlocked.
10-15 20:01:18.589  1570  1570 I DeviceUnlockedTag: DeviceUnlockedTag.notifyDeviceLockStatusChanged():79 Notify device unlocked.
10-15 20:01:18.593 27035 27035 I AssistStructure: Flattened final assist data: 1940 bytes, containing 1 windows, 12 views
10-15 20:01:18.594  1570  1570 I KeyboardViewUtil: KeyboardViewUtil.getKeyboardHeightRatio():168 systemKeyboardHeightRatio:1.000000; userKeyboardHeightRatio:1.000000.
10-15 20:01:18.594  1570  1570 I DeviceUnlockedTag: DeviceUnlockedTag.notifyDeviceLockStatusChanged():79 Notify device unlocked.
10-15 20:01:18.594  1570  1570 I AndroidIME: AbstractIme.onActivate():86 LatinIme.onActivate() : EditorInfo = inputType=Email imeActionName=NEXT dump=[inputType=0x21 imeOptions=0x8000005 privateImeOptions=null actionLabel=null actionId=0 initialSelStart=0 initialSelEnd=0 initialCapsMode=0x0 hintText=Email label=null packageName=edu.ucsc.cse118.assignment3 autofillId=1073741824 fieldId=2131230899 fieldName=null extras=Bundle[{android.support.text.emoji.emojiCompat_metadataVersion=7, android.support.text.emoji.emojiCompat_replaceAll=false}] hintLocales=null contentMimeTypes=null ], IncognitoMode = false, DeviceLocked = false
10-15 20:01:18.595  1570  1570 I DeviceUnlockedTag: DeviceUnlockedTag.notifyDeviceLockStatusChanged():79 Notify device unlocked.
10-15 20:01:18.601  1570  1570 I Delight5Facilitator: Delight5Facilitator.initializeForIme():769 initializeForIme() : Locale = [en_US], layout = qwerty
10-15 20:01:18.602  1570  1570 I Delight5Facilitator: Delight5Facilitator.resetDecoder():925 resetDecoder() : Locale = [en_US]
10-15 20:01:18.607  1570  1570 E UserFeatureCache: UserFeatureCache.getStore():468 Wrong feature id provided PERSONALIZED_FST_MODEL_PARAMS for protobuf lab.
10-15 20:01:18.608  1570  1570 E InputContextLock: InputContextLock.mayLockAndRun():126 Failed to run
10-15 20:01:18.608  1570  1570 E InputContextLock: java.lang.NullPointerException: Attempt to invoke virtual method 'java.lang.Class java.lang.Object.getClass()' on a null object reference
10-15 20:01:18.608  1570  1570 E InputContextLock: 	at com.google.android.libraries.inputmethod.userfeaturecache.UserFeatureCache.c(PG:8)
10-15 20:01:18.608  1570  1570 E InputContextLock: 	at com.google.android.apps.inputmethod.libs.delight5.Delight5Facilitator.K(PG:131)
10-15 20:01:18.608  1570  1570 E InputContextLock: 	at cng.call(Unknown Source:4)
10-15 20:01:18.608  1570  1570 E InputContextLock: 	at con.a(PG:6)
10-15 20:01:18.608  1570  1570 E InputContextLock: 	at com.google.android.apps.inputmethod.libs.delight5.Delight5Facilitator.G(PG:37)
10-15 20:01:18.608  1570  1570 E InputContextLock: 	at com.google.android.apps.inputmethod.libs.latin5.LatinIme.h(PG:17)
10-15 20:01:18.608  1570  1570 E InputContextLock: 	at jlx.g(PG:6)
10-15 20:01:18.608  1570  1570 E InputContextLock: 	at jlx.m(PG:2)
10-15 20:01:18.608  1570  1570 E InputContextLock: 	at dww.u(PG:18)
10-15 20:01:18.608  1570  1570 E InputContextLock: 	at com.android.inputmethod.latin.LatinIME.u(PG:104)
10-15 20:01:18.608  1570  1570 E InputContextLock: 	at dww.onStartInputView(PG:29)
10-15 20:01:18.608  1570  1570 E InputContextLock: 	at android.inputmethodservice.InputMethodService.startViews(InputMethodService.java:2291)
10-15 20:01:18.608  1570  1570 E InputContextLock: 	at android.inputmethodservice.InputMethodService.showWindow(InputMethodService.java:2237)
10-15 20:01:18.608  1570  1570 E InputContextLock: 	at android.inputmethodservice.InputMethodService$InputMethodImpl.showSoftInput(InputMethodService.java:808)
10-15 20:01:18.608  1570  1570 E InputContextLock: 	at android.inputmethodservice.InputMethodService$InputMethodImpl.showSoftInputWithToken(InputMethodService.java:782)
10-15 20:01:18.608  1570  1570 E InputContextLock: 	at android.inputmethodservice.IInputMethodWrapper.executeMessage(IInputMethodWrapper.java:225)
10-15 20:01:18.608  1570  1570 E InputContextLock: 	at com.android.internal.os.HandlerCaller$MyHandler.handleMessage(HandlerCaller.java:44)
10-15 20:01:18.608  1570  1570 E InputContextLock: 	at android.os.Handler.dispatchMessage(Handler.java:106)
10-15 20:01:18.608  1570  1570 E InputContextLock: 	at android.os.Looper.loopOnce(Looper.java:201)
10-15 20:01:18.608  1570  1570 E InputContextLock: 	at android.os.Looper.loop(Looper.java:288)
10-15 20:01:18.608  1570  1570 E InputContextLock: 	at android.app.ActivityThread.main(ActivityThread.java:7842)
10-15 20:01:18.608  1570  1570 E InputContextLock: 	at java.lang.reflect.Method.invoke(Native Method)
10-15 20:01:18.608  1570  1570 E InputContextLock: 	at com.android.internal.os.RuntimeInit$MethodAndArgsCaller.run(RuntimeInit.java:548)
10-15 20:01:18.608  1570  1570 E InputContextLock: 	at com.android.internal.os.ZygoteInit.main(ZygoteInit.java:1003)
10-15 20:01:18.608  1570  1570 I VoiceInputManagerWrapper: VoiceInputManagerWrapper.cancelShutdown():55 cancelShutdown()
10-15 20:01:18.609  1570  1570 I VoiceInputManagerWrapper: VoiceInputManagerWrapper.syncLanguagePacks():67 syncLanguagePacks()
10-15 20:01:18.609  1570  7663 I SpeechFactory: SpeechRecognitionFactory.maybeScheduleAutoPackDownloadForFallback():184 maybeScheduleAutoPackDownloadForFallback()
10-15 20:01:18.609  1570  7663 I FallbackOnDeviceRecognitionProvider: FallbackOnDeviceRecognitionProvider.maybeScheduleAutoPackDownload():196 maybeScheduleAutoPackDownload() for language tag en-US
10-15 20:01:18.609  1570  1570 I LatinIme: LatinIme.updateEnableInlineSuggestionsOnDecoderSideFlags():1264 inline flag updated to:false
10-15 20:01:18.611  1570  1570 W Delight5Decoder: Decoder.setRuntimeParams():372 setRuntimeParams() : Native lib is not ready.
10-15 20:01:18.614  1570  1570 I KeyboardWrapper: KeyboardWrapper.consumeEvent():284 Skip consuming an event as current keyboard is deactivated (state=0, keyboard existence=true)
10-15 20:01:18.615  1570  1570 I DeviceUnlockedTag: DeviceUnlockedTag.notifyDeviceLockStatusChanged():79 Notify device unlocked.
10-15 20:01:18.618  1570  1570 I DeviceUnlockedTag: DeviceUnlockedTag.notifyDeviceLockStatusChanged():79 Notify device unlocked.
10-15 20:01:18.618  1570  1570 I DeviceUnlockedTag: DeviceUnlockedTag.notifyDeviceLockStatusChanged():79 Notify device unlocked.
10-15 20:01:18.618  1570  1570 I DeviceUnlockedTag: DeviceUnlockedTag.notifyDeviceLockStatusChanged():79 Notify device unlocked.
10-15 20:01:18.618  1570  1570 I DeviceUnlockedTag: DeviceUnlockedTag.notifyDeviceLockStatusChanged():79 Notify device unlocked.
10-15 20:01:18.618  1570  1570 I DeviceUnlockedTag: DeviceUnlockedTag.notifyDeviceLockStatusChanged():79 Notify device unlocked.
10-15 20:01:18.618  1570  1570 I DeviceUnlockedTag: DeviceUnlockedTag.notifyDeviceLockStatusChanged():79 Notify device unlocked.
10-15 20:01:18.620  1570  1570 I KeyboardViewHelper: KeyboardViewHelper.getView():166 Get view with height ratio:1.000000
10-15 20:01:18.626  1570  1570 I KeyboardViewUtil: KeyboardViewUtil.calculateMaxKeyboardBodyHeight():53 leave 344 height for app when screen height:2208, header height:121 and isFullscreenMode:false, so the max keyboard body height is:1743
10-15 20:01:18.627  1570  1570 I DeviceUnlockedTag: DeviceUnlockedTag.notifyDeviceLockStatusChanged():79 Notify device unlocked.
10-15 20:01:18.627  1570  1570 I DeviceUnlockedTag: DeviceUnlockedTag.notifyDeviceLockStatusChanged():79 Notify device unlocked.
10-15 20:01:18.627  1570  1570 I DeviceUnlockedTag: DeviceUnlockedTag.notifyDeviceLockStatusChanged():79 Notify device unlocked.
10-15 20:01:18.627  1570  1570 I DeviceUnlockedTag: DeviceUnlockedTag.notifyDeviceLockStatusChanged():79 Notify device unlocked.
10-15 20:01:18.628  1570  1570 I DeviceModeUtil: DeviceModeUtil.getDeviceMode():96 Get device mode phone by ui mode:1 and smallestScreenWidthDp:392
10-15 20:01:18.628  1570  1570 I DeviceUnlockedTag: DeviceUnlockedTag.notifyDeviceLockStatusChanged():79 Notify device unlocked.
10-15 20:01:18.629  1570  1570 I NormalModeController: NormalModeController.getKeyboardBodyViewHolderPaddingBottom():111 currentPrimeKeyboardType:SOFT systemPaddingBottom:-1
10-15 20:01:18.629  1570  1570 I KeyboardViewUtil: KeyboardViewUtil.calculateMaxKeyboardBodyHeight():53 leave 344 height for app when screen height:2208, header height:121 and isFullscreenMode:false, so the max keyboard body height is:1743
10-15 20:01:18.629  1570  1570 E LatinPrimeKeyboard: LatinPrimeKeyboard.updateCurrentImeLocales():414 consumeEvent: UPDATE_CURRENT_IME_LOCALES, Illegal argument
10-15 20:01:18.630  1570  1570 I NormalModeController: NormalModeController.getKeyboardBodyViewHolderPaddingBottom():111 currentPrimeKeyboardType:SOFT systemPaddingBottom:-1
10-15 20:01:18.630  1570  1570 I NormalModeController: NormalModeController.getKeyboardBodyViewHolderPaddingBottom():111 currentPrimeKeyboardType:SOFT systemPaddingBottom:-1
10-15 20:01:18.631  1570  1570 I DeviceUnlockedTag: DeviceUnlockedTag.notifyDeviceLockStatusChanged():79 Notify device unlocked.
10-15 20:01:18.631  1570  1570 I CurrentMicStatusHolder: CurrentMicStatusHolder.onStartInputView():79 Current Mic status = {MicIconHidden-EmailInputType,}
10-15 20:01:18.631  1570  1570 I VoiceImeExtension: VoiceImeExtension.shouldStartVoiceInputAutomatically():364 No private IME option set to start voice input.
10-15 20:01:18.639  1570  1570 I NormalModeController: NormalModeController.getKeyboardBodyViewHolderPaddingBottom():111 currentPrimeKeyboardType:SOFT systemPaddingBottom:-1
10-15 20:01:18.641   365   425 D goldfish-address-space: claimShared: Ask to claim region [0x1ee588000 0x1eeee8000]
10-15 20:01:18.650 14416 14416 D BoundBrokerSvc: onBind: Intent { act=com.google.android.gms.common.BIND_SHARED_PREFS pkg=com.google.android.gms }
10-15 20:01:18.650 14416 14416 D BoundBrokerSvc: Loading bound service for intent: Intent { act=com.google.android.gms.common.BIND_SHARED_PREFS pkg=com.google.android.gms }
10-15 20:01:18.665 14416 14416 D BoundBrokerSvc: onUnbind: Intent { act=com.google.android.gms.common.BIND_SHARED_PREFS pkg=com.google.android.gms }
10-15 20:01:18.668   365   425 D goldfish-address-space: claimShared: Ask to claim region [0x1f1cec000 0x1f264c000]
10-15 20:01:18.673 27035 27035 D InsetsController: show(ime(), fromIme=true)
10-15 20:01:18.685   365   425 D goldfish-address-space: claimShared: Ask to claim region [0x1f264c000 0x1f2fac000]
10-15 20:01:18.695 14416 14416 D BoundBrokerSvc: onBind: Intent { act=com.google.android.gms.common.BIND_SHARED_PREFS pkg=com.google.android.gms }
10-15 20:01:18.696 14416 14416 D BoundBrokerSvc: Loading bound service for intent: Intent { act=com.google.android.gms.common.BIND_SHARED_PREFS pkg=com.google.android.gms }
10-15 20:01:18.698 14416 14416 D BoundBrokerSvc: onUnbind: Intent { act=com.google.android.gms.common.BIND_SHARED_PREFS pkg=com.google.android.gms }
10-15 20:01:18.699  1271  1271 W ngj     : Pending fill request while another request in the same session was triggered. [CONTEXT service_id=177 ]
10-15 20:01:18.711  1580  1580 V InlineSuggestionRenderService: handleDestroySuggestionViews called for 0:1476491474
10-15 20:01:18.716   863   945 D EGL_emulation: app_time_stats: avg=3529.25ms min=80.31ms max=6978.19ms count=2
10-15 20:01:18.816  1570  1570 W SpellCheckerExtension: SpellCheckerExtension.consumeEvent():156 SPELL_CHECK_SUGGESTIONS received with bad key data.
10-15 20:01:18.817  1570  1570 W TooltipLifecycleManager: TooltipLifecycleManager.dismissTooltips():157 Tooltip with id spell_check_add_to_dictionary not found in tooltipManager.
10-15 20:01:18.824 27035 27035 D UiControllerImpl: Injecting string: "molly@cse118.com"
10-15 20:01:19.127 27035 27035 I ViewInteraction: Performing 'type text(molly)' action on view ((view has effective visibility <VISIBLE> and view.getGlobalVisibleRect() to return non-empty rectangle) and ((view.getId() is <2131231057/edu.ucsc.cse118.assignment3:id/password> and is assignable from class <class android.widget.EditText>) or (is descendant of a view matching view.getId() is <2131231057/edu.ucsc.cse118.assignment3:id/password> and is assignable from class <class android.widget.EditText>)))
10-15 20:01:19.129  1166  1166 D TaplEvents: TIS / TouchInteractionService.onInputEvent: MotionEvent { action=ACTION_DOWN, actionButton=0, id[0]=0, x[0]=539.5, y[0]=928.5, toolType[0]=TOOL_TYPE_UNKNOWN, buttonState=BUTTON_PRIMARY, classification=NONE, metaState=0, flags=0x0, edgeFlags=0x0, pointerCount=1, historySize=0, eventTime=17540208, downTime=17540208, deviceId=-1, source=0x1002, displayId=0, eventId=-419463583 }
10-15 20:01:19.171  1166  1166 D TaplEvents: TIS / TouchInteractionService.onInputEvent: MotionEvent { action=ACTION_UP, actionButton=0, id[0]=0, x[0]=539.5, y[0]=928.5, toolType[0]=TOOL_TYPE_FINGER, buttonState=BUTTON_PRIMARY, classification=NONE, metaState=0, flags=0x0, edgeFlags=0x0, pointerCount=1, historySize=0, eventTime=17540250, downTime=17540208, deviceId=-1, source=0x1002, displayId=0, eventId=-445492803 }
10-15 20:01:19.173  1570  1570 I GoogleInputMethodService: GoogleInputMethodService.onFinishInputView():2291
10-15 20:01:19.173 27035 27035 D InputMethodManager: showSoftInput() view=androidx.appcompat.widget.AppCompatEditText{1c4464e VFED..CL. .F.P..ID 196,647-884,771 #7f080151 app:id/password aid=1073741825} flags=0 reason=SHOW_SOFT_INPUT
10-15 20:01:19.173  1570  1570 W TooltipLifecycleManager: TooltipLifecycleManager.dismissTooltips():157 Tooltip with id spell_check_add_to_dictionary not found in tooltipManager.
10-15 20:01:19.174  1570  1570 I InputBundle: InputBundle.consumeEvent():920 Skip consuming an event as keyboard status is 0
10-15 20:01:19.174  1570  1570 I KeyboardWrapper: KeyboardWrapper.consumeEvent():284 Skip consuming an event as current keyboard is deactivated (state=0, keyboard existence=true)
10-15 20:01:19.174  1570  1570 I VoiceInputManagerWrapper: VoiceInputManagerWrapper.shutdown():77 shutdown()
10-15 20:01:19.175  1570  1570 I DeviceUnlockedTag: DeviceUnlockedTag.notifyDeviceLockStatusChanged():79 Notify device unlocked.
10-15 20:01:19.175  1570  1570 I AndroidIME: AbstractIme.onDeactivate():207 LatinIme.onDeactivate()
10-15 20:01:19.177  1570  1570 I GoogleInputMethodService: GoogleInputMethodService.onFinishInput():3269
10-15 20:01:19.177  1570  1570 I GoogleInputMethodService: GoogleInputMethodService.onStartInput():1947
10-15 20:01:19.177  1570  1570 I DeviceUnlockedTag: DeviceUnlockedTag.notifyDeviceLockStatusChanged():79 Notify device unlocked.
10-15 20:01:19.178  1570  1570 I GoogleInputMethodService: GoogleInputMethodService.onStartInputView():2057
10-15 20:01:19.178  1570  1570 I DeviceUnlockedTag: DeviceUnlockedTag.notifyDeviceLockStatusChanged():79 Notify device unlocked.
10-15 20:01:19.178  1570  1570 I DeviceUnlockedTag: DeviceUnlockedTag.notifyDeviceLockStatusChanged():79 Notify device unlocked.
10-15 20:01:19.178  1570  1570 I KeyboardViewUtil: KeyboardViewUtil.getKeyboardHeightRatio():168 systemKeyboardHeightRatio:1.000000; userKeyboardHeightRatio:1.000000.
10-15 20:01:19.181  1570  1570 I DeviceUnlockedTag: DeviceUnlockedTag.notifyDeviceLockStatusChanged():79 Notify device unlocked.
10-15 20:01:19.181  1570  1570 I AndroidIME: AbstractIme.onActivate():86 PasswordIme.onActivate() : EditorInfo = inputType=Password imeActionName=DONE dump=[inputType=0x81 imeOptions=0x4000006 privateImeOptions=null actionLabel=null actionId=0 initialSelStart=0 initialSelEnd=0 initialCapsMode=0x0 hintText=Password label=null packageName=edu.ucsc.cse118.assignment3 autofillId=1073741825 fieldId=2131231057 fieldName=null extras=Bundle[{android.support.text.emoji.emojiCompat_metadataVersion=7, android.support.text.emoji.emojiCompat_replaceAll=false}] hintLocales=null contentMimeTypes=null ], IncognitoMode = false, DeviceLocked = false
10-15 20:01:19.181  1570  1570 I DeviceUnlockedTag: DeviceUnlockedTag.notifyDeviceLockStatusChanged():79 Notify device unlocked.
10-15 20:01:19.182  1570  1570 I KeyboardViewHelper: KeyboardViewHelper.getView():166 Get view with height ratio:1.000000
10-15 20:01:19.185  1570  1570 I KeyboardViewUtil: KeyboardViewUtil.calculateMaxKeyboardBodyHeight():53 leave 344 height for app when screen height:2208, header height:121 and isFullscreenMode:false, so the max keyboard body height is:1743
10-15 20:01:19.185  1570  1570 I DeviceUnlockedTag: DeviceUnlockedTag.notifyDeviceLockStatusChanged():79 Notify device unlocked.
10-15 20:01:19.186  1570  1570 I KeyboardViewUtil: KeyboardViewUtil.calculateMaxKeyboardBodyHeight():53 leave 344 height for app when screen height:2208, header height:121 and isFullscreenMode:false, so the max keyboard body height is:1743
10-15 20:01:19.186  1570  1570 I NormalModeController: NormalModeController.getKeyboardBodyViewHolderPaddingBottom():111 currentPrimeKeyboardType:SOFT systemPaddingBottom:-1
10-15 20:01:19.186  1570  1570 I NormalModeController: NormalModeController.getKeyboardBodyViewHolderPaddingBottom():111 currentPrimeKeyboardType:SOFT systemPaddingBottom:-1
10-15 20:01:19.187  1570  1570 I CurrentMicStatusHolder: CurrentMicStatusHolder.onStartInputView():79 Current Mic status = {MicIconHidden-SettingOff,MicIconHidden-PasswordOrNumberOrDateInputType,}
10-15 20:01:19.187  1570  1570 I VoiceImeExtension: VoiceImeExtension.shouldStartVoiceInputAutomatically():364 No private IME option set to start voice input.
10-15 20:01:19.190 27035 27035 D InsetsController: show(ime(), fromIme=true)
10-15 20:01:19.190 27035 27035 D InsetsController: show(ime(), fromIme=true)
10-15 20:01:19.192 14416 14416 D BoundBrokerSvc: onBind: Intent { act=com.google.android.gms.common.BIND_SHARED_PREFS pkg=com.google.android.gms }
10-15 20:01:19.192 14416 14416 D BoundBrokerSvc: Loading bound service for intent: Intent { act=com.google.android.gms.common.BIND_SHARED_PREFS pkg=com.google.android.gms }
10-15 20:01:19.194 14416 14416 D BoundBrokerSvc: onUnbind: Intent { act=com.google.android.gms.common.BIND_SHARED_PREFS pkg=com.google.android.gms }
10-15 20:01:19.196 14416 14416 D BoundBrokerSvc: onBind: Intent { act=com.google.android.gms.common.BIND_SHARED_PREFS pkg=com.google.android.gms }
10-15 20:01:19.196 14416 14416 D BoundBrokerSvc: Loading bound service for intent: Intent { act=com.google.android.gms.common.BIND_SHARED_PREFS pkg=com.google.android.gms }
10-15 20:01:19.197 14416 14416 D BoundBrokerSvc: onUnbind: Intent { act=com.google.android.gms.common.BIND_SHARED_PREFS pkg=com.google.android.gms }
10-15 20:01:19.423 27035 27035 D UiControllerImpl: Injecting string: "molly"
10-15 20:01:19.492 27035 27093 D EGL_emulation: app_time_stats: avg=32.93ms min=7.36ms max=236.72ms count=31
10-15 20:01:19.526 27035 27035 I ViewInteraction: Performing 'single click' action on view ((view has effective visibility <VISIBLE> and view.getGlobalVisibleRect() to return non-empty rectangle) and (an instance of android.widget.TextView and view.getText() with or without transformation to match: is "LOGIN" or (view.getParent() is assignable from class <class com.google.android.material.textfield.TextInputLayout> and (view is an instance of android.view.ViewGroup and has descendant matching an instance of android.widget.TextView and view.getText() with or without transformation to match: is "LOGIN"))))
10-15 20:01:19.528  1166  1166 D TaplEvents: TIS / TouchInteractionService.onInputEvent: MotionEvent { action=ACTION_DOWN, actionButton=0, id[0]=0, x[0]=539.5, y[0]=1078.5, toolType[0]=TOOL_TYPE_UNKNOWN, buttonState=BUTTON_PRIMARY, classification=NONE, metaState=0, flags=0x0, edgeFlags=0x0, pointerCount=1, historySize=0, eventTime=17540606, downTime=17540606, deviceId=-1, source=0x1002, displayId=0, eventId=-626963660 }
10-15 20:01:19.568  1166  1166 D TaplEvents: TIS / TouchInteractionService.onInputEvent: MotionEvent { action=ACTION_UP, actionButton=0, id[0]=0, x[0]=539.5, y[0]=1078.5, toolType[0]=TOOL_TYPE_FINGER, buttonState=BUTTON_PRIMARY, classification=NONE, metaState=0, flags=0x0, edgeFlags=0x0, pointerCount=1, historySize=0, eventTime=17540648, downTime=17540606, deviceId=-1, source=0x1002, displayId=0, eventId=-471641523 }
10-15 20:01:19.575   354   488 E android.hardware.audio@7.0-impl.ranchu: device/generic/goldfish/audio/stream_out.cpp:updateSourceMetadata:377 failure: Result::NOT_SUPPORTED
10-15 20:01:19.644  1570  1570 I GoogleInputMethodService: GoogleInputMethodService.onFinishInputView():2291
10-15 20:01:19.644  1570  1570 W TooltipLifecycleManager: TooltipLifecycleManager.dismissTooltips():157 Tooltip with id spell_check_add_to_dictionary not found in tooltipManager.
10-15 20:01:19.645  1570  1570 I AndroidIME: AbstractIme.onDeactivate():207 PasswordIme.onDeactivate()
10-15 20:01:19.711   354   488 E android.hardware.audio@7.0-impl.ranchu: device/generic/goldfish/audio/stream_out.cpp:updateSourceMetadata:377 failure: Result::NOT_SUPPORTED
10-15 20:01:19.771   863   945 D EGL_emulation: app_time_stats: avg=351.50ms min=92.62ms max=849.58ms count=3
10-15 20:01:19.828 27035 27035 I ViewInteraction: Performing 'searching for view an instance of android.widget.TextView and view.getText() with or without transformation to match: is "Construction" in the root view' action on view view.getRootView() to equal view
10-15 20:01:19.829 27035 27035 I ViewInteraction: Performing 'single click' action on view ((view has effective visibility <VISIBLE> and view.getGlobalVisibleRect() to return non-empty rectangle) and (an instance of android.widget.TextView and view.getText() with or without transformation to match: is "Construction" or (view.getParent() is assignable from class <class com.google.android.material.textfield.TextInputLayout> and (view is an instance of android.view.ViewGroup and has descendant matching an instance of android.widget.TextView and view.getText() with or without transformation to match: is "Construction"))))
10-15 20:01:19.830  1166  1166 D TaplEvents: TIS / TouchInteractionService.onInputEvent: MotionEvent { action=ACTION_DOWN, actionButton=0, id[0]=0, x[0]=178.0, y[0]=278.5, toolType[0]=TOOL_TYPE_UNKNOWN, buttonState=BUTTON_PRIMARY, classification=NONE, metaState=0, flags=0x0, edgeFlags=0x0, pointerCount=1, historySize=0, eventTime=17540910, downTime=17540910, deviceId=-1, source=0x1002, displayId=0, eventId=-523586462 }
10-15 20:01:19.872  1166  1166 D TaplEvents: TIS / TouchInteractionService.onInputEvent: MotionEvent { action=ACTION_UP, actionButton=0, id[0]=0, x[0]=178.0, y[0]=278.5, toolType[0]=TOOL_TYPE_FINGER, buttonState=BUTTON_PRIMARY, classification=NONE, metaState=0, flags=0x0, edgeFlags=0x0, pointerCount=1, historySize=0, eventTime=17540952, downTime=17540910, deviceId=-1, source=0x1002, displayId=0, eventId=-607931879 }
10-15 20:01:19.875   354   488 E android.hardware.audio@7.0-impl.ranchu: device/generic/goldfish/audio/stream_out.cpp:updateSourceMetadata:377 failure: Result::NOT_SUPPORTED
10-15 20:01:19.998   354   488 E android.hardware.audio@7.0-impl.ranchu: device/generic/goldfish/audio/stream_out.cpp:updateSourceMetadata:377 failure: Result::NOT_SUPPORTED
10-15 20:01:20.108 27035 27035 I ViewInteraction: Performing 'searching for view an instance of android.widget.TextView and view.getText() with or without transformation to match: is "Framing (Wood)" in the root view' action on view view.getRootView() to equal view
10-15 20:01:20.110 27035 27035 I ViewInteraction: Performing 'single click' action on view ((view has effective visibility <VISIBLE> and view.getGlobalVisibleRect() to return non-empty rectangle) and (an instance of android.widget.TextView and view.getText() with or without transformation to match: is "Framing (Wood)" or (view.getParent() is assignable from class <class com.google.android.material.textfield.TextInputLayout> and (view is an instance of android.view.ViewGroup and has descendant matching an instance of android.widget.TextView and view.getText() with or without transformation to match: is "Framing (Wood)"))))
10-15 20:01:20.111  1166  1166 D TaplEvents: TIS / TouchInteractionService.onInputEvent: MotionEvent { action=ACTION_DOWN, actionButton=0, id[0]=0, x[0]=218.0, y[0]=465.5, toolType[0]=TOOL_TYPE_UNKNOWN, buttonState=BUTTON_PRIMARY, classification=NONE, metaState=0, flags=0x0, edgeFlags=0x0, pointerCount=1, historySize=0, eventTime=17541190, downTime=17541190, deviceId=-1, source=0x1002, displayId=0, eventId=-520651578 }
10-15 20:01:20.153  1166  1166 D TaplEvents: TIS / TouchInteractionService.onInputEvent: MotionEvent { action=ACTION_UP, actionButton=0, id[0]=0, x[0]=218.0, y[0]=465.5, toolType[0]=TOOL_TYPE_FINGER, buttonState=BUTTON_PRIMARY, classification=NONE, metaState=0, flags=0x0, edgeFlags=0x0, pointerCount=1, historySize=0, eventTime=17541232, downTime=17541190, deviceId=-1, source=0x1002, displayId=0, eventId=-424369101 }
10-15 20:01:20.155   354   488 E android.hardware.audio@7.0-impl.ranchu: device/generic/goldfish/audio/stream_out.cpp:updateSourceMetadata:377 failure: Result::NOT_SUPPORTED
10-15 20:01:20.188  1570  1570 I DeviceUnlockedTag: DeviceUnlockedTag.notifyDeviceLockStatusChanged():79 Notify device unlocked.
10-15 20:01:20.290   354   488 E android.hardware.audio@7.0-impl.ranchu: device/generic/goldfish/audio/stream_out.cpp:updateSourceMetadata:377 failure: Result::NOT_SUPPORTED
10-15 20:01:20.373 27035 27035 I ViewInteraction: Performing 'searching for view an instance of android.widget.TextView and view.getText() with or without transformation to match: is "Jul 21, 2022, 10:42:36 AM" in the root view' action on view view.getRootView() to equal view
10-15 20:01:20.387 27035 27035 I ViewInteraction: Performing 'Wait for at least 100 millis' action on view view.getRootView() to equal view
10-15 20:01:20.490 27035 27035 I ViewInteraction: Performing 'searching for view an instance of android.widget.TextView and view.getText() with or without transformation to match: is "Jul 21, 2022, 10:42:36 AM" in the root view' action on view view.getRootView() to equal view
10-15 20:01:20.498 27035 27035 I ViewInteraction: Performing 'Wait for at least 100 millis' action on view view.getRootView() to equal view
10-15 20:01:20.602 27035 27035 I ViewInteraction: Performing 'searching for view an instance of android.widget.TextView and view.getText() with or without transformation to match: is "Jul 21, 2022, 10:42:36 AM" in the root view' action on view view.getRootView() to equal view
10-15 20:01:20.612 27035 27035 I ViewInteraction: Performing 'Wait for at least 100 millis' action on view view.getRootView() to equal view
10-15 20:01:20.719 27035 27035 I ViewInteraction: Performing 'searching for view an instance of android.widget.TextView and view.getText() with or without transformation to match: is "Jul 21, 2022, 10:42:36 AM" in the root view' action on view view.getRootView() to equal view
10-15 20:01:20.734 27035 27035 I ViewInteraction: Performing 'Wait for at least 100 millis' action on view view.getRootView() to equal view
10-15 20:01:20.838 27035 27035 I ViewInteraction: Performing 'searching for view an instance of android.widget.TextView and view.getText() with or without transformation to match: is "Jul 21, 2022, 10:42:36 AM" in the root view' action on view view.getRootView() to equal view
10-15 20:01:20.845 27035 27035 I ViewInteraction: Performing 'Wait for at least 100 millis' action on view view.getRootView() to equal view
10-15 20:01:20.950 27035 27035 I ViewInteraction: Performing 'searching for view an instance of android.widget.TextView and view.getText() with or without transformation to match: is "Jul 21, 2022, 10:42:36 AM" in the root view' action on view view.getRootView() to equal view
10-15 20:01:20.964 27035 27035 I ViewInteraction: Performing 'Wait for at least 100 millis' action on view view.getRootView() to equal view
10-15 20:01:21.088 27035 27035 I ViewInteraction: Performing 'searching for view an instance of android.widget.TextView and view.getText() with or without transformation to match: is "Jul 21, 2022, 10:42:36 AM" in the root view' action on view view.getRootView() to equal view
10-15 20:01:21.096 27035 27035 I ViewInteraction: Performing 'Wait for at least 100 millis' action on view view.getRootView() to equal view
10-15 20:01:21.200 27035 27035 I ViewInteraction: Performing 'searching for view an instance of android.widget.TextView and view.getText() with or without transformation to match: is "Jul 21, 2022, 10:42:36 AM" in the root view' action on view view.getRootView() to equal view
10-15 20:01:21.210 27035 27035 I ViewInteraction: Performing 'Wait for at least 100 millis' action on view view.getRootView() to equal view
10-15 20:01:21.313 27035 27035 I ViewInteraction: Performing 'searching for view an instance of android.widget.TextView and view.getText() with or without transformation to match: is "Jul 21, 2022, 10:42:36 AM" in the root view' action on view view.getRootView() to equal view
10-15 20:01:21.323 27035 27035 I ViewInteraction: Performing 'Wait for at least 100 millis' action on view view.getRootView() to equal view
10-15 20:01:21.428 27035 27035 I ViewInteraction: Performing 'searching for view an instance of android.widget.TextView and view.getText() with or without transformation to match: is "Jul 21, 2022, 10:42:36 AM" in the root view' action on view view.getRootView() to equal view
10-15 20:01:21.437 27035 27035 I ViewInteraction: Performing 'Wait for at least 100 millis' action on view view.getRootView() to equal view
10-15 20:01:21.541 27035 27035 I ViewInteraction: Performing 'searching for view an instance of android.widget.TextView and view.getText() with or without transformation to match: is "Jul 21, 2022, 10:42:36 AM" in the root view' action on view view.getRootView() to equal view
10-15 20:01:21.551 27035 27035 I ViewInteraction: Performing 'Wait for at least 100 millis' action on view view.getRootView() to equal view
10-15 20:01:21.661 27035 27035 I ViewInteraction: Performing 'searching for view an instance of android.widget.TextView and view.getText() with or without transformation to match: is "Jul 21, 2022, 10:42:36 AM" in the root view' action on view view.getRootView() to equal view
10-15 20:01:21.669 27035 27035 I ViewInteraction: Performing 'Wait for at least 100 millis' action on view view.getRootView() to equal view
10-15 20:01:21.773 27035 27035 I ViewInteraction: Performing 'searching for view an instance of android.widget.TextView and view.getText() with or without transformation to match: is "Jul 21, 2022, 10:42:36 AM" in the root view' action on view view.getRootView() to equal view
10-15 20:01:21.781 27035 27035 I ViewInteraction: Performing 'Wait for at least 100 millis' action on view view.getRootView() to equal view
10-15 20:01:21.886 27035 27035 I ViewInteraction: Performing 'searching for view an instance of android.widget.TextView and view.getText() with or without transformation to match: is "Jul 21, 2022, 10:42:36 AM" in the root view' action on view view.getRootView() to equal view
10-15 20:01:21.895 27035 27035 I ViewInteraction: Performing 'Wait for at least 100 millis' action on view view.getRootView() to equal view
10-15 20:01:22.000 27035 27035 I ViewInteraction: Performing 'searching for view an instance of android.widget.TextView and view.getText() with or without transformation to match: is "Jul 21, 2022, 10:42:36 AM" in the root view' action on view view.getRootView() to equal view
10-15 20:01:22.010 27035 27035 I ViewInteraction: Performing 'Wait for at least 100 millis' action on view view.getRootView() to equal view
10-15 20:01:22.114 27035 27035 I ViewInteraction: Performing 'searching for view an instance of android.widget.TextView and view.getText() with or without transformation to match: is "Jul 21, 2022, 10:42:36 AM" in the root view' action on view view.getRootView() to equal view
10-15 20:01:22.123 27035 27035 I ViewInteraction: Performing 'Wait for at least 100 millis' action on view view.getRootView() to equal view
10-15 20:01:22.218  1570  1647 W LatinCommonCountersMetricsProcessor: LatinCommonCountersMetricsProcessor$DelightProblemReporter.run():765 Missing LM for 'en'
10-15 20:01:22.226 27035 27035 I ViewInteraction: Performing 'searching for view an instance of android.widget.TextView and view.getText() with or without transformation to match: is "Jul 21, 2022, 10:42:36 AM" in the root view' action on view view.getRootView() to equal view
10-15 20:01:22.234 27035 27035 I ViewInteraction: Performing 'Wait for at least 100 millis' action on view view.getRootView() to equal view
10-15 20:01:22.337 27035 27035 I ViewInteraction: Performing 'searching for view an instance of android.widget.TextView and view.getText() with or without transformation to match: is "Jul 21, 2022, 10:42:36 AM" in the root view' action on view view.getRootView() to equal view
10-15 20:01:22.345 27035 27035 I ViewInteraction: Performing 'Wait for at least 100 millis' action on view view.getRootView() to equal view
10-15 20:01:22.449 27035 27035 I ViewInteraction: Performing 'searching for view an instance of android.widget.TextView and view.getText() with or without transformation to match: is "Jul 21, 2022, 10:42:36 AM" in the root view' action on view view.getRootView() to equal view
10-15 20:01:22.460 27035 27035 I ViewInteraction: Performing 'Wait for at least 100 millis' action on view view.getRootView() to equal view
10-15 20:01:22.564 27035 27035 I ViewInteraction: Performing 'searching for view an instance of android.widget.TextView and view.getText() with or without transformation to match: is "Jul 21, 2022, 10:42:36 AM" in the root view' action on view view.getRootView() to equal view
10-15 20:01:22.572 27035 27035 I ViewInteraction: Performing 'Wait for at least 100 millis' action on view view.getRootView() to equal view
10-15 20:01:22.678 27035 27035 I ViewInteraction: Performing 'searching for view an instance of android.widget.TextView and view.getText() with or without transformation to match: is "Jul 21, 2022, 10:42:36 AM" in the root view' action on view view.getRootView() to equal view
10-15 20:01:22.688 27035 27035 I ViewInteraction: Performing 'Wait for at least 100 millis' action on view view.getRootView() to equal view
10-15 20:01:22.792 27035 27035 I ViewInteraction: Performing 'searching for view an instance of android.widget.TextView and view.getText() with or without transformation to match: is "Jul 21, 2022, 10:42:36 AM" in the root view' action on view view.getRootView() to equal view
10-15 20:01:22.801 27035 27035 I ViewInteraction: Performing 'Wait for at least 100 millis' action on view view.getRootView() to equal view
10-15 20:01:22.904 27035 27035 I ViewInteraction: Performing 'searching for view an instance of android.widget.TextView and view.getText() with or without transformation to match: is "Jul 21, 2022, 10:42:36 AM" in the root view' action on view view.getRootView() to equal view
10-15 20:01:22.912 27035 27035 I ViewInteraction: Performing 'Wait for at least 100 millis' action on view view.getRootView() to equal view
10-15 20:01:23.014 27035 27035 I ViewInteraction: Performing 'searching for view an instance of android.widget.TextView and view.getText() with or without transformation to match: is "Jul 21, 2022, 10:42:36 AM" in the root view' action on view view.getRootView() to equal view
10-15 20:01:23.017 27035 27035 I ViewInteraction: Performing 'Wait for at least 100 millis' action on view view.getRootView() to equal view
10-15 20:01:23.122 27035 27035 I ViewInteraction: Performing 'searching for view an instance of android.widget.TextView and view.getText() with or without transformation to match: is "Jul 21, 2022, 10:42:36 AM" in the root view' action on view view.getRootView() to equal view
10-15 20:01:23.124 27035 27035 I ViewInteraction: Performing 'Wait for at least 100 millis' action on view view.getRootView() to equal view
10-15 20:01:23.226 27035 27035 I ViewInteraction: Performing 'searching for view an instance of android.widget.TextView and view.getText() with or without transformation to match: is "Jul 21, 2022, 10:42:36 AM" in the root view' action on view view.getRootView() to equal view
10-15 20:01:23.229 27035 27035 I ViewInteraction: Performing 'Wait for at least 100 millis' action on view view.getRootView() to equal view
10-15 20:01:23.333 27035 27035 I ViewInteraction: Performing 'searching for view an instance of android.widget.TextView and view.getText() with or without transformation to match: is "Jul 21, 2022, 10:42:36 AM" in the root view' action on view view.getRootView() to equal view
10-15 20:01:23.338 27035 27035 I ViewInteraction: Performing 'Wait for at least 100 millis' action on view view.getRootView() to equal view
10-15 20:01:23.440 27035 27035 I ViewInteraction: Performing 'searching for view an instance of android.widget.TextView and view.getText() with or without transformation to match: is "Jul 21, 2022, 10:42:36 AM" in the root view' action on view view.getRootView() to equal view
10-15 20:01:23.445 27035 27035 I ViewInteraction: Performing 'Wait for at least 100 millis' action on view view.getRootView() to equal view
10-15 20:01:23.546 27035 27035 I ViewInteraction: Performing 'searching for view an instance of android.widget.TextView and view.getText() with or without transformation to match: is "Jul 21, 2022, 10:42:36 AM" in the root view' action on view view.getRootView() to equal view
10-15 20:01:23.550 27035 27035 I ViewInteraction: Performing 'Wait for at least 100 millis' action on view view.getRootView() to equal view
10-15 20:01:23.651 27035 27035 I ViewInteraction: Performing 'searching for view an instance of android.widget.TextView and view.getText() with or without transformation to match: is "Jul 21, 2022, 10:42:36 AM" in the root view' action on view view.getRootView() to equal view
