10-17 18:40:30.439  1570  1570 I NormalModeController: NormalModeController.getKeyboardBodyViewHolderPaddingBottom():111 currentPrimeKeyboardType:SOFT systemPaddingBottom:-1
10-17 18:40:30.439  1570  1570 I NormalModeController: NormalModeController.getKeyboardBodyViewHolderPaddingBottom():111 currentPrimeKeyboardType:SOFT systemPaddingBottom:-1
10-17 18:40:30.440  1570  1570 I DeviceUnlockedTag: DeviceUnlockedTag.notifyDeviceLockStatusChanged():79 Notify device unlocked.
10-17 18:40:30.440  1570  1570 I DeviceUnlockedTag: DeviceUnlockedTag.notifyDeviceLockStatusChanged():79 Notify device unlocked.
10-17 18:40:30.440  1570  1570 I DeviceUnlockedTag: DeviceUnlockedTag.notifyDeviceLockStatusChanged():79 Notify device unlocked.
10-17 18:40:30.440  1570  1570 I DeviceUnlockedTag: DeviceUnlockedTag.notifyDeviceLockStatusChanged():79 Notify device unlocked.
10-17 18:40:30.441  1570  1570 I DeviceUnlockedTag: DeviceUnlockedTag.notifyDeviceLockStatusChanged():79 Notify device unlocked.
10-17 18:40:30.441  1570  1570 I DeviceUnlockedTag: DeviceUnlockedTag.notifyDeviceLockStatusChanged():79 Notify device unlocked.
10-17 18:40:30.442  1570  1570 I DeviceUnlockedTag: DeviceUnlockedTag.notifyDeviceLockStatusChanged():79 Notify device unlocked.
10-17 18:40:30.442  1570  1570 I VoiceImeExtension: VoiceImeExtension.shouldStartVoiceInputAutomatically():364 No private IME option set to start voice input.
10-17 18:40:30.442  1570  1570 I DeviceUnlockedTag: DeviceUnlockedTag.notifyDeviceLockStatusChanged():79 Notify device unlocked.
10-17 18:40:30.442  1570  1570 I DeviceUnlockedTag: DeviceUnlockedTag.notifyDeviceLockStatusChanged():79 Notify device unlocked.
10-17 18:40:30.442  1570  1570 I DeviceUnlockedTag: DeviceUnlockedTag.notifyDeviceLockStatusChanged():79 Notify device unlocked.
10-17 18:40:30.442  1570  1570 I DeviceUnlockedTag: DeviceUnlockedTag.notifyDeviceLockStatusChanged():79 Notify device unlocked.
10-17 18:40:30.443  1570  1570 I DeviceUnlockedTag: DeviceUnlockedTag.notifyDeviceLockStatusChanged():79 Notify device unlocked.
10-17 18:40:30.443  1570  1570 I DeviceUnlockedTag: DeviceUnlockedTag.notifyDeviceLockStatusChanged():79 Notify device unlocked.
10-17 18:40:30.446  1570  1570 I NormalModeController: NormalModeController.getKeyboardBodyViewHolderPaddingBottom():111 currentPrimeKeyboardType:SOFT systemPaddingBottom:-1
10-17 18:40:30.446  1389  1389 D BoundBrokerSvc: onBind: Intent { act=com.google.android.gms.common.BIND_SHARED_PREFS pkg=com.google.android.gms }
10-17 18:40:30.446  1389  1389 D BoundBrokerSvc: Loading bound service for intent: Intent { act=com.google.android.gms.common.BIND_SHARED_PREFS pkg=com.google.android.gms }
10-17 18:40:30.449  3108  3108 D InsetsController: show(ime(), fromIme=true)
10-17 18:40:30.454  1570  2142 D EGL_emulation: app_time_stats: avg=369.78ms min=12.82ms max=1282.71ms count=6
10-17 18:40:30.455  1389  1389 D BoundBrokerSvc: onUnbind: Intent { act=com.google.android.gms.common.BIND_SHARED_PREFS pkg=com.google.android.gms }
10-17 18:40:30.457  1389  1389 D BoundBrokerSvc: onBind: Intent { act=com.google.android.gms.common.BIND_SHARED_PREFS pkg=com.google.android.gms }
10-17 18:40:30.457  1389  1389 D BoundBrokerSvc: Loading bound service for intent: Intent { act=com.google.android.gms.common.BIND_SHARED_PREFS pkg=com.google.android.gms }
10-17 18:40:30.458  1389  1389 D BoundBrokerSvc: onUnbind: Intent { act=com.google.android.gms.common.BIND_SHARED_PREFS pkg=com.google.android.gms }
10-17 18:40:30.481   863   945 D EGL_emulation: app_time_stats: avg=1183.97ms min=1183.97ms max=1183.97ms count=1
10-17 18:40:30.620  1570  1570 W SpellCheckerExtension: SpellCheckerExtension.consumeEvent():156 SPELL_CHECK_SUGGESTIONS received with bad key data.
10-17 18:40:30.620  1570  1570 W TooltipLifecycleManager: TooltipLifecycleManager.dismissTooltips():157 Tooltip with id spell_check_add_to_dictionary not found in tooltipManager.
10-17 18:40:30.647  3108  3108 D UiControllerImpl: Injecting string: "mollycse118"
10-17 18:40:30.672  1570  1570 I ShortcutsDataManager: ShortcutsDataManager.onContentChanged():70 onContentChanged()
10-17 18:40:30.672  1570  1570 I ContactsDataManager: ContactsDataManager.onContentChanged():155 onContentChanged()
10-17 18:40:30.835  3108  3108 I ViewInteraction: Performing 'single click' action on view ((view has effective visibility <VISIBLE> and view.getGlobalVisibleRect() to return non-empty rectangle) and (an instance of android.widget.TextView and view.getText() with or without transformation to match: is "ADD" or (view.getParent() is assignable from class <class com.google.android.material.textfield.TextInputLayout> and (view is an instance of android.view.ViewGroup and has descendant matching an instance of android.widget.TextView and view.getText() with or without transformation to match: is "ADD"))))
10-17 18:40:30.837  1166  1166 D TaplEvents: TIS / TouchInteractionService.onInputEvent: MotionEvent { action=ACTION_DOWN, actionButton=0, id[0]=0, x[0]=539.5, y[0]=1429.5, toolType[0]=TOOL_TYPE_UNKNOWN, buttonState=BUTTON_PRIMARY, classification=NONE, metaState=0, flags=0x0, edgeFlags=0x0, pointerCount=1, historySize=0, eventTime=56893121, downTime=56893121, deviceId=-1, source=0x1002, displayId=0, eventId=-802141480 }
10-17 18:40:30.876  1166  1166 D TaplEvents: TIS / TouchInteractionService.onInputEvent: MotionEvent { action=ACTION_UP, actionButton=0, id[0]=0, x[0]=539.5, y[0]=1429.5, toolType[0]=TOOL_TYPE_FINGER, buttonState=BUTTON_PRIMARY, classification=NONE, metaState=0, flags=0x0, edgeFlags=0x0, pointerCount=1, historySize=0, eventTime=56893161, downTime=56893121, deviceId=-1, source=0x1002, displayId=0, eventId=-841076158 }
10-17 18:40:31.036  1570  1570 W SpellCheckerExtension: SpellCheckerExtension.consumeEvent():156 SPELL_CHECK_SUGGESTIONS received with bad key data.
10-17 18:40:31.036  1570  1570 W TooltipLifecycleManager: TooltipLifecycleManager.dismissTooltips():157 Tooltip with id spell_check_add_to_dictionary not found in tooltipManager.
10-17 18:40:31.096  3108  3108 I ViewInteraction: Performing 'searching for view an instance of android.widget.TextView and view.getText() with or without transformation to match: is "New Message" in the root view' action on view view.getRootView() to equal view
10-17 18:40:31.104  3108  3108 D LifecycleMonitor: Lifecycle status change: edu.ucsc.cse118.assignment3.MainActivity@4b9e9d3 in: PAUSED
10-17 18:40:31.104  3108  3108 V ActivityScenario: Update currentActivityStage to PAUSED, currentActivity=edu.ucsc.cse118.assignment3.MainActivity@4b9e9d3
10-17 18:40:31.106   565  3235 W InputReader: Device virtio_input_multi_touch_2 is associated with display ADISPLAY_ID_NONE.
10-17 18:40:31.106   565  3235 W InputReader: Device virtio_input_multi_touch_3 is associated with display ADISPLAY_ID_NONE.
10-17 18:40:31.106   565  3235 W InputReader: Device virtio_input_multi_touch_5 is associated with display ADISPLAY_ID_NONE.
10-17 18:40:31.106   565  3235 W InputReader: Device virtio_input_multi_touch_7 is associated with display ADISPLAY_ID_NONE.
10-17 18:40:31.106   565  3235 W InputReader: Device virtio_input_multi_touch_11 is associated with display ADISPLAY_ID_NONE.
10-17 18:40:31.106   565  3235 W InputReader: Device virtio_input_multi_touch_6 is associated with display ADISPLAY_ID_NONE.
10-17 18:40:31.106   565  3235 W InputReader: Device virtio_input_multi_touch_4 is associated with display ADISPLAY_ID_NONE.
10-17 18:40:31.106   565  3235 W InputReader: Device virtio_input_multi_touch_9 is associated with display ADISPLAY_ID_NONE.
10-17 18:40:31.106   565  3235 W InputReader: Device virtio_input_multi_touch_8 is associated with display ADISPLAY_ID_NONE.
10-17 18:40:31.106   565  3235 W InputReader: Device virtio_input_multi_touch_10 is associated with display ADISPLAY_ID_NONE.
10-17 18:40:31.108   565  3235 W InputReader: Device virtio_input_multi_touch_2 is associated with display ADISPLAY_ID_NONE.
10-17 18:40:31.108   565  3235 W InputReader: Device virtio_input_multi_touch_3 is associated with display ADISPLAY_ID_NONE.
10-17 18:40:31.108   565  3235 W InputReader: Device virtio_input_multi_touch_5 is associated with display ADISPLAY_ID_NONE.
10-17 18:40:31.108   565  3235 W InputReader: Device virtio_input_multi_touch_7 is associated with display ADISPLAY_ID_NONE.
10-17 18:40:31.108   565  3235 W InputReader: Device virtio_input_multi_touch_11 is associated with display ADISPLAY_ID_NONE.
10-17 18:40:31.108   565  3235 W InputReader: Device virtio_input_multi_touch_6 is associated with display ADISPLAY_ID_NONE.
10-17 18:40:31.108   565  3235 W InputReader: Device virtio_input_multi_touch_4 is associated with display ADISPLAY_ID_NONE.
10-17 18:40:31.108   565  3235 W InputReader: Device virtio_input_multi_touch_9 is associated with display ADISPLAY_ID_NONE.
10-17 18:40:31.108   565  3235 W InputReader: Device virtio_input_multi_touch_8 is associated with display ADISPLAY_ID_NONE.
10-17 18:40:31.108   565  3235 W InputReader: Device virtio_input_multi_touch_10 is associated with display ADISPLAY_ID_NONE.
10-17 18:40:31.110   365   425 D goldfish-address-space: claimShared: Ask to claim region [0x1ec9a4000 0x1ed304000]
10-17 18:40:31.153   365   425 D goldfish-address-space: claimShared: Ask to claim region [0x1f361c000 0x1f3fc0000]
10-17 18:40:31.154   365   425 D goldfish-address-space: claimShared: Ask to claim region [0x1f0000000 0x1f09a4000]
10-17 18:40:31.154   365   425 D goldfish-address-space: claimShared: Ask to claim region [0x1f09a4000 0x1f1348000]
10-17 18:40:31.178  3108  3175 D EGL_emulation: app_time_stats: avg=60.12ms min=7.09ms max=343.54ms count=18
10-17 18:40:31.189   565  2065 W InputReader: Device virtio_input_multi_touch_2 is associated with display ADISPLAY_ID_NONE.
10-17 18:40:31.189   565  2065 W InputReader: Device virtio_input_multi_touch_3 is associated with display ADISPLAY_ID_NONE.
10-17 18:40:31.189   565  2065 W InputReader: Device virtio_input_multi_touch_5 is associated with display ADISPLAY_ID_NONE.
10-17 18:40:31.189   565  2065 W InputReader: Device virtio_input_multi_touch_7 is associated with display ADISPLAY_ID_NONE.
10-17 18:40:31.189   565  2065 W InputReader: Device virtio_input_multi_touch_11 is associated with display ADISPLAY_ID_NONE.
10-17 18:40:31.189   565  2065 W InputReader: Device virtio_input_multi_touch_6 is associated with display ADISPLAY_ID_NONE.
10-17 18:40:31.189   565  2065 W InputReader: Device virtio_input_multi_touch_4 is associated with display ADISPLAY_ID_NONE.
10-17 18:40:31.189   565  2065 W InputReader: Device virtio_input_multi_touch_9 is associated with display ADISPLAY_ID_NONE.
10-17 18:40:31.189   565  2065 W InputReader: Device virtio_input_multi_touch_8 is associated with display ADISPLAY_ID_NONE.
10-17 18:40:31.189   565  2065 W InputReader: Device virtio_input_multi_touch_10 is associated with display ADISPLAY_ID_NONE.
10-17 18:40:31.189   565  2065 W InputReader: Device virtio_input_multi_touch_2 is associated with display ADISPLAY_ID_NONE.
10-17 18:40:31.189   565  2065 W InputReader: Device virtio_input_multi_touch_3 is associated with display ADISPLAY_ID_NONE.
10-17 18:40:31.189   565  2065 W InputReader: Device virtio_input_multi_touch_5 is associated with display ADISPLAY_ID_NONE.
10-17 18:40:31.189   565  2065 W InputReader: Device virtio_input_multi_touch_7 is associated with display ADISPLAY_ID_NONE.
10-17 18:40:31.189   565  2065 W InputReader: Device virtio_input_multi_touch_11 is associated with display ADISPLAY_ID_NONE.
10-17 18:40:31.189   565  2065 W InputReader: Device virtio_input_multi_touch_6 is associated with display ADISPLAY_ID_NONE.
10-17 18:40:31.189   565  2065 W InputReader: Device virtio_input_multi_touch_4 is associated with display ADISPLAY_ID_NONE.
10-17 18:40:31.189   565  2065 W InputReader: Device virtio_input_multi_touch_9 is associated with display ADISPLAY_ID_NONE.
10-17 18:40:31.189   565  2065 W InputReader: Device virtio_input_multi_touch_8 is associated with display ADISPLAY_ID_NONE.
10-17 18:40:31.189   565  2065 W InputReader: Device virtio_input_multi_touch_10 is associated with display ADISPLAY_ID_NONE.
10-17 18:40:31.205   365   425 D goldfish-address-space: claimShared: Ask to claim region [0x1f1348000 0x1f1974000]
10-17 18:40:31.217   365   425 D goldfish-address-space: claimShared: Ask to claim region [0x1f4c58000 0x1f55fc000]
10-17 18:40:31.218   365   425 D goldfish-address-space: claimShared: Ask to claim region [0x1f55fc000 0x1f5fa0000]
10-17 18:40:31.219   365   425 D goldfish-address-space: claimShared: Ask to claim region [0x1f5fa0000 0x1f6944000]
10-17 18:40:31.233   565  2069 W InputManager-JNI: Input channel object 'ed42db6 edu.ucsc.cse118.assignment3.test/androidx.test.core.app.InstrumentationActivityInvoker$EmptyActivity (client)' was disposed without first being removed with the input manager!
10-17 18:40:31.237   565  2065 W InputReader: Device virtio_input_multi_touch_2 is associated with display ADISPLAY_ID_NONE.
10-17 18:40:31.237   565  2065 W InputReader: Device virtio_input_multi_touch_3 is associated with display ADISPLAY_ID_NONE.
10-17 18:40:31.237   565  2065 W InputReader: Device virtio_input_multi_touch_5 is associated with display ADISPLAY_ID_NONE.
10-17 18:40:31.237   565  2065 W InputReader: Device virtio_input_multi_touch_7 is associated with display ADISPLAY_ID_NONE.
10-17 18:40:31.237   565  2065 W InputReader: Device virtio_input_multi_touch_11 is associated with display ADISPLAY_ID_NONE.
10-17 18:40:31.237   565  2065 W InputReader: Device virtio_input_multi_touch_6 is associated with display ADISPLAY_ID_NONE.
10-17 18:40:31.237   565  2065 W InputReader: Device virtio_input_multi_touch_4 is associated with display ADISPLAY_ID_NONE.
10-17 18:40:31.237   565  2065 W InputReader: Device virtio_input_multi_touch_9 is associated with display ADISPLAY_ID_NONE.
10-17 18:40:31.237   565  2065 W InputReader: Device virtio_input_multi_touch_8 is associated with display ADISPLAY_ID_NONE.
10-17 18:40:31.237   565  2065 W InputReader: Device virtio_input_multi_touch_10 is associated with display ADISPLAY_ID_NONE.
10-17 18:40:31.238   565  2065 W InputReader: Device virtio_input_multi_touch_2 is associated with display ADISPLAY_ID_NONE.
10-17 18:40:31.238   565  2065 W InputReader: Device virtio_input_multi_touch_3 is associated with display ADISPLAY_ID_NONE.
10-17 18:40:31.238   565  2065 W InputReader: Device virtio_input_multi_touch_5 is associated with display ADISPLAY_ID_NONE.
10-17 18:40:31.238   565  2065 W InputReader: Device virtio_input_multi_touch_7 is associated with display ADISPLAY_ID_NONE.
10-17 18:40:31.238   565  2065 W InputReader: Device virtio_input_multi_touch_11 is associated with display ADISPLAY_ID_NONE.
10-17 18:40:31.238   565  2065 W InputReader: Device virtio_input_multi_touch_6 is associated with display ADISPLAY_ID_NONE.
10-17 18:40:31.238   565  2065 W InputReader: Device virtio_input_multi_touch_4 is associated with display ADISPLAY_ID_NONE.
10-17 18:40:31.238   565  2065 W InputReader: Device virtio_input_multi_touch_9 is associated with display ADISPLAY_ID_NONE.
10-17 18:40:31.238   565  2065 W InputReader: Device virtio_input_multi_touch_8 is associated with display ADISPLAY_ID_NONE.
10-17 18:40:31.238   565  2065 W InputReader: Device virtio_input_multi_touch_10 is associated with display ADISPLAY_ID_NONE.
10-17 18:40:31.254 16906 16906 I A       : onApplyWindowInsets: systemWindowInsets=Insets{left=0, top=66, right=0, bottom=828}
10-17 18:40:31.254 16906 16906 I A       : onApplyWindowInsets: systemWindowInsets=Insets{left=0, top=66, right=0, bottom=828}
10-17 18:40:31.255   365   425 D goldfish-address-space: claimShared: Ask to claim region [0x1f361c000 0x1f3fc0000]
10-17 18:40:31.261   365   425 D goldfish-address-space: claimShared: Ask to claim region [0x1f0000000 0x1f09a4000]
10-17 18:40:31.271   365   425 D goldfish-address-space: claimShared: Ask to claim region [0x1f09a4000 0x1f1348000]
10-17 18:40:31.277  1166  1208 D QuickstepModelDelegate: notifyAppTargetEvent action=1 launchLocation=
10-17 18:40:31.281   365   425 D goldfish-address-space: claimShared: Ask to claim region [0x1f6944000 0x1f72e8000]
10-17 18:40:31.303   365   425 D goldfish-address-space: claimShared: Ask to claim region [0x1fa85c000 0x1fb200000]
10-17 18:40:31.305   365   425 D goldfish-address-space: claimShared: Ask to claim region [0x1fb200000 0x1fbba4000]
10-17 18:40:31.309  1694  1694 I GsaVoiceInteractionSrv: Handling ACTION_START_HOTWORD
10-17 18:40:31.309  1694  1694 I GsaVoiceInteractionSrv: disregardVoiceMatch: false
10-17 18:40:31.309  1694  1694 I GsaVoiceInteractionSrv: Cannot start hotword, hotword has been explicitly disabled.
10-17 18:40:31.333 16906 16906 I A       : onApplyWindowInsets: systemWindowInsets=Insets{left=0, top=66, right=0, bottom=44}
10-17 18:40:31.333 16906 16906 I A       : onApplyWindowInsets: systemWindowInsets=Insets{left=0, top=66, right=0, bottom=44}
10-17 18:40:31.358   565  2065 W InputManager-JNI: Input channel object '40ca0c1 edu.ucsc.cse118.assignment3.test/androidx.test.core.app.InstrumentationActivityInvoker$EmptyActivity (client)' was disposed without first being removed with the input manager!
10-17 18:40:31.362  1570  1570 I GoogleInputMethodService: GoogleInputMethodService.onFinishInputView():2291
10-17 18:40:31.365  1570  1570 W TooltipLifecycleManager: TooltipLifecycleManager.dismissTooltips():157 Tooltip with id spell_check_add_to_dictionary not found in tooltipManager.
10-17 18:40:31.368  3108  3108 D LifecycleMonitor: Lifecycle status change: edu.ucsc.cse118.assignment3.MainActivity@4b9e9d3 in: STOPPED
10-17 18:40:31.368  3108  3108 V ActivityScenario: Update currentActivityStage to STOPPED, currentActivity=edu.ucsc.cse118.assignment3.MainActivity@4b9e9d3
10-17 18:40:31.371  3108  3108 D AutofillManager: onActivityFinishing(): calling cancelLocked()
10-17 18:40:31.377   863   945 D EGL_emulation: app_time_stats: avg=6187.74ms min=6187.74ms max=6187.74ms count=1
10-17 18:40:31.378  3108  3108 D LifecycleMonitor: Lifecycle status change: edu.ucsc.cse118.assignment3.MainActivity@4b9e9d3 in: DESTROYED
10-17 18:40:31.378  3108  3108 V ActivityScenario: Update currentActivityStage to DESTROYED, currentActivity=null
10-17 18:40:31.382  1570  1570 I InputBundle: InputBundle.consumeEvent():920 Skip consuming an event as keyboard status is 0
10-17 18:40:31.383  1570  1570 I KeyboardWrapper: KeyboardWrapper.consumeEvent():284 Skip consuming an event as current keyboard is deactivated (state=0, keyboard existence=true)
10-17 18:40:31.383  1570  1570 I VoiceInputManagerWrapper: VoiceInputManagerWrapper.shutdown():77 shutdown()
10-17 18:40:31.384  3108  3133 I TestRunner: finished: fab_type_not_enough(edu.ucsc.cse118.assignment3.AdvancedTest)
