10-15 20:01:10.200 27035 27058 I TestRunner: started: construction_channel_framing_message_ranice(edu.ucsc.cse118.assignment3.BasicTest)
10-15 20:01:10.207 27035 27058 W Settings: Setting always_finish_activities has moved from android.provider.Settings.System to android.provider.Settings.Global, returning read-only value.
10-15 20:01:10.218   863   942 D SplashScreenView: Build android.window.SplashScreenView{a0a6cf7 V.E...... ......ID 0,0-0,0}
10-15 20:01:10.218   863   942 D SplashScreenView: Icon: view: null drawable: null size: 0
10-15 20:01:10.218   863   942 D SplashScreenView: Branding: view: android.view.View{1add764 G.ED..... ......I. 0,0-0,0 #10204a9 android:id/splashscreen_branding_view} drawable: null size w: 0 h: 0
10-15 20:01:10.228   565   677 W InputReader: Device virtio_input_multi_touch_2 is associated with display ADISPLAY_ID_NONE.
10-15 20:01:10.228   565   677 W InputReader: Device virtio_input_multi_touch_3 is associated with display ADISPLAY_ID_NONE.
10-15 20:01:10.228   565   677 W InputReader: Device virtio_input_multi_touch_5 is associated with display ADISPLAY_ID_NONE.
10-15 20:01:10.228   565   677 W InputReader: Device virtio_input_multi_touch_7 is associated with display ADISPLAY_ID_NONE.
10-15 20:01:10.228   565   677 W InputReader: Device virtio_input_multi_touch_11 is associated with display ADISPLAY_ID_NONE.
10-15 20:01:10.228   565   677 W InputReader: Device virtio_input_multi_touch_6 is associated with display ADISPLAY_ID_NONE.
10-15 20:01:10.228   565   677 W InputReader: Device virtio_input_multi_touch_4 is associated with display ADISPLAY_ID_NONE.
10-15 20:01:10.228   565   677 W InputReader: Device virtio_input_multi_touch_9 is associated with display ADISPLAY_ID_NONE.
10-15 20:01:10.228   565   677 W InputReader: Device virtio_input_multi_touch_8 is associated with display ADISPLAY_ID_NONE.
10-15 20:01:10.228   565   677 W InputReader: Device virtio_input_multi_touch_10 is associated with display ADISPLAY_ID_NONE.
10-15 20:01:10.228   565   677 W InputReader: Device virtio_input_multi_touch_2 is associated with display ADISPLAY_ID_NONE.
10-15 20:01:10.228   565   677 W InputReader: Device virtio_input_multi_touch_3 is associated with display ADISPLAY_ID_NONE.
10-15 20:01:10.228   565   677 W InputReader: Device virtio_input_multi_touch_5 is associated with display ADISPLAY_ID_NONE.
10-15 20:01:10.228   565   677 W InputReader: Device virtio_input_multi_touch_7 is associated with display ADISPLAY_ID_NONE.
10-15 20:01:10.228   565   677 W InputReader: Device virtio_input_multi_touch_11 is associated with display ADISPLAY_ID_NONE.
10-15 20:01:10.228   565   677 W InputReader: Device virtio_input_multi_touch_6 is associated with display ADISPLAY_ID_NONE.
10-15 20:01:10.228   565   677 W InputReader: Device virtio_input_multi_touch_4 is associated with display ADISPLAY_ID_NONE.
10-15 20:01:10.228   565   677 W InputReader: Device virtio_input_multi_touch_9 is associated with display ADISPLAY_ID_NONE.
10-15 20:01:10.228   565   677 W InputReader: Device virtio_input_multi_touch_8 is associated with display ADISPLAY_ID_NONE.
10-15 20:01:10.228   565   677 W InputReader: Device virtio_input_multi_touch_10 is associated with display ADISPLAY_ID_NONE.
10-15 20:01:10.229   565  2064 W InputManager-JNI: Input channel object 'd317984 edu.ucsc.cse118.assignment3.test/androidx.test.core.app.InstrumentationActivityInvoker$EmptyActivity (client)' was disposed without first being removed with the input manager!
10-15 20:01:10.229   863   945 D EGL_emulation: app_time_stats: avg=2905.66ms min=158.41ms max=5652.91ms count=2
10-15 20:01:10.233   365   365 D goldfish-address-space: claimShared: Ask to claim region [0x1ec62c000 0x1ecfd0000]
10-15 20:01:10.233   365   365 D goldfish-address-space: claimShared: Ask to claim region [0x1f5cec000 0x1f6690000]
10-15 20:01:10.234   365   365 D goldfish-address-space: claimShared: Ask to claim region [0x1f6690000 0x1f7034000]
10-15 20:01:10.243   565   601 W InputReader: Device virtio_input_multi_touch_2 is associated with display ADISPLAY_ID_NONE.
10-15 20:01:10.243   565   601 W InputReader: Device virtio_input_multi_touch_3 is associated with display ADISPLAY_ID_NONE.
10-15 20:01:10.243   565   601 W InputReader: Device virtio_input_multi_touch_5 is associated with display ADISPLAY_ID_NONE.
10-15 20:01:10.243   565   601 W InputReader: Device virtio_input_multi_touch_7 is associated with display ADISPLAY_ID_NONE.
10-15 20:01:10.243   565   601 W InputReader: Device virtio_input_multi_touch_11 is associated with display ADISPLAY_ID_NONE.
10-15 20:01:10.243   565   601 W InputReader: Device virtio_input_multi_touch_6 is associated with display ADISPLAY_ID_NONE.
10-15 20:01:10.243   565   601 W InputReader: Device virtio_input_multi_touch_4 is associated with display ADISPLAY_ID_NONE.
10-15 20:01:10.243   565   601 W InputReader: Device virtio_input_multi_touch_9 is associated with display ADISPLAY_ID_NONE.
10-15 20:01:10.243   565   601 W InputReader: Device virtio_input_multi_touch_8 is associated with display ADISPLAY_ID_NONE.
10-15 20:01:10.243   565   601 W InputReader: Device virtio_input_multi_touch_10 is associated with display ADISPLAY_ID_NONE.
10-15 20:01:10.243   565   601 W InputReader: Device virtio_input_multi_touch_2 is associated with display ADISPLAY_ID_NONE.
10-15 20:01:10.243   565   601 W InputReader: Device virtio_input_multi_touch_3 is associated with display ADISPLAY_ID_NONE.
10-15 20:01:10.243   565   601 W InputReader: Device virtio_input_multi_touch_5 is associated with display ADISPLAY_ID_NONE.
10-15 20:01:10.243   565   601 W InputReader: Device virtio_input_multi_touch_7 is associated with display ADISPLAY_ID_NONE.
10-15 20:01:10.243   565   601 W InputReader: Device virtio_input_multi_touch_11 is associated with display ADISPLAY_ID_NONE.
10-15 20:01:10.243   565   601 W InputReader: Device virtio_input_multi_touch_6 is associated with display ADISPLAY_ID_NONE.
10-15 20:01:10.243   565   601 W InputReader: Device virtio_input_multi_touch_4 is associated with display ADISPLAY_ID_NONE.
10-15 20:01:10.243   565   601 W InputReader: Device virtio_input_multi_touch_9 is associated with display ADISPLAY_ID_NONE.
10-15 20:01:10.243   565   601 W InputReader: Device virtio_input_multi_touch_8 is associated with display ADISPLAY_ID_NONE.
10-15 20:01:10.243   565   601 W InputReader: Device virtio_input_multi_touch_10 is associated with display ADISPLAY_ID_NONE.
10-15 20:01:10.254 27035 27035 D LifecycleMonitor: Lifecycle status change: edu.ucsc.cse118.assignment3.MainActivity@7b1927a in: PRE_ON_CREATE
10-15 20:01:10.254 27035 27035 V ActivityScenario: Activity lifecycle changed event received but ignored because the reported transition was not ON_CREATE while the last known transition was PRE_ON_CREATE
10-15 20:01:10.270 27035 27035 D LifecycleMonitor: Lifecycle status change: edu.ucsc.cse118.assignment3.MainActivity@7b1927a in: CREATED
10-15 20:01:10.270 27035 27035 V ActivityScenario: Update currentActivityStage to CREATED, currentActivity=edu.ucsc.cse118.assignment3.MainActivity@7b1927a
10-15 20:01:10.285 27035 27035 D LifecycleMonitor: Lifecycle status change: edu.ucsc.cse118.assignment3.MainActivity@7b1927a in: STARTED
10-15 20:01:10.286 27035 27035 V ActivityScenario: Update currentActivityStage to STARTED, currentActivity=edu.ucsc.cse118.assignment3.MainActivity@7b1927a
10-15 20:01:10.287 27035 27035 D LifecycleMonitor: Lifecycle status change: edu.ucsc.cse118.assignment3.MainActivity@7b1927a in: RESUMED
10-15 20:01:10.287 27035 27035 V ActivityScenario: Update currentActivityStage to RESUMED, currentActivity=edu.ucsc.cse118.assignment3.MainActivity@7b1927a
10-15 20:01:10.298   365   365 D goldfish-address-space: claimShared: Ask to claim region [0x1f1c64000 0x1f2608000]
10-15 20:01:10.299   365   365 D goldfish-address-space: claimShared: Ask to claim region [0x1f2608000 0x1f2fac000]
10-15 20:01:10.300   365   365 D goldfish-address-space: claimShared: Ask to claim region [0x1f2fac000 0x1f3950000]
10-15 20:01:10.311   565   606 I ActivityTaskManager: Displayed edu.ucsc.cse118.assignment3/.MainActivity: +96ms
10-15 20:01:10.313 27035 27035 D RootViewPicker: Root not ready - waiting: 10ms for one to appear.
10-15 20:01:10.317  1694  1694 I GsaVoiceInteractionSrv: Handling ACTION_STOP_HOTWORD
10-15 20:01:10.317  1694  1694 E HwDetectorWithState: a: 3
10-15 20:01:10.324  1570  1570 I GoogleInputMethodService: GoogleInputMethodService.onFinishInput():3269
10-15 20:01:10.324  1570  1570 I GoogleInputMethodService: GoogleInputMethodService.onStartInput():1947
10-15 20:01:10.324  1570  1570 I DeviceUnlockedTag: DeviceUnlockedTag.notifyDeviceLockStatusChanged():79 Notify device unlocked.
10-15 20:01:10.325   565  2064 W InputManager-JNI: Input channel object 'ce91249 Splash Screen edu.ucsc.cse118.assignment3.test (client)' was disposed without first being removed with the input manager!
10-15 20:01:10.355 27035 27035 I ViewInteraction: Performing 'type text(molly@cse118.com)' action on view ((view has effective visibility <VISIBLE> and view.getGlobalVisibleRect() to return non-empty rectangle) and ((view.getId() is <2131230899/edu.ucsc.cse118.assignment3:id/email> and is assignable from class <class android.widget.EditText>) or (is descendant of a view matching view.getId() is <2131230899/edu.ucsc.cse118.assignment3:id/email> and is assignable from class <class android.widget.EditText>)))
10-15 20:01:10.358  1166  1166 D TaplEvents: TIS / TouchInteractionService.onInputEvent: MotionEvent { action=ACTION_DOWN, actionButton=0, id[0]=0, x[0]=539.5, y[0]=782.5, toolType[0]=TOOL_TYPE_UNKNOWN, buttonState=BUTTON_PRIMARY, classification=NONE, metaState=0, flags=0x0, edgeFlags=0x0, pointerCount=1, historySize=0, eventTime=17531437, downTime=17531437, deviceId=-1, source=0x1002, displayId=0, eventId=-376309455 }
10-15 20:01:10.398  1166  1166 D TaplEvents: TIS / TouchInteractionService.onInputEvent: MotionEvent { action=ACTION_UP, actionButton=0, id[0]=0, x[0]=539.5, y[0]=782.5, toolType[0]=TOOL_TYPE_FINGER, buttonState=BUTTON_PRIMARY, classification=NONE, metaState=0, flags=0x0, edgeFlags=0x0, pointerCount=1, historySize=0, eventTime=17531477, downTime=17531437, deviceId=-1, source=0x1002, displayId=0, eventId=-941367172 }
10-15 20:01:10.401  1570  1570 I GoogleInputMethodService: GoogleInputMethodService.onFinishInput():3269
10-15 20:01:10.401 27035 27035 D InputMethodManager: showSoftInput() view=androidx.appcompat.widget.AppCompatEditText{f87639e VFED..CL. .F.P..ID 196,501-884,625 #7f0800b3 app:id/email aid=1073741824} flags=0 reason=SHOW_SOFT_INPUT
10-15 20:01:10.401  1570  1570 W KeyboardViewController: KeyboardViewController.show():493 Requesting to show sub view with id 2131428238(#0x7f0b038e) when keyboard HEADER view is not ready to show
10-15 20:01:10.404  1570  1570 I GoogleInputMethodService: GoogleInputMethodService.onStartInput():1947
10-15 20:01:10.405  1570  1570 I DeviceUnlockedTag: DeviceUnlockedTag.notifyDeviceLockStatusChanged():79 Notify device unlocked.
10-15 20:01:10.406  1570  1570 I GoogleInputMethodService: GoogleInputMethodService.onStartInputView():2057
10-15 20:01:10.406  1570  1570 I DeviceUnlockedTag: DeviceUnlockedTag.notifyDeviceLockStatusChanged():79 Notify device unlocked.
10-15 20:01:10.406  1570  1570 I DeviceUnlockedTag: DeviceUnlockedTag.notifyDeviceLockStatusChanged():79 Notify device unlocked.
10-15 20:01:10.406  1570  1570 I KeyboardViewUtil: KeyboardViewUtil.getKeyboardHeightRatio():168 systemKeyboardHeightRatio:1.000000; userKeyboardHeightRatio:1.000000.
10-15 20:01:10.407  1570  1570 I DeviceUnlockedTag: DeviceUnlockedTag.notifyDeviceLockStatusChanged():79 Notify device unlocked.
10-15 20:01:10.407  1570  1570 I AndroidIME: AbstractIme.onActivate():86 LatinIme.onActivate() : EditorInfo = inputType=Email imeActionName=NEXT dump=[inputType=0x21 imeOptions=0x8000005 privateImeOptions=null actionLabel=null actionId=0 initialSelStart=0 initialSelEnd=0 initialCapsMode=0x0 hintText=Email label=null packageName=edu.ucsc.cse118.assignment3 autofillId=1073741824 fieldId=2131230899 fieldName=null extras=Bundle[{android.support.text.emoji.emojiCompat_metadataVersion=7, android.support.text.emoji.emojiCompat_replaceAll=false}] hintLocales=null contentMimeTypes=null ], IncognitoMode = false, DeviceLocked = false
10-15 20:01:10.409  1570  1570 I DeviceUnlockedTag: DeviceUnlockedTag.notifyDeviceLockStatusChanged():79 Notify device unlocked.
10-15 20:01:10.410 27035 27035 I AssistStructure: Flattened final assist data: 1940 bytes, containing 1 windows, 12 views
10-15 20:01:10.410  1570  1570 I Delight5Facilitator: Delight5Facilitator.initializeForIme():769 initializeForIme() : Locale = [en_US], layout = qwerty
10-15 20:01:10.410  1570  1570 I Delight5Facilitator: Delight5Facilitator.resetDecoder():925 resetDecoder() : Locale = [en_US]
10-15 20:01:10.410  1570  1570 E UserFeatureCache: UserFeatureCache.getStore():468 Wrong feature id provided PERSONALIZED_FST_MODEL_PARAMS for protobuf lab.
10-15 20:01:10.411  1570  1570 E InputContextLock: InputContextLock.mayLockAndRun():126 Failed to run
10-15 20:01:10.411  1570  1570 E InputContextLock: java.lang.NullPointerException: Attempt to invoke virtual method 'java.lang.Class java.lang.Object.getClass()' on a null object reference
10-15 20:01:10.411  1570  1570 E InputContextLock: 	at com.google.android.libraries.inputmethod.userfeaturecache.UserFeatureCache.c(PG:8)
10-15 20:01:10.411  1570  1570 E InputContextLock: 	at com.google.android.apps.inputmethod.libs.delight5.Delight5Facilitator.K(PG:131)
10-15 20:01:10.411  1570  1570 E InputContextLock: 	at cng.call(Unknown Source:4)
10-15 20:01:10.411  1570  1570 E InputContextLock: 	at con.a(PG:6)
10-15 20:01:10.411  1570  1570 E InputContextLock: 	at com.google.android.apps.inputmethod.libs.delight5.Delight5Facilitator.G(PG:37)
10-15 20:01:10.411  1570  1570 E InputContextLock: 	at com.google.android.apps.inputmethod.libs.latin5.LatinIme.h(PG:17)
10-15 20:01:10.411  1570  1570 E InputContextLock: 	at jlx.g(PG:6)
10-15 20:01:10.411  1570  1570 E InputContextLock: 	at jlx.m(PG:2)
10-15 20:01:10.411  1570  1570 E InputContextLock: 	at dww.u(PG:18)
10-15 20:01:10.411  1570  1570 E InputContextLock: 	at com.android.inputmethod.latin.LatinIME.u(PG:104)
10-15 20:01:10.411  1570  1570 E InputContextLock: 	at dww.onStartInputView(PG:29)
10-15 20:01:10.411  1570  1570 E InputContextLock: 	at android.inputmethodservice.InputMethodService.startViews(InputMethodService.java:2291)
10-15 20:01:10.411  1570  1570 E InputContextLock: 	at android.inputmethodservice.InputMethodService.showWindow(InputMethodService.java:2237)
10-15 20:01:10.411  1570  1570 E InputContextLock: 	at android.inputmethodservice.InputMethodService$InputMethodImpl.showSoftInput(InputMethodService.java:808)
10-15 20:01:10.411  1570  1570 E InputContextLock: 	at android.inputmethodservice.InputMethodService$InputMethodImpl.showSoftInputWithToken(InputMethodService.java:782)
10-15 20:01:10.411  1570  1570 E InputContextLock: 	at android.inputmethodservice.IInputMethodWrapper.executeMessage(IInputMethodWrapper.java:225)
10-15 20:01:10.411  1570  1570 E InputContextLock: 	at com.android.internal.os.HandlerCaller$MyHandler.handleMessage(HandlerCaller.java:44)
10-15 20:01:10.411  1570  1570 E InputContextLock: 	at android.os.Handler.dispatchMessage(Handler.java:106)
10-15 20:01:10.411  1570  1570 E InputContextLock: 	at android.os.Looper.loopOnce(Looper.java:201)
10-15 20:01:10.411  1570  1570 E InputContextLock: 	at android.os.Looper.loop(Looper.java:288)
10-15 20:01:10.411  1570  1570 E InputContextLock: 	at android.app.ActivityThread.main(ActivityThread.java:7842)
10-15 20:01:10.411  1570  1570 E InputContextLock: 	at java.lang.reflect.Method.invoke(Native Method)
10-15 20:01:10.411  1570  1570 E InputContextLock: 	at com.android.internal.os.RuntimeInit$MethodAndArgsCaller.run(RuntimeInit.java:548)
10-15 20:01:10.411  1570  1570 E InputContextLock: 	at com.android.internal.os.ZygoteInit.main(ZygoteInit.java:1003)
10-15 20:01:10.411  1570  1570 I VoiceInputManagerWrapper: VoiceInputManagerWrapper.cancelShutdown():55 cancelShutdown()
10-15 20:01:10.411  1570  1570 I VoiceInputManagerWrapper: VoiceInputManagerWrapper.syncLanguagePacks():67 syncLanguagePacks()
10-15 20:01:10.411  1570  1570 I LatinIme: LatinIme.updateEnableInlineSuggestionsOnDecoderSideFlags():1264 inline flag updated to:false
10-15 20:01:10.412  1570  7663 I SpeechFactory: SpeechRecognitionFactory.maybeScheduleAutoPackDownloadForFallback():184 maybeScheduleAutoPackDownloadForFallback()
10-15 20:01:10.412  1570  7663 I FallbackOnDeviceRecognitionProvider: FallbackOnDeviceRecognitionProvider.maybeScheduleAutoPackDownload():196 maybeScheduleAutoPackDownload() for language tag en-US
10-15 20:01:10.412  1570  1570 W Delight5Decoder: Decoder.setRuntimeParams():372 setRuntimeParams() : Native lib is not ready.
10-15 20:01:10.414  1570  1570 I KeyboardWrapper: KeyboardWrapper.consumeEvent():284 Skip consuming an event as current keyboard is deactivated (state=0, keyboard existence=true)
10-15 20:01:10.415  1271  1271 W ngj     : Pending fill request while another request in the same session was triggered. [CONTEXT service_id=177 ]
10-15 20:01:10.416  1570  1570 I DeviceUnlockedTag: DeviceUnlockedTag.notifyDeviceLockStatusChanged():79 Notify device unlocked.
10-15 20:01:10.417  1580  1580 V InlineSuggestionRenderService: handleDestroySuggestionViews called for 0:1461110782
10-15 20:01:10.420  1570  1570 I DeviceUnlockedTag: DeviceUnlockedTag.notifyDeviceLockStatusChanged():79 Notify device unlocked.
10-15 20:01:10.420  1570  1570 I DeviceUnlockedTag: DeviceUnlockedTag.notifyDeviceLockStatusChanged():79 Notify device unlocked.
10-15 20:01:10.420  1570  1570 I DeviceUnlockedTag: DeviceUnlockedTag.notifyDeviceLockStatusChanged():79 Notify device unlocked.
10-15 20:01:10.420  1570  1570 I DeviceUnlockedTag: DeviceUnlockedTag.notifyDeviceLockStatusChanged():79 Notify device unlocked.
10-15 20:01:10.420  1570  1570 I DeviceUnlockedTag: DeviceUnlockedTag.notifyDeviceLockStatusChanged():79 Notify device unlocked.
10-15 20:01:10.421  1570  1570 I DeviceUnlockedTag: DeviceUnlockedTag.notifyDeviceLockStatusChanged():79 Notify device unlocked.
10-15 20:01:10.421  1570  1570 I KeyboardViewHelper: KeyboardViewHelper.getView():166 Get view with height ratio:1.000000
10-15 20:01:10.424  1570  1570 I KeyboardViewUtil: KeyboardViewUtil.calculateMaxKeyboardBodyHeight():53 leave 344 height for app when screen height:2208, header height:121 and isFullscreenMode:false, so the max keyboard body height is:1743
10-15 20:01:10.425  1570  1570 I DeviceUnlockedTag: DeviceUnlockedTag.notifyDeviceLockStatusChanged():79 Notify device unlocked.
10-15 20:01:10.425  1570  1570 I DeviceUnlockedTag: DeviceUnlockedTag.notifyDeviceLockStatusChanged():79 Notify device unlocked.
10-15 20:01:10.425  1570  1570 I DeviceUnlockedTag: DeviceUnlockedTag.notifyDeviceLockStatusChanged():79 Notify device unlocked.
10-15 20:01:10.425  1570  1570 I DeviceUnlockedTag: DeviceUnlockedTag.notifyDeviceLockStatusChanged():79 Notify device unlocked.
10-15 20:01:10.425  1570  1570 I DeviceModeUtil: DeviceModeUtil.getDeviceMode():96 Get device mode phone by ui mode:1 and smallestScreenWidthDp:392
10-15 20:01:10.425  1570  1570 I DeviceUnlockedTag: DeviceUnlockedTag.notifyDeviceLockStatusChanged():79 Notify device unlocked.
10-15 20:01:10.425  1570  1570 I NormalModeController: NormalModeController.getKeyboardBodyViewHolderPaddingBottom():111 currentPrimeKeyboardType:SOFT systemPaddingBottom:-1
10-15 20:01:10.426  1570  1570 I KeyboardViewUtil: KeyboardViewUtil.calculateMaxKeyboardBodyHeight():53 leave 344 height for app when screen height:2208, header height:121 and isFullscreenMode:false, so the max keyboard body height is:1743
10-15 20:01:10.426  1570  1570 E LatinPrimeKeyboard: LatinPrimeKeyboard.updateCurrentImeLocales():414 consumeEvent: UPDATE_CURRENT_IME_LOCALES, Illegal argument
10-15 20:01:10.426  1570  1570 I NormalModeController: NormalModeController.getKeyboardBodyViewHolderPaddingBottom():111 currentPrimeKeyboardType:SOFT systemPaddingBottom:-1
10-15 20:01:10.427  1570  1570 I NormalModeController: NormalModeController.getKeyboardBodyViewHolderPaddingBottom():111 currentPrimeKeyboardType:SOFT systemPaddingBottom:-1
10-15 20:01:10.428  1570  1570 I DeviceUnlockedTag: DeviceUnlockedTag.notifyDeviceLockStatusChanged():79 Notify device unlocked.
10-15 20:01:10.428  1570  1570 I CurrentMicStatusHolder: CurrentMicStatusHolder.onStartInputView():79 Current Mic status = {MicIconHidden-EmailInputType,}
10-15 20:01:10.428  1570  1570 I VoiceImeExtension: VoiceImeExtension.shouldStartVoiceInputAutomatically():364 No private IME option set to start voice input.
10-15 20:01:10.429 27035 27035 D InsetsController: show(ime(), fromIme=true)
10-15 20:01:10.431 14416 14416 D BoundBrokerSvc: onBind: Intent { act=com.google.android.gms.common.BIND_SHARED_PREFS pkg=com.google.android.gms }
10-15 20:01:10.431 14416 14416 D BoundBrokerSvc: Loading bound service for intent: Intent { act=com.google.android.gms.common.BIND_SHARED_PREFS pkg=com.google.android.gms }
10-15 20:01:10.433  1570  1570 I NormalModeController: NormalModeController.getKeyboardBodyViewHolderPaddingBottom():111 currentPrimeKeyboardType:SOFT systemPaddingBottom:-1
10-15 20:01:10.434 14416 14416 D BoundBrokerSvc: onUnbind: Intent { act=com.google.android.gms.common.BIND_SHARED_PREFS pkg=com.google.android.gms }
10-15 20:01:10.445 14416 14416 D BoundBrokerSvc: onBind: Intent { act=com.google.android.gms.common.BIND_SHARED_PREFS pkg=com.google.android.gms }
10-15 20:01:10.445 14416 14416 D BoundBrokerSvc: Loading bound service for intent: Intent { act=com.google.android.gms.common.BIND_SHARED_PREFS pkg=com.google.android.gms }
10-15 20:01:10.446 14416 14416 D BoundBrokerSvc: onUnbind: Intent { act=com.google.android.gms.common.BIND_SHARED_PREFS pkg=com.google.android.gms }
10-15 20:01:10.619  1570  1570 W SpellCheckerExtension: SpellCheckerExtension.consumeEvent():156 SPELL_CHECK_SUGGESTIONS received with bad key data.
10-15 20:01:10.619  1570  1570 W TooltipLifecycleManager: TooltipLifecycleManager.dismissTooltips():157 Tooltip with id spell_check_add_to_dictionary not found in tooltipManager.
10-15 20:01:10.638 27035 27035 D UiControllerImpl: Injecting string: "molly@cse118.com"
10-15 20:01:10.742  1570  2142 D EGL_emulation: app_time_stats: avg=367.04ms min=4.91ms max=810.73ms count=3
10-15 20:01:10.961 27035 27035 I ViewInteraction: Performing 'type text(molly)' action on view ((view has effective visibility <VISIBLE> and view.getGlobalVisibleRect() to return non-empty rectangle) and ((view.getId() is <2131231057/edu.ucsc.cse118.assignment3:id/password> and is assignable from class <class android.widget.EditText>) or (is descendant of a view matching view.getId() is <2131231057/edu.ucsc.cse118.assignment3:id/password> and is assignable from class <class android.widget.EditText>)))
10-15 20:01:10.962  1166  1166 D TaplEvents: TIS / TouchInteractionService.onInputEvent: MotionEvent { action=ACTION_DOWN, actionButton=0, id[0]=0, x[0]=539.5, y[0]=928.5, toolType[0]=TOOL_TYPE_UNKNOWN, buttonState=BUTTON_PRIMARY, classification=NONE, metaState=0, flags=0x0, edgeFlags=0x0, pointerCount=1, historySize=0, eventTime=17532041, downTime=17532041, deviceId=-1, source=0x1002, displayId=0, eventId=-908558522 }
10-15 20:01:11.002  1166  1166 D TaplEvents: TIS / TouchInteractionService.onInputEvent: MotionEvent { action=ACTION_UP, actionButton=0, id[0]=0, x[0]=539.5, y[0]=928.5, toolType[0]=TOOL_TYPE_FINGER, buttonState=BUTTON_PRIMARY, classification=NONE, metaState=0, flags=0x0, edgeFlags=0x0, pointerCount=1, historySize=0, eventTime=17532082, downTime=17532041, deviceId=-1, source=0x1002, displayId=0, eventId=-52786670 }
10-15 20:01:11.004  1570  1570 I GoogleInputMethodService: GoogleInputMethodService.onFinishInputView():2291
10-15 20:01:11.004 27035 27035 D InputMethodManager: showSoftInput() view=androidx.appcompat.widget.AppCompatEditText{733be7f VFED..CL. .F.P..ID 196,647-884,771 #7f080151 app:id/password aid=1073741825} flags=0 reason=SHOW_SOFT_INPUT
10-15 20:01:11.004  1570  1570 W TooltipLifecycleManager: TooltipLifecycleManager.dismissTooltips():157 Tooltip with id spell_check_add_to_dictionary not found in tooltipManager.
10-15 20:01:11.005  1570  1570 I InputBundle: InputBundle.consumeEvent():920 Skip consuming an event as keyboard status is 0
10-15 20:01:11.005  1570  1570 I KeyboardWrapper: KeyboardWrapper.consumeEvent():284 Skip consuming an event as current keyboard is deactivated (state=0, keyboard existence=true)
10-15 20:01:11.005  1570  1570 I VoiceInputManagerWrapper: VoiceInputManagerWrapper.shutdown():77 shutdown()
10-15 20:01:11.006  1570  1570 I DeviceUnlockedTag: DeviceUnlockedTag.notifyDeviceLockStatusChanged():79 Notify device unlocked.
10-15 20:01:11.006  1570  1570 I AndroidIME: AbstractIme.onDeactivate():207 LatinIme.onDeactivate()
10-15 20:01:11.007  1570  1570 I GoogleInputMethodService: GoogleInputMethodService.onFinishInput():3269
10-15 20:01:11.007  1570  1570 I GoogleInputMethodService: GoogleInputMethodService.onStartInput():1947
10-15 20:01:11.007  1570  1570 I DeviceUnlockedTag: DeviceUnlockedTag.notifyDeviceLockStatusChanged():79 Notify device unlocked.
10-15 20:01:11.007  1570  1570 I GoogleInputMethodService: GoogleInputMethodService.onStartInputView():2057
10-15 20:01:11.008  1570  1570 I DeviceUnlockedTag: DeviceUnlockedTag.notifyDeviceLockStatusChanged():79 Notify device unlocked.
10-15 20:01:11.008  1570  1570 I DeviceUnlockedTag: DeviceUnlockedTag.notifyDeviceLockStatusChanged():79 Notify device unlocked.
10-15 20:01:11.008  1570  1570 I KeyboardViewUtil: KeyboardViewUtil.getKeyboardHeightRatio():168 systemKeyboardHeightRatio:1.000000; userKeyboardHeightRatio:1.000000.
10-15 20:01:11.009  1570  1570 I DeviceUnlockedTag: DeviceUnlockedTag.notifyDeviceLockStatusChanged():79 Notify device unlocked.
10-15 20:01:11.009  1570  1570 I AndroidIME: AbstractIme.onActivate():86 PasswordIme.onActivate() : EditorInfo = inputType=Password imeActionName=DONE dump=[inputType=0x81 imeOptions=0x4000006 privateImeOptions=null actionLabel=null actionId=0 initialSelStart=0 initialSelEnd=0 initialCapsMode=0x0 hintText=Password label=null packageName=edu.ucsc.cse118.assignment3 autofillId=1073741825 fieldId=2131231057 fieldName=null extras=Bundle[{android.support.text.emoji.emojiCompat_metadataVersion=7, android.support.text.emoji.emojiCompat_replaceAll=false}] hintLocales=null contentMimeTypes=null ], IncognitoMode = false, DeviceLocked = false
10-15 20:01:11.011  1570  1570 I DeviceUnlockedTag: DeviceUnlockedTag.notifyDeviceLockStatusChanged():79 Notify device unlocked.
10-15 20:01:11.012  1570  1570 I KeyboardViewHelper: KeyboardViewHelper.getView():166 Get view with height ratio:1.000000
10-15 20:01:11.014  1570  1570 I KeyboardViewUtil: KeyboardViewUtil.calculateMaxKeyboardBodyHeight():53 leave 344 height for app when screen height:2208, header height:121 and isFullscreenMode:false, so the max keyboard body height is:1743
10-15 20:01:11.014  1570  1570 I DeviceUnlockedTag: DeviceUnlockedTag.notifyDeviceLockStatusChanged():79 Notify device unlocked.
10-15 20:01:11.014  1570  1570 I KeyboardViewUtil: KeyboardViewUtil.calculateMaxKeyboardBodyHeight():53 leave 344 height for app when screen height:2208, header height:121 and isFullscreenMode:false, so the max keyboard body height is:1743
10-15 20:01:11.014  1570  1570 I NormalModeController: NormalModeController.getKeyboardBodyViewHolderPaddingBottom():111 currentPrimeKeyboardType:SOFT systemPaddingBottom:-1
10-15 20:01:11.014  1570  1570 I NormalModeController: NormalModeController.getKeyboardBodyViewHolderPaddingBottom():111 currentPrimeKeyboardType:SOFT systemPaddingBottom:-1
10-15 20:01:11.015  1570  1570 I CurrentMicStatusHolder: CurrentMicStatusHolder.onStartInputView():79 Current Mic status = {MicIconHidden-SettingOff,MicIconHidden-PasswordOrNumberOrDateInputType,}
10-15 20:01:11.015  1570  1570 I VoiceImeExtension: VoiceImeExtension.shouldStartVoiceInputAutomatically():364 No private IME option set to start voice input.
10-15 20:01:11.017 14416 14416 D BoundBrokerSvc: onBind: Intent { act=com.google.android.gms.common.BIND_SHARED_PREFS pkg=com.google.android.gms }
10-15 20:01:11.017 14416 14416 D BoundBrokerSvc: Loading bound service for intent: Intent { act=com.google.android.gms.common.BIND_SHARED_PREFS pkg=com.google.android.gms }
10-15 20:01:11.018 14416 14416 D BoundBrokerSvc: onUnbind: Intent { act=com.google.android.gms.common.BIND_SHARED_PREFS pkg=com.google.android.gms }
10-15 20:01:11.020 27035 27035 D InsetsController: show(ime(), fromIme=true)
10-15 20:01:11.020 27035 27035 D InsetsController: show(ime(), fromIme=true)
10-15 20:01:11.025 14416 14416 D BoundBrokerSvc: onBind: Intent { act=com.google.android.gms.common.BIND_SHARED_PREFS pkg=com.google.android.gms }
10-15 20:01:11.025 14416 14416 D BoundBrokerSvc: Loading bound service for intent: Intent { act=com.google.android.gms.common.BIND_SHARED_PREFS pkg=com.google.android.gms }
10-15 20:01:11.026 14416 14416 D BoundBrokerSvc: onUnbind: Intent { act=com.google.android.gms.common.BIND_SHARED_PREFS pkg=com.google.android.gms }
10-15 20:01:11.253 27035 27035 D UiControllerImpl: Injecting string: "molly"
10-15 20:01:11.326 27035 27093 D EGL_emulation: app_time_stats: avg=32.80ms min=6.23ms max=235.74ms count=31
10-15 20:01:11.360 27035 27035 I ViewInteraction: Performing 'single click' action on view ((view has effective visibility <VISIBLE> and view.getGlobalVisibleRect() to return non-empty rectangle) and (an instance of android.widget.TextView and view.getText() with or without transformation to match: is "LOGIN" or (view.getParent() is assignable from class <class com.google.android.material.textfield.TextInputLayout> and (view is an instance of android.view.ViewGroup and has descendant matching an instance of android.widget.TextView and view.getText() with or without transformation to match: is "LOGIN"))))
10-15 20:01:11.362  1166  1166 D TaplEvents: TIS / TouchInteractionService.onInputEvent: MotionEvent { action=ACTION_DOWN, actionButton=0, id[0]=0, x[0]=539.5, y[0]=1078.5, toolType[0]=TOOL_TYPE_UNKNOWN, buttonState=BUTTON_PRIMARY, classification=NONE, metaState=0, flags=0x0, edgeFlags=0x0, pointerCount=1, historySize=0, eventTime=17532441, downTime=17532441, deviceId=-1, source=0x1002, displayId=0, eventId=-1043435536 }
10-15 20:01:11.403  1166  1166 D TaplEvents: TIS / TouchInteractionService.onInputEvent: MotionEvent { action=ACTION_UP, actionButton=0, id[0]=0, x[0]=539.5, y[0]=1078.5, toolType[0]=TOOL_TYPE_FINGER, buttonState=BUTTON_PRIMARY, classification=NONE, metaState=0, flags=0x0, edgeFlags=0x0, pointerCount=1, historySize=0, eventTime=17532482, downTime=17532441, deviceId=-1, source=0x1002, displayId=0, eventId=-1056583875 }
10-15 20:01:11.410   354   488 E android.hardware.audio@7.0-impl.ranchu: device/generic/goldfish/audio/stream_out.cpp:updateSourceMetadata:377 failure: Result::NOT_SUPPORTED
10-15 20:01:11.534   354   488 E android.hardware.audio@7.0-impl.ranchu: device/generic/goldfish/audio/stream_out.cpp:updateSourceMetadata:377 failure: Result::NOT_SUPPORTED
10-15 20:01:11.631  1570  1570 I GoogleInputMethodService: GoogleInputMethodService.onFinishInputView():2291
10-15 20:01:11.632  1570  1570 W TooltipLifecycleManager: TooltipLifecycleManager.dismissTooltips():157 Tooltip with id spell_check_add_to_dictionary not found in tooltipManager.
10-15 20:01:11.633  1570  1570 I AndroidIME: AbstractIme.onDeactivate():207 PasswordIme.onDeactivate()
10-15 20:01:11.658   863   945 D EGL_emulation: app_time_stats: avg=507.84ms min=66.28ms max=1134.11ms count=4
10-15 20:01:11.729 27035 27035 I ViewInteraction: Performing 'searching for view an instance of android.widget.TextView and view.getText() with or without transformation to match: is "Construction" in the root view' action on view view.getRootView() to equal view
10-15 20:01:11.730 27035 27035 I ViewInteraction: Performing 'single click' action on view ((view has effective visibility <VISIBLE> and view.getGlobalVisibleRect() to return non-empty rectangle) and (an instance of android.widget.TextView and view.getText() with or without transformation to match: is "Construction" or (view.getParent() is assignable from class <class com.google.android.material.textfield.TextInputLayout> and (view is an instance of android.view.ViewGroup and has descendant matching an instance of android.widget.TextView and view.getText() with or without transformation to match: is "Construction"))))
10-15 20:01:11.731  1166  1166 D TaplEvents: TIS / TouchInteractionService.onInputEvent: MotionEvent { action=ACTION_DOWN, actionButton=0, id[0]=0, x[0]=178.0, y[0]=278.5, toolType[0]=TOOL_TYPE_UNKNOWN, buttonState=BUTTON_PRIMARY, classification=NONE, metaState=0, flags=0x0, edgeFlags=0x0, pointerCount=1, historySize=0, eventTime=17532810, downTime=17532810, deviceId=-1, source=0x1002, displayId=0, eventId=-878901647 }
10-15 20:01:11.772  1166  1166 D TaplEvents: TIS / TouchInteractionService.onInputEvent: MotionEvent { action=ACTION_UP, actionButton=0, id[0]=0, x[0]=178.0, y[0]=278.5, toolType[0]=TOOL_TYPE_FINGER, buttonState=BUTTON_PRIMARY, classification=NONE, metaState=0, flags=0x0, edgeFlags=0x0, pointerCount=1, historySize=0, eventTime=17532852, downTime=17532810, deviceId=-1, source=0x1002, displayId=0, eventId=-1054127240 }
10-15 20:01:11.776   354   488 E android.hardware.audio@7.0-impl.ranchu: device/generic/goldfish/audio/stream_out.cpp:updateSourceMetadata:377 failure: Result::NOT_SUPPORTED
10-15 20:01:11.910   354   488 E android.hardware.audio@7.0-impl.ranchu: device/generic/goldfish/audio/stream_out.cpp:updateSourceMetadata:377 failure: Result::NOT_SUPPORTED
10-15 20:01:11.968 14416 14416 D BoundBrokerSvc: onUnbind: Intent { act=com.google.android.gms.feedback.internal.IFeedbackService cmp=com.google.android.gms/.chimera.GmsBoundBrokerService }
10-15 20:01:12.006 27035 27035 I ViewInteraction: Performing 'searching for view an instance of android.widget.TextView and view.getText() with or without transformation to match: is "Framing (Wood)" in the root view' action on view view.getRootView() to equal view
10-15 20:01:12.008 27035 27035 I ViewInteraction: Performing 'single click' action on view ((view has effective visibility <VISIBLE> and view.getGlobalVisibleRect() to return non-empty rectangle) and (an instance of android.widget.TextView and view.getText() with or without transformation to match: is "Framing (Wood)" or (view.getParent() is assignable from class <class com.google.android.material.textfield.TextInputLayout> and (view is an instance of android.view.ViewGroup and has descendant matching an instance of android.widget.TextView and view.getText() with or without transformation to match: is "Framing (Wood)"))))
10-15 20:01:12.009  1166  1166 D TaplEvents: TIS / TouchInteractionService.onInputEvent: MotionEvent { action=ACTION_DOWN, actionButton=0, id[0]=0, x[0]=218.0, y[0]=465.5, toolType[0]=TOOL_TYPE_UNKNOWN, buttonState=BUTTON_PRIMARY, classification=NONE, metaState=0, flags=0x0, edgeFlags=0x0, pointerCount=1, historySize=0, eventTime=17533088, downTime=17533088, deviceId=-1, source=0x1002, displayId=0, eventId=-833364134 }
10-15 20:01:12.028  1570  1570 I DeviceUnlockedTag: DeviceUnlockedTag.notifyDeviceLockStatusChanged():79 Notify device unlocked.
10-15 20:01:12.051  1166  1166 D TaplEvents: TIS / TouchInteractionService.onInputEvent: MotionEvent { action=ACTION_UP, actionButton=0, id[0]=0, x[0]=218.0, y[0]=465.5, toolType[0]=TOOL_TYPE_FINGER, buttonState=BUTTON_PRIMARY, classification=NONE, metaState=0, flags=0x0, edgeFlags=0x0, pointerCount=1, historySize=0, eventTime=17533130, downTime=17533088, deviceId=-1, source=0x1002, displayId=0, eventId=-133816162 }
10-15 20:01:12.054   354   488 E android.hardware.audio@7.0-impl.ranchu: device/generic/goldfish/audio/stream_out.cpp:updateSourceMetadata:377 failure: Result::NOT_SUPPORTED
10-15 20:01:12.177   354   488 E android.hardware.audio@7.0-impl.ranchu: device/generic/goldfish/audio/stream_out.cpp:updateSourceMetadata:377 failure: Result::NOT_SUPPORTED
10-15 20:01:12.274 27035 27035 I ViewInteraction: Performing 'searching for view an instance of android.widget.TextView and view.getText() with or without transformation to match: is "Ranice Desantis" in the root view' action on view view.getRootView() to equal view
10-15 20:01:12.299 27035 27035 I ViewInteraction: Performing 'Wait for at least 100 millis' action on view view.getRootView() to equal view
10-15 20:01:12.403 27035 27035 I ViewInteraction: Performing 'searching for view an instance of android.widget.TextView and view.getText() with or without transformation to match: is "Ranice Desantis" in the root view' action on view view.getRootView() to equal view
10-15 20:01:12.418 27035 27035 I ViewInteraction: Performing 'Wait for at least 100 millis' action on view view.getRootView() to equal view
10-15 20:01:12.523 27035 27035 I ViewInteraction: Performing 'searching for view an instance of android.widget.TextView and view.getText() with or without transformation to match: is "Ranice Desantis" in the root view' action on view view.getRootView() to equal view
10-15 20:01:12.534 27035 27035 I ViewInteraction: Performing 'Wait for at least 100 millis' action on view view.getRootView() to equal view
10-15 20:01:12.637 27035 27035 I ViewInteraction: Performing 'searching for view an instance of android.widget.TextView and view.getText() with or without transformation to match: is "Ranice Desantis" in the root view' action on view view.getRootView() to equal view
10-15 20:01:12.648 27035 27035 I ViewInteraction: Performing 'Wait for at least 100 millis' action on view view.getRootView() to equal view
10-15 20:01:12.761 27035 27035 I ViewInteraction: Performing 'searching for view an instance of android.widget.TextView and view.getText() with or without transformation to match: is "Ranice Desantis" in the root view' action on view view.getRootView() to equal view
10-15 20:01:12.779 27035 27035 I ViewInteraction: Performing 'Wait for at least 100 millis' action on view view.getRootView() to equal view
10-15 20:01:12.884 27035 27035 I ViewInteraction: Performing 'searching for view an instance of android.widget.TextView and view.getText() with or without transformation to match: is "Ranice Desantis" in the root view' action on view view.getRootView() to equal view
10-15 20:01:12.895 27035 27035 I ViewInteraction: Performing 'Wait for at least 100 millis' action on view view.getRootView() to equal view
10-15 20:01:12.998 27035 27035 I ViewInteraction: Performing 'searching for view an instance of android.widget.TextView and view.getText() with or without transformation to match: is "Ranice Desantis" in the root view' action on view view.getRootView() to equal view
10-15 20:01:13.007 27035 27035 I ViewInteraction: Performing 'Wait for at least 100 millis' action on view view.getRootView() to equal view
10-15 20:01:13.110 27035 27035 I ViewInteraction: Performing 'searching for view an instance of android.widget.TextView and view.getText() with or without transformation to match: is "Ranice Desantis" in the root view' action on view view.getRootView() to equal view
10-15 20:01:13.119 27035 27035 I ViewInteraction: Performing 'Wait for at least 100 millis' action on view view.getRootView() to equal view
10-15 20:01:13.223 27035 27035 I ViewInteraction: Performing 'searching for view an instance of android.widget.TextView and view.getText() with or without transformation to match: is "Ranice Desantis" in the root view' action on view view.getRootView() to equal view
10-15 20:01:13.232 27035 27035 I ViewInteraction: Performing 'Wait for at least 100 millis' action on view view.getRootView() to equal view
10-15 20:01:13.338 27035 27035 I ViewInteraction: Performing 'searching for view an instance of android.widget.TextView and view.getText() with or without transformation to match: is "Ranice Desantis" in the root view' action on view view.getRootView() to equal view
10-15 20:01:13.348 27035 27035 I ViewInteraction: Performing 'Wait for at least 100 millis' action on view view.getRootView() to equal view
10-15 20:01:13.451 27035 27035 I ViewInteraction: Performing 'searching for view an instance of android.widget.TextView and view.getText() with or without transformation to match: is "Ranice Desantis" in the root view' action on view view.getRootView() to equal view
10-15 20:01:13.461 27035 27035 I ViewInteraction: Performing 'Wait for at least 100 millis' action on view view.getRootView() to equal view
10-15 20:01:13.563 27035 27035 I ViewInteraction: Performing 'searching for view an instance of android.widget.TextView and view.getText() with or without transformation to match: is "Ranice Desantis" in the root view' action on view view.getRootView() to equal view
10-15 20:01:13.568 27035 27035 I ViewInteraction: Performing 'Wait for at least 100 millis' action on view view.getRootView() to equal view
10-15 20:01:13.671 27035 27035 I ViewInteraction: Performing 'searching for view an instance of android.widget.TextView and view.getText() with or without transformation to match: is "Ranice Desantis" in the root view' action on view view.getRootView() to equal view
10-15 20:01:13.679 27035 27035 I ViewInteraction: Performing 'Wait for at least 100 millis' action on view view.getRootView() to equal view
10-15 20:01:13.783 27035 27035 I ViewInteraction: Performing 'searching for view an instance of android.widget.TextView and view.getText() with or without transformation to match: is "Ranice Desantis" in the root view' action on view view.getRootView() to equal view
10-15 20:01:13.789 27035 27035 I ViewInteraction: Performing 'Wait for at least 100 millis' action on view view.getRootView() to equal view
10-15 20:01:13.894 27035 27035 I ViewInteraction: Performing 'searching for view an instance of android.widget.TextView and view.getText() with or without transformation to match: is "Ranice Desantis" in the root view' action on view view.getRootView() to equal view
10-15 20:01:13.903 27035 27035 I ViewInteraction: Performing 'Wait for at least 100 millis' action on view view.getRootView() to equal view
10-15 20:01:14.006 27035 27035 I ViewInteraction: Performing 'searching for view an instance of android.widget.TextView and view.getText() with or without transformation to match: is "Ranice Desantis" in the root view' action on view view.getRootView() to equal view
10-15 20:01:14.015 27035 27035 I ViewInteraction: Performing 'Wait for at least 100 millis' action on view view.getRootView() to equal view
10-15 20:01:14.053  1570  1647 W LatinCommonCountersMetricsProcessor: LatinCommonCountersMetricsProcessor$DelightProblemReporter.run():765 Missing LM for 'en'
10-15 20:01:14.122 27035 27035 I ViewInteraction: Performing 'searching for view an instance of android.widget.TextView and view.getText() with or without transformation to match: is "Ranice Desantis" in the root view' action on view view.getRootView() to equal view
10-15 20:01:14.131 27035 27035 I ViewInteraction: Performing 'Wait for at least 100 millis' action on view view.getRootView() to equal view
10-15 20:01:14.234 27035 27035 I ViewInteraction: Performing 'searching for view an instance of android.widget.TextView and view.getText() with or without transformation to match: is "Ranice Desantis" in the root view' action on view view.getRootView() to equal view
10-15 20:01:14.245 27035 27035 I ViewInteraction: Performing 'Wait for at least 100 millis' action on view view.getRootView() to equal view
10-15 20:01:14.353 27035 27035 I ViewInteraction: Performing 'searching for view an instance of android.widget.TextView and view.getText() with or without transformation to match: is "Ranice Desantis" in the root view' action on view view.getRootView() to equal view
10-15 20:01:14.363 27035 27035 I ViewInteraction: Performing 'Wait for at least 100 millis' action on view view.getRootView() to equal view
10-15 20:01:14.468 27035 27035 I ViewInteraction: Performing 'searching for view an instance of android.widget.TextView and view.getText() with or without transformation to match: is "Ranice Desantis" in the root view' action on view view.getRootView() to equal view
10-15 20:01:14.477 27035 27035 I ViewInteraction: Performing 'Wait for at least 100 millis' action on view view.getRootView() to equal view
10-15 20:01:14.582 27035 27035 I ViewInteraction: Performing 'searching for view an instance of android.widget.TextView and view.getText() with or without transformation to match: is "Ranice Desantis" in the root view' action on view view.getRootView() to equal view
10-15 20:01:14.592 27035 27035 I ViewInteraction: Performing 'Wait for at least 100 millis' action on view view.getRootView() to equal view
10-15 20:01:14.698 27035 27035 I ViewInteraction: Performing 'searching for view an instance of android.widget.TextView and view.getText() with or without transformation to match: is "Ranice Desantis" in the root view' action on view view.getRootView() to equal view
10-15 20:01:14.715 27035 27035 I ViewInteraction: Performing 'Wait for at least 100 millis' action on view view.getRootView() to equal view
10-15 20:01:14.821 27035 27035 I ViewInteraction: Performing 'searching for view an instance of android.widget.TextView and view.getText() with or without transformation to match: is "Ranice Desantis" in the root view' action on view view.getRootView() to equal view
10-15 20:01:14.831 27035 27035 I ViewInteraction: Performing 'Wait for at least 100 millis' action on view view.getRootView() to equal view
10-15 20:01:14.938 27035 27035 I ViewInteraction: Performing 'searching for view an instance of android.widget.TextView and view.getText() with or without transformation to match: is "Ranice Desantis" in the root view' action on view view.getRootView() to equal view
10-15 20:01:14.949 27035 27035 I ViewInteraction: Performing 'Wait for at least 100 millis' action on view view.getRootView() to equal view
10-15 20:01:15.052 27035 27035 I ViewInteraction: Performing 'searching for view an instance of android.widget.TextView and view.getText() with or without transformation to match: is "Ranice Desantis" in the root view' action on view view.getRootView() to equal view
10-15 20:01:15.059 27035 27035 I ViewInteraction: Performing 'Wait for at least 100 millis' action on view view.getRootView() to equal view
10-15 20:01:15.166 27035 27035 I ViewInteraction: Performing 'searching for view an instance of android.widget.TextView and view.getText() with or without transformation to match: is "Ranice Desantis" in the root view' action on view view.getRootView() to equal view
10-15 20:01:15.175 27035 27035 I ViewInteraction: Performing 'Wait for at least 100 millis' action on view view.getRootView() to equal view
10-15 20:01:15.277 27035 27035 I ViewInteraction: Performing 'searching for view an instance of android.widget.TextView and view.getText() with or without transformation to match: is "Ranice Desantis" in the root view' action on view view.getRootView() to equal view
10-15 20:01:15.284 27035 27035 I ViewInteraction: Performing 'Wait for at least 100 millis' action on view view.getRootView() to equal view
10-15 20:01:15.389 27035 27035 I ViewInteraction: Performing 'searching for view an instance of android.widget.TextView and view.getText() with or without transformation to match: is "Ranice Desantis" in the root view' action on view view.getRootView() to equal view
10-15 20:01:15.395 27035 27035 I ViewInteraction: Performing 'Wait for at least 100 millis' action on view view.getRootView() to equal view
10-15 20:01:15.496 27035 27035 I ViewInteraction: Performing 'searching for view an instance of android.widget.TextView and view.getText() with or without transformation to match: is "Ranice Desantis" in the root view' action on view view.getRootView() to equal view
10-15 20:01:15.501 27035 27035 I ViewInteraction: Performing 'Wait for at least 100 millis' action on view view.getRootView() to equal view
10-15 20:01:15.606 27035 27035 I ViewInteraction: Performing 'searching for view an instance of android.widget.TextView and view.getText() with or without transformation to match: is "Ranice Desantis" in the root view' action on view view.getRootView() to equal view
10-15 20:01:15.612 27035 27035 I ViewInteraction: Performing 'Wait for at least 100 millis' action on view view.getRootView() to equal view
10-15 20:01:15.719 27035 27035 I ViewInteraction: Performing 'searching for view an instance of android.widget.TextView and view.getText() with or without transformation to match: is "Ranice Desantis" in the root view' action on view view.getRootView() to equal view
10-15 20:01:15.729 27035 27035 I ViewInteraction: Performing 'Wait for at least 100 millis' action on view view.getRootView() to equal view
10-15 20:01:15.835 27035 27035 I ViewInteraction: Performing 'searching for view an instance of android.widget.TextView and view.getText() with or without transformation to match: is "Ranice Desantis" in the root view' action on view view.getRootView() to equal view
10-15 20:01:15.846 27035 27035 I ViewInteraction: Performing 'Wait for at least 100 millis' action on view view.getRootView() to equal view
10-15 20:01:15.950 27035 27035 I ViewInteraction: Performing 'searching for view an instance of android.widget.TextView and view.getText() with or without transformation to match: is "Ranice Desantis" in the root view' action on view view.getRootView() to equal view
10-15 20:01:15.958 27035 27035 I ViewInteraction: Performing 'Wait for at least 100 millis' action on view view.getRootView() to equal view
