10-17 18:27:11.509   354  1432 W android.hardware.audio@7.0-impl.ranchu: TinyalsaSink::consumeThread:184 pcm_write failed with res=-1
10-17 18:27:11.532   354  1432 W android.hardware.audio@7.0-impl.ranchu: TinyalsaSink::consumeThread:184 pcm_write failed with res=-1
10-17 18:27:11.555   354  1432 W android.hardware.audio@7.0-impl.ranchu: TinyalsaSink::consumeThread:184 pcm_write failed with res=-1
10-17 18:27:11.576   354  1432 W android.hardware.audio@7.0-impl.ranchu: TinyalsaSink::consumeThread:184 pcm_write failed with res=-1
10-17 18:27:11.599   354  1432 W android.hardware.audio@7.0-impl.ranchu: TinyalsaSink::consumeThread:184 pcm_write failed with res=-1
10-17 18:27:11.617  1274  1274 I ViewInteraction: Performing 'searching for view an instance of android.widget.TextView and view.getText() with or without transformation to match: is "Ranice Desantis" in the root view' action on view view.getRootView() to equal view
10-17 18:27:11.619   354  1432 W android.hardware.audio@7.0-impl.ranchu: TinyalsaSink::consumeThread:184 pcm_write failed with res=-1
10-17 18:27:11.634  1274  1274 I ViewInteraction: Performing 'Wait for at least 100 millis' action on view view.getRootView() to equal view
10-17 18:27:11.643   354  1432 W android.hardware.audio@7.0-impl.ranchu: TinyalsaSink::consumeThread:184 pcm_write failed with res=-1
10-17 18:27:11.664   354  1432 W android.hardware.audio@7.0-impl.ranchu: TinyalsaSink::consumeThread:184 pcm_write failed with res=-1
10-17 18:27:11.686   354  1432 W android.hardware.audio@7.0-impl.ranchu: TinyalsaSink::consumeThread:184 pcm_write failed with res=-1
10-17 18:27:11.709   354  1432 W android.hardware.audio@7.0-impl.ranchu: TinyalsaSink::consumeThread:184 pcm_write failed with res=-1
10-17 18:27:11.730   354  1432 W android.hardware.audio@7.0-impl.ranchu: TinyalsaSink::consumeThread:184 pcm_write failed with res=-1
10-17 18:27:11.736  1274  1274 I ViewInteraction: Performing 'searching for view an instance of android.widget.TextView and view.getText() with or without transformation to match: is "Ranice Desantis" in the root view' action on view view.getRootView() to equal view
10-17 18:27:11.749  1274  1274 I ViewInteraction: Performing 'Wait for at least 100 millis' action on view view.getRootView() to equal view
10-17 18:27:11.752   354  1432 W android.hardware.audio@7.0-impl.ranchu: TinyalsaSink::consumeThread:184 pcm_write failed with res=-1
10-17 18:27:11.775   354  1432 W android.hardware.audio@7.0-impl.ranchu: TinyalsaSink::consumeThread:184 pcm_write failed with res=-1
10-17 18:27:11.797   354  1432 W android.hardware.audio@7.0-impl.ranchu: TinyalsaSink::consumeThread:184 pcm_write failed with res=-1
10-17 18:27:11.820   354  1432 W android.hardware.audio@7.0-impl.ranchu: TinyalsaSink::consumeThread:184 pcm_write failed with res=-1
10-17 18:27:11.842   354  1432 W android.hardware.audio@7.0-impl.ranchu: TinyalsaSink::consumeThread:184 pcm_write failed with res=-1
10-17 18:27:11.852  1274  1274 I ViewInteraction: Performing 'searching for view an instance of android.widget.TextView and view.getText() with or without transformation to match: is "Ranice Desantis" in the root view' action on view view.getRootView() to equal view
10-17 18:27:11.863   354  1432 W android.hardware.audio@7.0-impl.ranchu: TinyalsaSink::consumeThread:184 pcm_write failed with res=-1
10-17 18:27:11.863  1274  1274 I ViewInteraction: Performing 'Wait for at least 100 millis' action on view view.getRootView() to equal view
10-17 18:27:11.887   354  1432 W android.hardware.audio@7.0-impl.ranchu: TinyalsaSink::consumeThread:184 pcm_write failed with res=-1
10-17 18:27:11.908   354  1432 W android.hardware.audio@7.0-impl.ranchu: TinyalsaSink::consumeThread:184 pcm_write failed with res=-1
10-17 18:27:11.931   354  1432 W android.hardware.audio@7.0-impl.ranchu: TinyalsaSink::consumeThread:184 pcm_write failed with res=-1
10-17 18:27:11.954   354  1432 W android.hardware.audio@7.0-impl.ranchu: TinyalsaSink::consumeThread:184 pcm_write failed with res=-1
10-17 18:27:11.968  1274  1274 I ViewInteraction: Performing 'searching for view an instance of android.widget.TextView and view.getText() with or without transformation to match: is "Ranice Desantis" in the root view' action on view view.getRootView() to equal view
10-17 18:27:11.973   354  1432 W android.hardware.audio@7.0-impl.ranchu: TinyalsaSink::consumeThread:184 pcm_write failed with res=-1
10-17 18:27:11.983  1274  1274 I ViewInteraction: Performing 'Wait for at least 100 millis' action on view view.getRootView() to equal view
10-17 18:27:11.996   354  1432 W android.hardware.audio@7.0-impl.ranchu: TinyalsaSink::consumeThread:184 pcm_write failed with res=-1
10-17 18:27:12.018   354  1432 W android.hardware.audio@7.0-impl.ranchu: TinyalsaSink::consumeThread:184 pcm_write failed with res=-1
10-17 18:27:12.041   354  1432 W android.hardware.audio@7.0-impl.ranchu: TinyalsaSink::consumeThread:184 pcm_write failed with res=-1
10-17 18:27:12.063   354  1432 W android.hardware.audio@7.0-impl.ranchu: TinyalsaSink::consumeThread:184 pcm_write failed with res=-1
10-17 18:27:12.084   354  1432 W android.hardware.audio@7.0-impl.ranchu: TinyalsaSink::consumeThread:184 pcm_write failed with res=-1
10-17 18:27:12.085  1274  1274 I ViewInteraction: Performing 'searching for view an instance of android.widget.TextView and view.getText() with or without transformation to match: is "Ranice Desantis" in the root view' action on view view.getRootView() to equal view
10-17 18:27:12.094  1274  1274 I ViewInteraction: Performing 'Wait for at least 100 millis' action on view view.getRootView() to equal view
10-17 18:27:12.107   354  1432 W android.hardware.audio@7.0-impl.ranchu: TinyalsaSink::consumeThread:184 pcm_write failed with res=-1
10-17 18:27:12.130   354  1432 W android.hardware.audio@7.0-impl.ranchu: TinyalsaSink::consumeThread:184 pcm_write failed with res=-1
10-17 18:27:12.151   354  1432 W android.hardware.audio@7.0-impl.ranchu: TinyalsaSink::consumeThread:184 pcm_write failed with res=-1
10-17 18:27:12.173   354  1432 W android.hardware.audio@7.0-impl.ranchu: TinyalsaSink::consumeThread:184 pcm_write failed with res=-1
10-17 18:27:12.197   354  1432 W android.hardware.audio@7.0-impl.ranchu: TinyalsaSink::consumeThread:184 pcm_write failed with res=-1
10-17 18:27:12.207  1274  1274 I ViewInteraction: Performing 'searching for view an instance of android.widget.TextView and view.getText() with or without transformation to match: is "Ranice Desantis" in the root view' action on view view.getRootView() to equal view
10-17 18:27:12.218   354  1432 W android.hardware.audio@7.0-impl.ranchu: TinyalsaSink::consumeThread:184 pcm_write failed with res=-1
10-17 18:27:12.220  1274  1274 I ViewInteraction: Performing 'Wait for at least 100 millis' action on view view.getRootView() to equal view
10-17 18:27:12.240   354  1432 W android.hardware.audio@7.0-impl.ranchu: TinyalsaSink::consumeThread:184 pcm_write failed with res=-1
10-17 18:27:12.263   354  1432 W android.hardware.audio@7.0-impl.ranchu: TinyalsaSink::consumeThread:184 pcm_write failed with res=-1
10-17 18:27:12.284   354  1432 W android.hardware.audio@7.0-impl.ranchu: TinyalsaSink::consumeThread:184 pcm_write failed with res=-1
10-17 18:27:12.306   354  1432 W android.hardware.audio@7.0-impl.ranchu: TinyalsaSink::consumeThread:184 pcm_write failed with res=-1
10-17 18:27:12.330   354  1432 W android.hardware.audio@7.0-impl.ranchu: TinyalsaSink::consumeThread:184 pcm_write failed with res=-1
10-17 18:27:12.340  1274  1274 I ViewInteraction: Performing 'searching for view an instance of android.widget.TextView and view.getText() with or without transformation to match: is "Ranice Desantis" in the root view' action on view view.getRootView() to equal view
10-17 18:27:12.351   354  1432 W android.hardware.audio@7.0-impl.ranchu: TinyalsaSink::consumeThread:184 pcm_write failed with res=-1
10-17 18:27:12.354  1274  1274 I ViewInteraction: Performing 'Wait for at least 100 millis' action on view view.getRootView() to equal view
10-17 18:27:12.372   354  1432 W android.hardware.audio@7.0-impl.ranchu: TinyalsaSink::consumeThread:184 pcm_write failed with res=-1
10-17 18:27:12.396   354  1432 W android.hardware.audio@7.0-impl.ranchu: TinyalsaSink::consumeThread:184 pcm_write failed with res=-1
10-17 18:27:12.418   354  1432 W android.hardware.audio@7.0-impl.ranchu: TinyalsaSink::consumeThread:184 pcm_write failed with res=-1
10-17 18:27:12.439   354  1432 W android.hardware.audio@7.0-impl.ranchu: TinyalsaSink::consumeThread:184 pcm_write failed with res=-1
10-17 18:27:12.458  1274  1274 I ViewInteraction: Performing 'searching for view an instance of android.widget.TextView and view.getText() with or without transformation to match: is "Ranice Desantis" in the root view' action on view view.getRootView() to equal view
10-17 18:27:12.460   354  1432 W android.hardware.audio@7.0-impl.ranchu: TinyalsaSink::consumeThread:184 pcm_write failed with res=-1
10-17 18:27:12.473  1274  1274 I ViewInteraction: Performing 'Wait for at least 100 millis' action on view view.getRootView() to equal view
10-17 18:27:12.483   354  1432 W android.hardware.audio@7.0-impl.ranchu: TinyalsaSink::consumeThread:184 pcm_write failed with res=-1
10-17 18:27:12.505   354  1432 W android.hardware.audio@7.0-impl.ranchu: TinyalsaSink::consumeThread:184 pcm_write failed with res=-1
10-17 18:27:12.528   354  1432 W android.hardware.audio@7.0-impl.ranchu: TinyalsaSink::consumeThread:184 pcm_write failed with res=-1
10-17 18:27:12.550   354  1432 W android.hardware.audio@7.0-impl.ranchu: TinyalsaSink::consumeThread:184 pcm_write failed with res=-1
10-17 18:27:12.571   354  1432 W android.hardware.audio@7.0-impl.ranchu: TinyalsaSink::consumeThread:184 pcm_write failed with res=-1
10-17 18:27:12.576  1274  1274 I ViewInteraction: Performing 'searching for view an instance of android.widget.TextView and view.getText() with or without transformation to match: is "Ranice Desantis" in the root view' action on view view.getRootView() to equal view
10-17 18:27:12.590  1274  1274 I ViewInteraction: Performing 'Wait for at least 100 millis' action on view view.getRootView() to equal view
10-17 18:27:12.593   354  1432 W android.hardware.audio@7.0-impl.ranchu: TinyalsaSink::consumeThread:184 pcm_write failed with res=-1
10-17 18:27:12.616   354  1432 W android.hardware.audio@7.0-impl.ranchu: TinyalsaSink::consumeThread:184 pcm_write failed with res=-1
10-17 18:27:12.638   354  1432 W android.hardware.audio@7.0-impl.ranchu: TinyalsaSink::consumeThread:184 pcm_write failed with res=-1
10-17 18:27:12.661   354  1432 W android.hardware.audio@7.0-impl.ranchu: TinyalsaSink::consumeThread:184 pcm_write failed with res=-1
10-17 18:27:12.682   354  1432 W android.hardware.audio@7.0-impl.ranchu: TinyalsaSink::consumeThread:184 pcm_write failed with res=-1
10-17 18:27:12.693  1274  1274 I ViewInteraction: Performing 'searching for view an instance of android.widget.TextView and view.getText() with or without transformation to match: is "Ranice Desantis" in the root view' action on view view.getRootView() to equal view
10-17 18:27:12.704   354  1432 W android.hardware.audio@7.0-impl.ranchu: TinyalsaSink::consumeThread:184 pcm_write failed with res=-1
10-17 18:27:12.704  1274  1274 I ViewInteraction: Performing 'Wait for at least 100 millis' action on view view.getRootView() to equal view
10-17 18:27:12.728   354  1432 W android.hardware.audio@7.0-impl.ranchu: TinyalsaSink::consumeThread:184 pcm_write failed with res=-1
10-17 18:27:12.750   354  1432 W android.hardware.audio@7.0-impl.ranchu: TinyalsaSink::consumeThread:184 pcm_write failed with res=-1
10-17 18:27:12.770   354  1432 W android.hardware.audio@7.0-impl.ranchu: TinyalsaSink::consumeThread:184 pcm_write failed with res=-1
10-17 18:27:12.794   354  1432 W android.hardware.audio@7.0-impl.ranchu: TinyalsaSink::consumeThread:184 pcm_write failed with res=-1
10-17 18:27:12.808  1274  1274 I ViewInteraction: Performing 'searching for view an instance of android.widget.TextView and view.getText() with or without transformation to match: is "Ranice Desantis" in the root view' action on view view.getRootView() to equal view
10-17 18:27:12.815   354  1432 W android.hardware.audio@7.0-impl.ranchu: TinyalsaSink::consumeThread:184 pcm_write failed with res=-1
10-17 18:27:12.818  1274  1274 I ViewInteraction: Performing 'Wait for at least 100 millis' action on view view.getRootView() to equal view
10-17 18:27:12.837   354  1432 W android.hardware.audio@7.0-impl.ranchu: TinyalsaSink::consumeThread:184 pcm_write failed with res=-1
10-17 18:27:12.861   354  1432 W android.hardware.audio@7.0-impl.ranchu: TinyalsaSink::consumeThread:184 pcm_write failed with res=-1
10-17 18:27:12.882   354  1432 W android.hardware.audio@7.0-impl.ranchu: TinyalsaSink::consumeThread:184 pcm_write failed with res=-1
10-17 18:27:12.903   354  1432 W android.hardware.audio@7.0-impl.ranchu: TinyalsaSink::consumeThread:184 pcm_write failed with res=-1
10-17 18:27:12.921  1274  1274 I ViewInteraction: Performing 'searching for view an instance of android.widget.TextView and view.getText() with or without transformation to match: is "Ranice Desantis" in the root view' action on view view.getRootView() to equal view
10-17 18:27:12.926   354  1432 W android.hardware.audio@7.0-impl.ranchu: TinyalsaSink::consumeThread:184 pcm_write failed with res=-1
10-17 18:27:12.931  1274  1274 I ViewInteraction: Performing 'Wait for at least 100 millis' action on view view.getRootView() to equal view
10-17 18:27:12.947   354  1432 W android.hardware.audio@7.0-impl.ranchu: TinyalsaSink::consumeThread:184 pcm_write failed with res=-1
10-17 18:27:12.970   354  1432 W android.hardware.audio@7.0-impl.ranchu: TinyalsaSink::consumeThread:184 pcm_write failed with res=-1
10-17 18:27:12.993   354  1432 W android.hardware.audio@7.0-impl.ranchu: TinyalsaSink::consumeThread:184 pcm_write failed with res=-1
10-17 18:27:13.014   354  1432 W android.hardware.audio@7.0-impl.ranchu: TinyalsaSink::consumeThread:184 pcm_write failed with res=-1
10-17 18:27:13.034  1274  1274 I ViewInteraction: Performing 'searching for view an instance of android.widget.TextView and view.getText() with or without transformation to match: is "Ranice Desantis" in the root view' action on view view.getRootView() to equal view
10-17 18:27:13.036   354  1432 W android.hardware.audio@7.0-impl.ranchu: TinyalsaSink::consumeThread:184 pcm_write failed with res=-1
10-17 18:27:13.045  1274  1274 I ViewInteraction: Performing 'Wait for at least 100 millis' action on view view.getRootView() to equal view
10-17 18:27:13.060   354  1432 W android.hardware.audio@7.0-impl.ranchu: TinyalsaSink::consumeThread:184 pcm_write failed with res=-1
10-17 18:27:13.081   354  1432 W android.hardware.audio@7.0-impl.ranchu: TinyalsaSink::consumeThread:184 pcm_write failed with res=-1
10-17 18:27:13.103   354  1432 W android.hardware.audio@7.0-impl.ranchu: TinyalsaSink::consumeThread:184 pcm_write failed with res=-1
10-17 18:27:13.125   354  1432 W android.hardware.audio@7.0-impl.ranchu: TinyalsaSink::consumeThread:184 pcm_write failed with res=-1
10-17 18:27:13.147   354  1432 W android.hardware.audio@7.0-impl.ranchu: TinyalsaSink::consumeThread:184 pcm_write failed with res=-1
10-17 18:27:13.149  1274  1274 I ViewInteraction: Performing 'searching for view an instance of android.widget.TextView and view.getText() with or without transformation to match: is "Ranice Desantis" in the root view' action on view view.getRootView() to equal view
10-17 18:27:13.160  1274  1274 I ViewInteraction: Performing 'Wait for at least 100 millis' action on view view.getRootView() to equal view
10-17 18:27:13.170   354  1432 W android.hardware.audio@7.0-impl.ranchu: TinyalsaSink::consumeThread:184 pcm_write failed with res=-1
10-17 18:27:13.172  1570  4927 I DeviceUnlockedTag: DeviceUnlockedTag.notifyDeviceLockStatusChanged():79 Notify device unlocked.
10-17 18:27:13.173  1570  4927 I DeviceUnlockedTag: DeviceUnlockedTag.notifyDeviceLockStatusChanged():79 Notify device unlocked.
10-17 18:27:13.180  1570  4927 I DeviceUnlockedTag: DeviceUnlockedTag.notifyDeviceLockStatusChanged():79 Notify device unlocked.
10-17 18:27:13.192   354  1432 W android.hardware.audio@7.0-impl.ranchu: TinyalsaSink::consumeThread:184 pcm_write failed with res=-1
10-17 18:27:13.213   354  1432 W android.hardware.audio@7.0-impl.ranchu: TinyalsaSink::consumeThread:184 pcm_write failed with res=-1
10-17 18:27:13.235   354  1432 W android.hardware.audio@7.0-impl.ranchu: TinyalsaSink::consumeThread:184 pcm_write failed with res=-1
10-17 18:27:13.258   354  1432 W android.hardware.audio@7.0-impl.ranchu: TinyalsaSink::consumeThread:184 pcm_write failed with res=-1
10-17 18:27:13.262  1274  1274 I ViewInteraction: Performing 'searching for view an instance of android.widget.TextView and view.getText() with or without transformation to match: is "Ranice Desantis" in the root view' action on view view.getRootView() to equal view
10-17 18:27:13.275  1274  1274 I ViewInteraction: Performing 'Wait for at least 100 millis' action on view view.getRootView() to equal view
10-17 18:27:13.280   354  1432 W android.hardware.audio@7.0-impl.ranchu: TinyalsaSink::consumeThread:184 pcm_write failed with res=-1
10-17 18:27:13.303   354  1432 W android.hardware.audio@7.0-impl.ranchu: TinyalsaSink::consumeThread:184 pcm_write failed with res=-1
10-17 18:27:13.324   354  1432 W android.hardware.audio@7.0-impl.ranchu: TinyalsaSink::consumeThread:184 pcm_write failed with res=-1
10-17 18:27:13.346   354  1432 W android.hardware.audio@7.0-impl.ranchu: TinyalsaSink::consumeThread:184 pcm_write failed with res=-1
10-17 18:27:13.369   354  1432 W android.hardware.audio@7.0-impl.ranchu: TinyalsaSink::consumeThread:184 pcm_write failed with res=-1
10-17 18:27:13.377  1274  1274 I ViewInteraction: Performing 'searching for view an instance of android.widget.TextView and view.getText() with or without transformation to match: is "Ranice Desantis" in the root view' action on view view.getRootView() to equal view
10-17 18:27:13.386  1274  1274 I ViewInteraction: Performing 'Wait for at least 100 millis' action on view view.getRootView() to equal view
10-17 18:27:13.390   354  1432 W android.hardware.audio@7.0-impl.ranchu: TinyalsaSink::consumeThread:184 pcm_write failed with res=-1
10-17 18:27:13.412   354  1432 W android.hardware.audio@7.0-impl.ranchu: TinyalsaSink::consumeThread:184 pcm_write failed with res=-1
10-17 18:27:13.423  1570  1647 W LatinCommonCountersMetricsProcessor: LatinCommonCountersMetricsProcessor$DelightProblemReporter.run():765 Missing LM for 'en'
10-17 18:27:13.435   354  1432 W android.hardware.audio@7.0-impl.ranchu: TinyalsaSink::consumeThread:184 pcm_write failed with res=-1
10-17 18:27:13.458   354  1432 W android.hardware.audio@7.0-impl.ranchu: TinyalsaSink::consumeThread:184 pcm_write failed with res=-1
10-17 18:27:13.480   354  1432 W android.hardware.audio@7.0-impl.ranchu: TinyalsaSink::consumeThread:184 pcm_write failed with res=-1
10-17 18:27:13.489  1274  1274 I ViewInteraction: Performing 'searching for view an instance of android.widget.TextView and view.getText() with or without transformation to match: is "Ranice Desantis" in the root view' action on view view.getRootView() to equal view
10-17 18:27:13.496  1274  1274 I ViewInteraction: Performing 'Wait for at least 100 millis' action on view view.getRootView() to equal view
10-17 18:27:13.501   354  1432 W android.hardware.audio@7.0-impl.ranchu: TinyalsaSink::consumeThread:184 pcm_write failed with res=-1
10-17 18:27:13.523   354  1432 W android.hardware.audio@7.0-impl.ranchu: TinyalsaSink::consumeThread:184 pcm_write failed with res=-1
10-17 18:27:13.545   354  1432 W android.hardware.audio@7.0-impl.ranchu: TinyalsaSink::consumeThread:184 pcm_write failed with res=-1
10-17 18:27:13.568   354  1432 W android.hardware.audio@7.0-impl.ranchu: TinyalsaSink::consumeThread:184 pcm_write failed with res=-1
10-17 18:27:13.589   354  1432 W android.hardware.audio@7.0-impl.ranchu: TinyalsaSink::consumeThread:184 pcm_write failed with res=-1
10-17 18:27:13.598  1274  1274 I ViewInteraction: Performing 'searching for view an instance of android.widget.TextView and view.getText() with or without transformation to match: is "Ranice Desantis" in the root view' action on view view.getRootView() to equal view
10-17 18:27:13.606  1274  1274 I ViewInteraction: Performing 'Wait for at least 100 millis' action on view view.getRootView() to equal view
10-17 18:27:13.611   354  1432 W android.hardware.audio@7.0-impl.ranchu: TinyalsaSink::consumeThread:184 pcm_write failed with res=-1
10-17 18:27:13.635   354  1432 W android.hardware.audio@7.0-impl.ranchu: TinyalsaSink::consumeThread:184 pcm_write failed with res=-1
10-17 18:27:13.657   354  1432 W android.hardware.audio@7.0-impl.ranchu: TinyalsaSink::consumeThread:184 pcm_write failed with res=-1
10-17 18:27:13.679   354  1432 W android.hardware.audio@7.0-impl.ranchu: TinyalsaSink::consumeThread:184 pcm_write failed with res=-1
10-17 18:27:13.700   354  1432 W android.hardware.audio@7.0-impl.ranchu: TinyalsaSink::consumeThread:184 pcm_write failed with res=-1
10-17 18:27:13.709  1274  1274 I ViewInteraction: Performing 'searching for view an instance of android.widget.TextView and view.getText() with or without transformation to match: is "Ranice Desantis" in the root view' action on view view.getRootView() to equal view
10-17 18:27:13.721  1274  1274 I ViewInteraction: Performing 'Wait for at least 100 millis' action on view view.getRootView() to equal view
10-17 18:27:13.722   354  1432 W android.hardware.audio@7.0-impl.ranchu: TinyalsaSink::consumeThread:184 pcm_write failed with res=-1
10-17 18:27:13.746   354  1432 W android.hardware.audio@7.0-impl.ranchu: TinyalsaSink::consumeThread:184 pcm_write failed with res=-1
10-17 18:27:13.767   354  1432 W android.hardware.audio@7.0-impl.ranchu: TinyalsaSink::consumeThread:184 pcm_write failed with res=-1
10-17 18:27:13.790   354  1432 W android.hardware.audio@7.0-impl.ranchu: TinyalsaSink::consumeThread:184 pcm_write failed with res=-1
10-17 18:27:13.812   354  1432 W android.hardware.audio@7.0-impl.ranchu: TinyalsaSink::consumeThread:184 pcm_write failed with res=-1
10-17 18:27:13.825  1274  1274 I ViewInteraction: Performing 'searching for view an instance of android.widget.TextView and view.getText() with or without transformation to match: is "Ranice Desantis" in the root view' action on view view.getRootView() to equal view
10-17 18:27:13.834   354  1432 W android.hardware.audio@7.0-impl.ranchu: TinyalsaSink::consumeThread:184 pcm_write failed with res=-1
10-17 18:27:13.836  1274  1274 I ViewInteraction: Performing 'Wait for at least 100 millis' action on view view.getRootView() to equal view
10-17 18:27:13.856   354  1432 W android.hardware.audio@7.0-impl.ranchu: TinyalsaSink::consumeThread:184 pcm_write failed with res=-1
10-17 18:27:13.879   354  1432 W android.hardware.audio@7.0-impl.ranchu: TinyalsaSink::consumeThread:184 pcm_write failed with res=-1
10-17 18:27:13.900   354  1432 W android.hardware.audio@7.0-impl.ranchu: TinyalsaSink::consumeThread:184 pcm_write failed with res=-1
10-17 18:27:13.922   354  1432 W android.hardware.audio@7.0-impl.ranchu: TinyalsaSink::consumeThread:184 pcm_write failed with res=-1
10-17 18:27:13.939  1274  1274 I ViewInteraction: Performing 'searching for view an instance of android.widget.TextView and view.getText() with or without transformation to match: is "Ranice Desantis" in the root view' action on view view.getRootView() to equal view
10-17 18:27:13.944   354  1432 W android.hardware.audio@7.0-impl.ranchu: TinyalsaSink::consumeThread:184 pcm_write failed with res=-1
10-17 18:27:13.952  1274  1274 I ViewInteraction: Performing 'Wait for at least 100 millis' action on view view.getRootView() to equal view
10-17 18:27:13.968   354  1432 W android.hardware.audio@7.0-impl.ranchu: TinyalsaSink::consumeThread:184 pcm_write failed with res=-1
10-17 18:27:13.989   354  1432 W android.hardware.audio@7.0-impl.ranchu: TinyalsaSink::consumeThread:184 pcm_write failed with res=-1
10-17 18:27:14.011   354  1432 W android.hardware.audio@7.0-impl.ranchu: TinyalsaSink::consumeThread:184 pcm_write failed with res=-1
10-17 18:27:14.032   354  1432 W android.hardware.audio@7.0-impl.ranchu: TinyalsaSink::consumeThread:184 pcm_write failed with res=-1
10-17 18:27:14.054   354  1432 W android.hardware.audio@7.0-impl.ranchu: TinyalsaSink::consumeThread:184 pcm_write failed with res=-1
10-17 18:27:14.055  1274  1274 I ViewInteraction: Performing 'searching for view an instance of android.widget.TextView and view.getText() with or without transformation to match: is "Ranice Desantis" in the root view' action on view view.getRootView() to equal view
10-17 18:27:14.065  1274  1274 I ViewInteraction: Performing 'Wait for at least 100 millis' action on view view.getRootView() to equal view
10-17 18:27:14.077   354  1432 W android.hardware.audio@7.0-impl.ranchu: TinyalsaSink::consumeThread:184 pcm_write failed with res=-1
10-17 18:27:14.100   354  1432 W android.hardware.audio@7.0-impl.ranchu: TinyalsaSink::consumeThread:184 pcm_write failed with res=-1
10-17 18:27:14.121   354  1432 W android.hardware.audio@7.0-impl.ranchu: TinyalsaSink::consumeThread:184 pcm_write failed with res=-1
10-17 18:27:14.143   354  1432 W android.hardware.audio@7.0-impl.ranchu: TinyalsaSink::consumeThread:184 pcm_write failed with res=-1
10-17 18:27:14.166   354  1432 W android.hardware.audio@7.0-impl.ranchu: TinyalsaSink::consumeThread:184 pcm_write failed with res=-1
10-17 18:27:14.168  1274  1274 I ViewInteraction: Performing 'searching for view an instance of android.widget.TextView and view.getText() with or without transformation to match: is "Ranice Desantis" in the root view' action on view view.getRootView() to equal view
10-17 18:27:14.178  1274  1274 I ViewInteraction: Performing 'Wait for at least 100 millis' action on view view.getRootView() to equal view
10-17 18:27:14.188   354  1432 W android.hardware.audio@7.0-impl.ranchu: TinyalsaSink::consumeThread:184 pcm_write failed with res=-1
10-17 18:27:14.210   354  1432 W android.hardware.audio@7.0-impl.ranchu: TinyalsaSink::consumeThread:184 pcm_write failed with res=-1
10-17 18:27:14.232   354  1432 W android.hardware.audio@7.0-impl.ranchu: TinyalsaSink::consumeThread:184 pcm_write failed with res=-1
10-17 18:27:14.253   354  1432 W android.hardware.audio@7.0-impl.ranchu: TinyalsaSink::consumeThread:184 pcm_write failed with res=-1
10-17 18:27:14.278   354  1432 W android.hardware.audio@7.0-impl.ranchu: TinyalsaSink::consumeThread:184 pcm_write failed with res=-1
10-17 18:27:14.280  1274  1274 I ViewInteraction: Performing 'searching for view an instance of android.widget.TextView and view.getText() with or without transformation to match: is "Ranice Desantis" in the root view' action on view view.getRootView() to equal view
10-17 18:27:14.289  1274  1274 I ViewInteraction: Performing 'Wait for at least 100 millis' action on view view.getRootView() to equal view
10-17 18:27:14.299   354  1432 W android.hardware.audio@7.0-impl.ranchu: TinyalsaSink::consumeThread:184 pcm_write failed with res=-1
10-17 18:27:14.321   354  1432 W android.hardware.audio@7.0-impl.ranchu: TinyalsaSink::consumeThread:184 pcm_write failed with res=-1
10-17 18:27:14.342   354  1432 W android.hardware.audio@7.0-impl.ranchu: TinyalsaSink::consumeThread:184 pcm_write failed with res=-1
10-17 18:27:14.366   354  1432 W android.hardware.audio@7.0-impl.ranchu: TinyalsaSink::consumeThread:184 pcm_write failed with res=-1
10-17 18:27:14.387   354  1432 W android.hardware.audio@7.0-impl.ranchu: TinyalsaSink::consumeThread:184 pcm_write failed with res=-1
10-17 18:27:14.391  1274  1274 I ViewInteraction: Performing 'searching for view an instance of android.widget.TextView and view.getText() with or without transformation to match: is "Ranice Desantis" in the root view' action on view view.getRootView() to equal view
10-17 18:27:14.400  1274  1274 I ViewInteraction: Performing 'Wait for at least 100 millis' action on view view.getRootView() to equal view
10-17 18:27:14.409   354  1432 W android.hardware.audio@7.0-impl.ranchu: TinyalsaSink::consumeThread:184 pcm_write failed with res=-1
10-17 18:27:14.431   354  1432 W android.hardware.audio@7.0-impl.ranchu: TinyalsaSink::consumeThread:184 pcm_write failed with res=-1
10-17 18:27:14.504  1274  1274 I ViewInteraction: Performing 'searching for view an instance of android.widget.TextView and view.getText() with or without transformation to match: is "Ranice Desantis" in the root view' action on view view.getRootView() to equal view
10-17 18:27:14.512  1274  1274 I ViewInteraction: Performing 'Wait for at least 100 millis' action on view view.getRootView() to equal view
10-17 18:27:14.615  1274  1274 I ViewInteraction: Performing 'searching for view an instance of android.widget.TextView and view.getText() with or without transformation to match: is "Ranice Desantis" in the root view' action on view view.getRootView() to equal view
10-17 18:27:14.623  1274  1274 I ViewInteraction: Performing 'Wait for at least 100 millis' action on view view.getRootView() to equal view
10-17 18:27:14.725  1274  1274 I ViewInteraction: Performing 'searching for view an instance of android.widget.TextView and view.getText() with or without transformation to match: is "Ranice Desantis" in the root view' action on view view.getRootView() to equal view
10-17 18:27:14.730  1274  1274 I ViewInteraction: Performing 'Wait for at least 100 millis' action on view view.getRootView() to equal view
10-17 18:27:14.834  1274  1274 I ViewInteraction: Performing 'searching for view an instance of android.widget.TextView and view.getText() with or without transformation to match: is "Ranice Desantis" in the root view' action on view view.getRootView() to equal view
10-17 18:27:14.839  1274  1274 I ViewInteraction: Performing 'Wait for at least 100 millis' action on view view.getRootView() to equal view
10-17 18:27:14.942  1274  1274 I ViewInteraction: Performing 'searching for view an instance of android.widget.TextView and view.getText() with or without transformation to match: is "Ranice Desantis" in the root view' action on view view.getRootView() to equal view
10-17 18:27:14.949  1274  1274 I ViewInteraction: Performing 'Wait for at least 100 millis' action on view view.getRootView() to equal view
10-17 18:27:15.052  1274  1274 I ViewInteraction: Performing 'searching for view an instance of android.widget.TextView and view.getText() with or without transformation to match: is "Ranice Desantis" in the root view' action on view view.getRootView() to equal view
10-17 18:27:15.058  1274  1274 I ViewInteraction: Performing 'Wait for at least 100 millis' action on view view.getRootView() to equal view
10-17 18:27:15.163  1274  1274 I ViewInteraction: Performing 'searching for view an instance of android.widget.TextView and view.getText() with or without transformation to match: is "Ranice Desantis" in the root view' action on view view.getRootView() to equal view
10-17 18:27:15.170  1274  1274 I ViewInteraction: Performing 'Wait for at least 100 millis' action on view view.getRootView() to equal view
10-17 18:27:15.273  1274  1274 I ViewInteraction: Performing 'searching for view an instance of android.widget.TextView and view.getText() with or without transformation to match: is "Ranice Desantis" in the root view' action on view view.getRootView() to equal view
10-17 18:27:15.282  1274  1274 I ViewInteraction: Performing 'Wait for at least 100 millis' action on view view.getRootView() to equal view
10-17 18:27:15.389  1274  1274 I ViewInteraction: Performing 'searching for view an instance of android.widget.TextView and view.getText() with or without transformation to match: is "Ranice Desantis" in the root view' action on view view.getRootView() to equal view
10-17 18:27:15.395  1274  1274 I ViewInteraction: Performing 'Wait for at least 100 millis' action on view view.getRootView() to equal view
10-17 18:27:15.497  1274  1274 I ViewInteraction: Performing 'searching for view an instance of android.widget.TextView and view.getText() with or without transformation to match: is "Ranice Desantis" in the root view' action on view view.getRootView() to equal view
10-17 18:27:15.503  1274  1274 I ViewInteraction: Performing 'Wait for at least 100 millis' action on view view.getRootView() to equal view
10-17 18:27:15.611  1274  1274 I ViewInteraction: Performing 'searching for view an instance of android.widget.TextView and view.getText() with or without transformation to match: is "Ranice Desantis" in the root view' action on view view.getRootView() to equal view
10-17 18:27:15.621  1274  1274 I ViewInteraction: Performing 'Wait for at least 100 millis' action on view view.getRootView() to equal view
10-17 18:27:15.727  1274  1274 I ViewInteraction: Performing 'searching for view an instance of android.widget.TextView and view.getText() with or without transformation to match: is "Ranice Desantis" in the root view' action on view view.getRootView() to equal view
10-17 18:27:15.734  1274  1274 I ViewInteraction: Performing 'Wait for at least 100 millis' action on view view.getRootView() to equal view
10-17 18:27:15.838  1274  1274 I ViewInteraction: Performing 'searching for view an instance of android.widget.TextView and view.getText() with or without transformation to match: is "Ranice Desantis" in the root view' action on view view.getRootView() to equal view
10-17 18:27:15.847  1274  1274 I ViewInteraction: Performing 'Wait for at least 100 millis' action on view view.getRootView() to equal view
10-17 18:27:15.949  1274  1274 I ViewInteraction: Performing 'searching for view an instance of android.widget.TextView and view.getText() with or without transformation to match: is "Ranice Desantis" in the root view' action on view view.getRootView() to equal view
10-17 18:27:15.962  1274  1274 I ViewInteraction: Performing 'Wait for at least 100 millis' action on view view.getRootView() to equal view
10-17 18:27:16.064  1274  1274 I ViewInteraction: Performing 'searching for view an instance of android.widget.TextView and view.getText() with or without transformation to match: is "Ranice Desantis" in the root view' action on view view.getRootView() to equal view
10-17 18:27:16.069  1274  1274 I ViewInteraction: Performing 'Wait for at least 100 millis' action on view view.getRootView() to equal view
10-17 18:27:16.170  1274  1274 I ViewInteraction: Performing 'searching for view an instance of android.widget.TextView and view.getText() with or without transformation to match: is "Ranice Desantis" in the root view' action on view view.getRootView() to equal view
10-17 18:27:16.174  1274  1274 I ViewInteraction: Performing 'Wait for at least 100 millis' action on view view.getRootView() to equal view
10-17 18:27:16.280  1274  1274 I ViewInteraction: Performing 'searching for view an instance of android.widget.TextView and view.getText() with or without transformation to match: is "Ranice Desantis" in the root view' action on view view.getRootView() to equal view
10-17 18:27:16.284  1274  1274 I ViewInteraction: Performing 'Wait for at least 100 millis' action on view view.getRootView() to equal view
10-17 18:27:16.388  1274  1274 I ViewInteraction: Performing 'searching for view an instance of android.widget.TextView and view.getText() with or without transformation to match: is "Ranice Desantis" in the root view' action on view view.getRootView() to equal view
10-17 18:27:16.395  1274  1274 I ViewInteraction: Performing 'Wait for at least 100 millis' action on view view.getRootView() to equal view
10-17 18:27:16.497  1274  1274 I ViewInteraction: Performing 'searching for view an instance of android.widget.TextView and view.getText() with or without transformation to match: is "Ranice Desantis" in the root view' action on view view.getRootView() to equal view
10-17 18:27:16.505  1274  1274 I ViewInteraction: Performing 'Wait for at least 100 millis' action on view view.getRootView() to equal view
10-17 18:27:16.606  1274  1274 I ViewInteraction: Performing 'searching for view an instance of android.widget.TextView and view.getText() with or without transformation to match: is "Ranice Desantis" in the root view' action on view view.getRootView() to equal view
10-17 18:27:16.610  1274  1274 I ViewInteraction: Performing 'Wait for at least 100 millis' action on view view.getRootView() to equal view
10-17 18:27:16.712  1274  1274 I ViewInteraction: Performing 'searching for view an instance of android.widget.TextView and view.getText() with or without transformation to match: is "Ranice Desantis" in the root view' action on view view.getRootView() to equal view
10-17 18:27:16.716  1274  1274 I ViewInteraction: Performing 'Wait for at least 100 millis' action on view view.getRootView() to equal view
10-17 18:27:16.818  1274  1274 I ViewInteraction: Performing 'searching for view an instance of android.widget.TextView and view.getText() with or without transformation to match: is "Ranice Desantis" in the root view' action on view view.getRootView() to equal view
10-17 18:27:16.826  1274  1274 I ViewInteraction: Performing 'Wait for at least 100 millis' action on view view.getRootView() to equal view
10-17 18:27:16.932  1274  1274 I ViewInteraction: Performing 'searching for view an instance of android.widget.TextView and view.getText() with or without transformation to match: is "Ranice Desantis" in the root view' action on view view.getRootView() to equal view
10-17 18:27:16.941  1274  1274 I ViewInteraction: Performing 'Wait for at least 100 millis' action on view view.getRootView() to equal view
10-17 18:27:17.044  1274  1274 I ViewInteraction: Performing 'searching for view an instance of android.widget.TextView and view.getText() with or without transformation to match: is "Ranice Desantis" in the root view' action on view view.getRootView() to equal view
10-17 18:27:17.053  1274  1274 I ViewInteraction: Performing 'Wait for at least 100 millis' action on view view.getRootView() to equal view
10-17 18:27:17.161  1274  1274 I ViewInteraction: Performing 'searching for view an instance of android.widget.TextView and view.getText() with or without transformation to match: is "Ranice Desantis" in the root view' action on view view.getRootView() to equal view
10-17 18:27:17.169  1274  1274 I ViewInteraction: Performing 'Wait for at least 100 millis' action on view view.getRootView() to equal view
10-17 18:27:17.273  1274  1274 I ViewInteraction: Performing 'searching for view an instance of android.widget.TextView and view.getText() with or without transformation to match: is "Ranice Desantis" in the root view' action on view view.getRootView() to equal view
10-17 18:27:17.279  1274  1274 I ViewInteraction: Performing 'Wait for at least 100 millis' action on view view.getRootView() to equal view
10-17 18:27:17.411  1274  1274 D LifecycleMonitor: Lifecycle status change: edu.ucsc.cse118.assignment3.MainActivity@95eb67 in: PAUSED
10-17 18:27:17.411  1274  1274 V ActivityScenario: Update currentActivityStage to PAUSED, currentActivity=edu.ucsc.cse118.assignment3.MainActivity@95eb67
10-17 18:27:17.414   565   601 W InputReader: Device virtio_input_multi_touch_2 is associated with display ADISPLAY_ID_NONE.
10-17 18:27:17.414   565   601 W InputReader: Device virtio_input_multi_touch_3 is associated with display ADISPLAY_ID_NONE.
10-17 18:27:17.414   565   601 W InputReader: Device virtio_input_multi_touch_5 is associated with display ADISPLAY_ID_NONE.
10-17 18:27:17.414   565   601 W InputReader: Device virtio_input_multi_touch_7 is associated with display ADISPLAY_ID_NONE.
10-17 18:27:17.414   565   601 W InputReader: Device virtio_input_multi_touch_11 is associated with display ADISPLAY_ID_NONE.
10-17 18:27:17.414   565   601 W InputReader: Device virtio_input_multi_touch_6 is associated with display ADISPLAY_ID_NONE.
10-17 18:27:17.414   565   601 W InputReader: Device virtio_input_multi_touch_4 is associated with display ADISPLAY_ID_NONE.
10-17 18:27:17.414   565   601 W InputReader: Device virtio_input_multi_touch_9 is associated with display ADISPLAY_ID_NONE.
10-17 18:27:17.415   565   601 W InputReader: Device virtio_input_multi_touch_8 is associated with display ADISPLAY_ID_NONE.
10-17 18:27:17.415   565   601 W InputReader: Device virtio_input_multi_touch_10 is associated with display ADISPLAY_ID_NONE.
10-17 18:27:17.418   565   601 W InputReader: Device virtio_input_multi_touch_2 is associated with display ADISPLAY_ID_NONE.
10-17 18:27:17.418   565   601 W InputReader: Device virtio_input_multi_touch_3 is associated with display ADISPLAY_ID_NONE.
10-17 18:27:17.418   565   601 W InputReader: Device virtio_input_multi_touch_5 is associated with display ADISPLAY_ID_NONE.
10-17 18:27:17.418   565   601 W InputReader: Device virtio_input_multi_touch_7 is associated with display ADISPLAY_ID_NONE.
10-17 18:27:17.418   565   601 W InputReader: Device virtio_input_multi_touch_11 is associated with display ADISPLAY_ID_NONE.
10-17 18:27:17.418   565   601 W InputReader: Device virtio_input_multi_touch_6 is associated with display ADISPLAY_ID_NONE.
10-17 18:27:17.418   565   601 W InputReader: Device virtio_input_multi_touch_4 is associated with display ADISPLAY_ID_NONE.
10-17 18:27:17.418   565   601 W InputReader: Device virtio_input_multi_touch_9 is associated with display ADISPLAY_ID_NONE.
10-17 18:27:17.418   565   601 W InputReader: Device virtio_input_multi_touch_8 is associated with display ADISPLAY_ID_NONE.
10-17 18:27:17.418   565   601 W InputReader: Device virtio_input_multi_touch_10 is associated with display ADISPLAY_ID_NONE.
10-17 18:27:17.532  1274  1416 D EGL_emulation: app_time_stats: avg=453.19ms min=10.42ms max=6078.26ms count=15
10-17 18:27:17.556   365   424 D goldfish-address-space: claimShared: Ask to claim region [0x1ec000000 0x1ec9a4000]
10-17 18:27:17.564   365   424 D goldfish-address-space: claimShared: Ask to claim region [0x1ec9a4000 0x1ed348000]
10-17 18:27:17.566   365   424 D goldfish-address-space: claimShared: Ask to claim region [0x1f15fc000 0x1f1fa0000]
10-17 18:27:17.605   565  1908 W InputReader: Device virtio_input_multi_touch_2 is associated with display ADISPLAY_ID_NONE.
10-17 18:27:17.605   565  1908 W InputReader: Device virtio_input_multi_touch_3 is associated with display ADISPLAY_ID_NONE.
10-17 18:27:17.605   565  1908 W InputReader: Device virtio_input_multi_touch_5 is associated with display ADISPLAY_ID_NONE.
10-17 18:27:17.605   565  1908 W InputReader: Device virtio_input_multi_touch_7 is associated with display ADISPLAY_ID_NONE.
10-17 18:27:17.605   565  1908 W InputReader: Device virtio_input_multi_touch_11 is associated with display ADISPLAY_ID_NONE.
10-17 18:27:17.605   565  1908 W InputReader: Device virtio_input_multi_touch_6 is associated with display ADISPLAY_ID_NONE.
10-17 18:27:17.605   565  1908 W InputReader: Device virtio_input_multi_touch_4 is associated with display ADISPLAY_ID_NONE.
10-17 18:27:17.605   565  1908 W InputReader: Device virtio_input_multi_touch_9 is associated with display ADISPLAY_ID_NONE.
10-17 18:27:17.605   565  1908 W InputReader: Device virtio_input_multi_touch_8 is associated with display ADISPLAY_ID_NONE.
10-17 18:27:17.605   565  1908 W InputReader: Device virtio_input_multi_touch_10 is associated with display ADISPLAY_ID_NONE.
10-17 18:27:17.605   565  1908 W InputReader: Device virtio_input_multi_touch_2 is associated with display ADISPLAY_ID_NONE.
10-17 18:27:17.605   565  1908 W InputReader: Device virtio_input_multi_touch_3 is associated with display ADISPLAY_ID_NONE.
10-17 18:27:17.606   565  1908 W InputReader: Device virtio_input_multi_touch_5 is associated with display ADISPLAY_ID_NONE.
10-17 18:27:17.606   565  1908 W InputReader: Device virtio_input_multi_touch_7 is associated with display ADISPLAY_ID_NONE.
10-17 18:27:17.606   565  1908 W InputReader: Device virtio_input_multi_touch_11 is associated with display ADISPLAY_ID_NONE.
10-17 18:27:17.606   565  1908 W InputReader: Device virtio_input_multi_touch_6 is associated with display ADISPLAY_ID_NONE.
10-17 18:27:17.606   565  1908 W InputReader: Device virtio_input_multi_touch_4 is associated with display ADISPLAY_ID_NONE.
10-17 18:27:17.606   565  1908 W InputReader: Device virtio_input_multi_touch_9 is associated with display ADISPLAY_ID_NONE.
10-17 18:27:17.606   565  1908 W InputReader: Device virtio_input_multi_touch_8 is associated with display ADISPLAY_ID_NONE.
10-17 18:27:17.606   565  1908 W InputReader: Device virtio_input_multi_touch_10 is associated with display ADISPLAY_ID_NONE.
10-17 18:27:17.694   365   424 D goldfish-address-space: claimShared: Ask to claim region [0x1f4c58000 0x1f55fc000]
10-17 18:27:17.704   365   424 D goldfish-address-space: claimShared: Ask to claim region [0x1f55fc000 0x1f5fa0000]
10-17 18:27:17.706   365   424 D goldfish-address-space: claimShared: Ask to claim region [0x1f5fa0000 0x1f6944000]
10-17 18:27:17.760   565   606 I ActivityTaskManager: Displayed edu.ucsc.cse118.assignment3.test/androidx.test.core.app.InstrumentationActivityInvoker$EmptyActivity: +206ms
10-17 18:27:17.778   365   424 D goldfish-address-space: claimShared: Ask to claim region [0x1ec9a4000 0x1ecfd0000]
10-17 18:27:17.812   565   679 W InputManager-JNI: Input channel object 'a43bde1 edu.ucsc.cse118.assignment3.test/androidx.test.core.app.InstrumentationActivityInvoker$EmptyActivity (client)' was disposed without first being removed with the input manager!
10-17 18:27:17.844  1274  1274 D LifecycleMonitor: Lifecycle status change: edu.ucsc.cse118.assignment3.MainActivity@95eb67 in: STOPPED
10-17 18:27:17.845  1274  1274 V ActivityScenario: Update currentActivityStage to STOPPED, currentActivity=edu.ucsc.cse118.assignment3.MainActivity@95eb67
10-17 18:27:17.853   565   679 W InputReader: Device virtio_input_multi_touch_2 is associated with display ADISPLAY_ID_NONE.
10-17 18:27:17.854   565   679 W InputReader: Device virtio_input_multi_touch_3 is associated with display ADISPLAY_ID_NONE.
10-17 18:27:17.854   565   679 W InputReader: Device virtio_input_multi_touch_5 is associated with display ADISPLAY_ID_NONE.
10-17 18:27:17.854   565   679 W InputReader: Device virtio_input_multi_touch_7 is associated with display ADISPLAY_ID_NONE.
10-17 18:27:17.854   565   679 W InputReader: Device virtio_input_multi_touch_11 is associated with display ADISPLAY_ID_NONE.
10-17 18:27:17.854   565   679 W InputReader: Device virtio_input_multi_touch_6 is associated with display ADISPLAY_ID_NONE.
10-17 18:27:17.854   565   679 W InputReader: Device virtio_input_multi_touch_4 is associated with display ADISPLAY_ID_NONE.
10-17 18:27:17.855   565   679 W InputReader: Device virtio_input_multi_touch_9 is associated with display ADISPLAY_ID_NONE.
10-17 18:27:17.855   565   679 W InputReader: Device virtio_input_multi_touch_8 is associated with display ADISPLAY_ID_NONE.
10-17 18:27:17.855   565   679 W InputReader: Device virtio_input_multi_touch_10 is associated with display ADISPLAY_ID_NONE.
10-17 18:27:17.858   565   679 W InputReader: Device virtio_input_multi_touch_2 is associated with display ADISPLAY_ID_NONE.
10-17 18:27:17.858   565   679 W InputReader: Device virtio_input_multi_touch_3 is associated with display ADISPLAY_ID_NONE.
10-17 18:27:17.858   565   679 W InputReader: Device virtio_input_multi_touch_5 is associated with display ADISPLAY_ID_NONE.
10-17 18:27:17.858   565   679 W InputReader: Device virtio_input_multi_touch_7 is associated with display ADISPLAY_ID_NONE.
10-17 18:27:17.858   565   679 W InputReader: Device virtio_input_multi_touch_11 is associated with display ADISPLAY_ID_NONE.
10-17 18:27:17.858   565   679 W InputReader: Device virtio_input_multi_touch_6 is associated with display ADISPLAY_ID_NONE.
10-17 18:27:17.858   565   679 W InputReader: Device virtio_input_multi_touch_4 is associated with display ADISPLAY_ID_NONE.
10-17 18:27:17.858   565   679 W InputReader: Device virtio_input_multi_touch_9 is associated with display ADISPLAY_ID_NONE.
10-17 18:27:17.859   565   679 W InputReader: Device virtio_input_multi_touch_8 is associated with display ADISPLAY_ID_NONE.
10-17 18:27:17.859   565   679 W InputReader: Device virtio_input_multi_touch_10 is associated with display ADISPLAY_ID_NONE.
10-17 18:27:17.857  1274  1274 D AutofillManager: onActivityFinishing(): calling cancelLocked()
10-17 18:27:17.899 16906 16906 I A       : onApplyWindowInsets: systemWindowInsets=Insets{left=0, top=66, right=0, bottom=44}
10-17 18:27:17.899 16906 16906 I A       : onApplyWindowInsets: systemWindowInsets=Insets{left=0, top=66, right=0, bottom=44}
10-17 18:27:17.900   365   424 D goldfish-address-space: claimShared: Ask to claim region [0x1ec000000 0x1ec9a4000]
10-17 18:27:17.907  1274  1274 D LifecycleMonitor: Lifecycle status change: edu.ucsc.cse118.assignment3.MainActivity@95eb67 in: DESTROYED
10-17 18:27:17.907  1274  1274 V ActivityScenario: Update currentActivityStage to DESTROYED, currentActivity=null
10-17 18:27:17.908  1274  1317 E TestRunner: failed: construction_channel_framing_message_ranice(edu.ucsc.cse118.assignment3.BasicTest)
10-17 18:27:17.908  1274  1317 E TestRunner: ----- begin exception -----
10-17 18:27:17.911  1274  1317 E TestRunner: androidx.test.espresso.NoMatchingViewException: No views in hierarchy found matching: an instance of android.widget.TextView and view.getText() with or without transformation to match: is "Ranice Desantis"
10-17 18:27:17.911  1274  1317 E TestRunner:
10-17 18:27:17.911  1274  1317 E TestRunner: View Hierarchy:
