10-17 18:26:55.127  1274  1317 I TestRunner: started: fab_type_new_message(edu.ucsc.cse118.assignment3.AdvancedTest)
10-17 18:26:55.130   365   424 D goldfish-address-space: claimShared: Ask to claim region [0x1f0000000 0x1f09a4000]
10-17 18:26:55.134  1694  1694 I GsaVoiceInteractionSrv: Handling ACTION_START_HOTWORD
10-17 18:26:55.134  1694  1694 I GsaVoiceInteractionSrv: disregardVoiceMatch: false
10-17 18:26:55.134  1694  1694 I GsaVoiceInteractionSrv: Cannot start hotword, hotword has been explicitly disabled.
10-17 18:26:55.136   365   424 D goldfish-address-space: claimShared: Ask to claim region [0x1f2318000 0x1f2cbc000]
10-17 18:26:55.137   365   424 D goldfish-address-space: claimShared: Ask to claim region [0x1f6944000 0x1f72e8000]
10-17 18:26:55.141  1274  1317 W Settings: Setting always_finish_activities has moved from android.provider.Settings.System to android.provider.Settings.Global, returning read-only value.
10-17 18:26:55.146 16906 16906 I A       : onApplyWindowInsets: systemWindowInsets=Insets{left=0, top=66, right=0, bottom=44}
10-17 18:26:55.147 16906 16906 I A       : onApplyWindowInsets: systemWindowInsets=Insets{left=0, top=66, right=0, bottom=44}
10-17 18:26:55.165   565  1415 W InputReader: Device virtio_input_multi_touch_2 is associated with display ADISPLAY_ID_NONE.
10-17 18:26:55.165   565  1415 W InputReader: Device virtio_input_multi_touch_3 is associated with display ADISPLAY_ID_NONE.
10-17 18:26:55.165   565  1415 W InputReader: Device virtio_input_multi_touch_5 is associated with display ADISPLAY_ID_NONE.
10-17 18:26:55.165   565  1415 W InputReader: Device virtio_input_multi_touch_7 is associated with display ADISPLAY_ID_NONE.
10-17 18:26:55.165   565  1415 W InputReader: Device virtio_input_multi_touch_11 is associated with display ADISPLAY_ID_NONE.
10-17 18:26:55.165   565  1415 W InputReader: Device virtio_input_multi_touch_6 is associated with display ADISPLAY_ID_NONE.
10-17 18:26:55.165   565  1415 W InputReader: Device virtio_input_multi_touch_4 is associated with display ADISPLAY_ID_NONE.
10-17 18:26:55.165   565  1415 W InputReader: Device virtio_input_multi_touch_9 is associated with display ADISPLAY_ID_NONE.
10-17 18:26:55.165   565  1415 W InputReader: Device virtio_input_multi_touch_8 is associated with display ADISPLAY_ID_NONE.
10-17 18:26:55.165   565  1415 W InputReader: Device virtio_input_multi_touch_10 is associated with display ADISPLAY_ID_NONE.
10-17 18:26:55.166   565  1415 W InputReader: Device virtio_input_multi_touch_2 is associated with display ADISPLAY_ID_NONE.
10-17 18:26:55.166   565  1415 W InputReader: Device virtio_input_multi_touch_3 is associated with display ADISPLAY_ID_NONE.
10-17 18:26:55.166   565  1415 W InputReader: Device virtio_input_multi_touch_5 is associated with display ADISPLAY_ID_NONE.
10-17 18:26:55.166   565  1415 W InputReader: Device virtio_input_multi_touch_7 is associated with display ADISPLAY_ID_NONE.
10-17 18:26:55.166   565  1415 W InputReader: Device virtio_input_multi_touch_11 is associated with display ADISPLAY_ID_NONE.
10-17 18:26:55.166   565  1415 W InputReader: Device virtio_input_multi_touch_6 is associated with display ADISPLAY_ID_NONE.
10-17 18:26:55.166   565  1415 W InputReader: Device virtio_input_multi_touch_4 is associated with display ADISPLAY_ID_NONE.
10-17 18:26:55.166   565  1415 W InputReader: Device virtio_input_multi_touch_9 is associated with display ADISPLAY_ID_NONE.
10-17 18:26:55.166   565  1415 W InputReader: Device virtio_input_multi_touch_8 is associated with display ADISPLAY_ID_NONE.
10-17 18:26:55.166   565  1415 W InputReader: Device virtio_input_multi_touch_10 is associated with display ADISPLAY_ID_NONE.
10-17 18:26:55.169   863   942 D SplashScreenView: Build android.window.SplashScreenView{7e306d5 V.E...... ......ID 0,0-0,0}
10-17 18:26:55.169   863   942 D SplashScreenView: Icon: view: null drawable: null size: 0
10-17 18:26:55.169   863   942 D SplashScreenView: Branding: view: android.view.View{57cfeea G.ED..... ......I. 0,0-0,0 #10204a9 android:id/splashscreen_branding_view} drawable: null size w: 0 h: 0
10-17 18:26:55.184   365   424 D goldfish-address-space: claimShared: Ask to claim region [0x1fa85c000 0x1fb200000]
10-17 18:26:55.185   365   424 D goldfish-address-space: claimShared: Ask to claim region [0x1fb200000 0x1fbba4000]
10-17 18:26:55.187   365   424 D goldfish-address-space: claimShared: Ask to claim region [0x1f8000000 0x1f89a4000]
10-17 18:26:55.188  1694  1694 I GsaVoiceInteractionSrv: Handling ACTION_STOP_HOTWORD
10-17 18:26:55.194  1694  1694 E HwDetectorWithState: a: 3
10-17 18:26:55.219   565  2031 W InputReader: Device virtio_input_multi_touch_2 is associated with display ADISPLAY_ID_NONE.
10-17 18:26:55.219   565  2031 W InputReader: Device virtio_input_multi_touch_3 is associated with display ADISPLAY_ID_NONE.
10-17 18:26:55.219   565  2031 W InputReader: Device virtio_input_multi_touch_5 is associated with display ADISPLAY_ID_NONE.
10-17 18:26:55.219   565  2031 W InputReader: Device virtio_input_multi_touch_7 is associated with display ADISPLAY_ID_NONE.
10-17 18:26:55.219   565  2031 W InputReader: Device virtio_input_multi_touch_11 is associated with display ADISPLAY_ID_NONE.
10-17 18:26:55.219   565  2031 W InputReader: Device virtio_input_multi_touch_6 is associated with display ADISPLAY_ID_NONE.
10-17 18:26:55.219   565  2031 W InputReader: Device virtio_input_multi_touch_4 is associated with display ADISPLAY_ID_NONE.
10-17 18:26:55.219   565  2031 W InputReader: Device virtio_input_multi_touch_9 is associated with display ADISPLAY_ID_NONE.
10-17 18:26:55.219   565  2031 W InputReader: Device virtio_input_multi_touch_8 is associated with display ADISPLAY_ID_NONE.
10-17 18:26:55.219   565  2031 W InputReader: Device virtio_input_multi_touch_10 is associated with display ADISPLAY_ID_NONE.
10-17 18:26:55.219   565  2031 W InputReader: Device virtio_input_multi_touch_2 is associated with display ADISPLAY_ID_NONE.
10-17 18:26:55.219   565  2031 W InputReader: Device virtio_input_multi_touch_3 is associated with display ADISPLAY_ID_NONE.
10-17 18:26:55.219   565  2031 W InputReader: Device virtio_input_multi_touch_5 is associated with display ADISPLAY_ID_NONE.
10-17 18:26:55.220   565  2031 W InputReader: Device virtio_input_multi_touch_7 is associated with display ADISPLAY_ID_NONE.
10-17 18:26:55.220   565  2031 W InputReader: Device virtio_input_multi_touch_11 is associated with display ADISPLAY_ID_NONE.
10-17 18:26:55.220   565  2031 W InputReader: Device virtio_input_multi_touch_6 is associated with display ADISPLAY_ID_NONE.
10-17 18:26:55.220   565  2031 W InputReader: Device virtio_input_multi_touch_4 is associated with display ADISPLAY_ID_NONE.
10-17 18:26:55.220   565  2031 W InputReader: Device virtio_input_multi_touch_9 is associated with display ADISPLAY_ID_NONE.
10-17 18:26:55.220   565  2031 W InputReader: Device virtio_input_multi_touch_8 is associated with display ADISPLAY_ID_NONE.
10-17 18:26:55.220   565  2031 W InputReader: Device virtio_input_multi_touch_10 is associated with display ADISPLAY_ID_NONE.
10-17 18:26:55.227  1274  1274 D LifecycleMonitor: Lifecycle status change: edu.ucsc.cse118.assignment3.MainActivity@1f712a2 in: PRE_ON_CREATE
10-17 18:26:55.227  1274  1274 V ActivityScenario: Activity lifecycle changed event received but ignored because the reported transition was not ON_CREATE while the last known transition was PRE_ON_CREATE
10-17 18:26:55.242  1274  1274 D LifecycleMonitor: Lifecycle status change: edu.ucsc.cse118.assignment3.MainActivity@1f712a2 in: CREATED
10-17 18:26:55.242  1274  1274 V ActivityScenario: Update currentActivityStage to CREATED, currentActivity=edu.ucsc.cse118.assignment3.MainActivity@1f712a2
10-17 18:26:55.247  1570  1570 I DeviceUnlockedTag: DeviceUnlockedTag.notifyDeviceLockStatusChanged():79 Notify device unlocked.
10-17 18:26:55.257  1274  1274 D LifecycleMonitor: Lifecycle status change: edu.ucsc.cse118.assignment3.MainActivity@1f712a2 in: STARTED
10-17 18:26:55.257  1274  1274 V ActivityScenario: Update currentActivityStage to STARTED, currentActivity=edu.ucsc.cse118.assignment3.MainActivity@1f712a2
10-17 18:26:55.257  1274  1274 D LifecycleMonitor: Lifecycle status change: edu.ucsc.cse118.assignment3.MainActivity@1f712a2 in: RESUMED
10-17 18:26:55.257  1274  1274 V ActivityScenario: Update currentActivityStage to RESUMED, currentActivity=edu.ucsc.cse118.assignment3.MainActivity@1f712a2
10-17 18:26:55.269   365   424 D goldfish-address-space: claimShared: Ask to claim region [0x1ee580000 0x1eef24000]
10-17 18:26:55.271   365   424 D goldfish-address-space: claimShared: Ask to claim region [0x1f0000000 0x1f09a4000]
10-17 18:26:55.272   365   424 D goldfish-address-space: claimShared: Ask to claim region [0x1f0fd0000 0x1f1974000]
10-17 18:26:55.284   565   606 I ActivityTaskManager: Displayed edu.ucsc.cse118.assignment3/.MainActivity: +137ms
10-17 18:26:55.286  1274  1274 D RootViewPicker: Root not ready - waiting: 10ms for one to appear.
10-17 18:26:55.289   565   679 W InputManager-JNI: Input channel object '1b7c6eb edu.ucsc.cse118.assignment3.test/androidx.test.core.app.InstrumentationActivityInvoker$EmptyActivity (client)' was disposed without first being removed with the input manager!
10-17 18:26:55.297  1274  1274 D RootViewPicker: Root not ready - waiting: 25ms for one to appear.
10-17 18:26:55.300   565  2031 W InputManager-JNI: Input channel object '4dd9689 Splash Screen edu.ucsc.cse118.assignment3.test (client)' was disposed without first being removed with the input manager!
10-17 18:26:55.304  1570  1570 I GoogleInputMethodService: GoogleInputMethodService.onFinishInputView():2291
10-17 18:26:55.305  1570  1570 W TooltipLifecycleManager: TooltipLifecycleManager.dismissTooltips():157 Tooltip with id spell_check_add_to_dictionary not found in tooltipManager.
10-17 18:26:55.306  1570  1570 I InputBundle: InputBundle.consumeEvent():920 Skip consuming an event as keyboard status is 0
10-17 18:26:55.306  1570  1570 I KeyboardWrapper: KeyboardWrapper.consumeEvent():284 Skip consuming an event as current keyboard is deactivated (state=0, keyboard existence=true)
10-17 18:26:55.306  1570  1570 I VoiceInputManagerWrapper: VoiceInputManagerWrapper.shutdown():77 shutdown()
10-17 18:26:55.307  1570  1570 I DeviceUnlockedTag: DeviceUnlockedTag.notifyDeviceLockStatusChanged():79 Notify device unlocked.
10-17 18:26:55.308  1570  1570 I AndroidIME: AbstractIme.onDeactivate():207 LatinIme.onDeactivate()
10-17 18:26:55.310  1570  1570 I GoogleInputMethodService: GoogleInputMethodService.onFinishInput():3269
10-17 18:26:55.310  1570  1570 I GoogleInputMethodService: GoogleInputMethodService.onStartInput():1947
10-17 18:26:55.310  1570  1570 I DeviceUnlockedTag: DeviceUnlockedTag.notifyDeviceLockStatusChanged():79 Notify device unlocked.
10-17 18:26:55.318   863   945 D EGL_emulation: app_time_stats: avg=500.06ms min=14.84ms max=985.28ms count=2
10-17 18:26:55.325  1570  2142 D EGL_emulation: app_time_stats: avg=507.79ms min=8.12ms max=1007.45ms count=2
10-17 18:26:55.326  1570  1570 I ShortcutsDataManager: AbstractContentDataManager.startImportContentTask():235 startImportContentTask()
10-17 18:26:55.326  1570  2090 I ShortcutsDataManager: AbstractContentDataManager$ImportContentTask.doInBackground():249 doInBackground()
10-17 18:26:55.327  1570  2090 I PersonalDictionaryDataHandler: PersonalDictionaryDataHandler.beginProcess():111 LanguageTags = [en-US]
10-17 18:26:55.332  1274  1274 I ViewInteraction: Performing 'type text(molly@cse118.com)' action on view ((view has effective visibility <VISIBLE> and view.getGlobalVisibleRect() to return non-empty rectangle) and ((view.getId() is <2131230905/edu.ucsc.cse118.assignment3:id/email> and is assignable from class <class android.widget.EditText>) or (is descendant of a view matching view.getId() is <2131230905/edu.ucsc.cse118.assignment3:id/email> and is assignable from class <class android.widget.EditText>)))
10-17 18:26:55.337  1166  1166 D TaplEvents: TIS / TouchInteractionService.onInputEvent: MotionEvent { action=ACTION_DOWN, actionButton=0, id[0]=0, x[0]=539.5, y[0]=782.5, toolType[0]=TOOL_TYPE_UNKNOWN, buttonState=BUTTON_PRIMARY, classification=NONE, metaState=0, flags=0x0, edgeFlags=0x0, pointerCount=1, historySize=0, eventTime=56077618, downTime=56077618, deviceId=-1, source=0x1002, displayId=0, eventId=-737129543 }
10-17 18:26:55.339  1570  2090 I ShortcutsDataManager: AbstractContentDataManager.importRecords():339 importRecords() : Success : Count = 0
10-17 18:26:55.341  1570  2090 I ShortcutsDataManager: AbstractContentDataManager.importContentData():289 importContentData() : Ending import process
10-17 18:26:55.346  1570  2090 I PersonalLanguageModelUpdater: PersonalLanguageModelUpdater$UpdateOperation.performInternal():160 run() : Added 0 words and 0 shortcuts
10-17 18:26:55.346  1570  2090 I DynamicLanguageModelOperation: DynamicLanguageModelOperation.perform():38 perform() : 4 : csf : Completed
10-17 18:26:55.347  1570  1570 I ShortcutsDataManager: AbstractContentDataManager$ImportContentTask.onPostExecute():260 onPostExecute() : Result = [2,0]
10-17 18:26:55.347  1570  1570 I ShortcutsDataManager: ShortcutsDataManager.onImportFinished():80 onImportFinished() : Result = 2 : Count = 0
10-17 18:26:55.374  1166  1166 D TaplEvents: TIS / TouchInteractionService.onInputEvent: MotionEvent { action=ACTION_UP, actionButton=0, id[0]=0, x[0]=539.5, y[0]=782.5, toolType[0]=TOOL_TYPE_FINGER, buttonState=BUTTON_PRIMARY, classification=NONE, metaState=0, flags=0x0, edgeFlags=0x0, pointerCount=1, historySize=0, eventTime=56077659, downTime=56077618, deviceId=-1, source=0x1002, displayId=0, eventId=-768788553 }
10-17 18:26:55.377  1570  1570 I GoogleInputMethodService: GoogleInputMethodService.onFinishInput():3269
10-17 18:26:55.377  1274  1274 D InputMethodManager: showSoftInput() view=androidx.appcompat.widget.AppCompatEditText{1443b46 VFED..CL. .F.P..ID 196,501-884,625 #7f0800b9 app:id/email aid=1073741824} flags=0 reason=SHOW_SOFT_INPUT
10-17 18:26:55.381  1570  1570 I GoogleInputMethodService: GoogleInputMethodService.onStartInput():1947
10-17 18:26:55.381  1570  1570 I DeviceUnlockedTag: DeviceUnlockedTag.notifyDeviceLockStatusChanged():79 Notify device unlocked.
10-17 18:26:55.382  1570  1570 I GoogleInputMethodService: GoogleInputMethodService.onStartInputView():2057
10-17 18:26:55.382  1570  1570 I DeviceUnlockedTag: DeviceUnlockedTag.notifyDeviceLockStatusChanged():79 Notify device unlocked.
10-17 18:26:55.382  1570  1570 I DeviceUnlockedTag: DeviceUnlockedTag.notifyDeviceLockStatusChanged():79 Notify device unlocked.
10-17 18:26:55.383  1570  1570 I KeyboardViewUtil: KeyboardViewUtil.getKeyboardHeightRatio():168 systemKeyboardHeightRatio:1.000000; userKeyboardHeightRatio:1.000000.
10-17 18:26:55.383  1570  1570 I DeviceUnlockedTag: DeviceUnlockedTag.notifyDeviceLockStatusChanged():79 Notify device unlocked.
10-17 18:26:55.383  1570  1570 I AndroidIME: AbstractIme.onActivate():86 LatinIme.onActivate() : EditorInfo = inputType=Email imeActionName=NEXT dump=[inputType=0x21 imeOptions=0x8000005 privateImeOptions=null actionLabel=null actionId=0 initialSelStart=0 initialSelEnd=0 initialCapsMode=0x0 hintText=Email label=null packageName=edu.ucsc.cse118.assignment3 autofillId=1073741824 fieldId=2131230905 fieldName=null extras=Bundle[{android.support.text.emoji.emojiCompat_metadataVersion=7, android.support.text.emoji.emojiCompat_replaceAll=false}] hintLocales=null contentMimeTypes=null ], IncognitoMode = false, DeviceLocked = false
10-17 18:26:55.384  1570  1570 I DeviceUnlockedTag: DeviceUnlockedTag.notifyDeviceLockStatusChanged():79 Notify device unlocked.
10-17 18:26:55.384  1570  1570 I Delight5Facilitator: Delight5Facilitator.initializeForIme():769 initializeForIme() : Locale = [en_US], layout = qwerty
10-17 18:26:55.384  1570  1570 I Delight5Facilitator: Delight5Facilitator.resetDecoder():925 resetDecoder() : Locale = [en_US]
10-17 18:26:55.385  1570  1570 E UserFeatureCache: UserFeatureCache.getStore():468 Wrong feature id provided PERSONALIZED_FST_MODEL_PARAMS for protobuf lab.
10-17 18:26:55.385  1570  1570 E InputContextLock: InputContextLock.mayLockAndRun():126 Failed to run
10-17 18:26:55.385  1570  1570 E InputContextLock: java.lang.NullPointerException: Attempt to invoke virtual method 'java.lang.Class java.lang.Object.getClass()' on a null object reference
10-17 18:26:55.385  1570  1570 E InputContextLock: 	at com.google.android.libraries.inputmethod.userfeaturecache.UserFeatureCache.c(PG:8)
10-17 18:26:55.385  1570  1570 E InputContextLock: 	at com.google.android.apps.inputmethod.libs.delight5.Delight5Facilitator.K(PG:131)
10-17 18:26:55.385  1570  1570 E InputContextLock: 	at cng.call(Unknown Source:4)
10-17 18:26:55.385  1570  1570 E InputContextLock: 	at con.a(PG:6)
10-17 18:26:55.385  1570  1570 E InputContextLock: 	at com.google.android.apps.inputmethod.libs.delight5.Delight5Facilitator.G(PG:37)
10-17 18:26:55.385  1570  1570 E InputContextLock: 	at com.google.android.apps.inputmethod.libs.latin5.LatinIme.h(PG:17)
10-17 18:26:55.385  1570  1570 E InputContextLock: 	at jlx.g(PG:6)
10-17 18:26:55.385  1570  1570 E InputContextLock: 	at jlx.m(PG:2)
10-17 18:26:55.385  1570  1570 E InputContextLock: 	at dww.u(PG:18)
10-17 18:26:55.385  1570  1570 E InputContextLock: 	at com.android.inputmethod.latin.LatinIME.u(PG:104)
10-17 18:26:55.385  1570  1570 E InputContextLock: 	at dww.onStartInputView(PG:29)
10-17 18:26:55.385  1570  1570 E InputContextLock: 	at android.inputmethodservice.InputMethodService.startViews(InputMethodService.java:2291)
10-17 18:26:55.385  1570  1570 E InputContextLock: 	at android.inputmethodservice.InputMethodService.showWindow(InputMethodService.java:2237)
10-17 18:26:55.385  1570  1570 E InputContextLock: 	at android.inputmethodservice.InputMethodService$InputMethodImpl.showSoftInput(InputMethodService.java:808)
10-17 18:26:55.385  1570  1570 E InputContextLock: 	at android.inputmethodservice.InputMethodService$InputMethodImpl.showSoftInputWithToken(InputMethodService.java:782)
10-17 18:26:55.385  1570  1570 E InputContextLock: 	at android.inputmethodservice.IInputMethodWrapper.executeMessage(IInputMethodWrapper.java:225)
10-17 18:26:55.385  1570  1570 E InputContextLock: 	at com.android.internal.os.HandlerCaller$MyHandler.handleMessage(HandlerCaller.java:44)
10-17 18:26:55.385  1570  1570 E InputContextLock: 	at android.os.Handler.dispatchMessage(Handler.java:106)
10-17 18:26:55.385  1570  1570 E InputContextLock: 	at android.os.Looper.loopOnce(Looper.java:201)
10-17 18:26:55.385  1570  1570 E InputContextLock: 	at android.os.Looper.loop(Looper.java:288)
10-17 18:26:55.385  1570  1570 E InputContextLock: 	at android.app.ActivityThread.main(ActivityThread.java:7842)
10-17 18:26:55.385  1570  1570 E InputContextLock: 	at java.lang.reflect.Method.invoke(Native Method)
10-17 18:26:55.385  1570  1570 E InputContextLock: 	at com.android.internal.os.RuntimeInit$MethodAndArgsCaller.run(RuntimeInit.java:548)
10-17 18:26:55.385  1570  1570 E InputContextLock: 	at com.android.internal.os.ZygoteInit.main(ZygoteInit.java:1003)
10-17 18:26:55.385  1570  1570 I VoiceInputManagerWrapper: VoiceInputManagerWrapper.cancelShutdown():55 cancelShutdown()
10-17 18:26:55.385  1570  1570 I VoiceInputManagerWrapper: VoiceInputManagerWrapper.syncLanguagePacks():67 syncLanguagePacks()
10-17 18:26:55.386  1570  7663 I SpeechFactory: SpeechRecognitionFactory.maybeScheduleAutoPackDownloadForFallback():184 maybeScheduleAutoPackDownloadForFallback()
10-17 18:26:55.386  1570  7663 I FallbackOnDeviceRecognitionProvider: FallbackOnDeviceRecognitionProvider.maybeScheduleAutoPackDownload():196 maybeScheduleAutoPackDownload() for language tag en-US
10-17 18:26:55.386  1570  1570 I LatinIme: LatinIme.updateEnableInlineSuggestionsOnDecoderSideFlags():1264 inline flag updated to:false
10-17 18:26:55.387  1570  1570 W Delight5Decoder: Decoder.setRuntimeParams():372 setRuntimeParams() : Native lib is not ready.
10-17 18:26:55.387  1570  1570 I KeyboardWrapper: KeyboardWrapper.consumeEvent():284 Skip consuming an event as current keyboard is deactivated (state=0, keyboard existence=true)
10-17 18:26:55.389  1570  1570 I DeviceUnlockedTag: DeviceUnlockedTag.notifyDeviceLockStatusChanged():79 Notify device unlocked.
10-17 18:26:55.389  1570  1570 I DeviceUnlockedTag: DeviceUnlockedTag.notifyDeviceLockStatusChanged():79 Notify device unlocked.
10-17 18:26:55.389  1570  1570 I DeviceUnlockedTag: DeviceUnlockedTag.notifyDeviceLockStatusChanged():79 Notify device unlocked.
10-17 18:26:55.389  1570  1570 I DeviceUnlockedTag: DeviceUnlockedTag.notifyDeviceLockStatusChanged():79 Notify device unlocked.
10-17 18:26:55.389  1570  1570 I DeviceUnlockedTag: DeviceUnlockedTag.notifyDeviceLockStatusChanged():79 Notify device unlocked.
10-17 18:26:55.389  1570  1570 I DeviceUnlockedTag: DeviceUnlockedTag.notifyDeviceLockStatusChanged():79 Notify device unlocked.
10-17 18:26:55.389  1274  1274 I AssistStructure: Flattened final assist data: 1940 bytes, containing 1 windows, 12 views
10-17 18:26:55.389  1570  1570 I DeviceUnlockedTag: DeviceUnlockedTag.notifyDeviceLockStatusChanged():79 Notify device unlocked.
10-17 18:26:55.390  1570  1570 I KeyboardViewUtil: KeyboardViewUtil.calculateMaxKeyboardBodyHeight():53 leave 344 height for app when screen height:2208, header height:121 and isFullscreenMode:false, so the max keyboard body height is:1743
10-17 18:26:55.390  1570  1570 I DeviceUnlockedTag: DeviceUnlockedTag.notifyDeviceLockStatusChanged():79 Notify device unlocked.
10-17 18:26:55.390  1570  1570 I DeviceUnlockedTag: DeviceUnlockedTag.notifyDeviceLockStatusChanged():79 Notify device unlocked.
10-17 18:26:55.390  1570  1570 I DeviceUnlockedTag: DeviceUnlockedTag.notifyDeviceLockStatusChanged():79 Notify device unlocked.
10-17 18:26:55.391  1570  1570 I DeviceUnlockedTag: DeviceUnlockedTag.notifyDeviceLockStatusChanged():79 Notify device unlocked.
10-17 18:26:55.391  1570  1570 I DeviceModeUtil: DeviceModeUtil.getDeviceMode():96 Get device mode phone by ui mode:1 and smallestScreenWidthDp:392
10-17 18:26:55.391  1570  1570 I DeviceUnlockedTag: DeviceUnlockedTag.notifyDeviceLockStatusChanged():79 Notify device unlocked.
10-17 18:26:55.392  1570  1570 I NormalModeController: NormalModeController.getKeyboardBodyViewHolderPaddingBottom():111 currentPrimeKeyboardType:SOFT systemPaddingBottom:-1
10-17 18:26:55.393  1570  1570 I KeyboardViewUtil: KeyboardViewUtil.calculateMaxKeyboardBodyHeight():53 leave 344 height for app when screen height:2208, header height:121 and isFullscreenMode:false, so the max keyboard body height is:1743
10-17 18:26:55.393  1570  1570 E LatinPrimeKeyboard: LatinPrimeKeyboard.updateCurrentImeLocales():414 consumeEvent: UPDATE_CURRENT_IME_LOCALES, Illegal argument
10-17 18:26:55.393  1570  1570 I NormalModeController: NormalModeController.getKeyboardBodyViewHolderPaddingBottom():111 currentPrimeKeyboardType:SOFT systemPaddingBottom:-1
10-17 18:26:55.393  1570  1570 I NormalModeController: NormalModeController.getKeyboardBodyViewHolderPaddingBottom():111 currentPrimeKeyboardType:SOFT systemPaddingBottom:-1
10-17 18:26:55.394  1570  1570 I DeviceUnlockedTag: DeviceUnlockedTag.notifyDeviceLockStatusChanged():79 Notify device unlocked.
10-17 18:26:55.394  1570  1570 I DeviceUnlockedTag: DeviceUnlockedTag.notifyDeviceLockStatusChanged():79 Notify device unlocked.
10-17 18:26:55.394  1570  1570 I DeviceUnlockedTag: DeviceUnlockedTag.notifyDeviceLockStatusChanged():79 Notify device unlocked.
10-17 18:26:55.394  1570  1570 I DeviceUnlockedTag: DeviceUnlockedTag.notifyDeviceLockStatusChanged():79 Notify device unlocked.
10-17 18:26:55.394  1570  1570 I DeviceUnlockedTag: DeviceUnlockedTag.notifyDeviceLockStatusChanged():79 Notify device unlocked.
10-17 18:26:55.395  1570  1570 I DeviceUnlockedTag: DeviceUnlockedTag.notifyDeviceLockStatusChanged():79 Notify device unlocked.
10-17 18:26:55.395  1570  1570 I DeviceUnlockedTag: DeviceUnlockedTag.notifyDeviceLockStatusChanged():79 Notify device unlocked.
10-17 18:26:55.395  1570  1570 I CurrentMicStatusHolder: CurrentMicStatusHolder.onStartInputView():79 Current Mic status = {MicIconHidden-EmailInputType,}
10-17 18:26:55.395  1570  1570 I VoiceImeExtension: VoiceImeExtension.shouldStartVoiceInputAutomatically():364 No private IME option set to start voice input.
10-17 18:26:55.395  1570  1570 I DeviceUnlockedTag: DeviceUnlockedTag.notifyDeviceLockStatusChanged():79 Notify device unlocked.
10-17 18:26:55.395  1570  1570 I DeviceUnlockedTag: DeviceUnlockedTag.notifyDeviceLockStatusChanged():79 Notify device unlocked.
10-17 18:26:55.395  1570  1570 I DeviceUnlockedTag: DeviceUnlockedTag.notifyDeviceLockStatusChanged():79 Notify device unlocked.
10-17 18:26:55.395  1570  1570 I DeviceUnlockedTag: DeviceUnlockedTag.notifyDeviceLockStatusChanged():79 Notify device unlocked.
10-17 18:26:55.396  1570  1570 I DeviceUnlockedTag: DeviceUnlockedTag.notifyDeviceLockStatusChanged():79 Notify device unlocked.
10-17 18:26:55.396  1570  1570 I DeviceUnlockedTag: DeviceUnlockedTag.notifyDeviceLockStatusChanged():79 Notify device unlocked.
10-17 18:26:55.396  1271  1271 W ngj     : Pending fill request while another request in the same session was triggered. [CONTEXT service_id=177 ]
10-17 18:26:55.406  1274  1274 D InsetsController: show(ime(), fromIme=true)
10-17 18:26:55.411  1580  1580 V InlineSuggestionRenderService: handleDestroySuggestionViews called for 0:1394592265
10-17 18:26:55.416  1389  1389 D BoundBrokerSvc: onBind: Intent { act=com.google.android.gms.common.BIND_SHARED_PREFS pkg=com.google.android.gms }
10-17 18:26:55.416  1389  1389 D BoundBrokerSvc: Loading bound service for intent: Intent { act=com.google.android.gms.common.BIND_SHARED_PREFS pkg=com.google.android.gms }
10-17 18:26:55.417  1389  1389 D BoundBrokerSvc: onUnbind: Intent { act=com.google.android.gms.common.BIND_SHARED_PREFS pkg=com.google.android.gms }
10-17 18:26:55.419  1389  1389 D BoundBrokerSvc: onBind: Intent { act=com.google.android.gms.common.BIND_SHARED_PREFS pkg=com.google.android.gms }
10-17 18:26:55.419  1389  1389 D BoundBrokerSvc: Loading bound service for intent: Intent { act=com.google.android.gms.common.BIND_SHARED_PREFS pkg=com.google.android.gms }
10-17 18:26:55.419  1389  1389 D BoundBrokerSvc: onUnbind: Intent { act=com.google.android.gms.common.BIND_SHARED_PREFS pkg=com.google.android.gms }
10-17 18:26:55.591  1570  1570 W SpellCheckerExtension: SpellCheckerExtension.consumeEvent():156 SPELL_CHECK_SUGGESTIONS received with bad key data.
10-17 18:26:55.591  1570  1570 W TooltipLifecycleManager: TooltipLifecycleManager.dismissTooltips():157 Tooltip with id spell_check_add_to_dictionary not found in tooltipManager.
10-17 18:26:55.618  1274  1274 D UiControllerImpl: Injecting string: "molly@cse118.com"
10-17 18:26:55.918  1274  1274 I ViewInteraction: Performing 'type text(molly)' action on view ((view has effective visibility <VISIBLE> and view.getGlobalVisibleRect() to return non-empty rectangle) and ((view.getId() is <2131231065/edu.ucsc.cse118.assignment3:id/password> and is assignable from class <class android.widget.EditText>) or (is descendant of a view matching view.getId() is <2131231065/edu.ucsc.cse118.assignment3:id/password> and is assignable from class <class android.widget.EditText>)))
10-17 18:26:55.920  1166  1166 D TaplEvents: TIS / TouchInteractionService.onInputEvent: MotionEvent { action=ACTION_DOWN, actionButton=0, id[0]=0, x[0]=539.5, y[0]=928.5, toolType[0]=TOOL_TYPE_UNKNOWN, buttonState=BUTTON_PRIMARY, classification=NONE, metaState=0, flags=0x0, edgeFlags=0x0, pointerCount=1, historySize=0, eventTime=56078205, downTime=56078205, deviceId=-1, source=0x1002, displayId=0, eventId=-95552006 }
10-17 18:26:55.962  1166  1166 D TaplEvents: TIS / TouchInteractionService.onInputEvent: MotionEvent { action=ACTION_UP, actionButton=0, id[0]=0, x[0]=539.5, y[0]=928.5, toolType[0]=TOOL_TYPE_FINGER, buttonState=BUTTON_PRIMARY, classification=NONE, metaState=0, flags=0x0, edgeFlags=0x0, pointerCount=1, historySize=0, eventTime=56078247, downTime=56078205, deviceId=-1, source=0x1002, displayId=0, eventId=-612830477 }
10-17 18:26:55.964  1570  1570 I GoogleInputMethodService: GoogleInputMethodService.onFinishInputView():2291
10-17 18:26:55.964  1274  1274 D InputMethodManager: showSoftInput() view=androidx.appcompat.widget.AppCompatEditText{240c107 VFED..CL. .F.P..ID 196,647-884,771 #7f080159 app:id/password aid=1073741825} flags=0 reason=SHOW_SOFT_INPUT
10-17 18:26:55.964  1570  1570 W TooltipLifecycleManager: TooltipLifecycleManager.dismissTooltips():157 Tooltip with id spell_check_add_to_dictionary not found in tooltipManager.
10-17 18:26:55.965  1570  1570 I InputBundle: InputBundle.consumeEvent():920 Skip consuming an event as keyboard status is 0
10-17 18:26:55.965  1570  1570 I KeyboardWrapper: KeyboardWrapper.consumeEvent():284 Skip consuming an event as current keyboard is deactivated (state=0, keyboard existence=true)
10-17 18:26:55.965  1570  1570 I VoiceInputManagerWrapper: VoiceInputManagerWrapper.shutdown():77 shutdown()
10-17 18:26:55.966  1570  1570 I DeviceUnlockedTag: DeviceUnlockedTag.notifyDeviceLockStatusChanged():79 Notify device unlocked.
10-17 18:26:55.966  1570  1570 I AndroidIME: AbstractIme.onDeactivate():207 LatinIme.onDeactivate()
10-17 18:26:55.967  1570  1570 I GoogleInputMethodService: GoogleInputMethodService.onFinishInput():3269
10-17 18:26:55.967  1570  1570 I GoogleInputMethodService: GoogleInputMethodService.onStartInput():1947
10-17 18:26:55.967  1570  1570 I DeviceUnlockedTag: DeviceUnlockedTag.notifyDeviceLockStatusChanged():79 Notify device unlocked.
10-17 18:26:55.968  1570  1570 I GoogleInputMethodService: GoogleInputMethodService.onStartInputView():2057
10-17 18:26:55.968  1570  1570 I DeviceUnlockedTag: DeviceUnlockedTag.notifyDeviceLockStatusChanged():79 Notify device unlocked.
10-17 18:26:55.969  1570  1570 I DeviceUnlockedTag: DeviceUnlockedTag.notifyDeviceLockStatusChanged():79 Notify device unlocked.
10-17 18:26:55.969  1570  1570 I KeyboardViewUtil: KeyboardViewUtil.getKeyboardHeightRatio():168 systemKeyboardHeightRatio:1.000000; userKeyboardHeightRatio:1.000000.
10-17 18:26:55.969  1570  1570 I DeviceUnlockedTag: DeviceUnlockedTag.notifyDeviceLockStatusChanged():79 Notify device unlocked.
10-17 18:26:55.969  1570  1570 I AndroidIME: AbstractIme.onActivate():86 PasswordIme.onActivate() : EditorInfo = inputType=Password imeActionName=DONE dump=[inputType=0x81 imeOptions=0x4000006 privateImeOptions=null actionLabel=null actionId=0 initialSelStart=0 initialSelEnd=0 initialCapsMode=0x0 hintText=Password label=null packageName=edu.ucsc.cse118.assignment3 autofillId=1073741825 fieldId=2131231065 fieldName=null extras=Bundle[{android.support.text.emoji.emojiCompat_metadataVersion=7, android.support.text.emoji.emojiCompat_replaceAll=false}] hintLocales=null contentMimeTypes=null ], IncognitoMode = false, DeviceLocked = false
10-17 18:26:55.969  1570  1570 I DeviceUnlockedTag: DeviceUnlockedTag.notifyDeviceLockStatusChanged():79 Notify device unlocked.
10-17 18:26:55.970  1570  1570 I KeyboardViewHelper: KeyboardViewHelper.getView():166 Get view with height ratio:1.000000
10-17 18:26:55.972  1570  1570 I KeyboardViewUtil: KeyboardViewUtil.calculateMaxKeyboardBodyHeight():53 leave 344 height for app when screen height:2208, header height:121 and isFullscreenMode:false, so the max keyboard body height is:1743
10-17 18:26:55.972  1570  1570 I DeviceUnlockedTag: DeviceUnlockedTag.notifyDeviceLockStatusChanged():79 Notify device unlocked.
10-17 18:26:55.973  1570  1570 I KeyboardViewUtil: KeyboardViewUtil.calculateMaxKeyboardBodyHeight():53 leave 344 height for app when screen height:2208, header height:121 and isFullscreenMode:false, so the max keyboard body height is:1743
10-17 18:26:55.973  1570  1570 I NormalModeController: NormalModeController.getKeyboardBodyViewHolderPaddingBottom():111 currentPrimeKeyboardType:SOFT systemPaddingBottom:-1
10-17 18:26:55.973  1570  1570 I NormalModeController: NormalModeController.getKeyboardBodyViewHolderPaddingBottom():111 currentPrimeKeyboardType:SOFT systemPaddingBottom:-1
10-17 18:26:55.974  1570  1570 I CurrentMicStatusHolder: CurrentMicStatusHolder.onStartInputView():79 Current Mic status = {MicIconHidden-SettingOff,MicIconHidden-PasswordOrNumberOrDateInputType,}
10-17 18:26:55.974  1570  1570 I VoiceImeExtension: VoiceImeExtension.shouldStartVoiceInputAutomatically():364 No private IME option set to start voice input.
10-17 18:26:55.978  1389  1389 D BoundBrokerSvc: onBind: Intent { act=com.google.android.gms.common.BIND_SHARED_PREFS pkg=com.google.android.gms }
10-17 18:26:55.978  1389  1389 D BoundBrokerSvc: Loading bound service for intent: Intent { act=com.google.android.gms.common.BIND_SHARED_PREFS pkg=com.google.android.gms }
10-17 18:26:55.979  1389  1389 D BoundBrokerSvc: onUnbind: Intent { act=com.google.android.gms.common.BIND_SHARED_PREFS pkg=com.google.android.gms }
10-17 18:26:55.980  1274  1274 D InsetsController: show(ime(), fromIme=true)
10-17 18:26:55.980  1274  1274 D InsetsController: show(ime(), fromIme=true)
10-17 18:26:55.986  1389  1389 D BoundBrokerSvc: onBind: Intent { act=com.google.android.gms.common.BIND_SHARED_PREFS pkg=com.google.android.gms }
10-17 18:26:55.986  1389  1389 D BoundBrokerSvc: Loading bound service for intent: Intent { act=com.google.android.gms.common.BIND_SHARED_PREFS pkg=com.google.android.gms }
10-17 18:26:55.987  1389  1389 D BoundBrokerSvc: onUnbind: Intent { act=com.google.android.gms.common.BIND_SHARED_PREFS pkg=com.google.android.gms }
10-17 18:26:56.197  1274  1274 D UiControllerImpl: Injecting string: "molly"
10-17 18:26:56.301  1274  1416 D EGL_emulation: app_time_stats: avg=31.85ms min=8.58ms max=234.95ms count=32
10-17 18:26:56.319  1274  1274 I ViewInteraction: Performing 'single click' action on view ((view has effective visibility <VISIBLE> and view.getGlobalVisibleRect() to return non-empty rectangle) and (an instance of android.widget.TextView and view.getText() with or without transformation to match: is "LOGIN" or (view.getParent() is assignable from class <class com.google.android.material.textfield.TextInputLayout> and (view is an instance of android.view.ViewGroup and has descendant matching an instance of android.widget.TextView and view.getText() with or without transformation to match: is "LOGIN"))))
10-17 18:26:56.320  1166  1166 D TaplEvents: TIS / TouchInteractionService.onInputEvent: MotionEvent { action=ACTION_DOWN, actionButton=0, id[0]=0, x[0]=539.5, y[0]=1078.5, toolType[0]=TOOL_TYPE_UNKNOWN, buttonState=BUTTON_PRIMARY, classification=NONE, metaState=0, flags=0x0, edgeFlags=0x0, pointerCount=1, historySize=0, eventTime=56078605, downTime=56078605, deviceId=-1, source=0x1002, displayId=0, eventId=-916458044 }
10-17 18:26:56.362  1166  1166 D TaplEvents: TIS / TouchInteractionService.onInputEvent: MotionEvent { action=ACTION_UP, actionButton=0, id[0]=0, x[0]=539.5, y[0]=1078.5, toolType[0]=TOOL_TYPE_FINGER, buttonState=BUTTON_PRIMARY, classification=NONE, metaState=0, flags=0x0, edgeFlags=0x0, pointerCount=1, historySize=0, eventTime=56078647, downTime=56078605, deviceId=-1, source=0x1002, displayId=0, eventId=-441016354 }
10-17 18:26:56.376   354   474 E android.hardware.audio@7.0-impl.ranchu: device/generic/goldfish/audio/stream_out.cpp:updateSourceMetadata:377 failure: Result::NOT_SUPPORTED
10-17 18:26:56.418  1570  1570 I GoogleInputMethodService: GoogleInputMethodService.onFinishInputView():2291
10-17 18:26:56.419  1570  1570 W TooltipLifecycleManager: TooltipLifecycleManager.dismissTooltips():157 Tooltip with id spell_check_add_to_dictionary not found in tooltipManager.
10-17 18:26:56.419  1570  1570 I AndroidIME: AbstractIme.onDeactivate():207 PasswordIme.onDeactivate()
10-17 18:26:56.433   863   945 D EGL_emulation: app_time_stats: avg=278.62ms min=32.12ms max=950.95ms count=4
10-17 18:26:56.437  1570  2142 D EGL_emulation: app_time_stats: avg=222.24ms min=15.95ms max=435.83ms count=5
10-17 18:26:56.509   354   474 E android.hardware.audio@7.0-impl.ranchu: device/generic/goldfish/audio/stream_out.cpp:updateSourceMetadata:377 failure: Result::NOT_SUPPORTED
10-17 18:26:56.656  1274  1274 I ViewInteraction: Performing 'searching for view an instance of android.widget.TextView and view.getText() with or without transformation to match: is "Construction" in the root view' action on view view.getRootView() to equal view
10-17 18:26:56.658  1274  1274 I ViewInteraction: Performing 'single click' action on view ((view has effective visibility <VISIBLE> and view.getGlobalVisibleRect() to return non-empty rectangle) and (an instance of android.widget.TextView and view.getText() with or without transformation to match: is "Construction" or (view.getParent() is assignable from class <class com.google.android.material.textfield.TextInputLayout> and (view is an instance of android.view.ViewGroup and has descendant matching an instance of android.widget.TextView and view.getText() with or without transformation to match: is "Construction"))))
10-17 18:26:56.660  1166  1166 D TaplEvents: TIS / TouchInteractionService.onInputEvent: MotionEvent { action=ACTION_DOWN, actionButton=0, id[0]=0, x[0]=178.0, y[0]=278.5, toolType[0]=TOOL_TYPE_UNKNOWN, buttonState=BUTTON_PRIMARY, classification=NONE, metaState=0, flags=0x0, edgeFlags=0x0, pointerCount=1, historySize=0, eventTime=56078944, downTime=56078944, deviceId=-1, source=0x1002, displayId=0, eventId=-442992562 }
10-17 18:26:56.702  1166  1166 D TaplEvents: TIS / TouchInteractionService.onInputEvent: MotionEvent { action=ACTION_UP, actionButton=0, id[0]=0, x[0]=178.0, y[0]=278.5, toolType[0]=TOOL_TYPE_FINGER, buttonState=BUTTON_PRIMARY, classification=NONE, metaState=0, flags=0x0, edgeFlags=0x0, pointerCount=1, historySize=0, eventTime=56078986, downTime=56078944, deviceId=-1, source=0x1002, displayId=0, eventId=-445523314 }
10-17 18:26:56.707   354   474 E android.hardware.audio@7.0-impl.ranchu: device/generic/goldfish/audio/stream_out.cpp:updateSourceMetadata:377 failure: Result::NOT_SUPPORTED
10-17 18:26:56.840   354   474 E android.hardware.audio@7.0-impl.ranchu: device/generic/goldfish/audio/stream_out.cpp:updateSourceMetadata:377 failure: Result::NOT_SUPPORTED
10-17 18:26:56.937  1274  1274 I ViewInteraction: Performing 'searching for view an instance of android.widget.TextView and view.getText() with or without transformation to match: is "Doors, Frames & Hardware" in the root view' action on view view.getRootView() to equal view
10-17 18:26:56.941  1274  1274 I ViewInteraction: Performing 'single click' action on view ((view has effective visibility <VISIBLE> and view.getGlobalVisibleRect() to return non-empty rectangle) and (an instance of android.widget.TextView and view.getText() with or without transformation to match: is "Doors, Frames & Hardware" or (view.getParent() is assignable from class <class com.google.android.material.textfield.TextInputLayout> and (view is an instance of android.view.ViewGroup and has descendant matching an instance of android.widget.TextView and view.getText() with or without transformation to match: is "Doors, Frames & Hardware"))))
10-17 18:26:56.943  1166  1166 D TaplEvents: TIS / TouchInteractionService.onInputEvent: MotionEvent { action=ACTION_DOWN, actionButton=0, id[0]=0, x[0]=347.5, y[0]=1587.5, toolType[0]=TOOL_TYPE_UNKNOWN, buttonState=BUTTON_PRIMARY, classification=NONE, metaState=0, flags=0x0, edgeFlags=0x0, pointerCount=1, historySize=0, eventTime=56079227, downTime=56079227, deviceId=-1, source=0x1002, displayId=0, eventId=-479196605 }
10-17 18:26:56.972  1570  1570 I DeviceUnlockedTag: DeviceUnlockedTag.notifyDeviceLockStatusChanged():79 Notify device unlocked.
10-17 18:26:56.984  1166  1166 D TaplEvents: TIS / TouchInteractionService.onInputEvent: MotionEvent { action=ACTION_UP, actionButton=0, id[0]=0, x[0]=347.5, y[0]=1587.5, toolType[0]=TOOL_TYPE_FINGER, buttonState=BUTTON_PRIMARY, classification=NONE, metaState=0, flags=0x0, edgeFlags=0x0, pointerCount=1, historySize=0, eventTime=56079268, downTime=56079227, deviceId=-1, source=0x1002, displayId=0, eventId=-455664007 }
10-17 18:26:56.994   354   474 E android.hardware.audio@7.0-impl.ranchu: device/generic/goldfish/audio/stream_out.cpp:updateSourceMetadata:377 failure: Result::NOT_SUPPORTED
10-17 18:26:57.129   354   474 E android.hardware.audio@7.0-impl.ranchu: device/generic/goldfish/audio/stream_out.cpp:updateSourceMetadata:377 failure: Result::NOT_SUPPORTED
10-17 18:26:57.233  1274  1274 I ViewInteraction: Performing 'single click' action on view ((view has effective visibility <VISIBLE> and view.getGlobalVisibleRect() to return non-empty rectangle) and view.getId() is <2131230913/edu.ucsc.cse118.assignment3:id/fab>)
10-17 18:26:57.235  1166  1166 D TaplEvents: TIS / TouchInteractionService.onInputEvent: MotionEvent { action=ACTION_DOWN, actionButton=0, id[0]=0, x[0]=958.5, y[0]=1922.5, toolType[0]=TOOL_TYPE_UNKNOWN, buttonState=BUTTON_PRIMARY, classification=NONE, metaState=0, flags=0x0, edgeFlags=0x0, pointerCount=1, historySize=0, eventTime=56079519, downTime=56079519, deviceId=-1, source=0x1002, displayId=0, eventId=-386535747 }
10-17 18:26:57.277  1166  1166 D TaplEvents: TIS / TouchInteractionService.onInputEvent: MotionEvent { action=ACTION_UP, actionButton=0, id[0]=0, x[0]=958.5, y[0]=1922.5, toolType[0]=TOOL_TYPE_FINGER, buttonState=BUTTON_PRIMARY, classification=NONE, metaState=0, flags=0x0, edgeFlags=0x0, pointerCount=1, historySize=0, eventTime=56079561, downTime=56079519, deviceId=-1, source=0x1002, displayId=0, eventId=-1050264956 }
10-17 18:26:57.282   354   474 E android.hardware.audio@7.0-impl.ranchu: device/generic/goldfish/audio/stream_out.cpp:updateSourceMetadata:377 failure: Result::NOT_SUPPORTED
10-17 18:26:57.307  1274  1416 D EGL_emulation: app_time_stats: avg=67.04ms min=9.39ms max=280.39ms count=15
10-17 18:26:57.415   354   474 E android.hardware.audio@7.0-impl.ranchu: device/generic/goldfish/audio/stream_out.cpp:updateSourceMetadata:377 failure: Result::NOT_SUPPORTED
10-17 18:26:57.538  1274  1274 I ViewInteraction: Performing 'type text(mollycse118 making a test message)' action on view ((view has effective visibility <VISIBLE> and view.getGlobalVisibleRect() to return non-empty rectangle) and ((view.getId() is <2131230856/edu.ucsc.cse118.assignment3:id/content> and is assignable from class <class android.widget.EditText>) or (is descendant of a view matching view.getId() is <2131230856/edu.ucsc.cse118.assignment3:id/content> and is assignable from class <class android.widget.EditText>)))
10-17 18:26:57.542  1166  1166 D TaplEvents: TIS / TouchInteractionService.onInputEvent: MotionEvent { action=ACTION_DOWN, actionButton=0, id[0]=0, x[0]=539.5, y[0]=791.5, toolType[0]=TOOL_TYPE_UNKNOWN, buttonState=BUTTON_PRIMARY, classification=NONE, metaState=0, flags=0x0, edgeFlags=0x0, pointerCount=1, historySize=0, eventTime=56079825, downTime=56079825, deviceId=-1, source=0x1002, displayId=0, eventId=-605422795 }
10-17 18:26:57.581  1166  1166 D TaplEvents: TIS / TouchInteractionService.onInputEvent: MotionEvent { action=ACTION_UP, actionButton=0, id[0]=0, x[0]=539.5, y[0]=791.5, toolType[0]=TOOL_TYPE_FINGER, buttonState=BUTTON_PRIMARY, classification=NONE, metaState=0, flags=0x0, edgeFlags=0x0, pointerCount=1, historySize=0, eventTime=56079865, downTime=56079825, deviceId=-1, source=0x1002, displayId=0, eventId=-1019922120 }
10-17 18:26:57.586  1570  1570 I GoogleInputMethodService: GoogleInputMethodService.onFinishInput():3269
10-17 18:26:57.586  1274  1274 D InputMethodManager: showSoftInput() view=androidx.appcompat.widget.AppCompatEditText{1114c7c VFED..CL. .F.P..ID 196,22-884,1122 #7f080088 app:id/content aid=1073741835} flags=0 reason=SHOW_SOFT_INPUT
10-17 18:26:57.586  1570  1570 W KeyboardViewController: KeyboardViewController.show():493 Requesting to show sub view with id 2131428238(#0x7f0b038e) when keyboard HEADER view is not ready to show
10-17 18:26:57.589  1570  1570 I GoogleInputMethodService: GoogleInputMethodService.onStartInput():1947
10-17 18:26:57.589  1570  1570 I DeviceUnlockedTag: DeviceUnlockedTag.notifyDeviceLockStatusChanged():79 Notify device unlocked.
10-17 18:26:57.590  1570  1570 I GoogleInputMethodService: GoogleInputMethodService.onStartInputView():2057
10-17 18:26:57.590  1570  1570 I DeviceUnlockedTag: DeviceUnlockedTag.notifyDeviceLockStatusChanged():79 Notify device unlocked.
10-17 18:26:57.590  1570  1570 I DeviceUnlockedTag: DeviceUnlockedTag.notifyDeviceLockStatusChanged():79 Notify device unlocked.
10-17 18:26:57.591  1570  1570 I KeyboardViewUtil: KeyboardViewUtil.getKeyboardHeightRatio():168 systemKeyboardHeightRatio:1.000000; userKeyboardHeightRatio:1.000000.
10-17 18:26:57.591  1570  1570 I DeviceUnlockedTag: DeviceUnlockedTag.notifyDeviceLockStatusChanged():79 Notify device unlocked.
10-17 18:26:57.591  1570  1570 I AndroidIME: AbstractIme.onActivate():86 LatinIme.onActivate() : EditorInfo = inputType=Text imeActionName=DONE dump=[inputType=0x1 imeOptions=0x6 privateImeOptions=null actionLabel=null actionId=0 initialSelStart=0 initialSelEnd=0 initialCapsMode=0x0 hintText=Message label=null packageName=edu.ucsc.cse118.assignment3 autofillId=1073741835 fieldId=2131230856 fieldName=null extras=Bundle[{android.support.text.emoji.emojiCompat_metadataVersion=7, android.support.text.emoji.emojiCompat_replaceAll=false}] hintLocales=null contentMimeTypes=null ], IncognitoMode = false, DeviceLocked = false
10-17 18:26:57.592  1570  1570 I DeviceUnlockedTag: DeviceUnlockedTag.notifyDeviceLockStatusChanged():79 Notify device unlocked.
10-17 18:26:57.592  1570  1570 I DeviceUnlockedTag: DeviceUnlockedTag.notifyDeviceLockStatusChanged():79 Notify device unlocked.
10-17 18:26:57.592  1570  1570 I Delight5Facilitator: Delight5Facilitator.initializeForIme():769 initializeForIme() : Locale = [en_US], layout = qwerty
10-17 18:26:57.592  1570  1570 I Delight5Facilitator: Delight5Facilitator.resetDecoder():925 resetDecoder() : Locale = [en_US]
10-17 18:26:57.592  1570  1570 E UserFeatureCache: UserFeatureCache.getStore():468 Wrong feature id provided PERSONALIZED_FST_MODEL_PARAMS for protobuf lab.
10-17 18:26:57.593  1570  1570 E InputContextLock: InputContextLock.mayLockAndRun():126 Failed to run
10-17 18:26:57.593  1570  1570 E InputContextLock: java.lang.NullPointerException: Attempt to invoke virtual method 'java.lang.Class java.lang.Object.getClass()' on a null object reference
10-17 18:26:57.593  1570  1570 E InputContextLock: 	at com.google.android.libraries.inputmethod.userfeaturecache.UserFeatureCache.c(PG:8)
10-17 18:26:57.593  1570  1570 E InputContextLock: 	at com.google.android.apps.inputmethod.libs.delight5.Delight5Facilitator.K(PG:131)
10-17 18:26:57.593  1570  1570 E InputContextLock: 	at cng.call(Unknown Source:4)
10-17 18:26:57.593  1570  1570 E InputContextLock: 	at con.a(PG:6)
10-17 18:26:57.593  1570  1570 E InputContextLock: 	at com.google.android.apps.inputmethod.libs.delight5.Delight5Facilitator.G(PG:37)
10-17 18:26:57.593  1570  1570 E InputContextLock: 	at com.google.android.apps.inputmethod.libs.latin5.LatinIme.h(PG:17)
10-17 18:26:57.593  1570  1570 E InputContextLock: 	at jlx.g(PG:6)
10-17 18:26:57.593  1570  1570 E InputContextLock: 	at jlx.m(PG:2)
10-17 18:26:57.593  1570  1570 E InputContextLock: 	at dww.u(PG:18)
10-17 18:26:57.593  1570  1570 E InputContextLock: 	at com.android.inputmethod.latin.LatinIME.u(PG:104)
10-17 18:26:57.593  1570  1570 E InputContextLock: 	at dww.onStartInputView(PG:29)
10-17 18:26:57.593  1570  1570 E InputContextLock: 	at android.inputmethodservice.InputMethodService.startViews(InputMethodService.java:2291)
10-17 18:26:57.593  1570  1570 E InputContextLock: 	at android.inputmethodservice.InputMethodService.showWindow(InputMethodService.java:2237)
10-17 18:26:57.593  1570  1570 E InputContextLock: 	at android.inputmethodservice.InputMethodService$InputMethodImpl.showSoftInput(InputMethodService.java:808)
10-17 18:26:57.593  1570  1570 E InputContextLock: 	at android.inputmethodservice.InputMethodService$InputMethodImpl.showSoftInputWithToken(InputMethodService.java:782)
10-17 18:26:57.593  1570  1570 E InputContextLock: 	at android.inputmethodservice.IInputMethodWrapper.executeMessage(IInputMethodWrapper.java:225)
10-17 18:26:57.593  1570  1570 E InputContextLock: 	at com.android.internal.os.HandlerCaller$MyHandler.handleMessage(HandlerCaller.java:44)
10-17 18:26:57.593  1570  1570 E InputContextLock: 	at android.os.Handler.dispatchMessage(Handler.java:106)
10-17 18:26:57.593  1570  1570 E InputContextLock: 	at android.os.Looper.loopOnce(Looper.java:201)
10-17 18:26:57.593  1570  1570 E InputContextLock: 	at android.os.Looper.loop(Looper.java:288)
10-17 18:26:57.593  1570  1570 E InputContextLock: 	at android.app.ActivityThread.main(ActivityThread.java:7842)
10-17 18:26:57.593  1570  1570 E InputContextLock: 	at java.lang.reflect.Method.invoke(Native Method)
10-17 18:26:57.593  1570  1570 E InputContextLock: 	at com.android.internal.os.RuntimeInit$MethodAndArgsCaller.run(RuntimeInit.java:548)
10-17 18:26:57.593  1570  1570 E InputContextLock: 	at com.android.internal.os.ZygoteInit.main(ZygoteInit.java:1003)
10-17 18:26:57.593  1570  1570 I VoiceInputManagerWrapper: VoiceInputManagerWrapper.cancelShutdown():55 cancelShutdown()
10-17 18:26:57.593  1570  1570 I VoiceInputManagerWrapper: VoiceInputManagerWrapper.syncLanguagePacks():67 syncLanguagePacks()
10-17 18:26:57.593  1570  7663 I SpeechFactory: SpeechRecognitionFactory.maybeScheduleAutoPackDownloadForFallback():184 maybeScheduleAutoPackDownloadForFallback()
10-17 18:26:57.593  1570  1570 I LatinIme: LatinIme.updateEnableInlineSuggestionsOnDecoderSideFlags():1264 inline flag updated to:false
