10-17 18:26:51.407   565   679 W InputReader: Device virtio_input_multi_touch_3 is associated with display ADISPLAY_ID_NONE.
10-17 18:26:51.408   565   679 W InputReader: Device virtio_input_multi_touch_5 is associated with display ADISPLAY_ID_NONE.
10-17 18:26:51.408   565   679 W InputReader: Device virtio_input_multi_touch_7 is associated with display ADISPLAY_ID_NONE.
10-17 18:26:51.408   565   679 W InputReader: Device virtio_input_multi_touch_11 is associated with display ADISPLAY_ID_NONE.
10-17 18:26:51.408   565   679 W InputReader: Device virtio_input_multi_touch_6 is associated with display ADISPLAY_ID_NONE.
10-17 18:26:51.408   565   679 W InputReader: Device virtio_input_multi_touch_4 is associated with display ADISPLAY_ID_NONE.
10-17 18:26:51.408   565   679 W InputReader: Device virtio_input_multi_touch_9 is associated with display ADISPLAY_ID_NONE.
10-17 18:26:51.408   565   679 W InputReader: Device virtio_input_multi_touch_8 is associated with display ADISPLAY_ID_NONE.
10-17 18:26:51.408   565   679 W InputReader: Device virtio_input_multi_touch_10 is associated with display ADISPLAY_ID_NONE.
10-17 18:26:51.409   565   679 W InputReader: Device virtio_input_multi_touch_2 is associated with display ADISPLAY_ID_NONE.
10-17 18:26:51.409   565   679 W InputReader: Device virtio_input_multi_touch_3 is associated with display ADISPLAY_ID_NONE.
10-17 18:26:51.409   565   679 W InputReader: Device virtio_input_multi_touch_5 is associated with display ADISPLAY_ID_NONE.
10-17 18:26:51.409   565   679 W InputReader: Device virtio_input_multi_touch_7 is associated with display ADISPLAY_ID_NONE.
10-17 18:26:51.409   565   679 W InputReader: Device virtio_input_multi_touch_11 is associated with display ADISPLAY_ID_NONE.
10-17 18:26:51.409   565   679 W InputReader: Device virtio_input_multi_touch_6 is associated with display ADISPLAY_ID_NONE.
10-17 18:26:51.409   565   679 W InputReader: Device virtio_input_multi_touch_4 is associated with display ADISPLAY_ID_NONE.
10-17 18:26:51.409   565   679 W InputReader: Device virtio_input_multi_touch_9 is associated with display ADISPLAY_ID_NONE.
10-17 18:26:51.409   565   679 W InputReader: Device virtio_input_multi_touch_8 is associated with display ADISPLAY_ID_NONE.
10-17 18:26:51.409   565   679 W InputReader: Device virtio_input_multi_touch_10 is associated with display ADISPLAY_ID_NONE.
10-17 18:26:51.444   565  2076 W InputReader: Device virtio_input_multi_touch_2 is associated with display ADISPLAY_ID_NONE.
10-17 18:26:51.444   565  2076 W InputReader: Device virtio_input_multi_touch_3 is associated with display ADISPLAY_ID_NONE.
10-17 18:26:51.444   565  2076 W InputReader: Device virtio_input_multi_touch_5 is associated with display ADISPLAY_ID_NONE.
10-17 18:26:51.444   565  2076 W InputReader: Device virtio_input_multi_touch_7 is associated with display ADISPLAY_ID_NONE.
10-17 18:26:51.444   565  2076 W InputReader: Device virtio_input_multi_touch_11 is associated with display ADISPLAY_ID_NONE.
10-17 18:26:51.444   565  2076 W InputReader: Device virtio_input_multi_touch_6 is associated with display ADISPLAY_ID_NONE.
10-17 18:26:51.444   565  2076 W InputReader: Device virtio_input_multi_touch_4 is associated with display ADISPLAY_ID_NONE.
10-17 18:26:51.444   565  2076 W InputReader: Device virtio_input_multi_touch_9 is associated with display ADISPLAY_ID_NONE.
10-17 18:26:51.444   565  2076 W InputReader: Device virtio_input_multi_touch_8 is associated with display ADISPLAY_ID_NONE.
10-17 18:26:51.444   565  2076 W InputReader: Device virtio_input_multi_touch_10 is associated with display ADISPLAY_ID_NONE.
10-17 18:26:51.444   565  2076 W InputReader: Device virtio_input_multi_touch_2 is associated with display ADISPLAY_ID_NONE.
10-17 18:26:51.444   565  2076 W InputReader: Device virtio_input_multi_touch_3 is associated with display ADISPLAY_ID_NONE.
10-17 18:26:51.444   565  2076 W InputReader: Device virtio_input_multi_touch_5 is associated with display ADISPLAY_ID_NONE.
10-17 18:26:51.444   565  2076 W InputReader: Device virtio_input_multi_touch_7 is associated with display ADISPLAY_ID_NONE.
10-17 18:26:51.444   565  2076 W InputReader: Device virtio_input_multi_touch_11 is associated with display ADISPLAY_ID_NONE.
10-17 18:26:51.444   565  2076 W InputReader: Device virtio_input_multi_touch_6 is associated with display ADISPLAY_ID_NONE.
10-17 18:26:51.444   565  2076 W InputReader: Device virtio_input_multi_touch_4 is associated with display ADISPLAY_ID_NONE.
10-17 18:26:51.444   565  2076 W InputReader: Device virtio_input_multi_touch_9 is associated with display ADISPLAY_ID_NONE.
10-17 18:26:51.444   565  2076 W InputReader: Device virtio_input_multi_touch_8 is associated with display ADISPLAY_ID_NONE.
10-17 18:26:51.444   565  2076 W InputReader: Device virtio_input_multi_touch_10 is associated with display ADISPLAY_ID_NONE.
10-17 18:26:51.455  1319  1393 D HostConnection: createUnique: call
10-17 18:26:51.455  1319  1393 D HostConnection: HostConnection::get() New Host Connection established 0xb400006f699a5710, tid 1393
10-17 18:26:51.460  1319  1393 D HostConnection: HostComposition ext ANDROID_EMU_CHECKSUM_HELPER_v1 ANDROID_EMU_native_sync_v2 ANDROID_EMU_native_sync_v3 ANDROID_EMU_native_sync_v4 ANDROID_EMU_dma_v1 ANDROID_EMU_direct_mem ANDROID_EMU_host_composition_v1 ANDROID_EMU_host_composition_v2 ANDROID_EMU_vulkan ANDROID_EMU_deferred_vulkan_commands ANDROID_EMU_vulkan_null_optional_strings ANDROID_EMU_vulkan_create_resources_with_requirements ANDROID_EMU_YUV_Cache ANDROID_EMU_vulkan_ignored_handles ANDROID_EMU_has_shared_slots_host_memory_allocator ANDROID_EMU_vulkan_free_memory_sync ANDROID_EMU_vulkan_shader_float16_int8 ANDROID_EMU_vulkan_async_queue_submit ANDROID_EMU_vulkan_queue_submit_with_commands ANDROID_EMU_sync_buffer_data ANDROID_EMU_read_color_buffer_dma ANDROID_EMU_hwc_multi_configs GL_OES_EGL_image_external_essl3 GL_OES_vertex_array_object GL_KHR_texture_compression_astc_ldr ANDROID_EMU_host_side_tracing ANDROID_EMU_gles_max_version_3_0
10-17 18:26:51.461   202   202 I hwservicemanager: getTransport: Cannot find entry android.hardware.configstore@1.0::ISurfaceFlingerConfigs/default in either framework or device VINTF manifest.
10-17 18:26:51.461  1319  1393 W OpenGLRenderer: Failed to choose config with EGL_SWAP_BEHAVIOR_PRESERVED, retrying without...
10-17 18:26:51.461  1319  1393 W OpenGLRenderer: Failed to initialize 101010-2 format, error = EGL_SUCCESS
10-17 18:26:51.462  1319  1393 D EGL_emulation: eglCreateContext: 0xb400006f699a6250: maj 3 min 0 rcv 3
10-17 18:26:51.462  1319  1393 D EGL_emulation: eglMakeCurrent: 0xb400006f699a6250: ver 3 0 (tinfo 0x71759b6080) (first time)
10-17 18:26:51.470   202   202 I hwservicemanager: getTransport: Cannot find entry android.hardware.graphics.mapper@4.0::IMapper/default in either framework or device VINTF manifest.
10-17 18:26:51.470  1319  1393 I Gralloc4: mapper 4.x is not supported
10-17 18:26:51.470  1319  1393 D HostConnection: createUnique: call
10-17 18:26:51.471  1319  1393 D HostConnection: HostConnection::get() New Host Connection established 0xb400006f699a8b90, tid 1393
10-17 18:26:51.471  1319  1393 D goldfish-address-space: allocate: Ask for block of size 0x100
10-17 18:26:51.471  1319  1393 D goldfish-address-space: allocate: ioctl allocate returned offset 0x1ebff8000 size 0x8000
10-17 18:26:51.472   202   202 I hwservicemanager: getTransport: Cannot find entry android.hardware.graphics.allocator@4.0::IAllocator/default in either framework or device VINTF manifest.
10-17 18:26:51.472  1319  1393 W Gralloc4: allocator 4.x is not supported
10-17 18:26:51.473   365   424 D goldfish-address-space: claimShared: Ask to claim region [0x1f0000000 0x1f09a4000]
10-17 18:26:51.476  1319  1393 D HostConnection: HostComposition ext ANDROID_EMU_CHECKSUM_HELPER_v1 ANDROID_EMU_native_sync_v2 ANDROID_EMU_native_sync_v3 ANDROID_EMU_native_sync_v4 ANDROID_EMU_dma_v1 ANDROID_EMU_direct_mem ANDROID_EMU_host_composition_v1 ANDROID_EMU_host_composition_v2 ANDROID_EMU_vulkan ANDROID_EMU_deferred_vulkan_commands ANDROID_EMU_vulkan_null_optional_strings ANDROID_EMU_vulkan_create_resources_with_requirements ANDROID_EMU_YUV_Cache ANDROID_EMU_vulkan_ignored_handles ANDROID_EMU_has_shared_slots_host_memory_allocator ANDROID_EMU_vulkan_free_memory_sync ANDROID_EMU_vulkan_shader_float16_int8 ANDROID_EMU_vulkan_async_queue_submit ANDROID_EMU_vulkan_queue_submit_with_commands ANDROID_EMU_sync_buffer_data ANDROID_EMU_read_color_buffer_dma ANDROID_EMU_hwc_multi_configs GL_OES_EGL_image_external_essl3 GL_OES_vertex_array_object GL_KHR_texture_compression_astc_ldr ANDROID_EMU_host_side_tracing ANDROID_EMU_gles_max_version_3_0
10-17 18:26:51.477   365   424 D goldfish-address-space: claimShared: Ask to claim region [0x1f09a4000 0x1f1348000]
10-17 18:26:51.477   365   424 D goldfish-address-space: claimShared: Ask to claim region [0x1f1348000 0x1f1cec000]
10-17 18:26:51.522   365   424 D goldfish-address-space: claimShared: Ask to claim region [0x1f1cec000 0x1f2690000]
10-17 18:26:51.523   365   424 D goldfish-address-space: claimShared: Ask to claim region [0x1f4c58000 0x1f55fc000]
10-17 18:26:51.524   365   424 D goldfish-address-space: claimShared: Ask to claim region [0x1f55fc000 0x1f5fa0000]
10-17 18:26:51.537   365   424 D goldfish-address-space: claimShared: Ask to claim region [0x1f09a4000 0x1f0fd0000]
10-17 18:26:51.544   565   679 W InputManager-JNI: Input channel object 'd12c697 edu.ucsc.cse118.assignment3.test/androidx.test.core.app.InstrumentationActivityInvoker$EmptyActivity (client)' was disposed without first being removed with the input manager!
10-17 18:26:51.547   565   679 W InputReader: Device virtio_input_multi_touch_2 is associated with display ADISPLAY_ID_NONE.
10-17 18:26:51.547   565   679 W InputReader: Device virtio_input_multi_touch_3 is associated with display ADISPLAY_ID_NONE.
10-17 18:26:51.547   565   679 W InputReader: Device virtio_input_multi_touch_5 is associated with display ADISPLAY_ID_NONE.
10-17 18:26:51.547   565   679 W InputReader: Device virtio_input_multi_touch_7 is associated with display ADISPLAY_ID_NONE.
10-17 18:26:51.547   565   679 W InputReader: Device virtio_input_multi_touch_11 is associated with display ADISPLAY_ID_NONE.
10-17 18:26:51.547   565   679 W InputReader: Device virtio_input_multi_touch_6 is associated with display ADISPLAY_ID_NONE.
10-17 18:26:51.547   565   679 W InputReader: Device virtio_input_multi_touch_4 is associated with display ADISPLAY_ID_NONE.
10-17 18:26:51.547   565   679 W InputReader: Device virtio_input_multi_touch_9 is associated with display ADISPLAY_ID_NONE.
10-17 18:26:51.547   565   679 W InputReader: Device virtio_input_multi_touch_8 is associated with display ADISPLAY_ID_NONE.
10-17 18:26:51.547   565   679 W InputReader: Device virtio_input_multi_touch_10 is associated with display ADISPLAY_ID_NONE.
10-17 18:26:51.547   565   679 W InputReader: Device virtio_input_multi_touch_2 is associated with display ADISPLAY_ID_NONE.
10-17 18:26:51.547   565   679 W InputReader: Device virtio_input_multi_touch_3 is associated with display ADISPLAY_ID_NONE.
10-17 18:26:51.547   565   679 W InputReader: Device virtio_input_multi_touch_5 is associated with display ADISPLAY_ID_NONE.
10-17 18:26:51.547   565   679 W InputReader: Device virtio_input_multi_touch_7 is associated with display ADISPLAY_ID_NONE.
10-17 18:26:51.547   565   679 W InputReader: Device virtio_input_multi_touch_11 is associated with display ADISPLAY_ID_NONE.
10-17 18:26:51.547   565   679 W InputReader: Device virtio_input_multi_touch_6 is associated with display ADISPLAY_ID_NONE.
10-17 18:26:51.547   565   679 W InputReader: Device virtio_input_multi_touch_4 is associated with display ADISPLAY_ID_NONE.
10-17 18:26:51.547   565   679 W InputReader: Device virtio_input_multi_touch_9 is associated with display ADISPLAY_ID_NONE.
10-17 18:26:51.547   565   679 W InputReader: Device virtio_input_multi_touch_8 is associated with display ADISPLAY_ID_NONE.
10-17 18:26:51.547   565   679 W InputReader: Device virtio_input_multi_touch_10 is associated with display ADISPLAY_ID_NONE.
10-17 18:26:51.570 16906 16906 I A       : onApplyWindowInsets: systemWindowInsets=Insets{left=0, top=66, right=0, bottom=44}
10-17 18:26:51.570 16906 16906 I A       : onApplyWindowInsets: systemWindowInsets=Insets{left=0, top=66, right=0, bottom=44}
10-17 18:26:51.572   365   424 D goldfish-address-space: claimShared: Ask to claim region [0x1f0000000 0x1f09a4000]
10-17 18:26:51.575   365   425 D goldfish-address-space: claimShared: Ask to claim region [0x1f0fd0000 0x1f1974000]
10-17 18:26:51.576   365   425 D goldfish-address-space: claimShared: Ask to claim region [0x1f5fa0000 0x1f6944000]
10-17 18:26:51.577  1166  1208 D QuickstepModelDelegate: notifyAppTargetEvent action=1 launchLocation=
10-17 18:26:51.591   365   424 D goldfish-address-space: claimShared: Ask to claim region [0x1f6944000 0x1f72e8000]
10-17 18:26:51.594   365   424 D goldfish-address-space: claimShared: Ask to claim region [0x1fa85c000 0x1fb200000]
10-17 18:26:51.596   365   424 D goldfish-address-space: claimShared: Ask to claim region [0x1fb200000 0x1fbba4000]
10-17 18:26:51.599  1694  1694 I GsaVoiceInteractionSrv: Handling ACTION_START_HOTWORD
10-17 18:26:51.599  1694  1694 I GsaVoiceInteractionSrv: disregardVoiceMatch: false
10-17 18:26:51.599  1694  1694 I GsaVoiceInteractionSrv: Cannot start hotword, hotword has been explicitly disabled.
10-17 18:26:51.624   565  2069 W InputManager-JNI: Input channel object 'b138ee edu.ucsc.cse118.assignment3.test/androidx.test.core.app.InstrumentationActivityInvoker$EmptyActivity (client)' was disposed without first being removed with the input manager!
10-17 18:26:51.638  1570  1570 I GoogleInputMethodService: GoogleInputMethodService.onFinishInput():3269
10-17 18:26:51.639  1570  1570 I GoogleInputMethodService: GoogleInputMethodService.onStartInput():1947
10-17 18:26:51.639  1570  1570 I DeviceUnlockedTag: DeviceUnlockedTag.notifyDeviceLockStatusChanged():79 Notify device unlocked.
10-17 18:26:51.641  1274  1274 D LifecycleMonitor: Lifecycle status change: edu.ucsc.cse118.assignment3.MainActivity@2ac54d in: STOPPED
10-17 18:26:51.641  1274  1274 V ActivityScenario: Update currentActivityStage to STOPPED, currentActivity=edu.ucsc.cse118.assignment3.MainActivity@2ac54d
10-17 18:26:51.645  1274  1274 D AutofillManager: onActivityFinishing(): calling cancelLocked()
10-17 18:26:51.656  1274  1274 D LifecycleMonitor: Lifecycle status change: edu.ucsc.cse118.assignment3.MainActivity@2ac54d in: DESTROYED
10-17 18:26:51.656  1274  1274 V ActivityScenario: Update currentActivityStage to DESTROYED, currentActivity=null
10-17 18:26:51.657  1274  1317 I TestRunner: finished: fab_exists(edu.ucsc.cse118.assignment3.AdvancedTest)
