10-17 18:26:51.669  1274  1317 I TestRunner: started: fab_type_not_enough(edu.ucsc.cse118.assignment3.AdvancedTest)
10-17 18:26:51.674  1274  1317 W Settings: Setting always_finish_activities has moved from android.provider.Settings.System to android.provider.Settings.Global, returning read-only value.
10-17 18:26:51.680   863   942 D SplashScreenView: Build android.window.SplashScreenView{d8c97e1 V.E...... ......ID 0,0-0,0}
10-17 18:26:51.680   863   942 D SplashScreenView: Icon: view: null drawable: null size: 0
10-17 18:26:51.680   863   942 D SplashScreenView: Branding: view: android.view.View{4296906 G.ED..... ......I. 0,0-0,0 #10204a9 android:id/splashscreen_branding_view} drawable: null size w: 0 h: 0
10-17 18:26:51.692   565   679 W InputReader: Device virtio_input_multi_touch_2 is associated with display ADISPLAY_ID_NONE.
10-17 18:26:51.692   565   679 W InputReader: Device virtio_input_multi_touch_3 is associated with display ADISPLAY_ID_NONE.
10-17 18:26:51.692   565   679 W InputReader: Device virtio_input_multi_touch_5 is associated with display ADISPLAY_ID_NONE.
10-17 18:26:51.692   565   679 W InputReader: Device virtio_input_multi_touch_7 is associated with display ADISPLAY_ID_NONE.
10-17 18:26:51.692   565   679 W InputReader: Device virtio_input_multi_touch_11 is associated with display ADISPLAY_ID_NONE.
10-17 18:26:51.692   565   679 W InputReader: Device virtio_input_multi_touch_6 is associated with display ADISPLAY_ID_NONE.
10-17 18:26:51.692   565   679 W InputReader: Device virtio_input_multi_touch_4 is associated with display ADISPLAY_ID_NONE.
10-17 18:26:51.692   565   679 W InputReader: Device virtio_input_multi_touch_9 is associated with display ADISPLAY_ID_NONE.
10-17 18:26:51.692   565   679 W InputReader: Device virtio_input_multi_touch_8 is associated with display ADISPLAY_ID_NONE.
10-17 18:26:51.692   565   679 W InputReader: Device virtio_input_multi_touch_10 is associated with display ADISPLAY_ID_NONE.
10-17 18:26:51.692   565   679 W InputReader: Device virtio_input_multi_touch_2 is associated with display ADISPLAY_ID_NONE.
10-17 18:26:51.692   565   679 W InputReader: Device virtio_input_multi_touch_3 is associated with display ADISPLAY_ID_NONE.
10-17 18:26:51.692   565   679 W InputReader: Device virtio_input_multi_touch_5 is associated with display ADISPLAY_ID_NONE.
10-17 18:26:51.692   565   679 W InputReader: Device virtio_input_multi_touch_7 is associated with display ADISPLAY_ID_NONE.
10-17 18:26:51.692   565   679 W InputReader: Device virtio_input_multi_touch_11 is associated with display ADISPLAY_ID_NONE.
10-17 18:26:51.692   565   679 W InputReader: Device virtio_input_multi_touch_6 is associated with display ADISPLAY_ID_NONE.
10-17 18:26:51.692   565   679 W InputReader: Device virtio_input_multi_touch_4 is associated with display ADISPLAY_ID_NONE.
10-17 18:26:51.692   565   679 W InputReader: Device virtio_input_multi_touch_9 is associated with display ADISPLAY_ID_NONE.
10-17 18:26:51.692   565   679 W InputReader: Device virtio_input_multi_touch_8 is associated with display ADISPLAY_ID_NONE.
10-17 18:26:51.692   565   679 W InputReader: Device virtio_input_multi_touch_10 is associated with display ADISPLAY_ID_NONE.
10-17 18:26:51.701   365   424 D goldfish-address-space: claimShared: Ask to claim region [0x1edc20000 0x1ee5c4000]
10-17 18:26:51.713   365   424 D goldfish-address-space: claimShared: Ask to claim region [0x1ee5c4000 0x1eef68000]
10-17 18:26:51.715   365   424 D goldfish-address-space: claimShared: Ask to claim region [0x1f1974000 0x1f2318000]
10-17 18:26:51.744   565  2069 W InputReader: Device virtio_input_multi_touch_2 is associated with display ADISPLAY_ID_NONE.
10-17 18:26:51.744   565  2069 W InputReader: Device virtio_input_multi_touch_3 is associated with display ADISPLAY_ID_NONE.
10-17 18:26:51.744   565  2069 W InputReader: Device virtio_input_multi_touch_5 is associated with display ADISPLAY_ID_NONE.
10-17 18:26:51.744   565  2069 W InputReader: Device virtio_input_multi_touch_7 is associated with display ADISPLAY_ID_NONE.
10-17 18:26:51.744   565  2069 W InputReader: Device virtio_input_multi_touch_11 is associated with display ADISPLAY_ID_NONE.
10-17 18:26:51.744   565  2069 W InputReader: Device virtio_input_multi_touch_6 is associated with display ADISPLAY_ID_NONE.
10-17 18:26:51.744   565  2069 W InputReader: Device virtio_input_multi_touch_4 is associated with display ADISPLAY_ID_NONE.
10-17 18:26:51.744   565  2069 W InputReader: Device virtio_input_multi_touch_9 is associated with display ADISPLAY_ID_NONE.
10-17 18:26:51.744   565  2069 W InputReader: Device virtio_input_multi_touch_8 is associated with display ADISPLAY_ID_NONE.
10-17 18:26:51.744   565  2069 W InputReader: Device virtio_input_multi_touch_10 is associated with display ADISPLAY_ID_NONE.
10-17 18:26:51.744   565  2069 W InputReader: Device virtio_input_multi_touch_2 is associated with display ADISPLAY_ID_NONE.
10-17 18:26:51.744   565  2069 W InputReader: Device virtio_input_multi_touch_3 is associated with display ADISPLAY_ID_NONE.
10-17 18:26:51.744   565  2069 W InputReader: Device virtio_input_multi_touch_5 is associated with display ADISPLAY_ID_NONE.
10-17 18:26:51.744   565  2069 W InputReader: Device virtio_input_multi_touch_7 is associated with display ADISPLAY_ID_NONE.
10-17 18:26:51.744   565  2069 W InputReader: Device virtio_input_multi_touch_11 is associated with display ADISPLAY_ID_NONE.
10-17 18:26:51.744   565  2069 W InputReader: Device virtio_input_multi_touch_6 is associated with display ADISPLAY_ID_NONE.
10-17 18:26:51.744   565  2069 W InputReader: Device virtio_input_multi_touch_4 is associated with display ADISPLAY_ID_NONE.
10-17 18:26:51.744   565  2069 W InputReader: Device virtio_input_multi_touch_9 is associated with display ADISPLAY_ID_NONE.
10-17 18:26:51.744   565  2069 W InputReader: Device virtio_input_multi_touch_8 is associated with display ADISPLAY_ID_NONE.
10-17 18:26:51.744   565  2069 W InputReader: Device virtio_input_multi_touch_10 is associated with display ADISPLAY_ID_NONE.
10-17 18:26:51.754  1274  1274 D LifecycleMonitor: Lifecycle status change: edu.ucsc.cse118.assignment3.MainActivity@be49c0d in: PRE_ON_CREATE
10-17 18:26:51.754  1274  1274 V ActivityScenario: Activity lifecycle changed event received but ignored because the reported transition was not ON_CREATE while the last known transition was PRE_ON_CREATE
10-17 18:26:51.756   863   945 D EGL_emulation: app_time_stats: avg=693.91ms min=30.20ms max=1357.62ms count=2
10-17 18:26:51.772 16906 16906 I A       : onApplyWindowInsets: systemWindowInsets=Insets{left=0, top=66, right=0, bottom=44}
10-17 18:26:51.772 16906 16906 I A       : onApplyWindowInsets: systemWindowInsets=Insets{left=0, top=66, right=0, bottom=44}
10-17 18:26:51.780  1694  1694 I GsaVoiceInteractionSrv: Handling ACTION_STOP_HOTWORD
10-17 18:26:51.783  1694  1694 E HwDetectorWithState: a: 3
10-17 18:26:51.803  1274  1274 D LifecycleMonitor: Lifecycle status change: edu.ucsc.cse118.assignment3.MainActivity@be49c0d in: CREATED
10-17 18:26:51.803  1274  1274 V ActivityScenario: Update currentActivityStage to CREATED, currentActivity=edu.ucsc.cse118.assignment3.MainActivity@be49c0d
10-17 18:26:51.822  1274  1274 D LifecycleMonitor: Lifecycle status change: edu.ucsc.cse118.assignment3.MainActivity@be49c0d in: STARTED
10-17 18:26:51.822  1274  1274 V ActivityScenario: Update currentActivityStage to STARTED, currentActivity=edu.ucsc.cse118.assignment3.MainActivity@be49c0d
10-17 18:26:51.823  1274  1274 D LifecycleMonitor: Lifecycle status change: edu.ucsc.cse118.assignment3.MainActivity@be49c0d in: RESUMED
10-17 18:26:51.823  1274  1274 V ActivityScenario: Update currentActivityStage to RESUMED, currentActivity=edu.ucsc.cse118.assignment3.MainActivity@be49c0d
10-17 18:26:51.852   365   424 D goldfish-address-space: claimShared: Ask to claim region [0x1f0000000 0x1f09a4000]
10-17 18:26:51.856   365   424 D goldfish-address-space: claimShared: Ask to claim region [0x1f0fd0000 0x1f1974000]
10-17 18:26:51.857   365   424 D goldfish-address-space: claimShared: Ask to claim region [0x1f2318000 0x1f2cbc000]
10-17 18:26:51.876   565   606 I ActivityTaskManager: Displayed edu.ucsc.cse118.assignment3/.MainActivity: +198ms
10-17 18:26:51.879  1274  1274 D RootViewPicker: Root not ready - waiting: 10ms for one to appear.
10-17 18:26:51.887  1570  1570 I GoogleInputMethodService: GoogleInputMethodService.onFinishInput():3269
10-17 18:26:51.887  1570  1570 I GoogleInputMethodService: GoogleInputMethodService.onStartInput():1947
10-17 18:26:51.888  1570  1570 I DeviceUnlockedTag: DeviceUnlockedTag.notifyDeviceLockStatusChanged():79 Notify device unlocked.
10-17 18:26:51.888   565   679 W InputManager-JNI: Input channel object '1e4ab9 Splash Screen edu.ucsc.cse118.assignment3.test (client)' was disposed without first being removed with the input manager!
10-17 18:26:51.915  1274  1274 I ViewInteraction: Performing 'type text(molly@cse118.com)' action on view ((view has effective visibility <VISIBLE> and view.getGlobalVisibleRect() to return non-empty rectangle) and ((view.getId() is <2131230905/edu.ucsc.cse118.assignment3:id/email> and is assignable from class <class android.widget.EditText>) or (is descendant of a view matching view.getId() is <2131230905/edu.ucsc.cse118.assignment3:id/email> and is assignable from class <class android.widget.EditText>)))
10-17 18:26:51.919  1166  1166 D TaplEvents: TIS / TouchInteractionService.onInputEvent: MotionEvent { action=ACTION_DOWN, actionButton=0, id[0]=0, x[0]=539.5, y[0]=782.5, toolType[0]=TOOL_TYPE_UNKNOWN, buttonState=BUTTON_PRIMARY, classification=NONE, metaState=0, flags=0x0, edgeFlags=0x0, pointerCount=1, historySize=0, eventTime=56074203, downTime=56074203, deviceId=-1, source=0x1002, displayId=0, eventId=-397212715 }
10-17 18:26:51.960  1166  1166 D TaplEvents: TIS / TouchInteractionService.onInputEvent: MotionEvent { action=ACTION_UP, actionButton=0, id[0]=0, x[0]=539.5, y[0]=782.5, toolType[0]=TOOL_TYPE_FINGER, buttonState=BUTTON_PRIMARY, classification=NONE, metaState=0, flags=0x0, edgeFlags=0x0, pointerCount=1, historySize=0, eventTime=56074245, downTime=56074203, deviceId=-1, source=0x1002, displayId=0, eventId=-547360161 }
10-17 18:26:51.967  1570  1570 I GoogleInputMethodService: GoogleInputMethodService.onFinishInput():3269
10-17 18:26:51.967  1274  1274 D InputMethodManager: showSoftInput() view=androidx.appcompat.widget.AppCompatEditText{d1f45fd VFED..CL. .F.P..ID 196,501-884,625 #7f0800b9 app:id/email aid=1073741824} flags=0 reason=SHOW_SOFT_INPUT
10-17 18:26:51.967  1570  1570 I GoogleInputMethodService: GoogleInputMethodService.onStartInput():1947
10-17 18:26:51.968  1570  1570 I DeviceUnlockedTag: DeviceUnlockedTag.notifyDeviceLockStatusChanged():79 Notify device unlocked.
10-17 18:26:51.973  1274  1274 I AssistStructure: Flattened final assist data: 1940 bytes, containing 1 windows, 12 views
10-17 18:26:51.974  1570  1570 I GoogleInputMethodService: GoogleInputMethodService.onStartInputView():2057
10-17 18:26:51.974  1570  1570 I DeviceUnlockedTag: DeviceUnlockedTag.notifyDeviceLockStatusChanged():79 Notify device unlocked.
10-17 18:26:51.975  1570  1570 I DeviceUnlockedTag: DeviceUnlockedTag.notifyDeviceLockStatusChanged():79 Notify device unlocked.
10-17 18:26:51.976  1570  1570 I KeyboardViewUtil: KeyboardViewUtil.getKeyboardHeightRatio():168 systemKeyboardHeightRatio:1.000000; userKeyboardHeightRatio:1.000000.
10-17 18:26:51.977  1570  1570 I DeviceUnlockedTag: DeviceUnlockedTag.notifyDeviceLockStatusChanged():79 Notify device unlocked.
10-17 18:26:51.977  1570  1570 I AndroidIME: AbstractIme.onActivate():86 LatinIme.onActivate() : EditorInfo = inputType=Email imeActionName=NEXT dump=[inputType=0x21 imeOptions=0x8000005 privateImeOptions=null actionLabel=null actionId=0 initialSelStart=0 initialSelEnd=0 initialCapsMode=0x0 hintText=Email label=null packageName=edu.ucsc.cse118.assignment3 autofillId=1073741824 fieldId=2131230905 fieldName=null extras=Bundle[{android.support.text.emoji.emojiCompat_metadataVersion=7, android.support.text.emoji.emojiCompat_replaceAll=false}] hintLocales=null contentMimeTypes=null ], IncognitoMode = false, DeviceLocked = false
10-17 18:26:51.977  1570  1570 I DeviceUnlockedTag: DeviceUnlockedTag.notifyDeviceLockStatusChanged():79 Notify device unlocked.
10-17 18:26:51.978  1570  1570 I Delight5Facilitator: Delight5Facilitator.initializeForIme():769 initializeForIme() : Locale = [en_US], layout = qwerty
10-17 18:26:51.980  1570  1570 I Delight5Facilitator: Delight5Facilitator.resetDecoder():925 resetDecoder() : Locale = [en_US]
10-17 18:26:51.986  1570  1570 E UserFeatureCache: UserFeatureCache.getStore():468 Wrong feature id provided PERSONALIZED_FST_MODEL_PARAMS for protobuf lab.
10-17 18:26:51.988  1570  1570 E InputContextLock: InputContextLock.mayLockAndRun():126 Failed to run
10-17 18:26:51.988  1570  1570 E InputContextLock: java.lang.NullPointerException: Attempt to invoke virtual method 'java.lang.Class java.lang.Object.getClass()' on a null object reference
10-17 18:26:51.988  1570  1570 E InputContextLock: 	at com.google.android.libraries.inputmethod.userfeaturecache.UserFeatureCache.c(PG:8)
10-17 18:26:51.988  1570  1570 E InputContextLock: 	at com.google.android.apps.inputmethod.libs.delight5.Delight5Facilitator.K(PG:131)
10-17 18:26:51.988  1570  1570 E InputContextLock: 	at cng.call(Unknown Source:4)
10-17 18:26:51.988  1570  1570 E InputContextLock: 	at con.a(PG:6)
10-17 18:26:51.988  1570  1570 E InputContextLock: 	at com.google.android.apps.inputmethod.libs.delight5.Delight5Facilitator.G(PG:37)
10-17 18:26:51.988  1570  1570 E InputContextLock: 	at com.google.android.apps.inputmethod.libs.latin5.LatinIme.h(PG:17)
10-17 18:26:51.988  1570  1570 E InputContextLock: 	at jlx.g(PG:6)
10-17 18:26:51.988  1570  1570 E InputContextLock: 	at jlx.m(PG:2)
10-17 18:26:51.988  1570  1570 E InputContextLock: 	at dww.u(PG:18)
10-17 18:26:51.988  1570  1570 E InputContextLock: 	at com.android.inputmethod.latin.LatinIME.u(PG:104)
10-17 18:26:51.988  1570  1570 E InputContextLock: 	at dww.onStartInputView(PG:29)
10-17 18:26:51.988  1570  1570 E InputContextLock: 	at android.inputmethodservice.InputMethodService.startViews(InputMethodService.java:2291)
10-17 18:26:51.988  1570  1570 E InputContextLock: 	at android.inputmethodservice.InputMethodService.showWindow(InputMethodService.java:2237)
10-17 18:26:51.988  1570  1570 E InputContextLock: 	at android.inputmethodservice.InputMethodService$InputMethodImpl.showSoftInput(InputMethodService.java:808)
10-17 18:26:51.988  1570  1570 E InputContextLock: 	at android.inputmethodservice.InputMethodService$InputMethodImpl.showSoftInputWithToken(InputMethodService.java:782)
10-17 18:26:51.988  1570  1570 E InputContextLock: 	at android.inputmethodservice.IInputMethodWrapper.executeMessage(IInputMethodWrapper.java:225)
10-17 18:26:51.988  1570  1570 E InputContextLock: 	at com.android.internal.os.HandlerCaller$MyHandler.handleMessage(HandlerCaller.java:44)
10-17 18:26:51.988  1570  1570 E InputContextLock: 	at android.os.Handler.dispatchMessage(Handler.java:106)
10-17 18:26:51.988  1570  1570 E InputContextLock: 	at android.os.Looper.loopOnce(Looper.java:201)
10-17 18:26:51.988  1570  1570 E InputContextLock: 	at android.os.Looper.loop(Looper.java:288)
10-17 18:26:51.988  1570  1570 E InputContextLock: 	at android.app.ActivityThread.main(ActivityThread.java:7842)
10-17 18:26:51.988  1570  1570 E InputContextLock: 	at java.lang.reflect.Method.invoke(Native Method)
10-17 18:26:51.988  1570  1570 E InputContextLock: 	at com.android.internal.os.RuntimeInit$MethodAndArgsCaller.run(RuntimeInit.java:548)
10-17 18:26:51.988  1570  1570 E InputContextLock: 	at com.android.internal.os.ZygoteInit.main(ZygoteInit.java:1003)
10-17 18:26:51.991  1570  1570 I VoiceInputManagerWrapper: VoiceInputManagerWrapper.cancelShutdown():55 cancelShutdown()
10-17 18:26:51.991  1570  1570 I VoiceInputManagerWrapper: VoiceInputManagerWrapper.syncLanguagePacks():67 syncLanguagePacks()
10-17 18:26:51.992  1570  1570 I LatinIme: LatinIme.updateEnableInlineSuggestionsOnDecoderSideFlags():1264 inline flag updated to:false
10-17 18:26:51.993  1570  7663 I SpeechFactory: SpeechRecognitionFactory.maybeScheduleAutoPackDownloadForFallback():184 maybeScheduleAutoPackDownloadForFallback()
10-17 18:26:51.993  1570  7663 I FallbackOnDeviceRecognitionProvider: FallbackOnDeviceRecognitionProvider.maybeScheduleAutoPackDownload():196 maybeScheduleAutoPackDownload() for language tag en-US
10-17 18:26:51.993  1570  1570 W Delight5Decoder: Decoder.setRuntimeParams():372 setRuntimeParams() : Native lib is not ready.
10-17 18:26:51.999  1570  1570 I KeyboardWrapper: KeyboardWrapper.consumeEvent():284 Skip consuming an event as current keyboard is deactivated (state=0, keyboard existence=true)
10-17 18:26:52.005  1570  1570 I DeviceUnlockedTag: DeviceUnlockedTag.notifyDeviceLockStatusChanged():79 Notify device unlocked.
10-17 18:26:52.011  1570  1570 I DeviceUnlockedTag: DeviceUnlockedTag.notifyDeviceLockStatusChanged():79 Notify device unlocked.
10-17 18:26:52.012  1570  1570 I DeviceUnlockedTag: DeviceUnlockedTag.notifyDeviceLockStatusChanged():79 Notify device unlocked.
10-17 18:26:52.012  1570  1570 I DeviceUnlockedTag: DeviceUnlockedTag.notifyDeviceLockStatusChanged():79 Notify device unlocked.
10-17 18:26:52.012  1570  1570 I DeviceUnlockedTag: DeviceUnlockedTag.notifyDeviceLockStatusChanged():79 Notify device unlocked.
10-17 18:26:52.013  1570  1570 I DeviceUnlockedTag: DeviceUnlockedTag.notifyDeviceLockStatusChanged():79 Notify device unlocked.
10-17 18:26:52.014  1570  1570 I DeviceUnlockedTag: DeviceUnlockedTag.notifyDeviceLockStatusChanged():79 Notify device unlocked.
10-17 18:26:52.016  1271  1271 W ngj     : Pending fill request while another request in the same session was triggered. [CONTEXT service_id=177 ]
10-17 18:26:52.019  1570  1570 I KeyboardViewHelper: KeyboardViewHelper.getView():166 Get view with height ratio:1.000000
10-17 18:26:52.029  1580  1580 V InlineSuggestionRenderService: handleDestroySuggestionViews called for 0:995010417
10-17 18:26:52.045  1570  1570 I KeyboardViewUtil: KeyboardViewUtil.calculateMaxKeyboardBodyHeight():53 leave 344 height for app when screen height:2208, header height:121 and isFullscreenMode:false, so the max keyboard body height is:1743
10-17 18:26:52.047  1570  1570 I DeviceUnlockedTag: DeviceUnlockedTag.notifyDeviceLockStatusChanged():79 Notify device unlocked.
10-17 18:26:52.047  1570  1570 I DeviceUnlockedTag: DeviceUnlockedTag.notifyDeviceLockStatusChanged():79 Notify device unlocked.
10-17 18:26:52.048  1570  1570 I DeviceUnlockedTag: DeviceUnlockedTag.notifyDeviceLockStatusChanged():79 Notify device unlocked.
10-17 18:26:52.048  1570  1570 I DeviceUnlockedTag: DeviceUnlockedTag.notifyDeviceLockStatusChanged():79 Notify device unlocked.
10-17 18:26:52.048  1570  1570 I DeviceModeUtil: DeviceModeUtil.getDeviceMode():96 Get device mode phone by ui mode:1 and smallestScreenWidthDp:392
10-17 18:26:52.048  1570  1570 I DeviceUnlockedTag: DeviceUnlockedTag.notifyDeviceLockStatusChanged():79 Notify device unlocked.
10-17 18:26:52.049  1570  1570 I NormalModeController: NormalModeController.getKeyboardBodyViewHolderPaddingBottom():111 currentPrimeKeyboardType:SOFT systemPaddingBottom:-1
10-17 18:26:52.049  1570  1570 I KeyboardViewUtil: KeyboardViewUtil.calculateMaxKeyboardBodyHeight():53 leave 344 height for app when screen height:2208, header height:121 and isFullscreenMode:false, so the max keyboard body height is:1743
10-17 18:26:52.049  1570  1570 E LatinPrimeKeyboard: LatinPrimeKeyboard.updateCurrentImeLocales():414 consumeEvent: UPDATE_CURRENT_IME_LOCALES, Illegal argument
10-17 18:26:52.049  1570  1570 I NormalModeController: NormalModeController.getKeyboardBodyViewHolderPaddingBottom():111 currentPrimeKeyboardType:SOFT systemPaddingBottom:-1
10-17 18:26:52.049  1570  1570 I NormalModeController: NormalModeController.getKeyboardBodyViewHolderPaddingBottom():111 currentPrimeKeyboardType:SOFT systemPaddingBottom:-1
10-17 18:26:52.061  1570  1570 I DeviceUnlockedTag: DeviceUnlockedTag.notifyDeviceLockStatusChanged():79 Notify device unlocked.
10-17 18:26:52.061  1570  1570 I CurrentMicStatusHolder: CurrentMicStatusHolder.onStartInputView():79 Current Mic status = {MicIconHidden-EmailInputType,}
10-17 18:26:52.061  1570  1570 I VoiceImeExtension: VoiceImeExtension.shouldStartVoiceInputAutomatically():364 No private IME option set to start voice input.
10-17 18:26:52.066  1274  1274 D InsetsController: show(ime(), fromIme=true)
10-17 18:26:52.075  1570  1570 I NormalModeController: NormalModeController.getKeyboardBodyViewHolderPaddingBottom():111 currentPrimeKeyboardType:SOFT systemPaddingBottom:-1
10-17 18:26:52.100  1389  1389 D BoundBrokerSvc: onBind: Intent { act=com.google.android.gms.common.BIND_SHARED_PREFS pkg=com.google.android.gms }
10-17 18:26:52.101  1389  1389 D BoundBrokerSvc: Loading bound service for intent: Intent { act=com.google.android.gms.common.BIND_SHARED_PREFS pkg=com.google.android.gms }
10-17 18:26:52.115  1570  2142 D EGL_emulation: app_time_stats: avg=1742.20ms min=1742.20ms max=1742.20ms count=1
10-17 18:26:52.116  1389  1389 D BoundBrokerSvc: onUnbind: Intent { act=com.google.android.gms.common.BIND_SHARED_PREFS pkg=com.google.android.gms }
10-17 18:26:52.125  1389  1389 D BoundBrokerSvc: onBind: Intent { act=com.google.android.gms.common.BIND_SHARED_PREFS pkg=com.google.android.gms }
10-17 18:26:52.125  1389  1389 D BoundBrokerSvc: Loading bound service for intent: Intent { act=com.google.android.gms.common.BIND_SHARED_PREFS pkg=com.google.android.gms }
10-17 18:26:52.127  1389  1389 D BoundBrokerSvc: onUnbind: Intent { act=com.google.android.gms.common.BIND_SHARED_PREFS pkg=com.google.android.gms }
10-17 18:26:52.197  1274  1274 D UiControllerImpl: Injecting string: "molly@cse118.com"
10-17 18:26:52.205  1570  1570 W SpellCheckerExtension: SpellCheckerExtension.consumeEvent():156 SPELL_CHECK_SUGGESTIONS received with bad key data.
10-17 18:26:52.205  1570  1570 W TooltipLifecycleManager: TooltipLifecycleManager.dismissTooltips():157 Tooltip with id spell_check_add_to_dictionary not found in tooltipManager.
10-17 18:26:52.502  1274  1274 I ViewInteraction: Performing 'type text(molly)' action on view ((view has effective visibility <VISIBLE> and view.getGlobalVisibleRect() to return non-empty rectangle) and ((view.getId() is <2131231065/edu.ucsc.cse118.assignment3:id/password> and is assignable from class <class android.widget.EditText>) or (is descendant of a view matching view.getId() is <2131231065/edu.ucsc.cse118.assignment3:id/password> and is assignable from class <class android.widget.EditText>)))
10-17 18:26:52.504  1166  1166 D TaplEvents: TIS / TouchInteractionService.onInputEvent: MotionEvent { action=ACTION_DOWN, actionButton=0, id[0]=0, x[0]=539.5, y[0]=928.5, toolType[0]=TOOL_TYPE_UNKNOWN, buttonState=BUTTON_PRIMARY, classification=NONE, metaState=0, flags=0x0, edgeFlags=0x0, pointerCount=1, historySize=0, eventTime=56074788, downTime=56074788, deviceId=-1, source=0x1002, displayId=0, eventId=-705127009 }
10-17 18:26:52.545  1166  1166 D TaplEvents: TIS / TouchInteractionService.onInputEvent: MotionEvent { action=ACTION_UP, actionButton=0, id[0]=0, x[0]=539.5, y[0]=928.5, toolType[0]=TOOL_TYPE_FINGER, buttonState=BUTTON_PRIMARY, classification=NONE, metaState=0, flags=0x0, edgeFlags=0x0, pointerCount=1, historySize=0, eventTime=56074830, downTime=56074788, deviceId=-1, source=0x1002, displayId=0, eventId=-278194626 }
10-17 18:26:52.548  1570  1570 I GoogleInputMethodService: GoogleInputMethodService.onFinishInputView():2291
10-17 18:26:52.548  1274  1274 D InputMethodManager: showSoftInput() view=androidx.appcompat.widget.AppCompatEditText{c5212f2 VFED..CL. .F.P..ID 196,647-884,771 #7f080159 app:id/password aid=1073741825} flags=0 reason=SHOW_SOFT_INPUT
10-17 18:26:52.548  1570  1570 W TooltipLifecycleManager: TooltipLifecycleManager.dismissTooltips():157 Tooltip with id spell_check_add_to_dictionary not found in tooltipManager.
10-17 18:26:52.549  1570  1570 I InputBundle: InputBundle.consumeEvent():920 Skip consuming an event as keyboard status is 0
10-17 18:26:52.549  1570  1570 I KeyboardWrapper: KeyboardWrapper.consumeEvent():284 Skip consuming an event as current keyboard is deactivated (state=0, keyboard existence=true)
10-17 18:26:52.549  1570  1570 I VoiceInputManagerWrapper: VoiceInputManagerWrapper.shutdown():77 shutdown()
10-17 18:26:52.549  1570  1570 I DeviceUnlockedTag: DeviceUnlockedTag.notifyDeviceLockStatusChanged():79 Notify device unlocked.
10-17 18:26:52.550  1570  1570 I AndroidIME: AbstractIme.onDeactivate():207 LatinIme.onDeactivate()
10-17 18:26:52.551  1570  1570 I GoogleInputMethodService: GoogleInputMethodService.onFinishInput():3269
10-17 18:26:52.552  1570  1570 I GoogleInputMethodService: GoogleInputMethodService.onStartInput():1947
10-17 18:26:52.552  1570  1570 I DeviceUnlockedTag: DeviceUnlockedTag.notifyDeviceLockStatusChanged():79 Notify device unlocked.
10-17 18:26:52.552  1570  1570 I GoogleInputMethodService: GoogleInputMethodService.onStartInputView():2057
10-17 18:26:52.552  1570  1570 I DeviceUnlockedTag: DeviceUnlockedTag.notifyDeviceLockStatusChanged():79 Notify device unlocked.
10-17 18:26:52.552  1570  1570 I DeviceUnlockedTag: DeviceUnlockedTag.notifyDeviceLockStatusChanged():79 Notify device unlocked.
10-17 18:26:52.552  1570  1570 I KeyboardViewUtil: KeyboardViewUtil.getKeyboardHeightRatio():168 systemKeyboardHeightRatio:1.000000; userKeyboardHeightRatio:1.000000.
10-17 18:26:52.553  1570  1570 I DeviceUnlockedTag: DeviceUnlockedTag.notifyDeviceLockStatusChanged():79 Notify device unlocked.
10-17 18:26:52.553  1570  1570 I AndroidIME: AbstractIme.onActivate():86 PasswordIme.onActivate() : EditorInfo = inputType=Password imeActionName=DONE dump=[inputType=0x81 imeOptions=0x4000006 privateImeOptions=null actionLabel=null actionId=0 initialSelStart=0 initialSelEnd=0 initialCapsMode=0x0 hintText=Password label=null packageName=edu.ucsc.cse118.assignment3 autofillId=1073741825 fieldId=2131231065 fieldName=null extras=Bundle[{android.support.text.emoji.emojiCompat_metadataVersion=7, android.support.text.emoji.emojiCompat_replaceAll=false}] hintLocales=null contentMimeTypes=null ], IncognitoMode = false, DeviceLocked = false
10-17 18:26:52.553  1570  1570 I DeviceUnlockedTag: DeviceUnlockedTag.notifyDeviceLockStatusChanged():79 Notify device unlocked.
10-17 18:26:52.553  1570  1570 I KeyboardViewHelper: KeyboardViewHelper.getView():166 Get view with height ratio:1.000000
10-17 18:26:52.556  1570  1570 I KeyboardViewUtil: KeyboardViewUtil.calculateMaxKeyboardBodyHeight():53 leave 344 height for app when screen height:2208, header height:121 and isFullscreenMode:false, so the max keyboard body height is:1743
10-17 18:26:52.556  1570  1570 I DeviceUnlockedTag: DeviceUnlockedTag.notifyDeviceLockStatusChanged():79 Notify device unlocked.
10-17 18:26:52.557  1570  1570 I KeyboardViewUtil: KeyboardViewUtil.calculateMaxKeyboardBodyHeight():53 leave 344 height for app when screen height:2208, header height:121 and isFullscreenMode:false, so the max keyboard body height is:1743
10-17 18:26:52.557  1570  1570 I NormalModeController: NormalModeController.getKeyboardBodyViewHolderPaddingBottom():111 currentPrimeKeyboardType:SOFT systemPaddingBottom:-1
10-17 18:26:52.557  1570  1570 I NormalModeController: NormalModeController.getKeyboardBodyViewHolderPaddingBottom():111 currentPrimeKeyboardType:SOFT systemPaddingBottom:-1
10-17 18:26:52.557  1570  1570 I CurrentMicStatusHolder: CurrentMicStatusHolder.onStartInputView():79 Current Mic status = {MicIconHidden-SettingOff,MicIconHidden-PasswordOrNumberOrDateInputType,}
10-17 18:26:52.557  1570  1570 I VoiceImeExtension: VoiceImeExtension.shouldStartVoiceInputAutomatically():364 No private IME option set to start voice input.
10-17 18:26:52.560  1389  1389 D BoundBrokerSvc: onBind: Intent { act=com.google.android.gms.common.BIND_SHARED_PREFS pkg=com.google.android.gms }
10-17 18:26:52.560  1389  1389 D BoundBrokerSvc: Loading bound service for intent: Intent { act=com.google.android.gms.common.BIND_SHARED_PREFS pkg=com.google.android.gms }
10-17 18:26:52.561  1389  1389 D BoundBrokerSvc: onUnbind: Intent { act=com.google.android.gms.common.BIND_SHARED_PREFS pkg=com.google.android.gms }
10-17 18:26:52.563  1274  1274 D InsetsController: show(ime(), fromIme=true)
10-17 18:26:52.564  1274  1274 D InsetsController: show(ime(), fromIme=true)
10-17 18:26:52.568  1389  1389 D BoundBrokerSvc: onBind: Intent { act=com.google.android.gms.common.BIND_SHARED_PREFS pkg=com.google.android.gms }
10-17 18:26:52.568  1389  1389 D BoundBrokerSvc: Loading bound service for intent: Intent { act=com.google.android.gms.common.BIND_SHARED_PREFS pkg=com.google.android.gms }
10-17 18:26:52.569  1389  1389 D BoundBrokerSvc: onUnbind: Intent { act=com.google.android.gms.common.BIND_SHARED_PREFS pkg=com.google.android.gms }
10-17 18:26:52.816  1274  1274 D UiControllerImpl: Injecting string: "molly"
10-17 18:26:52.886  1274  1416 D EGL_emulation: app_time_stats: avg=32.69ms min=7.21ms max=250.58ms count=31
10-17 18:26:52.922  1274  1274 I ViewInteraction: Performing 'single click' action on view ((view has effective visibility <VISIBLE> and view.getGlobalVisibleRect() to return non-empty rectangle) and (an instance of android.widget.TextView and view.getText() with or without transformation to match: is "LOGIN" or (view.getParent() is assignable from class <class com.google.android.material.textfield.TextInputLayout> and (view is an instance of android.view.ViewGroup and has descendant matching an instance of android.widget.TextView and view.getText() with or without transformation to match: is "LOGIN"))))
10-17 18:26:52.924  1166  1166 D TaplEvents: TIS / TouchInteractionService.onInputEvent: MotionEvent { action=ACTION_DOWN, actionButton=0, id[0]=0, x[0]=539.5, y[0]=1078.5, toolType[0]=TOOL_TYPE_UNKNOWN, buttonState=BUTTON_PRIMARY, classification=NONE, metaState=0, flags=0x0, edgeFlags=0x0, pointerCount=1, historySize=0, eventTime=56075208, downTime=56075208, deviceId=-1, source=0x1002, displayId=0, eventId=-750974969 }
10-17 18:26:52.951   863   945 D EGL_emulation: app_time_stats: avg=645.76ms min=207.03ms max=1084.49ms count=2
10-17 18:26:52.963  1166  1166 D TaplEvents: TIS / TouchInteractionService.onInputEvent: MotionEvent { action=ACTION_UP, actionButton=0, id[0]=0, x[0]=539.5, y[0]=1078.5, toolType[0]=TOOL_TYPE_FINGER, buttonState=BUTTON_PRIMARY, classification=NONE, metaState=0, flags=0x0, edgeFlags=0x0, pointerCount=1, historySize=0, eventTime=56075248, downTime=56075208, deviceId=-1, source=0x1002, displayId=0, eventId=-628574470 }
10-17 18:26:52.971   354   474 E android.hardware.audio@7.0-impl.ranchu: device/generic/goldfish/audio/stream_out.cpp:updateSourceMetadata:377 failure: Result::NOT_SUPPORTED
10-17 18:26:53.020  1570  1570 I GoogleInputMethodService: GoogleInputMethodService.onFinishInputView():2291
10-17 18:26:53.020  1570  1570 W TooltipLifecycleManager: TooltipLifecycleManager.dismissTooltips():157 Tooltip with id spell_check_add_to_dictionary not found in tooltipManager.
10-17 18:26:53.020  1570  1570 I AndroidIME: AbstractIme.onDeactivate():207 PasswordIme.onDeactivate()
10-17 18:26:53.035   863   945 D EGL_emulation: app_time_stats: avg=319.04ms min=12.03ms max=900.61ms count=4
10-17 18:26:53.100   354   474 E android.hardware.audio@7.0-impl.ranchu: device/generic/goldfish/audio/stream_out.cpp:updateSourceMetadata:377 failure: Result::NOT_SUPPORTED
10-17 18:26:53.263  1274  1274 I ViewInteraction: Performing 'searching for view an instance of android.widget.TextView and view.getText() with or without transformation to match: is "Construction" in the root view' action on view view.getRootView() to equal view
10-17 18:26:53.265  1274  1274 I ViewInteraction: Performing 'single click' action on view ((view has effective visibility <VISIBLE> and view.getGlobalVisibleRect() to return non-empty rectangle) and (an instance of android.widget.TextView and view.getText() with or without transformation to match: is "Construction" or (view.getParent() is assignable from class <class com.google.android.material.textfield.TextInputLayout> and (view is an instance of android.view.ViewGroup and has descendant matching an instance of android.widget.TextView and view.getText() with or without transformation to match: is "Construction"))))
10-17 18:26:53.267  1166  1166 D TaplEvents: TIS / TouchInteractionService.onInputEvent: MotionEvent { action=ACTION_DOWN, actionButton=0, id[0]=0, x[0]=178.0, y[0]=278.5, toolType[0]=TOOL_TYPE_UNKNOWN, buttonState=BUTTON_PRIMARY, classification=NONE, metaState=0, flags=0x0, edgeFlags=0x0, pointerCount=1, historySize=0, eventTime=56075551, downTime=56075551, deviceId=-1, source=0x1002, displayId=0, eventId=-247672106 }
10-17 18:26:53.307  1166  1166 D TaplEvents: TIS / TouchInteractionService.onInputEvent: MotionEvent { action=ACTION_UP, actionButton=0, id[0]=0, x[0]=178.0, y[0]=278.5, toolType[0]=TOOL_TYPE_FINGER, buttonState=BUTTON_PRIMARY, classification=NONE, metaState=0, flags=0x0, edgeFlags=0x0, pointerCount=1, historySize=0, eventTime=56075592, downTime=56075551, deviceId=-1, source=0x1002, displayId=0, eventId=-365560136 }
10-17 18:26:53.311   354   474 E android.hardware.audio@7.0-impl.ranchu: device/generic/goldfish/audio/stream_out.cpp:updateSourceMetadata:377 failure: Result::NOT_SUPPORTED
10-17 18:26:53.431   354   474 E android.hardware.audio@7.0-impl.ranchu: device/generic/goldfish/audio/stream_out.cpp:updateSourceMetadata:377 failure: Result::NOT_SUPPORTED
10-17 18:26:53.546  1274  1274 I ViewInteraction: Performing 'searching for view an instance of android.widget.TextView and view.getText() with or without transformation to match: is "Doors, Frames & Hardware" in the root view' action on view view.getRootView() to equal view
10-17 18:26:53.550  1274  1274 I ViewInteraction: Performing 'single click' action on view ((view has effective visibility <VISIBLE> and view.getGlobalVisibleRect() to return non-empty rectangle) and (an instance of android.widget.TextView and view.getText() with or without transformation to match: is "Doors, Frames & Hardware" or (view.getParent() is assignable from class <class com.google.android.material.textfield.TextInputLayout> and (view is an instance of android.view.ViewGroup and has descendant matching an instance of android.widget.TextView and view.getText() with or without transformation to match: is "Doors, Frames & Hardware"))))
10-17 18:26:53.552  1166  1166 D TaplEvents: TIS / TouchInteractionService.onInputEvent: MotionEvent { action=ACTION_DOWN, actionButton=0, id[0]=0, x[0]=347.5, y[0]=1587.5, toolType[0]=TOOL_TYPE_UNKNOWN, buttonState=BUTTON_PRIMARY, classification=NONE, metaState=0, flags=0x0, edgeFlags=0x0, pointerCount=1, historySize=0, eventTime=56075836, downTime=56075836, deviceId=-1, source=0x1002, displayId=0, eventId=-44372603 }
10-17 18:26:53.575  1570  1570 I DeviceUnlockedTag: DeviceUnlockedTag.notifyDeviceLockStatusChanged():79 Notify device unlocked.
10-17 18:26:53.592  1166  1166 D TaplEvents: TIS / TouchInteractionService.onInputEvent: MotionEvent { action=ACTION_UP, actionButton=0, id[0]=0, x[0]=347.5, y[0]=1587.5, toolType[0]=TOOL_TYPE_FINGER, buttonState=BUTTON_PRIMARY, classification=NONE, metaState=0, flags=0x0, edgeFlags=0x0, pointerCount=1, historySize=0, eventTime=56075876, downTime=56075836, deviceId=-1, source=0x1002, displayId=0, eventId=-953892242 }
10-17 18:26:53.594   354   474 E android.hardware.audio@7.0-impl.ranchu: device/generic/goldfish/audio/stream_out.cpp:updateSourceMetadata:377 failure: Result::NOT_SUPPORTED
10-17 18:26:53.719   354   474 E android.hardware.audio@7.0-impl.ranchu: device/generic/goldfish/audio/stream_out.cpp:updateSourceMetadata:377 failure: Result::NOT_SUPPORTED
10-17 18:26:53.883  1274  1274 I ViewInteraction: Performing 'single click' action on view ((view has effective visibility <VISIBLE> and view.getGlobalVisibleRect() to return non-empty rectangle) and view.getId() is <2131230913/edu.ucsc.cse118.assignment3:id/fab>)
10-17 18:26:53.885  1166  1166 D TaplEvents: TIS / TouchInteractionService.onInputEvent: MotionEvent { action=ACTION_DOWN, actionButton=0, id[0]=0, x[0]=958.5, y[0]=1922.5, toolType[0]=TOOL_TYPE_UNKNOWN, buttonState=BUTTON_PRIMARY, classification=NONE, metaState=0, flags=0x0, edgeFlags=0x0, pointerCount=1, historySize=0, eventTime=56076169, downTime=56076169, deviceId=-1, source=0x1002, displayId=0, eventId=-368712220 }
10-17 18:26:53.903  1274  1416 D EGL_emulation: app_time_stats: avg=78.14ms min=10.80ms max=278.95ms count=13
10-17 18:26:53.927  1166  1166 D TaplEvents: TIS / TouchInteractionService.onInputEvent: MotionEvent { action=ACTION_UP, actionButton=0, id[0]=0, x[0]=958.5, y[0]=1922.5, toolType[0]=TOOL_TYPE_FINGER, buttonState=BUTTON_PRIMARY, classification=NONE, metaState=0, flags=0x0, edgeFlags=0x0, pointerCount=1, historySize=0, eventTime=56076211, downTime=56076169, deviceId=-1, source=0x1002, displayId=0, eventId=-1044952205 }
10-17 18:26:53.940   354   474 E android.hardware.audio@7.0-impl.ranchu: device/generic/goldfish/audio/stream_out.cpp:updateSourceMetadata:377 failure: Result::NOT_SUPPORTED
10-17 18:26:54.075   354   474 E android.hardware.audio@7.0-impl.ranchu: device/generic/goldfish/audio/stream_out.cpp:updateSourceMetadata:377 failure: Result::NOT_SUPPORTED
10-17 18:26:54.188  1274  1274 I ViewInteraction: Performing 'type text(mollycse118)' action on view ((view has effective visibility <VISIBLE> and view.getGlobalVisibleRect() to return non-empty rectangle) and ((view.getId() is <2131230856/edu.ucsc.cse118.assignment3:id/content> and is assignable from class <class android.widget.EditText>) or (is descendant of a view matching view.getId() is <2131230856/edu.ucsc.cse118.assignment3:id/content> and is assignable from class <class android.widget.EditText>)))
10-17 18:26:54.191  1166  1166 D TaplEvents: TIS / TouchInteractionService.onInputEvent: MotionEvent { action=ACTION_DOWN, actionButton=0, id[0]=0, x[0]=539.5, y[0]=791.5, toolType[0]=TOOL_TYPE_UNKNOWN, buttonState=BUTTON_PRIMARY, classification=NONE, metaState=0, flags=0x0, edgeFlags=0x0, pointerCount=1, historySize=0, eventTime=56076475, downTime=56076475, deviceId=-1, source=0x1002, displayId=0, eventId=-815355342 }
10-17 18:26:54.233  1166  1166 D TaplEvents: TIS / TouchInteractionService.onInputEvent: MotionEvent { action=ACTION_UP, actionButton=0, id[0]=0, x[0]=539.5, y[0]=791.5, toolType[0]=TOOL_TYPE_FINGER, buttonState=BUTTON_PRIMARY, classification=NONE, metaState=0, flags=0x0, edgeFlags=0x0, pointerCount=1, historySize=0, eventTime=56076517, downTime=56076475, deviceId=-1, source=0x1002, displayId=0, eventId=-390083774 }
10-17 18:26:54.238  1570  1570 I GoogleInputMethodService: GoogleInputMethodService.onFinishInput():3269
10-17 18:26:54.238  1274  1274 D InputMethodManager: showSoftInput() view=androidx.appcompat.widget.AppCompatEditText{91c267a VFED..CL. .F.P..ID 196,22-884,1122 #7f080088 app:id/content aid=1073741835} flags=0 reason=SHOW_SOFT_INPUT
10-17 18:26:54.239  1570  1570 I GoogleInputMethodService: GoogleInputMethodService.onStartInput():1947
10-17 18:26:54.239  1570  1570 I DeviceUnlockedTag: DeviceUnlockedTag.notifyDeviceLockStatusChanged():79 Notify device unlocked.
10-17 18:26:54.244  1570  1570 I GoogleInputMethodService: GoogleInputMethodService.onStartInputView():2057
10-17 18:26:54.245  1570  1570 I DeviceUnlockedTag: DeviceUnlockedTag.notifyDeviceLockStatusChanged():79 Notify device unlocked.
10-17 18:26:54.245  1570  1570 I DeviceUnlockedTag: DeviceUnlockedTag.notifyDeviceLockStatusChanged():79 Notify device unlocked.
10-17 18:26:54.247  1570  1570 I KeyboardViewUtil: KeyboardViewUtil.getKeyboardHeightRatio():168 systemKeyboardHeightRatio:1.000000; userKeyboardHeightRatio:1.000000.
10-17 18:26:54.251  1570  1570 I DeviceUnlockedTag: DeviceUnlockedTag.notifyDeviceLockStatusChanged():79 Notify device unlocked.
10-17 18:26:54.251  1570  1570 I AndroidIME: AbstractIme.onActivate():86 LatinIme.onActivate() : EditorInfo = inputType=Text imeActionName=DONE dump=[inputType=0x1 imeOptions=0x6 privateImeOptions=null actionLabel=null actionId=0 initialSelStart=0 initialSelEnd=0 initialCapsMode=0x0 hintText=Message label=null packageName=edu.ucsc.cse118.assignment3 autofillId=1073741835 fieldId=2131230856 fieldName=null extras=Bundle[{android.support.text.emoji.emojiCompat_metadataVersion=7, android.support.text.emoji.emojiCompat_replaceAll=false}] hintLocales=null contentMimeTypes=null ], IncognitoMode = false, DeviceLocked = false
10-17 18:26:54.251  1570  1570 I DeviceUnlockedTag: DeviceUnlockedTag.notifyDeviceLockStatusChanged():79 Notify device unlocked.
10-17 18:26:54.252  1570  1570 I DeviceUnlockedTag: DeviceUnlockedTag.notifyDeviceLockStatusChanged():79 Notify device unlocked.
10-17 18:26:54.252  1570  1570 I Delight5Facilitator: Delight5Facilitator.initializeForIme():769 initializeForIme() : Locale = [en_US], layout = qwerty
10-17 18:26:54.252  1570  1570 I Delight5Facilitator: Delight5Facilitator.resetDecoder():925 resetDecoder() : Locale = [en_US]
10-17 18:26:54.253  1570  1570 E UserFeatureCache: UserFeatureCache.getStore():468 Wrong feature id provided PERSONALIZED_FST_MODEL_PARAMS for protobuf lab.
10-17 18:26:54.253  1570  1570 E InputContextLock: InputContextLock.mayLockAndRun():126 Failed to run
10-17 18:26:54.253  1570  1570 E InputContextLock: java.lang.NullPointerException: Attempt to invoke virtual method 'java.lang.Class java.lang.Object.getClass()' on a null object reference
10-17 18:26:54.253  1570  1570 E InputContextLock: 	at com.google.android.libraries.inputmethod.userfeaturecache.UserFeatureCache.c(PG:8)
10-17 18:26:54.253  1570  1570 E InputContextLock: 	at com.google.android.apps.inputmethod.libs.delight5.Delight5Facilitator.K(PG:131)
10-17 18:26:54.253  1570  1570 E InputContextLock: 	at cng.call(Unknown Source:4)
10-17 18:26:54.253  1570  1570 E InputContextLock: 	at con.a(PG:6)
10-17 18:26:54.253  1570  1570 E InputContextLock: 	at com.google.android.apps.inputmethod.libs.delight5.Delight5Facilitator.G(PG:37)
10-17 18:26:54.253  1570  1570 E InputContextLock: 	at com.google.android.apps.inputmethod.libs.latin5.LatinIme.h(PG:17)
10-17 18:26:54.253  1570  1570 E InputContextLock: 	at jlx.g(PG:6)
10-17 18:26:54.253  1570  1570 E InputContextLock: 	at jlx.m(PG:2)
10-17 18:26:54.253  1570  1570 E InputContextLock: 	at dww.u(PG:18)
10-17 18:26:54.253  1570  1570 E InputContextLock: 	at com.android.inputmethod.latin.LatinIME.u(PG:104)
10-17 18:26:54.253  1570  1570 E InputContextLock: 	at dww.onStartInputView(PG:29)
10-17 18:26:54.253  1570  1570 E InputContextLock: 	at android.inputmethodservice.InputMethodService.startViews(InputMethodService.java:2291)
10-17 18:26:54.253  1570  1570 E InputContextLock: 	at android.inputmethodservice.InputMethodService.showWindow(InputMethodService.java:2237)
10-17 18:26:54.253  1570  1570 E InputContextLock: 	at android.inputmethodservice.InputMethodService$InputMethodImpl.showSoftInput(InputMethodService.java:808)
10-17 18:26:54.253  1570  1570 E InputContextLock: 	at android.inputmethodservice.InputMethodService$InputMethodImpl.showSoftInputWithToken(InputMethodService.java:782)
10-17 18:26:54.253  1570  1570 E InputContextLock: 	at android.inputmethodservice.IInputMethodWrapper.executeMessage(IInputMethodWrapper.java:225)
10-17 18:26:54.253  1570  1570 E InputContextLock: 	at com.android.internal.os.HandlerCaller$MyHandler.handleMessage(HandlerCaller.java:44)
10-17 18:26:54.253  1570  1570 E InputContextLock: 	at android.os.Handler.dispatchMessage(Handler.java:106)
10-17 18:26:54.253  1570  1570 E InputContextLock: 	at android.os.Looper.loopOnce(Looper.java:201)
10-17 18:26:54.253  1570  1570 E InputContextLock: 	at android.os.Looper.loop(Looper.java:288)
10-17 18:26:54.253  1570  1570 E InputContextLock: 	at android.app.ActivityThread.main(ActivityThread.java:7842)
10-17 18:26:54.253  1570  1570 E InputContextLock: 	at java.lang.reflect.Method.invoke(Native Method)
10-17 18:26:54.253  1570  1570 E InputContextLock: 	at com.android.internal.os.RuntimeInit$MethodAndArgsCaller.run(RuntimeInit.java:548)
10-17 18:26:54.253  1570  1570 E InputContextLock: 	at com.android.internal.os.ZygoteInit.main(ZygoteInit.java:1003)
10-17 18:26:54.253  1570  1570 I VoiceInputManagerWrapper: VoiceInputManagerWrapper.cancelShutdown():55 cancelShutdown()
10-17 18:26:54.253  1274  1274 I AssistStructure: Flattened final assist data: 1620 bytes, containing 1 windows, 11 views
10-17 18:26:54.253  1570  1570 I VoiceInputManagerWrapper: VoiceInputManagerWrapper.syncLanguagePacks():67 syncLanguagePacks()
10-17 18:26:54.253  1570  1570 I LatinIme: LatinIme.updateEnableInlineSuggestionsOnDecoderSideFlags():1264 inline flag updated to:false
10-17 18:26:54.253  1570  7663 I SpeechFactory: SpeechRecognitionFactory.maybeScheduleAutoPackDownloadForFallback():184 maybeScheduleAutoPackDownloadForFallback()
10-17 18:26:54.253  1570  7663 I FallbackOnDeviceRecognitionProvider: FallbackOnDeviceRecognitionProvider.maybeScheduleAutoPackDownload():196 maybeScheduleAutoPackDownload() for language tag en-US
10-17 18:26:54.254  1570  1570 W Delight5Decoder: Decoder.setRuntimeParams():372 setRuntimeParams() : Native lib is not ready.
10-17 18:26:54.255  1570  1570 I KeyboardWrapper: KeyboardWrapper.consumeEvent():284 Skip consuming an event as current keyboard is deactivated (state=0, keyboard existence=true)
10-17 18:26:54.257  1570  1570 I DeviceUnlockedTag: DeviceUnlockedTag.notifyDeviceLockStatusChanged():79 Notify device unlocked.
10-17 18:26:54.259  1570  1570 I DeviceUnlockedTag: DeviceUnlockedTag.notifyDeviceLockStatusChanged():79 Notify device unlocked.
10-17 18:26:54.260  1271  1271 W ngj     : Pending fill request while another request in the same session was triggered. [CONTEXT service_id=177 ]
10-17 18:26:54.260  1570  1570 I DeviceUnlockedTag: DeviceUnlockedTag.notifyDeviceLockStatusChanged():79 Notify device unlocked.
10-17 18:26:54.260  1570  1570 I DeviceUnlockedTag: DeviceUnlockedTag.notifyDeviceLockStatusChanged():79 Notify device unlocked.
10-17 18:26:54.260  1570  1570 I DeviceUnlockedTag: DeviceUnlockedTag.notifyDeviceLockStatusChanged():79 Notify device unlocked.
10-17 18:26:54.260  1570  1570 I DeviceUnlockedTag: DeviceUnlockedTag.notifyDeviceLockStatusChanged():79 Notify device unlocked.
10-17 18:26:54.261  1570  1570 I DeviceUnlockedTag: DeviceUnlockedTag.notifyDeviceLockStatusChanged():79 Notify device unlocked.
10-17 18:26:54.261  1570  1570 I DeviceUnlockedTag: DeviceUnlockedTag.notifyDeviceLockStatusChanged():79 Notify device unlocked.
10-17 18:26:54.261  1570  1570 I KeyboardViewHelper: KeyboardViewHelper.getView():166 Get view with height ratio:1.000000
10-17 18:26:54.267  1570  1570 I KeyboardViewUtil: KeyboardViewUtil.calculateMaxKeyboardBodyHeight():53 leave 344 height for app when screen height:2208, header height:121 and isFullscreenMode:false, so the max keyboard body height is:1743
10-17 18:26:54.268  1570  1570 I DeviceUnlockedTag: DeviceUnlockedTag.notifyDeviceLockStatusChanged():79 Notify device unlocked.
10-17 18:26:54.268  1570  1570 I DeviceUnlockedTag: DeviceUnlockedTag.notifyDeviceLockStatusChanged():79 Notify device unlocked.
10-17 18:26:54.269  1570  1570 I DeviceUnlockedTag: DeviceUnlockedTag.notifyDeviceLockStatusChanged():79 Notify device unlocked.
10-17 18:26:54.269  1570  1570 I DeviceUnlockedTag: DeviceUnlockedTag.notifyDeviceLockStatusChanged():79 Notify device unlocked.
10-17 18:26:54.269  1570  1570 I DeviceModeUtil: DeviceModeUtil.getDeviceMode():96 Get device mode phone by ui mode:1 and smallestScreenWidthDp:392
10-17 18:26:54.269  1570  1570 I DeviceUnlockedTag: DeviceUnlockedTag.notifyDeviceLockStatusChanged():79 Notify device unlocked.
10-17 18:26:54.271  1580  1580 V InlineSuggestionRenderService: handleDestroySuggestionViews called for 0:1190480259
10-17 18:26:54.273  1570  1570 I NormalModeController: NormalModeController.getKeyboardBodyViewHolderPaddingBottom():111 currentPrimeKeyboardType:SOFT systemPaddingBottom:-1
10-17 18:26:54.273  1570  1570 I KeyboardViewUtil: KeyboardViewUtil.calculateMaxKeyboardBodyHeight():53 leave 344 height for app when screen height:2208, header height:121 and isFullscreenMode:false, so the max keyboard body height is:1743
10-17 18:26:54.274  1570  1570 E LatinPrimeKeyboard: LatinPrimeKeyboard.updateCurrentImeLocales():414 consumeEvent: UPDATE_CURRENT_IME_LOCALES, Illegal argument
10-17 18:26:54.274  1570  1570 I NormalModeController: NormalModeController.getKeyboardBodyViewHolderPaddingBottom():111 currentPrimeKeyboardType:SOFT systemPaddingBottom:-1
10-17 18:26:54.274  1570  1570 I NormalModeController: NormalModeController.getKeyboardBodyViewHolderPaddingBottom():111 currentPrimeKeyboardType:SOFT systemPaddingBottom:-1
10-17 18:26:54.275  1570  1570 I DeviceUnlockedTag: DeviceUnlockedTag.notifyDeviceLockStatusChanged():79 Notify device unlocked.
10-17 18:26:54.276  1570  1570 I DeviceUnlockedTag: DeviceUnlockedTag.notifyDeviceLockStatusChanged():79 Notify device unlocked.
10-17 18:26:54.276  1570  1570 I DeviceUnlockedTag: DeviceUnlockedTag.notifyDeviceLockStatusChanged():79 Notify device unlocked.
10-17 18:26:54.276  1570  1570 I DeviceUnlockedTag: DeviceUnlockedTag.notifyDeviceLockStatusChanged():79 Notify device unlocked.
10-17 18:26:54.276  1570  1570 I DeviceUnlockedTag: DeviceUnlockedTag.notifyDeviceLockStatusChanged():79 Notify device unlocked.
10-17 18:26:54.276  1570  1570 I DeviceUnlockedTag: DeviceUnlockedTag.notifyDeviceLockStatusChanged():79 Notify device unlocked.
10-17 18:26:54.277  1570  1570 I DeviceUnlockedTag: DeviceUnlockedTag.notifyDeviceLockStatusChanged():79 Notify device unlocked.
