10-15 20:00:58.505 27035 27058 I TestRunner: started: header(edu.ucsc.cse118.assignment3.BasicTest)
10-15 20:00:58.510 27035 27058 W Settings: Setting always_finish_activities has moved from android.provider.Settings.System to android.provider.Settings.Global, returning read-only value.
10-15 20:00:58.513 27035 27058 D CompatibilityChangeReporter: Compat change id reported: 160794467; UID 10152; state: ENABLED
10-15 20:00:58.539   863   942 D SplashScreenView: Build android.window.SplashScreenView{f9214bc V.E...... ......ID 0,0-0,0}
10-15 20:00:58.539   863   942 D SplashScreenView: Icon: view: null drawable: null size: 0
10-15 20:00:58.539   863   942 D SplashScreenView: Branding: view: android.view.View{8ec4c45 G.ED..... ......I. 0,0-0,0 #10204a9 android:id/splashscreen_branding_view} drawable: null size w: 0 h: 0
10-15 20:00:58.581   352   352 D Zygote  : Forked child process 27060
10-15 20:00:58.592 27060 27060 I ssignment3.tes: Late-enabling -Xcheck:jni
10-15 20:00:58.593   365   425 D goldfish-address-space: claimShared: Ask to claim region [0x1f09a4000 0x1f1348000]
10-15 20:00:58.602   365   425 D goldfish-address-space: claimShared: Ask to claim region [0x1f1348000 0x1f1cec000]
10-15 20:00:58.605   365   425 D goldfish-address-space: claimShared: Ask to claim region [0x1f4000000 0x1f49a4000]
10-15 20:00:58.635   443   483 I adbd    : jdwp connection from 27060
10-15 20:00:58.640  1166  1818 D EGL_emulation: app_time_stats: avg=1625.80ms min=1625.80ms max=1625.80ms count=1
10-15 20:00:58.673  1694  1694 I GsaVoiceInteractionSrv: Handling ACTION_STOP_HOTWORD
10-15 20:00:58.675  1694  1694 E HwDetectorWithState: a: 3
10-15 20:00:58.683   565  1622 W InputReader: Device virtio_input_multi_touch_2 is associated with display ADISPLAY_ID_NONE.
10-15 20:00:58.686   565  1622 W InputReader: Device virtio_input_multi_touch_3 is associated with display ADISPLAY_ID_NONE.
10-15 20:00:58.687   565  1622 W InputReader: Device virtio_input_multi_touch_5 is associated with display ADISPLAY_ID_NONE.
10-15 20:00:58.687   565  1622 W InputReader: Device virtio_input_multi_touch_7 is associated with display ADISPLAY_ID_NONE.
10-15 20:00:58.687   565  1622 W InputReader: Device virtio_input_multi_touch_11 is associated with display ADISPLAY_ID_NONE.
10-15 20:00:58.687   565  1622 W InputReader: Device virtio_input_multi_touch_6 is associated with display ADISPLAY_ID_NONE.
10-15 20:00:58.688   565  1622 W InputReader: Device virtio_input_multi_touch_4 is associated with display ADISPLAY_ID_NONE.
10-15 20:00:58.688   565  1622 W InputReader: Device virtio_input_multi_touch_9 is associated with display ADISPLAY_ID_NONE.
10-15 20:00:58.688   565  1622 W InputReader: Device virtio_input_multi_touch_8 is associated with display ADISPLAY_ID_NONE.
10-15 20:00:58.688   565  1622 W InputReader: Device virtio_input_multi_touch_10 is associated with display ADISPLAY_ID_NONE.
10-15 20:00:58.689   565  1622 W InputReader: Device virtio_input_multi_touch_2 is associated with display ADISPLAY_ID_NONE.
10-15 20:00:58.689   565  1622 W InputReader: Device virtio_input_multi_touch_3 is associated with display ADISPLAY_ID_NONE.
10-15 20:00:58.689   565  1622 W InputReader: Device virtio_input_multi_touch_5 is associated with display ADISPLAY_ID_NONE.
10-15 20:00:58.689   565  1622 W InputReader: Device virtio_input_multi_touch_7 is associated with display ADISPLAY_ID_NONE.
10-15 20:00:58.689   565  1622 W InputReader: Device virtio_input_multi_touch_11 is associated with display ADISPLAY_ID_NONE.
10-15 20:00:58.689   565  1622 W InputReader: Device virtio_input_multi_touch_6 is associated with display ADISPLAY_ID_NONE.
10-15 20:00:58.689   565  1622 W InputReader: Device virtio_input_multi_touch_4 is associated with display ADISPLAY_ID_NONE.
10-15 20:00:58.689   565  1622 W InputReader: Device virtio_input_multi_touch_9 is associated with display ADISPLAY_ID_NONE.
10-15 20:00:58.689   565  1622 W InputReader: Device virtio_input_multi_touch_8 is associated with display ADISPLAY_ID_NONE.
10-15 20:00:58.689   565  1622 W InputReader: Device virtio_input_multi_touch_10 is associated with display ADISPLAY_ID_NONE.
10-15 20:00:58.740 27060 27060 D CompatibilityChangeReporter: Compat change id reported: 171979766; UID 10153; state: ENABLED
10-15 20:00:58.751 27060 27060 D ApplicationLoaders: Returning zygote-cached class loader: /system/framework/android.test.base.jar
10-15 20:00:58.754 27060 27060 D ApplicationLoaders: Returning zygote-cached class loader: /system/framework/android.test.base.jar
10-15 20:00:58.790   863   945 D EGL_emulation: app_time_stats: avg=6663.23ms min=6663.23ms max=6663.23ms count=1
10-15 20:00:58.960 27060 27060 V GraphicsEnvironment: ANGLE Developer option for 'edu.ucsc.cse118.assignment3.test' set to: 'default'
10-15 20:00:58.961 27060 27060 V GraphicsEnvironment: ANGLE GameManagerService for edu.ucsc.cse118.assignment3.test: false
10-15 20:00:58.961 27060 27060 V GraphicsEnvironment: Neither updatable production driver nor prerelease driver is supported.
10-15 20:00:58.962 27060 27060 D NetworkSecurityConfig: No Network Security Config specified, using platform default
10-15 20:00:58.962 27060 27060 D NetworkSecurityConfig: No Network Security Config specified, using platform default
10-15 20:00:58.991 27060 27092 D libEGL  : loaded /vendor/lib64/egl/libEGL_emulation.so
10-15 20:00:58.993 27060 27092 D libEGL  : loaded /vendor/lib64/egl/libGLESv1_CM_emulation.so
10-15 20:00:58.996 27060 27092 D libEGL  : loaded /vendor/lib64/egl/libGLESv2_emulation.so
10-15 20:00:59.018   565  2064 W InputReader: Device virtio_input_multi_touch_2 is associated with display ADISPLAY_ID_NONE.
10-15 20:00:59.018   565  2064 W InputReader: Device virtio_input_multi_touch_3 is associated with display ADISPLAY_ID_NONE.
10-15 20:00:59.018   565  2064 W InputReader: Device virtio_input_multi_touch_5 is associated with display ADISPLAY_ID_NONE.
10-15 20:00:59.018   565  2064 W InputReader: Device virtio_input_multi_touch_7 is associated with display ADISPLAY_ID_NONE.
10-15 20:00:59.018   565  2064 W InputReader: Device virtio_input_multi_touch_11 is associated with display ADISPLAY_ID_NONE.
10-15 20:00:59.018   565  2064 W InputReader: Device virtio_input_multi_touch_6 is associated with display ADISPLAY_ID_NONE.
10-15 20:00:59.018   565  2064 W InputReader: Device virtio_input_multi_touch_4 is associated with display ADISPLAY_ID_NONE.
10-15 20:00:59.018   565  2064 W InputReader: Device virtio_input_multi_touch_9 is associated with display ADISPLAY_ID_NONE.
10-15 20:00:59.018   565  2064 W InputReader: Device virtio_input_multi_touch_8 is associated with display ADISPLAY_ID_NONE.
10-15 20:00:59.018   565  2064 W InputReader: Device virtio_input_multi_touch_10 is associated with display ADISPLAY_ID_NONE.
10-15 20:00:59.019   565  2064 W InputReader: Device virtio_input_multi_touch_2 is associated with display ADISPLAY_ID_NONE.
10-15 20:00:59.019   565  2064 W InputReader: Device virtio_input_multi_touch_3 is associated with display ADISPLAY_ID_NONE.
10-15 20:00:59.019   565  2064 W InputReader: Device virtio_input_multi_touch_5 is associated with display ADISPLAY_ID_NONE.
10-15 20:00:59.019   565  2064 W InputReader: Device virtio_input_multi_touch_7 is associated with display ADISPLAY_ID_NONE.
10-15 20:00:59.019   565  2064 W InputReader: Device virtio_input_multi_touch_11 is associated with display ADISPLAY_ID_NONE.
10-15 20:00:59.019   565  2064 W InputReader: Device virtio_input_multi_touch_6 is associated with display ADISPLAY_ID_NONE.
10-15 20:00:59.019   565  2064 W InputReader: Device virtio_input_multi_touch_4 is associated with display ADISPLAY_ID_NONE.
10-15 20:00:59.019   565  2064 W InputReader: Device virtio_input_multi_touch_9 is associated with display ADISPLAY_ID_NONE.
10-15 20:00:59.019   565  2064 W InputReader: Device virtio_input_multi_touch_8 is associated with display ADISPLAY_ID_NONE.
10-15 20:00:59.019   565  2064 W InputReader: Device virtio_input_multi_touch_10 is associated with display ADISPLAY_ID_NONE.
10-15 20:00:59.050 27035 27096 D libEGL  : loaded /vendor/lib64/egl/libEGL_emulation.so
10-15 20:00:59.051 27035 27096 D libEGL  : loaded /vendor/lib64/egl/libGLESv1_CM_emulation.so
10-15 20:00:59.053 27035 27096 D libEGL  : loaded /vendor/lib64/egl/libGLESv2_emulation.so
10-15 20:00:59.066 27035 27035 D LifecycleMonitor: Lifecycle status change: edu.ucsc.cse118.assignment3.MainActivity@2ac54d in: PRE_ON_CREATE
10-15 20:00:59.066 27035 27035 V ActivityScenario: Activity lifecycle changed event received but ignored because the reported transition was not ON_CREATE while the last known transition was PRE_ON_CREATE
10-15 20:00:59.099 27035 27035 W 118.assignment: Accessing hidden method Landroid/view/View;->computeFitSystemWindows(Landroid/graphics/Rect;Landroid/graphics/Rect;)Z (unsupported, reflection, allowed)
10-15 20:00:59.100 27035 27035 W 118.assignment: Accessing hidden method Landroid/view/ViewGroup;->makeOptionalFitsSystemWindows()V (unsupported, reflection, allowed)
10-15 20:00:59.150 27035 27035 D LifecycleMonitor: Lifecycle status change: edu.ucsc.cse118.assignment3.MainActivity@2ac54d in: CREATED
10-15 20:00:59.150 27035 27035 V ActivityScenario: Update currentActivityStage to CREATED, currentActivity=edu.ucsc.cse118.assignment3.MainActivity@2ac54d
10-15 20:00:59.175 27035 27035 D LifecycleMonitor: Lifecycle status change: edu.ucsc.cse118.assignment3.MainActivity@2ac54d in: STARTED
10-15 20:00:59.175 27035 27035 V ActivityScenario: Update currentActivityStage to STARTED, currentActivity=edu.ucsc.cse118.assignment3.MainActivity@2ac54d
10-15 20:00:59.176 27035 27035 D LifecycleMonitor: Lifecycle status change: edu.ucsc.cse118.assignment3.MainActivity@2ac54d in: RESUMED
10-15 20:00:59.176 27035 27035 V ActivityScenario: Update currentActivityStage to RESUMED, currentActivity=edu.ucsc.cse118.assignment3.MainActivity@2ac54d
10-15 20:00:59.181 27035 27058 W 118.assignment: Accessing hidden method Landroid/view/ViewConfiguration;->getDoubleTapMinTime()I (unsupported, reflection, allowed)
10-15 20:00:59.185 27035 27058 D EventInjectionStrategy: Creating injection strategy with input manager.
10-15 20:00:59.185 27035 27058 W 118.assignment: Accessing hidden method Landroid/hardware/input/InputManager;->getInstance()Landroid/hardware/input/InputManager; (unsupported, reflection, allowed)
10-15 20:00:59.185 27035 27058 W 118.assignment: Accessing hidden method Landroid/hardware/input/InputManager;->injectInputEvent(Landroid/view/InputEvent;I)Z (unsupported, reflection, allowed)
10-15 20:00:59.185 27035 27058 W 118.assignment: Accessing hidden field Landroid/hardware/input/InputManager;->INJECT_INPUT_EVENT_MODE_WAIT_FOR_FINISH:I (unsupported, reflection, allowed)
10-15 20:00:59.203 27035 27093 D HostConnection: createUnique: call
10-15 20:00:59.205 27035 27093 D HostConnection: HostConnection::get() New Host Connection established 0xb400006f699a9b50, tid 27093
10-15 20:00:59.211   863   945 D EGL_emulation: app_time_stats: avg=7116.03ms min=7116.03ms max=7116.03ms count=1
10-15 20:00:59.212 27035 27093 D HostConnection: HostComposition ext ANDROID_EMU_CHECKSUM_HELPER_v1 ANDROID_EMU_native_sync_v2 ANDROID_EMU_native_sync_v3 ANDROID_EMU_native_sync_v4 ANDROID_EMU_dma_v1 ANDROID_EMU_direct_mem ANDROID_EMU_host_composition_v1 ANDROID_EMU_host_composition_v2 ANDROID_EMU_vulkan ANDROID_EMU_deferred_vulkan_commands ANDROID_EMU_vulkan_null_optional_strings ANDROID_EMU_vulkan_create_resources_with_requirements ANDROID_EMU_YUV_Cache ANDROID_EMU_vulkan_ignored_handles ANDROID_EMU_has_shared_slots_host_memory_allocator ANDROID_EMU_vulkan_free_memory_sync ANDROID_EMU_vulkan_shader_float16_int8 ANDROID_EMU_vulkan_async_queue_submit ANDROID_EMU_vulkan_queue_submit_with_commands ANDROID_EMU_sync_buffer_data ANDROID_EMU_read_color_buffer_dma ANDROID_EMU_hwc_multi_configs GL_OES_EGL_image_external_essl3 GL_OES_vertex_array_object GL_KHR_texture_compression_astc_ldr ANDROID_EMU_host_side_tracing ANDROID_EMU_gles_max_version_3_0
10-15 20:00:59.214   202   202 I hwservicemanager: getTransport: Cannot find entry android.hardware.configstore@1.0::ISurfaceFlingerConfigs/default in either framework or device VINTF manifest.
10-15 20:00:59.214 27035 27093 W OpenGLRenderer: Failed to choose config with EGL_SWAP_BEHAVIOR_PRESERVED, retrying without...
10-15 20:00:59.214 27035 27093 W OpenGLRenderer: Failed to initialize 101010-2 format, error = EGL_SUCCESS
10-15 20:00:59.217 27035 27093 D EGL_emulation: eglCreateContext: 0xb400006f699a2ad0: maj 3 min 0 rcv 3
10-15 20:00:59.221 27035 27093 D EGL_emulation: eglMakeCurrent: 0xb400006f699a2ad0: ver 3 0 (tinfo 0x71750d3080) (first time)
10-15 20:00:59.226   202   202 I hwservicemanager: getTransport: Cannot find entry android.hardware.graphics.mapper@4.0::IMapper/default in either framework or device VINTF manifest.
10-15 20:00:59.226 27035 27093 I Gralloc4: mapper 4.x is not supported
10-15 20:00:59.227 27035 27093 D HostConnection: createUnique: call
10-15 20:00:59.228 27035 27093 D HostConnection: HostConnection::get() New Host Connection established 0xb400006f699a2950, tid 27093
10-15 20:00:59.228 27035 27093 D goldfish-address-space: allocate: Ask for block of size 0x100
10-15 20:00:59.228 27035 27093 D goldfish-address-space: allocate: ioctl allocate returned offset 0x1ebff8000 size 0x8000
10-15 20:00:59.229   202   202 I hwservicemanager: getTransport: Cannot find entry android.hardware.graphics.allocator@4.0::IAllocator/default in either framework or device VINTF manifest.
10-15 20:00:59.229 27035 27093 W Gralloc4: allocator 4.x is not supported
10-15 20:00:59.230   365   425 D goldfish-address-space: claimShared: Ask to claim region [0x1edf5c000 0x1ee900000]
10-15 20:00:59.233 27035 27093 D HostConnection: HostComposition ext ANDROID_EMU_CHECKSUM_HELPER_v1 ANDROID_EMU_native_sync_v2 ANDROID_EMU_native_sync_v3 ANDROID_EMU_native_sync_v4 ANDROID_EMU_dma_v1 ANDROID_EMU_direct_mem ANDROID_EMU_host_composition_v1 ANDROID_EMU_host_composition_v2 ANDROID_EMU_vulkan ANDROID_EMU_deferred_vulkan_commands ANDROID_EMU_vulkan_null_optional_strings ANDROID_EMU_vulkan_create_resources_with_requirements ANDROID_EMU_YUV_Cache ANDROID_EMU_vulkan_ignored_handles ANDROID_EMU_has_shared_slots_host_memory_allocator ANDROID_EMU_vulkan_free_memory_sync ANDROID_EMU_vulkan_shader_float16_int8 ANDROID_EMU_vulkan_async_queue_submit ANDROID_EMU_vulkan_queue_submit_with_commands ANDROID_EMU_sync_buffer_data ANDROID_EMU_read_color_buffer_dma ANDROID_EMU_hwc_multi_configs GL_OES_EGL_image_external_essl3 GL_OES_vertex_array_object GL_KHR_texture_compression_astc_ldr ANDROID_EMU_host_side_tracing ANDROID_EMU_gles_max_version_3_0
10-15 20:00:59.234   365   425 D goldfish-address-space: claimShared: Ask to claim region [0x1ec62c000 0x1ecfd0000]
10-15 20:00:59.234   365   425 D goldfish-address-space: claimShared: Ask to claim region [0x1f0000000 0x1f09a4000]
10-15 20:00:59.275   565   606 I ActivityTaskManager: Displayed edu.ucsc.cse118.assignment3/.MainActivity: +752ms
10-15 20:00:59.279   565  2064 W InputManager-JNI: Input channel object '8fc1e83 Splash Screen edu.ucsc.cse118.assignment3.test (client)' was disposed without first being removed with the input manager!
10-15 20:00:59.295  1570  1570 I GoogleInputMethodService: GoogleInputMethodService.onFinishInput():3269
10-15 20:00:59.296 27035 27035 W 118.assignment: Accessing hidden method Landroid/os/MessageQueue;->next()Landroid/os/Message; (unsupported, reflection, allowed)
10-15 20:00:59.296 27035 27035 W 118.assignment: Accessing hidden field Landroid/os/MessageQueue;->mMessages:Landroid/os/Message; (unsupported, reflection, allowed)
10-15 20:00:59.296 27035 27035 W 118.assignment: Accessing hidden method Landroid/os/Message;->recycleUnchecked()V (unsupported, reflection, allowed)
10-15 20:00:59.298  1570  1570 I GoogleInputMethodService: GoogleInputMethodService.onStartInput():1947
10-15 20:00:59.301  1570  1570 I DeviceUnlockedTag: DeviceUnlockedTag.notifyDeviceLockStatusChanged():79 Notify device unlocked.
10-15 20:00:59.306 27035 27035 W 118.assignment: Accessing hidden method Landroid/view/WindowManagerGlobal;->getInstance()Landroid/view/WindowManagerGlobal; (unsupported, reflection, allowed)
10-15 20:00:59.306 27035 27035 W 118.assignment: Accessing hidden field Landroid/view/WindowManagerGlobal;->mViews:Ljava/util/ArrayList; (unsupported, reflection, allowed)
10-15 20:00:59.306 27035 27035 W 118.assignment: Accessing hidden field Landroid/view/WindowManagerGlobal;->mParams:Ljava/util/ArrayList; (unsupported, reflection, allowed)
10-15 20:00:59.310 27035 27035 I ViewInteraction: Performing 'type text(molly@cse118.com)' action on view ((view has effective visibility <VISIBLE> and view.getGlobalVisibleRect() to return non-empty rectangle) and ((view.getId() is <2131230899/edu.ucsc.cse118.assignment3:id/email> and is assignable from class <class android.widget.EditText>) or (is descendant of a view matching view.getId() is <2131230899/edu.ucsc.cse118.assignment3:id/email> and is assignable from class <class android.widget.EditText>)))
10-15 20:00:59.314  1166  1166 D TaplEvents: TIS / TouchInteractionService.onInputEvent: MotionEvent { action=ACTION_DOWN, actionButton=0, id[0]=0, x[0]=539.5, y[0]=782.5, toolType[0]=TOOL_TYPE_UNKNOWN, buttonState=BUTTON_PRIMARY, classification=NONE, metaState=0, flags=0x0, edgeFlags=0x0, pointerCount=1, historySize=0, eventTime=17520392, downTime=17520392, deviceId=-1, source=0x1002, displayId=0, eventId=-920660230 }
10-15 20:00:59.354  1166  1166 D TaplEvents: TIS / TouchInteractionService.onInputEvent: MotionEvent { action=ACTION_UP, actionButton=0, id[0]=0, x[0]=539.5, y[0]=782.5, toolType[0]=TOOL_TYPE_FINGER, buttonState=BUTTON_PRIMARY, classification=NONE, metaState=0, flags=0x0, edgeFlags=0x0, pointerCount=1, historySize=0, eventTime=17520434, downTime=17520392, deviceId=-1, source=0x1002, displayId=0, eventId=-647758925 }
10-15 20:00:59.363 27035 27035 D CompatibilityChangeReporter: Compat change id reported: 163400105; UID 10152; state: ENABLED
10-15 20:00:59.363  1570  1570 I GoogleInputMethodService: GoogleInputMethodService.onFinishInput():3269
10-15 20:00:59.363 27035 27035 D InputMethodManager: showSoftInput() view=androidx.appcompat.widget.AppCompatEditText{4482302 VFED..CL. .F.P..ID 196,501-884,625 #7f0800b3 app:id/email aid=1073741824} flags=0 reason=SHOW_SOFT_INPUT
10-15 20:00:59.364  1570  1570 I GoogleInputMethodService: GoogleInputMethodService.onStartInput():1947
10-15 20:00:59.364  1570  1570 I DeviceUnlockedTag: DeviceUnlockedTag.notifyDeviceLockStatusChanged():79 Notify device unlocked.
10-15 20:00:59.367  1570  1570 I GoogleInputMethodService: GoogleInputMethodService.onStartInputView():2057
10-15 20:00:59.367  1570  1570 I DeviceUnlockedTag: DeviceUnlockedTag.notifyDeviceLockStatusChanged():79 Notify device unlocked.
10-15 20:00:59.368  1570  1570 I DeviceUnlockedTag: DeviceUnlockedTag.notifyDeviceLockStatusChanged():79 Notify device unlocked.
10-15 20:00:59.374  1570  1570 I KeyboardViewUtil: KeyboardViewUtil.getKeyboardHeightRatio():168 systemKeyboardHeightRatio:1.000000; userKeyboardHeightRatio:1.000000.
10-15 20:00:59.375 27035 27035 I AssistStructure: Flattened final assist data: 1940 bytes, containing 1 windows, 12 views
10-15 20:00:59.376  1570  1570 I DeviceUnlockedTag: DeviceUnlockedTag.notifyDeviceLockStatusChanged():79 Notify device unlocked.
10-15 20:00:59.376  1570  1570 I AndroidIME: AbstractIme.onActivate():86 LatinIme.onActivate() : EditorInfo = inputType=Email imeActionName=NEXT dump=[inputType=0x21 imeOptions=0x8000005 privateImeOptions=null actionLabel=null actionId=0 initialSelStart=0 initialSelEnd=0 initialCapsMode=0x0 hintText=Email label=null packageName=edu.ucsc.cse118.assignment3 autofillId=1073741824 fieldId=2131230899 fieldName=null extras=null hintLocales=null contentMimeTypes=null ], IncognitoMode = false, DeviceLocked = false
10-15 20:00:59.377  1570  1570 I DeviceUnlockedTag: DeviceUnlockedTag.notifyDeviceLockStatusChanged():79 Notify device unlocked.
10-15 20:00:59.377  1570  1570 I Delight5Facilitator: Delight5Facilitator.initializeForIme():769 initializeForIme() : Locale = [en_US], layout = qwerty
10-15 20:00:59.377  1570  1570 I Delight5Facilitator: Delight5Facilitator.resetDecoder():925 resetDecoder() : Locale = [en_US]
10-15 20:00:59.379  1570  1570 E UserFeatureCache: UserFeatureCache.getStore():468 Wrong feature id provided PERSONALIZED_FST_MODEL_PARAMS for protobuf lab.
10-15 20:00:59.380  1570  1570 E InputContextLock: InputContextLock.mayLockAndRun():126 Failed to run
10-15 20:00:59.380  1570  1570 E InputContextLock: java.lang.NullPointerException: Attempt to invoke virtual method 'java.lang.Class java.lang.Object.getClass()' on a null object reference
10-15 20:00:59.380  1570  1570 E InputContextLock: 	at com.google.android.libraries.inputmethod.userfeaturecache.UserFeatureCache.c(PG:8)
10-15 20:00:59.380  1570  1570 E InputContextLock: 	at com.google.android.apps.inputmethod.libs.delight5.Delight5Facilitator.K(PG:131)
10-15 20:00:59.380  1570  1570 E InputContextLock: 	at cng.call(Unknown Source:4)
10-15 20:00:59.380  1570  1570 E InputContextLock: 	at con.a(PG:6)
10-15 20:00:59.380  1570  1570 E InputContextLock: 	at com.google.android.apps.inputmethod.libs.delight5.Delight5Facilitator.G(PG:37)
10-15 20:00:59.380  1570  1570 E InputContextLock: 	at com.google.android.apps.inputmethod.libs.latin5.LatinIme.h(PG:17)
10-15 20:00:59.380  1570  1570 E InputContextLock: 	at jlx.g(PG:6)
10-15 20:00:59.380  1570  1570 E InputContextLock: 	at jlx.m(PG:2)
10-15 20:00:59.380  1570  1570 E InputContextLock: 	at dww.u(PG:18)
10-15 20:00:59.380  1570  1570 E InputContextLock: 	at com.android.inputmethod.latin.LatinIME.u(PG:104)
10-15 20:00:59.380  1570  1570 E InputContextLock: 	at dww.onStartInputView(PG:29)
10-15 20:00:59.380  1570  1570 E InputContextLock: 	at android.inputmethodservice.InputMethodService.startViews(InputMethodService.java:2291)
10-15 20:00:59.380  1570  1570 E InputContextLock: 	at android.inputmethodservice.InputMethodService.showWindow(InputMethodService.java:2237)
10-15 20:00:59.380  1570  1570 E InputContextLock: 	at android.inputmethodservice.InputMethodService$InputMethodImpl.showSoftInput(InputMethodService.java:808)
10-15 20:00:59.380  1570  1570 E InputContextLock: 	at android.inputmethodservice.InputMethodService$InputMethodImpl.showSoftInputWithToken(InputMethodService.java:782)
10-15 20:00:59.380  1570  1570 E InputContextLock: 	at android.inputmethodservice.IInputMethodWrapper.executeMessage(IInputMethodWrapper.java:225)
10-15 20:00:59.380  1570  1570 E InputContextLock: 	at com.android.internal.os.HandlerCaller$MyHandler.handleMessage(HandlerCaller.java:44)
10-15 20:00:59.380  1570  1570 E InputContextLock: 	at android.os.Handler.dispatchMessage(Handler.java:106)
10-15 20:00:59.380  1570  1570 E InputContextLock: 	at android.os.Looper.loopOnce(Looper.java:201)
10-15 20:00:59.380  1570  1570 E InputContextLock: 	at android.os.Looper.loop(Looper.java:288)
10-15 20:00:59.380  1570  1570 E InputContextLock: 	at android.app.ActivityThread.main(ActivityThread.java:7842)
10-15 20:00:59.380  1570  1570 E InputContextLock: 	at java.lang.reflect.Method.invoke(Native Method)
10-15 20:00:59.380  1570  1570 E InputContextLock: 	at com.android.internal.os.RuntimeInit$MethodAndArgsCaller.run(RuntimeInit.java:548)
10-15 20:00:59.380  1570  1570 E InputContextLock: 	at com.android.internal.os.ZygoteInit.main(ZygoteInit.java:1003)
10-15 20:00:59.381  1570  1570 I VoiceInputManagerWrapper: VoiceInputManagerWrapper.cancelShutdown():55 cancelShutdown()
10-15 20:00:59.381  1570  1570 I VoiceInputManagerWrapper: VoiceInputManagerWrapper.syncLanguagePacks():67 syncLanguagePacks()
10-15 20:00:59.382  1570  7663 I SpeechFactory: SpeechRecognitionFactory.maybeScheduleAutoPackDownloadForFallback():184 maybeScheduleAutoPackDownloadForFallback()
10-15 20:00:59.382  1570  7663 I FallbackOnDeviceRecognitionProvider: FallbackOnDeviceRecognitionProvider.maybeScheduleAutoPackDownload():196 maybeScheduleAutoPackDownload() for language tag en-US
10-15 20:00:59.383  1570  1570 I LatinIme: LatinIme.updateEnableInlineSuggestionsOnDecoderSideFlags():1264 inline flag updated to:false
10-15 20:00:59.385  1570  1570 W Delight5Decoder: Decoder.setRuntimeParams():372 setRuntimeParams() : Native lib is not ready.
10-15 20:00:59.387  1570  1570 I KeyboardWrapper: KeyboardWrapper.consumeEvent():284 Skip consuming an event as current keyboard is deactivated (state=0, keyboard existence=true)
10-15 20:00:59.390  1570  1570 I DeviceUnlockedTag: DeviceUnlockedTag.notifyDeviceLockStatusChanged():79 Notify device unlocked.
10-15 20:00:59.395  1570  1570 I DeviceUnlockedTag: DeviceUnlockedTag.notifyDeviceLockStatusChanged():79 Notify device unlocked.
10-15 20:00:59.395  1570  1570 I DeviceUnlockedTag: DeviceUnlockedTag.notifyDeviceLockStatusChanged():79 Notify device unlocked.
10-15 20:00:59.395  1570  1570 I DeviceUnlockedTag: DeviceUnlockedTag.notifyDeviceLockStatusChanged():79 Notify device unlocked.
10-15 20:00:59.395  1570  1570 I DeviceUnlockedTag: DeviceUnlockedTag.notifyDeviceLockStatusChanged():79 Notify device unlocked.
10-15 20:00:59.396  1570  1570 I DeviceUnlockedTag: DeviceUnlockedTag.notifyDeviceLockStatusChanged():79 Notify device unlocked.
10-15 20:00:59.396  1570  1570 I DeviceUnlockedTag: DeviceUnlockedTag.notifyDeviceLockStatusChanged():79 Notify device unlocked.
10-15 20:00:59.399  1570  1570 I KeyboardViewHelper: KeyboardViewHelper.getView():166 Get view with height ratio:1.000000
10-15 20:00:59.406  1570  1570 I KeyboardViewUtil: KeyboardViewUtil.calculateMaxKeyboardBodyHeight():53 leave 344 height for app when screen height:2208, header height:121 and isFullscreenMode:false, so the max keyboard body height is:1743
10-15 20:00:59.407  1570  1570 I DeviceUnlockedTag: DeviceUnlockedTag.notifyDeviceLockStatusChanged():79 Notify device unlocked.
10-15 20:00:59.408  1570  1570 I DeviceUnlockedTag: DeviceUnlockedTag.notifyDeviceLockStatusChanged():79 Notify device unlocked.
10-15 20:00:59.408  1570  1570 I DeviceUnlockedTag: DeviceUnlockedTag.notifyDeviceLockStatusChanged():79 Notify device unlocked.
10-15 20:00:59.408  1570  1570 I DeviceUnlockedTag: DeviceUnlockedTag.notifyDeviceLockStatusChanged():79 Notify device unlocked.
10-15 20:00:59.409  1570  1570 I DeviceModeUtil: DeviceModeUtil.getDeviceMode():96 Get device mode phone by ui mode:1 and smallestScreenWidthDp:392
10-15 20:00:59.409  1570  1570 I DeviceUnlockedTag: DeviceUnlockedTag.notifyDeviceLockStatusChanged():79 Notify device unlocked.
10-15 20:00:59.410  1570  1570 I NormalModeController: NormalModeController.getKeyboardBodyViewHolderPaddingBottom():111 currentPrimeKeyboardType:SOFT systemPaddingBottom:-1
10-15 20:00:59.410  1570  1570 I KeyboardViewUtil: KeyboardViewUtil.calculateMaxKeyboardBodyHeight():53 leave 344 height for app when screen height:2208, header height:121 and isFullscreenMode:false, so the max keyboard body height is:1743
10-15 20:00:59.411  1570  1570 E LatinPrimeKeyboard: LatinPrimeKeyboard.updateCurrentImeLocales():414 consumeEvent: UPDATE_CURRENT_IME_LOCALES, Illegal argument
10-15 20:00:59.411  1570  1570 I NormalModeController: NormalModeController.getKeyboardBodyViewHolderPaddingBottom():111 currentPrimeKeyboardType:SOFT systemPaddingBottom:-1
10-15 20:00:59.412  1570  1570 I NormalModeController: NormalModeController.getKeyboardBodyViewHolderPaddingBottom():111 currentPrimeKeyboardType:SOFT systemPaddingBottom:-1
10-15 20:00:59.415  1570  1570 I DeviceUnlockedTag: DeviceUnlockedTag.notifyDeviceLockStatusChanged():79 Notify device unlocked.
10-15 20:00:59.415  1570  1570 I CurrentMicStatusHolder: CurrentMicStatusHolder.onStartInputView():79 Current Mic status = {MicIconHidden-EmailInputType,}
10-15 20:00:59.415  1570  1570 I VoiceImeExtension: VoiceImeExtension.shouldStartVoiceInputAutomatically():364 No private IME option set to start voice input.
10-15 20:00:59.420 14416 14416 D BoundBrokerSvc: onBind: Intent { act=com.google.firebase.dynamiclinks.service.START pkg=com.google.android.gms }
10-15 20:00:59.420 14416 14416 D BoundBrokerSvc: Loading bound service for intent: Intent { act=com.google.firebase.dynamiclinks.service.START pkg=com.google.android.gms }
10-15 20:00:59.429   365   425 D goldfish-address-space: claimShared: Ask to claim region [0x1ecfd0000 0x1ed930000]
10-15 20:00:59.429  1570  1570 I NormalModeController: NormalModeController.getKeyboardBodyViewHolderPaddingBottom():111 currentPrimeKeyboardType:SOFT systemPaddingBottom:-1
10-15 20:00:59.437  1271  1271 W ngj     : Pending fill request while another request in the same session was triggered. [CONTEXT service_id=177 ]
10-15 20:00:59.445 14416 14416 D BoundBrokerSvc: onBind: Intent { act=com.google.android.mdd.service.START cmp=com.google.android.gms/.chimera.GmsBoundBrokerService }
10-15 20:00:59.445 14416 14416 D BoundBrokerSvc: Loading bound service for intent: Intent { act=com.google.android.mdd.service.START cmp=com.google.android.gms/.chimera.GmsBoundBrokerService }
10-15 20:00:59.445  1580  1580 V InlineSuggestionRenderService: handleDestroySuggestionViews called for 0:1776690281
10-15 20:00:59.454   365   425 D goldfish-address-space: claimShared: Ask to claim region [0x1f09a4000 0x1f1304000]
10-15 20:00:59.456 27035 27035 D InsetsController: show(ime(), fromIme=true)
10-15 20:00:59.462   365   425 D goldfish-address-space: claimShared: Ask to claim region [0x1f1304000 0x1f1c64000]
10-15 20:00:59.473 14416 14416 D BoundBrokerSvc: onBind: Intent { act=com.google.android.gms.common.BIND_SHARED_PREFS pkg=com.google.android.gms }
10-15 20:00:59.473 14416 14416 D BoundBrokerSvc: Loading bound service for intent: Intent { act=com.google.android.gms.common.BIND_SHARED_PREFS pkg=com.google.android.gms }
10-15 20:00:59.475 14416 14416 D BoundBrokerSvc: onUnbind: Intent { act=com.google.android.gms.common.BIND_SHARED_PREFS pkg=com.google.android.gms }
10-15 20:00:59.478 14416 14416 D BoundBrokerSvc: onBind: Intent { act=com.google.android.gms.common.BIND_SHARED_PREFS pkg=com.google.android.gms }
10-15 20:00:59.478 14416 14416 D BoundBrokerSvc: Loading bound service for intent: Intent { act=com.google.android.gms.common.BIND_SHARED_PREFS pkg=com.google.android.gms }
10-15 20:00:59.479 14416 14416 D BoundBrokerSvc: onUnbind: Intent { act=com.google.android.gms.common.BIND_SHARED_PREFS pkg=com.google.android.gms }
10-15 20:00:59.589  1570  1570 W SpellCheckerExtension: SpellCheckerExtension.consumeEvent():156 SPELL_CHECK_SUGGESTIONS received with bad key data.
10-15 20:00:59.590  1570  1570 W TooltipLifecycleManager: TooltipLifecycleManager.dismissTooltips():157 Tooltip with id spell_check_add_to_dictionary not found in tooltipManager.
10-15 20:00:59.606 27035 27035 D UiControllerImpl: Injecting string: "molly@cse118.com"
10-15 20:00:59.683  1271  1938 I FontLog : Received query Noto Color Emoji Compat, URI content://com.google.android.gms.fonts [CONTEXT service_id=132 ]
10-15 20:00:59.683  1271  1938 I FontLog : Query [emojicompat-emoji-font] resolved to {Noto Color Emoji Compat, wdth 100.0, wght 400, ital 0.0, bestEffort false} [CONTEXT service_id=132 ]
10-15 20:00:59.684  1271  1938 I FontLog : Fetch {Noto Color Emoji Compat, wdth 100.0, wght 400, ital 0.0, bestEffort false} end status Status{statusCode=SUCCESS, resolution=null} [CONTEXT service_id=132 ]
10-15 20:00:59.687  1271  1938 I FontLog : Pulling font file for id = 103, cache size = 5 [CONTEXT service_id=132 ]
10-15 20:00:59.689  1271  1938 I FontLog : Pulling font file for id = 103, cache size = 5 [CONTEXT service_id=132 ]
10-15 20:00:59.911 27035 27035 I ViewInteraction: Performing 'type text(molly)' action on view ((view has effective visibility <VISIBLE> and view.getGlobalVisibleRect() to return non-empty rectangle) and ((view.getId() is <2131231057/edu.ucsc.cse118.assignment3:id/password> and is assignable from class <class android.widget.EditText>) or (is descendant of a view matching view.getId() is <2131231057/edu.ucsc.cse118.assignment3:id/password> and is assignable from class <class android.widget.EditText>)))
10-15 20:00:59.913  1166  1166 D TaplEvents: TIS / TouchInteractionService.onInputEvent: MotionEvent { action=ACTION_DOWN, actionButton=0, id[0]=0, x[0]=539.5, y[0]=928.5, toolType[0]=TOOL_TYPE_UNKNOWN, buttonState=BUTTON_PRIMARY, classification=NONE, metaState=0, flags=0x0, edgeFlags=0x0, pointerCount=1, historySize=0, eventTime=17520992, downTime=17520992, deviceId=-1, source=0x1002, displayId=0, eventId=-509089267 }
10-15 20:00:59.952  1166  1166 D TaplEvents: TIS / TouchInteractionService.onInputEvent: MotionEvent { action=ACTION_UP, actionButton=0, id[0]=0, x[0]=539.5, y[0]=928.5, toolType[0]=TOOL_TYPE_FINGER, buttonState=BUTTON_PRIMARY, classification=NONE, metaState=0, flags=0x0, edgeFlags=0x0, pointerCount=1, historySize=0, eventTime=17521032, downTime=17520992, deviceId=-1, source=0x1002, displayId=0, eventId=-669260458 }
10-15 20:00:59.954  1570  1570 I GoogleInputMethodService: GoogleInputMethodService.onFinishInputView():2291
10-15 20:00:59.954 27035 27035 D InputMethodManager: showSoftInput() view=androidx.appcompat.widget.AppCompatEditText{2edb413 VFED..CL. .F.P..ID 196,647-884,771 #7f080151 app:id/password aid=1073741825} flags=0 reason=SHOW_SOFT_INPUT
10-15 20:00:59.955  1570  1570 W TooltipLifecycleManager: TooltipLifecycleManager.dismissTooltips():157 Tooltip with id spell_check_add_to_dictionary not found in tooltipManager.
10-15 20:00:59.955  1570  1570 I InputBundle: InputBundle.consumeEvent():920 Skip consuming an event as keyboard status is 0
10-15 20:00:59.956  1570  1570 I KeyboardWrapper: KeyboardWrapper.consumeEvent():284 Skip consuming an event as current keyboard is deactivated (state=0, keyboard existence=true)
10-15 20:00:59.956  1570  1570 I VoiceInputManagerWrapper: VoiceInputManagerWrapper.shutdown():77 shutdown()
10-15 20:00:59.956  1570  1570 I DeviceUnlockedTag: DeviceUnlockedTag.notifyDeviceLockStatusChanged():79 Notify device unlocked.
10-15 20:00:59.957  1570  1570 I AndroidIME: AbstractIme.onDeactivate():207 LatinIme.onDeactivate()
10-15 20:00:59.959  1570  1570 I GoogleInputMethodService: GoogleInputMethodService.onFinishInput():3269
10-15 20:00:59.959  1570  1570 I GoogleInputMethodService: GoogleInputMethodService.onStartInput():1947
10-15 20:00:59.960  1570  1570 I DeviceUnlockedTag: DeviceUnlockedTag.notifyDeviceLockStatusChanged():79 Notify device unlocked.
10-15 20:00:59.960  1570  1570 I GoogleInputMethodService: GoogleInputMethodService.onStartInputView():2057
10-15 20:00:59.961  1570  1570 I DeviceUnlockedTag: DeviceUnlockedTag.notifyDeviceLockStatusChanged():79 Notify device unlocked.
10-15 20:00:59.961  1570  1570 I DeviceUnlockedTag: DeviceUnlockedTag.notifyDeviceLockStatusChanged():79 Notify device unlocked.
10-15 20:00:59.961  1570  1570 I KeyboardViewUtil: KeyboardViewUtil.getKeyboardHeightRatio():168 systemKeyboardHeightRatio:1.000000; userKeyboardHeightRatio:1.000000.
10-15 20:00:59.961  1570  1570 I DeviceUnlockedTag: DeviceUnlockedTag.notifyDeviceLockStatusChanged():79 Notify device unlocked.
10-15 20:00:59.961  1570  1570 I AndroidIME: AbstractIme.onActivate():86 PasswordIme.onActivate() : EditorInfo = inputType=Password imeActionName=DONE dump=[inputType=0x81 imeOptions=0x4000006 privateImeOptions=null actionLabel=null actionId=0 initialSelStart=0 initialSelEnd=0 initialCapsMode=0x0 hintText=Password label=null packageName=edu.ucsc.cse118.assignment3 autofillId=1073741825 fieldId=2131231057 fieldName=null extras=Bundle[{android.support.text.emoji.emojiCompat_metadataVersion=7, android.support.text.emoji.emojiCompat_replaceAll=false}] hintLocales=null contentMimeTypes=null ], IncognitoMode = false, DeviceLocked = false
10-15 20:00:59.961  1570  1570 I DeviceUnlockedTag: DeviceUnlockedTag.notifyDeviceLockStatusChanged():79 Notify device unlocked.
10-15 20:00:59.962  1570  1570 I KeyboardViewHelper: KeyboardViewHelper.getView():166 Get view with height ratio:1.000000
10-15 20:00:59.965  1570  1570 I KeyboardViewUtil: KeyboardViewUtil.calculateMaxKeyboardBodyHeight():53 leave 344 height for app when screen height:2208, header height:121 and isFullscreenMode:false, so the max keyboard body height is:1743
10-15 20:00:59.965  1570  1570 I DeviceUnlockedTag: DeviceUnlockedTag.notifyDeviceLockStatusChanged():79 Notify device unlocked.
10-15 20:00:59.965  1570  1570 I KeyboardViewUtil: KeyboardViewUtil.calculateMaxKeyboardBodyHeight():53 leave 344 height for app when screen height:2208, header height:121 and isFullscreenMode:false, so the max keyboard body height is:1743
10-15 20:00:59.966  1570  1570 I NormalModeController: NormalModeController.getKeyboardBodyViewHolderPaddingBottom():111 currentPrimeKeyboardType:SOFT systemPaddingBottom:-1
10-15 20:00:59.966  1570  1570 I NormalModeController: NormalModeController.getKeyboardBodyViewHolderPaddingBottom():111 currentPrimeKeyboardType:SOFT systemPaddingBottom:-1
10-15 20:00:59.966  1570  1570 I CurrentMicStatusHolder: CurrentMicStatusHolder.onStartInputView():79 Current Mic status = {MicIconHidden-SettingOff,MicIconHidden-PasswordOrNumberOrDateInputType,}
10-15 20:00:59.966  1570  1570 I VoiceImeExtension: VoiceImeExtension.shouldStartVoiceInputAutomatically():364 No private IME option set to start voice input.
10-15 20:00:59.969 14416 14416 D BoundBrokerSvc: onBind: Intent { act=com.google.android.gms.common.BIND_SHARED_PREFS pkg=com.google.android.gms }
10-15 20:00:59.969 14416 14416 D BoundBrokerSvc: Loading bound service for intent: Intent { act=com.google.android.gms.common.BIND_SHARED_PREFS pkg=com.google.android.gms }
10-15 20:00:59.970 14416 14416 D BoundBrokerSvc: onUnbind: Intent { act=com.google.android.gms.common.BIND_SHARED_PREFS pkg=com.google.android.gms }
10-15 20:00:59.973 27035 27035 D InsetsController: show(ime(), fromIme=true)
10-15 20:00:59.973 27035 27035 D InsetsController: show(ime(), fromIme=true)
10-15 20:00:59.979 14416 14416 D BoundBrokerSvc: onBind: Intent { act=com.google.android.gms.common.BIND_SHARED_PREFS pkg=com.google.android.gms }
10-15 20:00:59.979 14416 14416 D BoundBrokerSvc: Loading bound service for intent: Intent { act=com.google.android.gms.common.BIND_SHARED_PREFS pkg=com.google.android.gms }
10-15 20:00:59.980 14416 14416 D BoundBrokerSvc: onUnbind: Intent { act=com.google.android.gms.common.BIND_SHARED_PREFS pkg=com.google.android.gms }
10-15 20:01:00.208 27035 27035 D UiControllerImpl: Injecting string: "molly"
10-15 20:01:00.292 27035 27093 D EGL_emulation: app_time_stats: avg=32.20ms min=10.47ms max=236.66ms count=32
10-15 20:01:00.319 27035 27035 I ViewInteraction: Performing 'single click' action on view ((view has effective visibility <VISIBLE> and view.getGlobalVisibleRect() to return non-empty rectangle) and (an instance of android.widget.TextView and view.getText() with or without transformation to match: is "LOGIN" or (view.getParent() is assignable from class <class com.google.android.material.textfield.TextInputLayout> and (view is an instance of android.view.ViewGroup and has descendant matching an instance of android.widget.TextView and view.getText() with or without transformation to match: is "LOGIN"))))
10-15 20:01:00.322  1166  1166 D TaplEvents: TIS / TouchInteractionService.onInputEvent: MotionEvent { action=ACTION_DOWN, actionButton=0, id[0]=0, x[0]=539.5, y[0]=1078.5, toolType[0]=TOOL_TYPE_UNKNOWN, buttonState=BUTTON_PRIMARY, classification=NONE, metaState=0, flags=0x0, edgeFlags=0x0, pointerCount=1, historySize=0, eventTime=17521400, downTime=17521400, deviceId=-1, source=0x1002, displayId=0, eventId=-766538106 }
10-15 20:01:00.362  1166  1166 D TaplEvents: TIS / TouchInteractionService.onInputEvent: MotionEvent { action=ACTION_UP, actionButton=0, id[0]=0, x[0]=539.5, y[0]=1078.5, toolType[0]=TOOL_TYPE_FINGER, buttonState=BUTTON_PRIMARY, classification=NONE, metaState=0, flags=0x0, edgeFlags=0x0, pointerCount=1, historySize=0, eventTime=17521441, downTime=17521400, deviceId=-1, source=0x1002, displayId=0, eventId=-917509210 }
10-15 20:01:00.376   354   488 E android.hardware.audio@7.0-impl.ranchu: device/generic/goldfish/audio/stream_out.cpp:updateSourceMetadata:377 failure: Result::NOT_SUPPORTED
10-15 20:01:00.382   351 27110 D resolv  : GetAddrInfoHandler::run: {100 100 100 983140 10152 0}
10-15 20:01:00.382   351 27110 D resolv  : resolv_getaddrinfo: explore_fqdn(): ai_family=0 ai_socktype=1 ai_protocol=6
10-15 20:01:00.383   351 27111 D resolv  : doQuery: (1, 28)
10-15 20:01:00.383   351 27112 D resolv  : doQuery: (1, 1)
10-15 20:01:00.383   351 27112 D resolv  : res_nmkquery: (QUERY, IN, A)
10-15 20:01:00.383   351 27112 D resolv  : res_nsend
10-15 20:01:00.383   351 27112 I resolv  : resolv_cache_lookup: lookup
10-15 20:01:00.383   351 27112 I resolv  : resolv_cache_lookup: FOUND IN CACHE entry=0xb4000079cfbcfcf0
10-15 20:01:00.383   351 27112 D resolv  : doQuery: rcode=0, ancount=1
10-15 20:01:00.383   351 27111 D resolv  : res_nmkquery: (QUERY, IN, AAAA)
10-15 20:01:00.384   351 27111 D resolv  : res_nsend
10-15 20:01:00.384   351 27111 I resolv  : resolv_cache_lookup: lookup
10-15 20:01:00.384   351 27111 I resolv  : resolv_cache_lookup: FOUND IN CACHE entry=0xb4000079ffbcd590
10-15 20:01:00.384   351 27111 D resolv  : doQuery: rcode=0, ancount=0
10-15 20:01:00.521   354   488 E android.hardware.audio@7.0-impl.ranchu: device/generic/goldfish/audio/stream_out.cpp:updateSourceMetadata:377 failure: Result::NOT_SUPPORTED
10-15 20:01:00.622 27035 27035 I ViewInteraction: Performing 'searching for view an instance of android.widget.TextView and view.getText() with or without transformation to match: is "Molly Member" in the root view' action on view view.getRootView() to equal view
10-15 20:01:00.633 27035 27035 I ViewInteraction: Performing 'Wait for at least 100 millis' action on view view.getRootView() to equal view
10-15 20:01:00.680  1570  1570 I GoogleInputMethodService: GoogleInputMethodService.onFinishInputView():2291
10-15 20:01:00.681  1570  1570 W TooltipLifecycleManager: TooltipLifecycleManager.dismissTooltips():157 Tooltip with id spell_check_add_to_dictionary not found in tooltipManager.
10-15 20:01:00.682  1570  1570 I AndroidIME: AbstractIme.onDeactivate():207 PasswordIme.onDeactivate()
10-15 20:01:00.697   863   945 D EGL_emulation: app_time_stats: avg=635.65ms min=97.46ms max=1109.77ms count=3
10-15 20:01:00.702  1570  2142 D EGL_emulation: app_time_stats: avg=248.76ms min=6.66ms max=708.45ms count=5
10-15 20:01:00.735 27035 27035 I ViewInteraction: Performing 'searching for view an instance of android.widget.TextView and view.getText() with or without transformation to match: is "Molly Member" in the root view' action on view view.getRootView() to equal view
10-15 20:01:00.740 27035 27035 D LifecycleMonitor: Lifecycle status change: edu.ucsc.cse118.assignment3.MainActivity@2ac54d in: PAUSED
10-15 20:01:00.740 27035 27035 V ActivityScenario: Update currentActivityStage to PAUSED, currentActivity=edu.ucsc.cse118.assignment3.MainActivity@2ac54d
10-15 20:01:00.741   565  2064 W InputReader: Device virtio_input_multi_touch_2 is associated with display ADISPLAY_ID_NONE.
10-15 20:01:00.741   565  2064 W InputReader: Device virtio_input_multi_touch_3 is associated with display ADISPLAY_ID_NONE.
10-15 20:01:00.741   565  2064 W InputReader: Device virtio_input_multi_touch_5 is associated with display ADISPLAY_ID_NONE.
10-15 20:01:00.741   565  2064 W InputReader: Device virtio_input_multi_touch_7 is associated with display ADISPLAY_ID_NONE.
10-15 20:01:00.741   565  2064 W InputReader: Device virtio_input_multi_touch_11 is associated with display ADISPLAY_ID_NONE.
10-15 20:01:00.741   565  2064 W InputReader: Device virtio_input_multi_touch_6 is associated with display ADISPLAY_ID_NONE.
10-15 20:01:00.741   565  2064 W InputReader: Device virtio_input_multi_touch_4 is associated with display ADISPLAY_ID_NONE.
10-15 20:01:00.741   565  2064 W InputReader: Device virtio_input_multi_touch_9 is associated with display ADISPLAY_ID_NONE.
10-15 20:01:00.741   565  2064 W InputReader: Device virtio_input_multi_touch_8 is associated with display ADISPLAY_ID_NONE.
10-15 20:01:00.741   565  2064 W InputReader: Device virtio_input_multi_touch_10 is associated with display ADISPLAY_ID_NONE.
10-15 20:01:00.742   565  2064 W InputReader: Device virtio_input_multi_touch_2 is associated with display ADISPLAY_ID_NONE.
10-15 20:01:00.742   565  2064 W InputReader: Device virtio_input_multi_touch_3 is associated with display ADISPLAY_ID_NONE.
10-15 20:01:00.742   565  2064 W InputReader: Device virtio_input_multi_touch_5 is associated with display ADISPLAY_ID_NONE.
10-15 20:01:00.742   565  2064 W InputReader: Device virtio_input_multi_touch_7 is associated with display ADISPLAY_ID_NONE.
10-15 20:01:00.742   565  2064 W InputReader: Device virtio_input_multi_touch_11 is associated with display ADISPLAY_ID_NONE.
10-15 20:01:00.742   565  2064 W InputReader: Device virtio_input_multi_touch_6 is associated with display ADISPLAY_ID_NONE.
10-15 20:01:00.742   565  2064 W InputReader: Device virtio_input_multi_touch_4 is associated with display ADISPLAY_ID_NONE.
10-15 20:01:00.742   565  2064 W InputReader: Device virtio_input_multi_touch_9 is associated with display ADISPLAY_ID_NONE.
10-15 20:01:00.742   565  2064 W InputReader: Device virtio_input_multi_touch_8 is associated with display ADISPLAY_ID_NONE.
10-15 20:01:00.742   565  2064 W InputReader: Device virtio_input_multi_touch_10 is associated with display ADISPLAY_ID_NONE.
10-15 20:01:00.779 27060 27090 D HostConnection: createUnique: call
10-15 20:01:00.779 27060 27090 D HostConnection: HostConnection::get() New Host Connection established 0xb400006f699a5ad0, tid 27090
10-15 20:01:00.788 27060 27090 D HostConnection: HostComposition ext ANDROID_EMU_CHECKSUM_HELPER_v1 ANDROID_EMU_native_sync_v2 ANDROID_EMU_native_sync_v3 ANDROID_EMU_native_sync_v4 ANDROID_EMU_dma_v1 ANDROID_EMU_direct_mem ANDROID_EMU_host_composition_v1 ANDROID_EMU_host_composition_v2 ANDROID_EMU_vulkan ANDROID_EMU_deferred_vulkan_commands ANDROID_EMU_vulkan_null_optional_strings ANDROID_EMU_vulkan_create_resources_with_requirements ANDROID_EMU_YUV_Cache ANDROID_EMU_vulkan_ignored_handles ANDROID_EMU_has_shared_slots_host_memory_allocator ANDROID_EMU_vulkan_free_memory_sync ANDROID_EMU_vulkan_shader_float16_int8 ANDROID_EMU_vulkan_async_queue_submit ANDROID_EMU_vulkan_queue_submit_with_commands ANDROID_EMU_sync_buffer_data ANDROID_EMU_read_color_buffer_dma ANDROID_EMU_hwc_multi_configs GL_OES_EGL_image_external_essl3 GL_OES_vertex_array_object GL_KHR_texture_compression_astc_ldr ANDROID_EMU_host_side_tracing ANDROID_EMU_gles_max_version_3_0
10-15 20:01:00.791   202   202 I hwservicemanager: getTransport: Cannot find entry android.hardware.configstore@1.0::ISurfaceFlingerConfigs/default in either framework or device VINTF manifest.
10-15 20:01:00.792 27060 27090 W OpenGLRenderer: Failed to choose config with EGL_SWAP_BEHAVIOR_PRESERVED, retrying without...
10-15 20:01:00.792 27060 27090 W OpenGLRenderer: Failed to initialize 101010-2 format, error = EGL_SUCCESS
10-15 20:01:00.793 27060 27090 D EGL_emulation: eglCreateContext: 0xb400006f699a5290: maj 3 min 0 rcv 3
10-15 20:01:00.793 27060 27090 D EGL_emulation: eglMakeCurrent: 0xb400006f699a5290: ver 3 0 (tinfo 0x7176c01080) (first time)
10-15 20:01:00.796   202   202 I hwservicemanager: getTransport: Cannot find entry android.hardware.graphics.mapper@4.0::IMapper/default in either framework or device VINTF manifest.
10-15 20:01:00.796 27060 27090 I Gralloc4: mapper 4.x is not supported
10-15 20:01:00.797 27060 27090 D HostConnection: createUnique: call
10-15 20:01:00.797 27060 27090 D HostConnection: HostConnection::get() New Host Connection established 0xb400006f699a6910, tid 27090
10-15 20:01:00.797 27060 27090 D goldfish-address-space: allocate: Ask for block of size 0x100
10-15 20:01:00.797 27060 27090 D goldfish-address-space: allocate: ioctl allocate returned offset 0x1ebff8000 size 0x8000
10-15 20:01:00.798   202   202 I hwservicemanager: getTransport: Cannot find entry android.hardware.graphics.allocator@4.0::IAllocator/default in either framework or device VINTF manifest.
10-15 20:01:00.798 27060 27090 W Gralloc4: allocator 4.x is not supported
10-15 20:01:00.798   365   425 D goldfish-address-space: claimShared: Ask to claim region [0x1f1c64000 0x1f2608000]
10-15 20:01:00.820 27060 27090 D HostConnection: HostComposition ext ANDROID_EMU_CHECKSUM_HELPER_v1 ANDROID_EMU_native_sync_v2 ANDROID_EMU_native_sync_v3 ANDROID_EMU_native_sync_v4 ANDROID_EMU_dma_v1 ANDROID_EMU_direct_mem ANDROID_EMU_host_composition_v1 ANDROID_EMU_host_composition_v2 ANDROID_EMU_vulkan ANDROID_EMU_deferred_vulkan_commands ANDROID_EMU_vulkan_null_optional_strings ANDROID_EMU_vulkan_create_resources_with_requirements ANDROID_EMU_YUV_Cache ANDROID_EMU_vulkan_ignored_handles ANDROID_EMU_has_shared_slots_host_memory_allocator ANDROID_EMU_vulkan_free_memory_sync ANDROID_EMU_vulkan_shader_float16_int8 ANDROID_EMU_vulkan_async_queue_submit ANDROID_EMU_vulkan_queue_submit_with_commands ANDROID_EMU_sync_buffer_data ANDROID_EMU_read_color_buffer_dma ANDROID_EMU_hwc_multi_configs GL_OES_EGL_image_external_essl3 GL_OES_vertex_array_object GL_KHR_texture_compression_astc_ldr ANDROID_EMU_host_side_tracing ANDROID_EMU_gles_max_version_3_0
10-15 20:01:00.823   365   425 D goldfish-address-space: claimShared: Ask to claim region [0x1f2608000 0x1f2fac000]
10-15 20:01:00.824   365   425 D goldfish-address-space: claimShared: Ask to claim region [0x1f4000000 0x1f49a4000]
10-15 20:01:00.852   565  2899 W InputReader: Device virtio_input_multi_touch_2 is associated with display ADISPLAY_ID_NONE.
10-15 20:01:00.852   565  2899 W InputReader: Device virtio_input_multi_touch_3 is associated with display ADISPLAY_ID_NONE.
