10-17 18:26:54.277  1570  1570 I VoiceImeExtension: VoiceImeExtension.shouldStartVoiceInputAutomatically():364 No private IME option set to start voice input.
10-17 18:26:54.278  1570  1570 I DeviceUnlockedTag: DeviceUnlockedTag.notifyDeviceLockStatusChanged():79 Notify device unlocked.
10-17 18:26:54.278  1570  1570 I DeviceUnlockedTag: DeviceUnlockedTag.notifyDeviceLockStatusChanged():79 Notify device unlocked.
10-17 18:26:54.278  1570  1570 I DeviceUnlockedTag: DeviceUnlockedTag.notifyDeviceLockStatusChanged():79 Notify device unlocked.
10-17 18:26:54.278  1570  1570 I DeviceUnlockedTag: DeviceUnlockedTag.notifyDeviceLockStatusChanged():79 Notify device unlocked.
10-17 18:26:54.278  1570  1570 I DeviceUnlockedTag: DeviceUnlockedTag.notifyDeviceLockStatusChanged():79 Notify device unlocked.
10-17 18:26:54.278  1570  1570 I DeviceUnlockedTag: DeviceUnlockedTag.notifyDeviceLockStatusChanged():79 Notify device unlocked.
10-17 18:26:54.281  1274  1274 D InsetsController: show(ime(), fromIme=true)
10-17 18:26:54.285  1570  1570 I NormalModeController: NormalModeController.getKeyboardBodyViewHolderPaddingBottom():111 currentPrimeKeyboardType:SOFT systemPaddingBottom:-1
10-17 18:26:54.289  1389  1389 D BoundBrokerSvc: onBind: Intent { act=com.google.android.gms.common.BIND_SHARED_PREFS pkg=com.google.android.gms }
10-17 18:26:54.289  1389  1389 D BoundBrokerSvc: Loading bound service for intent: Intent { act=com.google.android.gms.common.BIND_SHARED_PREFS pkg=com.google.android.gms }
10-17 18:26:54.291  1389  1389 D BoundBrokerSvc: onUnbind: Intent { act=com.google.android.gms.common.BIND_SHARED_PREFS pkg=com.google.android.gms }
10-17 18:26:54.296  1570  2142 D EGL_emulation: app_time_stats: avg=362.14ms min=10.59ms max=1257.16ms count=6
10-17 18:26:54.302  1389  1389 D BoundBrokerSvc: onBind: Intent { act=com.google.android.gms.common.BIND_SHARED_PREFS pkg=com.google.android.gms }
10-17 18:26:54.302  1389  1389 D BoundBrokerSvc: Loading bound service for intent: Intent { act=com.google.android.gms.common.BIND_SHARED_PREFS pkg=com.google.android.gms }
10-17 18:26:54.306  1389  1389 D BoundBrokerSvc: onUnbind: Intent { act=com.google.android.gms.common.BIND_SHARED_PREFS pkg=com.google.android.gms }
10-17 18:26:54.318   863   945 D EGL_emulation: app_time_stats: avg=641.66ms min=31.39ms max=1251.93ms count=2
10-17 18:26:54.458  1570  1570 W SpellCheckerExtension: SpellCheckerExtension.consumeEvent():156 SPELL_CHECK_SUGGESTIONS received with bad key data.
10-17 18:26:54.458  1570  1570 W TooltipLifecycleManager: TooltipLifecycleManager.dismissTooltips():157 Tooltip with id spell_check_add_to_dictionary not found in tooltipManager.
10-17 18:26:54.488  1274  1274 D UiControllerImpl: Injecting string: "mollycse118"
10-17 18:26:54.498  1570  1570 I ShortcutsDataManager: ShortcutsDataManager.onContentChanged():70 onContentChanged()
10-17 18:26:54.498  1570  1570 I ContactsDataManager: ContactsDataManager.onContentChanged():155 onContentChanged()
10-17 18:26:54.549   377   377 E android.hardware.power.stats@1.0-service-mock: Failed to getEnergyData
10-17 18:26:54.685  1274  1274 I ViewInteraction: Performing 'single click' action on view ((view has effective visibility <VISIBLE> and view.getGlobalVisibleRect() to return non-empty rectangle) and (an instance of android.widget.TextView and view.getText() with or without transformation to match: is "ADD" or (view.getParent() is assignable from class <class com.google.android.material.textfield.TextInputLayout> and (view is an instance of android.view.ViewGroup and has descendant matching an instance of android.widget.TextView and view.getText() with or without transformation to match: is "ADD"))))
10-17 18:26:54.686  1166  1166 D TaplEvents: TIS / TouchInteractionService.onInputEvent: MotionEvent { action=ACTION_DOWN, actionButton=0, id[0]=0, x[0]=539.5, y[0]=1429.5, toolType[0]=TOOL_TYPE_UNKNOWN, buttonState=BUTTON_PRIMARY, classification=NONE, metaState=0, flags=0x0, edgeFlags=0x0, pointerCount=1, historySize=0, eventTime=56076971, downTime=56076971, deviceId=-1, source=0x1002, displayId=0, eventId=-28831866 }
10-17 18:26:54.728  1166  1166 D TaplEvents: TIS / TouchInteractionService.onInputEvent: MotionEvent { action=ACTION_UP, actionButton=0, id[0]=0, x[0]=539.5, y[0]=1429.5, toolType[0]=TOOL_TYPE_FINGER, buttonState=BUTTON_PRIMARY, classification=NONE, metaState=0, flags=0x0, edgeFlags=0x0, pointerCount=1, historySize=0, eventTime=56077012, downTime=56076971, deviceId=-1, source=0x1002, displayId=0, eventId=-92407039 }
10-17 18:26:54.885  1570  1570 W SpellCheckerExtension: SpellCheckerExtension.consumeEvent():156 SPELL_CHECK_SUGGESTIONS received with bad key data.
10-17 18:26:54.885  1570  1570 W TooltipLifecycleManager: TooltipLifecycleManager.dismissTooltips():157 Tooltip with id spell_check_add_to_dictionary not found in tooltipManager.
10-17 18:26:54.948  1274  1274 I ViewInteraction: Performing 'searching for view an instance of android.widget.TextView and view.getText() with or without transformation to match: is "New Message" in the root view' action on view view.getRootView() to equal view
10-17 18:26:54.969  1274  1274 D LifecycleMonitor: Lifecycle status change: edu.ucsc.cse118.assignment3.MainActivity@be49c0d in: PAUSED
10-17 18:26:54.970  1274  1274 V ActivityScenario: Update currentActivityStage to PAUSED, currentActivity=edu.ucsc.cse118.assignment3.MainActivity@be49c0d
10-17 18:26:54.973   565   679 W InputReader: Device virtio_input_multi_touch_2 is associated with display ADISPLAY_ID_NONE.
10-17 18:26:54.973   565   679 W InputReader: Device virtio_input_multi_touch_3 is associated with display ADISPLAY_ID_NONE.
10-17 18:26:54.973   565   679 W InputReader: Device virtio_input_multi_touch_5 is associated with display ADISPLAY_ID_NONE.
10-17 18:26:54.973   565   679 W InputReader: Device virtio_input_multi_touch_7 is associated with display ADISPLAY_ID_NONE.
10-17 18:26:54.973   565   679 W InputReader: Device virtio_input_multi_touch_11 is associated with display ADISPLAY_ID_NONE.
10-17 18:26:54.973   565   679 W InputReader: Device virtio_input_multi_touch_6 is associated with display ADISPLAY_ID_NONE.
10-17 18:26:54.973   565   679 W InputReader: Device virtio_input_multi_touch_4 is associated with display ADISPLAY_ID_NONE.
10-17 18:26:54.973   565   679 W InputReader: Device virtio_input_multi_touch_9 is associated with display ADISPLAY_ID_NONE.
10-17 18:26:54.973   565   679 W InputReader: Device virtio_input_multi_touch_8 is associated with display ADISPLAY_ID_NONE.
10-17 18:26:54.973   565   679 W InputReader: Device virtio_input_multi_touch_10 is associated with display ADISPLAY_ID_NONE.
10-17 18:26:54.974   565   679 W InputReader: Device virtio_input_multi_touch_2 is associated with display ADISPLAY_ID_NONE.
10-17 18:26:54.974   565   679 W InputReader: Device virtio_input_multi_touch_3 is associated with display ADISPLAY_ID_NONE.
10-17 18:26:54.974   565   679 W InputReader: Device virtio_input_multi_touch_5 is associated with display ADISPLAY_ID_NONE.
10-17 18:26:54.974   565   679 W InputReader: Device virtio_input_multi_touch_7 is associated with display ADISPLAY_ID_NONE.
10-17 18:26:54.974   565   679 W InputReader: Device virtio_input_multi_touch_11 is associated with display ADISPLAY_ID_NONE.
10-17 18:26:54.974   565   679 W InputReader: Device virtio_input_multi_touch_6 is associated with display ADISPLAY_ID_NONE.
10-17 18:26:54.974   565   679 W InputReader: Device virtio_input_multi_touch_4 is associated with display ADISPLAY_ID_NONE.
10-17 18:26:54.974   565   679 W InputReader: Device virtio_input_multi_touch_9 is associated with display ADISPLAY_ID_NONE.
10-17 18:26:54.974   565   679 W InputReader: Device virtio_input_multi_touch_8 is associated with display ADISPLAY_ID_NONE.
10-17 18:26:54.974   565   679 W InputReader: Device virtio_input_multi_touch_10 is associated with display ADISPLAY_ID_NONE.
10-17 18:26:54.976   365   424 D goldfish-address-space: claimShared: Ask to claim region [0x1edc20000 0x1ee580000]
10-17 18:26:55.022   365   424 D goldfish-address-space: claimShared: Ask to claim region [0x1ee580000 0x1eef24000]
10-17 18:26:55.024   365   424 D goldfish-address-space: claimShared: Ask to claim region [0x1f1974000 0x1f2318000]
10-17 18:26:55.025   365   424 D goldfish-address-space: claimShared: Ask to claim region [0x1f2cbc000 0x1f3660000]
10-17 18:26:55.041  1274  1416 D EGL_emulation: app_time_stats: avg=63.25ms min=10.77ms max=357.38ms count=18
10-17 18:26:55.044   565   601 W InputReader: Device virtio_input_multi_touch_2 is associated with display ADISPLAY_ID_NONE.
10-17 18:26:55.044   565   601 W InputReader: Device virtio_input_multi_touch_3 is associated with display ADISPLAY_ID_NONE.
10-17 18:26:55.044   565   601 W InputReader: Device virtio_input_multi_touch_5 is associated with display ADISPLAY_ID_NONE.
10-17 18:26:55.044   565   601 W InputReader: Device virtio_input_multi_touch_7 is associated with display ADISPLAY_ID_NONE.
10-17 18:26:55.044   565   601 W InputReader: Device virtio_input_multi_touch_11 is associated with display ADISPLAY_ID_NONE.
10-17 18:26:55.044   565   601 W InputReader: Device virtio_input_multi_touch_6 is associated with display ADISPLAY_ID_NONE.
10-17 18:26:55.044   565   601 W InputReader: Device virtio_input_multi_touch_4 is associated with display ADISPLAY_ID_NONE.
10-17 18:26:55.044   565   601 W InputReader: Device virtio_input_multi_touch_9 is associated with display ADISPLAY_ID_NONE.
10-17 18:26:55.044   565   601 W InputReader: Device virtio_input_multi_touch_8 is associated with display ADISPLAY_ID_NONE.
10-17 18:26:55.044   565   601 W InputReader: Device virtio_input_multi_touch_10 is associated with display ADISPLAY_ID_NONE.
10-17 18:26:55.044   565   601 W InputReader: Device virtio_input_multi_touch_2 is associated with display ADISPLAY_ID_NONE.
10-17 18:26:55.044   565   601 W InputReader: Device virtio_input_multi_touch_3 is associated with display ADISPLAY_ID_NONE.
10-17 18:26:55.044   565   601 W InputReader: Device virtio_input_multi_touch_5 is associated with display ADISPLAY_ID_NONE.
10-17 18:26:55.044   565   601 W InputReader: Device virtio_input_multi_touch_7 is associated with display ADISPLAY_ID_NONE.
10-17 18:26:55.044   565   601 W InputReader: Device virtio_input_multi_touch_11 is associated with display ADISPLAY_ID_NONE.
10-17 18:26:55.044   565   601 W InputReader: Device virtio_input_multi_touch_6 is associated with display ADISPLAY_ID_NONE.
10-17 18:26:55.044   565   601 W InputReader: Device virtio_input_multi_touch_4 is associated with display ADISPLAY_ID_NONE.
10-17 18:26:55.044   565   601 W InputReader: Device virtio_input_multi_touch_9 is associated with display ADISPLAY_ID_NONE.
10-17 18:26:55.044   565   601 W InputReader: Device virtio_input_multi_touch_8 is associated with display ADISPLAY_ID_NONE.
10-17 18:26:55.044   565   601 W InputReader: Device virtio_input_multi_touch_10 is associated with display ADISPLAY_ID_NONE.
10-17 18:26:55.067   365   424 D goldfish-address-space: claimShared: Ask to claim region [0x1f4c58000 0x1f55fc000]
10-17 18:26:55.069   365   424 D goldfish-address-space: claimShared: Ask to claim region [0x1f55fc000 0x1f5fa0000]
10-17 18:26:55.072   365   424 D goldfish-address-space: claimShared: Ask to claim region [0x1f5fa0000 0x1f6944000]
10-17 18:26:55.078   565   606 I ActivityTaskManager: Displayed edu.ucsc.cse118.assignment3.test/androidx.test.core.app.InstrumentationActivityInvoker$EmptyActivity: +75ms
10-17 18:26:55.080   365   424 D goldfish-address-space: claimShared: Ask to claim region [0x1f2cbc000 0x1f32e8000]
10-17 18:26:55.090   565  2069 W InputManager-JNI: Input channel object '86ea8fb edu.ucsc.cse118.assignment3.test/androidx.test.core.app.InstrumentationActivityInvoker$EmptyActivity (client)' was disposed without first being removed with the input manager!
10-17 18:26:55.092   565   679 W InputReader: Device virtio_input_multi_touch_2 is associated with display ADISPLAY_ID_NONE.
10-17 18:26:55.092   565   679 W InputReader: Device virtio_input_multi_touch_3 is associated with display ADISPLAY_ID_NONE.
10-17 18:26:55.092   565   679 W InputReader: Device virtio_input_multi_touch_5 is associated with display ADISPLAY_ID_NONE.
10-17 18:26:55.092   565   679 W InputReader: Device virtio_input_multi_touch_7 is associated with display ADISPLAY_ID_NONE.
10-17 18:26:55.092   565   679 W InputReader: Device virtio_input_multi_touch_11 is associated with display ADISPLAY_ID_NONE.
10-17 18:26:55.092   565   679 W InputReader: Device virtio_input_multi_touch_6 is associated with display ADISPLAY_ID_NONE.
10-17 18:26:55.092   565   679 W InputReader: Device virtio_input_multi_touch_4 is associated with display ADISPLAY_ID_NONE.
10-17 18:26:55.092   565   679 W InputReader: Device virtio_input_multi_touch_9 is associated with display ADISPLAY_ID_NONE.
10-17 18:26:55.092   565   679 W InputReader: Device virtio_input_multi_touch_8 is associated with display ADISPLAY_ID_NONE.
10-17 18:26:55.092   565   679 W InputReader: Device virtio_input_multi_touch_10 is associated with display ADISPLAY_ID_NONE.
10-17 18:26:55.092   565   679 W InputReader: Device virtio_input_multi_touch_2 is associated with display ADISPLAY_ID_NONE.
10-17 18:26:55.092   565   679 W InputReader: Device virtio_input_multi_touch_3 is associated with display ADISPLAY_ID_NONE.
10-17 18:26:55.092   565   679 W InputReader: Device virtio_input_multi_touch_5 is associated with display ADISPLAY_ID_NONE.
10-17 18:26:55.092   565   679 W InputReader: Device virtio_input_multi_touch_7 is associated with display ADISPLAY_ID_NONE.
10-17 18:26:55.092   565   679 W InputReader: Device virtio_input_multi_touch_11 is associated with display ADISPLAY_ID_NONE.
10-17 18:26:55.092   565   679 W InputReader: Device virtio_input_multi_touch_6 is associated with display ADISPLAY_ID_NONE.
10-17 18:26:55.092   565   679 W InputReader: Device virtio_input_multi_touch_4 is associated with display ADISPLAY_ID_NONE.
10-17 18:26:55.092   565   679 W InputReader: Device virtio_input_multi_touch_9 is associated with display ADISPLAY_ID_NONE.
10-17 18:26:55.092   565   679 W InputReader: Device virtio_input_multi_touch_8 is associated with display ADISPLAY_ID_NONE.
10-17 18:26:55.092   565   679 W InputReader: Device virtio_input_multi_touch_10 is associated with display ADISPLAY_ID_NONE.
10-17 18:26:55.094  1274  1274 D LifecycleMonitor: Lifecycle status change: edu.ucsc.cse118.assignment3.MainActivity@be49c0d in: STOPPED
10-17 18:26:55.095  1274  1274 V ActivityScenario: Update currentActivityStage to STOPPED, currentActivity=edu.ucsc.cse118.assignment3.MainActivity@be49c0d
10-17 18:26:55.095  1274  1274 D AutofillManager: onActivityFinishing(): calling cancelLocked()
10-17 18:26:55.099   365   424 D goldfish-address-space: claimShared: Ask to claim region [0x1f32e8000 0x1f3c48000]
10-17 18:26:55.109 16906 16906 I A       : onApplyWindowInsets: systemWindowInsets=Insets{left=0, top=66, right=0, bottom=828}
10-17 18:26:55.109 16906 16906 I A       : onApplyWindowInsets: systemWindowInsets=Insets{left=0, top=66, right=0, bottom=828}
10-17 18:26:55.109  1274  1274 D LifecycleMonitor: Lifecycle status change: edu.ucsc.cse118.assignment3.MainActivity@be49c0d in: DESTROYED
10-17 18:26:55.109  1274  1274 V ActivityScenario: Update currentActivityStage to DESTROYED, currentActivity=null
10-17 18:26:55.110   365   424 D goldfish-address-space: claimShared: Ask to claim region [0x1ee580000 0x1eef24000]
10-17 18:26:55.110   565  2069 W InputManager-JNI: Input channel object '1839999 edu.ucsc.cse118.assignment3/edu.ucsc.cse118.assignment3.MainActivity (client)' was disposed without first being removed with the input manager!
10-17 18:26:55.111   365   424 D goldfish-address-space: claimShared: Ask to claim region [0x1f0fd0000 0x1f1974000]
10-17 18:26:55.112   365   424 D goldfish-address-space: claimShared: Ask to claim region [0x1f1974000 0x1f2318000]
10-17 18:26:55.115  1274  1317 I TestRunner: finished: fab_type_not_enough(edu.ucsc.cse118.assignment3.AdvancedTest)
