10-17 18:40:48.141   354  3191 W android.hardware.audio@7.0-impl.ranchu: TinyalsaSink::consumeThread:184 pcm_write failed with res=-1
10-17 18:40:48.163   354  3191 W android.hardware.audio@7.0-impl.ranchu: TinyalsaSink::consumeThread:184 pcm_write failed with res=-1
10-17 18:40:48.187   354  3191 W android.hardware.audio@7.0-impl.ranchu: TinyalsaSink::consumeThread:184 pcm_write failed with res=-1
10-17 18:40:48.209   354  3191 W android.hardware.audio@7.0-impl.ranchu: TinyalsaSink::consumeThread:184 pcm_write failed with res=-1
10-17 18:40:48.231   354  3191 W android.hardware.audio@7.0-impl.ranchu: TinyalsaSink::consumeThread:184 pcm_write failed with res=-1
10-17 18:40:48.253   354  3191 W android.hardware.audio@7.0-impl.ranchu: TinyalsaSink::consumeThread:184 pcm_write failed with res=-1
10-17 18:40:48.271  3108  3108 I ViewInteraction: Performing 'searching for view an instance of android.widget.TextView and view.getText() with or without transformation to match: is "Ranice Desantis" in the root view' action on view view.getRootView() to equal view
10-17 18:40:48.274   354  3191 W android.hardware.audio@7.0-impl.ranchu: TinyalsaSink::consumeThread:184 pcm_write failed with res=-1
10-17 18:40:48.284  3108  3108 D LifecycleMonitor: Lifecycle status change: edu.ucsc.cse118.assignment3.MainActivity@638cd14 in: PAUSED
10-17 18:40:48.285  3108  3108 V ActivityScenario: Update currentActivityStage to PAUSED, currentActivity=edu.ucsc.cse118.assignment3.MainActivity@638cd14
10-17 18:40:48.286   565  2064 W InputReader: Device virtio_input_multi_touch_2 is associated with display ADISPLAY_ID_NONE.
10-17 18:40:48.286   565  2064 W InputReader: Device virtio_input_multi_touch_3 is associated with display ADISPLAY_ID_NONE.
10-17 18:40:48.286   565  2064 W InputReader: Device virtio_input_multi_touch_5 is associated with display ADISPLAY_ID_NONE.
10-17 18:40:48.286   565  2064 W InputReader: Device virtio_input_multi_touch_7 is associated with display ADISPLAY_ID_NONE.
10-17 18:40:48.286   565  2064 W InputReader: Device virtio_input_multi_touch_11 is associated with display ADISPLAY_ID_NONE.
10-17 18:40:48.286   565  2064 W InputReader: Device virtio_input_multi_touch_6 is associated with display ADISPLAY_ID_NONE.
10-17 18:40:48.286   565  2064 W InputReader: Device virtio_input_multi_touch_4 is associated with display ADISPLAY_ID_NONE.
10-17 18:40:48.286   565  2064 W InputReader: Device virtio_input_multi_touch_9 is associated with display ADISPLAY_ID_NONE.
10-17 18:40:48.286   565  2064 W InputReader: Device virtio_input_multi_touch_8 is associated with display ADISPLAY_ID_NONE.
10-17 18:40:48.286   565  2064 W InputReader: Device virtio_input_multi_touch_10 is associated with display ADISPLAY_ID_NONE.
10-17 18:40:48.286   565  2064 W InputReader: Device virtio_input_multi_touch_2 is associated with display ADISPLAY_ID_NONE.
10-17 18:40:48.287   565  2064 W InputReader: Device virtio_input_multi_touch_3 is associated with display ADISPLAY_ID_NONE.
10-17 18:40:48.287   565  2064 W InputReader: Device virtio_input_multi_touch_5 is associated with display ADISPLAY_ID_NONE.
10-17 18:40:48.287   565  2064 W InputReader: Device virtio_input_multi_touch_7 is associated with display ADISPLAY_ID_NONE.
10-17 18:40:48.287   565  2064 W InputReader: Device virtio_input_multi_touch_11 is associated with display ADISPLAY_ID_NONE.
10-17 18:40:48.287   565  2064 W InputReader: Device virtio_input_multi_touch_6 is associated with display ADISPLAY_ID_NONE.
10-17 18:40:48.287   565  2064 W InputReader: Device virtio_input_multi_touch_4 is associated with display ADISPLAY_ID_NONE.
10-17 18:40:48.287   565  2064 W InputReader: Device virtio_input_multi_touch_9 is associated with display ADISPLAY_ID_NONE.
10-17 18:40:48.287   565  2064 W InputReader: Device virtio_input_multi_touch_8 is associated with display ADISPLAY_ID_NONE.
10-17 18:40:48.287   565  2064 W InputReader: Device virtio_input_multi_touch_10 is associated with display ADISPLAY_ID_NONE.
10-17 18:40:48.296   354  3191 W android.hardware.audio@7.0-impl.ranchu: TinyalsaSink::consumeThread:184 pcm_write failed with res=-1
10-17 18:40:48.318   354  3191 W android.hardware.audio@7.0-impl.ranchu: TinyalsaSink::consumeThread:184 pcm_write failed with res=-1
10-17 18:40:48.321   365   425 D goldfish-address-space: claimShared: Ask to claim region [0x1f2900000 0x1f32a4000]
10-17 18:40:48.322   365   425 D goldfish-address-space: claimShared: Ask to claim region [0x1f4c58000 0x1f55fc000]
10-17 18:40:48.323   365   424 D goldfish-address-space: claimShared: Ask to claim region [0x1f55fc000 0x1f5fa0000]
10-17 18:40:48.340   354  3191 W android.hardware.audio@7.0-impl.ranchu: TinyalsaSink::consumeThread:184 pcm_write failed with res=-1
10-17 18:40:48.340   565  2064 W InputReader: Device virtio_input_multi_touch_2 is associated with display ADISPLAY_ID_NONE.
10-17 18:40:48.340   565  2064 W InputReader: Device virtio_input_multi_touch_3 is associated with display ADISPLAY_ID_NONE.
10-17 18:40:48.340   565  2064 W InputReader: Device virtio_input_multi_touch_5 is associated with display ADISPLAY_ID_NONE.
10-17 18:40:48.340   565  2064 W InputReader: Device virtio_input_multi_touch_7 is associated with display ADISPLAY_ID_NONE.
10-17 18:40:48.340   565  2064 W InputReader: Device virtio_input_multi_touch_11 is associated with display ADISPLAY_ID_NONE.
10-17 18:40:48.340   565  2064 W InputReader: Device virtio_input_multi_touch_6 is associated with display ADISPLAY_ID_NONE.
10-17 18:40:48.340   565  2064 W InputReader: Device virtio_input_multi_touch_4 is associated with display ADISPLAY_ID_NONE.
10-17 18:40:48.340   565  2064 W InputReader: Device virtio_input_multi_touch_9 is associated with display ADISPLAY_ID_NONE.
10-17 18:40:48.340   565  2064 W InputReader: Device virtio_input_multi_touch_8 is associated with display ADISPLAY_ID_NONE.
10-17 18:40:48.340   565  2064 W InputReader: Device virtio_input_multi_touch_10 is associated with display ADISPLAY_ID_NONE.
10-17 18:40:48.340   565  2064 W InputReader: Device virtio_input_multi_touch_2 is associated with display ADISPLAY_ID_NONE.
10-17 18:40:48.340   565  2064 W InputReader: Device virtio_input_multi_touch_3 is associated with display ADISPLAY_ID_NONE.
10-17 18:40:48.340   565  2064 W InputReader: Device virtio_input_multi_touch_5 is associated with display ADISPLAY_ID_NONE.
10-17 18:40:48.340   565  2064 W InputReader: Device virtio_input_multi_touch_7 is associated with display ADISPLAY_ID_NONE.
10-17 18:40:48.340   565  2064 W InputReader: Device virtio_input_multi_touch_11 is associated with display ADISPLAY_ID_NONE.
10-17 18:40:48.340   565  2064 W InputReader: Device virtio_input_multi_touch_6 is associated with display ADISPLAY_ID_NONE.
10-17 18:40:48.340   565  2064 W InputReader: Device virtio_input_multi_touch_4 is associated with display ADISPLAY_ID_NONE.
10-17 18:40:48.340   565  2064 W InputReader: Device virtio_input_multi_touch_9 is associated with display ADISPLAY_ID_NONE.
10-17 18:40:48.340   565  2064 W InputReader: Device virtio_input_multi_touch_8 is associated with display ADISPLAY_ID_NONE.
10-17 18:40:48.340   565  2064 W InputReader: Device virtio_input_multi_touch_10 is associated with display ADISPLAY_ID_NONE.
10-17 18:40:48.362   354  3191 W android.hardware.audio@7.0-impl.ranchu: TinyalsaSink::consumeThread:184 pcm_write failed with res=-1
10-17 18:40:48.367   365   424 D goldfish-address-space: claimShared: Ask to claim region [0x1f5fa0000 0x1f6944000]
10-17 18:40:48.368   365   424 D goldfish-address-space: claimShared: Ask to claim region [0x1f6944000 0x1f72e8000]
10-17 18:40:48.369   365   424 D goldfish-address-space: claimShared: Ask to claim region [0x1fa85c000 0x1fb200000]
10-17 18:40:48.383   365   424 D goldfish-address-space: claimShared: Ask to claim region [0x1f4000000 0x1f462c000]
10-17 18:40:48.384   354  3191 W android.hardware.audio@7.0-impl.ranchu: TinyalsaSink::consumeThread:184 pcm_write failed with res=-1
10-17 18:40:48.389   565  2069 W InputManager-JNI: Input channel object '5759502 edu.ucsc.cse118.assignment3.test/androidx.test.core.app.InstrumentationActivityInvoker$EmptyActivity (client)' was disposed without first being removed with the input manager!
10-17 18:40:48.392   565  2069 W InputReader: Device virtio_input_multi_touch_2 is associated with display ADISPLAY_ID_NONE.
10-17 18:40:48.392   565  2069 W InputReader: Device virtio_input_multi_touch_3 is associated with display ADISPLAY_ID_NONE.
10-17 18:40:48.392   565  2069 W InputReader: Device virtio_input_multi_touch_5 is associated with display ADISPLAY_ID_NONE.
10-17 18:40:48.392   565  2069 W InputReader: Device virtio_input_multi_touch_7 is associated with display ADISPLAY_ID_NONE.
10-17 18:40:48.392   565  2069 W InputReader: Device virtio_input_multi_touch_11 is associated with display ADISPLAY_ID_NONE.
10-17 18:40:48.392   565  2069 W InputReader: Device virtio_input_multi_touch_6 is associated with display ADISPLAY_ID_NONE.
10-17 18:40:48.392   565  2069 W InputReader: Device virtio_input_multi_touch_4 is associated with display ADISPLAY_ID_NONE.
10-17 18:40:48.392   565  2069 W InputReader: Device virtio_input_multi_touch_9 is associated with display ADISPLAY_ID_NONE.
10-17 18:40:48.392   565  2069 W InputReader: Device virtio_input_multi_touch_8 is associated with display ADISPLAY_ID_NONE.
10-17 18:40:48.392   565  2069 W InputReader: Device virtio_input_multi_touch_10 is associated with display ADISPLAY_ID_NONE.
10-17 18:40:48.392   565  2069 W InputReader: Device virtio_input_multi_touch_2 is associated with display ADISPLAY_ID_NONE.
10-17 18:40:48.392   565  2069 W InputReader: Device virtio_input_multi_touch_3 is associated with display ADISPLAY_ID_NONE.
10-17 18:40:48.392   565  2069 W InputReader: Device virtio_input_multi_touch_5 is associated with display ADISPLAY_ID_NONE.
10-17 18:40:48.392   565  2069 W InputReader: Device virtio_input_multi_touch_7 is associated with display ADISPLAY_ID_NONE.
10-17 18:40:48.392   565  2069 W InputReader: Device virtio_input_multi_touch_11 is associated with display ADISPLAY_ID_NONE.
10-17 18:40:48.392   565  2069 W InputReader: Device virtio_input_multi_touch_6 is associated with display ADISPLAY_ID_NONE.
10-17 18:40:48.392   565  2069 W InputReader: Device virtio_input_multi_touch_4 is associated with display ADISPLAY_ID_NONE.
10-17 18:40:48.392   565  2069 W InputReader: Device virtio_input_multi_touch_9 is associated with display ADISPLAY_ID_NONE.
10-17 18:40:48.392   565  2069 W InputReader: Device virtio_input_multi_touch_8 is associated with display ADISPLAY_ID_NONE.
10-17 18:40:48.393   565  2069 W InputReader: Device virtio_input_multi_touch_10 is associated with display ADISPLAY_ID_NONE.
10-17 18:40:48.405 16906 16906 I A       : onApplyWindowInsets: systemWindowInsets=Insets{left=0, top=66, right=0, bottom=44}
10-17 18:40:48.405 16906 16906 I A       : onApplyWindowInsets: systemWindowInsets=Insets{left=0, top=66, right=0, bottom=44}
10-17 18:40:48.405   365   424 D goldfish-address-space: claimShared: Ask to claim region [0x1f2900000 0x1f32a4000]
10-17 18:40:48.407   354  3191 W android.hardware.audio@7.0-impl.ranchu: TinyalsaSink::consumeThread:184 pcm_write failed with res=-1
10-17 18:40:48.407   365   424 D goldfish-address-space: claimShared: Ask to claim region [0x1f4c58000 0x1f55fc000]
10-17 18:40:48.408   365   424 D goldfish-address-space: claimShared: Ask to claim region [0x1f55fc000 0x1f5fa0000]
10-17 18:40:48.423  1694  1694 I GsaVoiceInteractionSrv: Handling ACTION_START_HOTWORD
10-17 18:40:48.423  1694  1694 I GsaVoiceInteractionSrv: disregardVoiceMatch: false
10-17 18:40:48.423  1694  1694 I GsaVoiceInteractionSrv: Cannot start hotword, hotword has been explicitly disabled.
10-17 18:40:48.424   365   424 D goldfish-address-space: claimShared: Ask to claim region [0x1fb200000 0x1fbba4000]
10-17 18:40:48.425   365   424 D goldfish-address-space: claimShared: Ask to claim region [0x1f89a4000 0x1f9348000]
10-17 18:40:48.426   365   424 D goldfish-address-space: claimShared: Ask to claim region [0x1f9348000 0x1f9cec000]
10-17 18:40:48.428   354  3191 W android.hardware.audio@7.0-impl.ranchu: TinyalsaSink::consumeThread:184 pcm_write failed with res=-1
10-17 18:40:48.450   354  3191 W android.hardware.audio@7.0-impl.ranchu: TinyalsaSink::consumeThread:184 pcm_write failed with res=-1
10-17 18:40:48.458  1166  1208 D QuickstepModelDelegate: notifyAppTargetEvent action=1 launchLocation=
10-17 18:40:48.462   565  2069 W InputManager-JNI: Input channel object '47b79ac edu.ucsc.cse118.assignment3.test/androidx.test.core.app.InstrumentationActivityInvoker$EmptyActivity (client)' was disposed without first being removed with the input manager!
10-17 18:40:48.470  1570  1570 I GoogleInputMethodService: GoogleInputMethodService.onFinishInput():3269
10-17 18:40:48.473   354  3191 W android.hardware.audio@7.0-impl.ranchu: TinyalsaSink::consumeThread:184 pcm_write failed with res=-1
10-17 18:40:48.475   863   945 D EGL_emulation: app_time_stats: avg=1095.10ms min=67.03ms max=2123.17ms count=2
10-17 18:40:48.479  1570  1570 I GoogleInputMethodService: GoogleInputMethodService.onStartInput():1947
10-17 18:40:48.480  1570  1570 I DeviceUnlockedTag: DeviceUnlockedTag.notifyDeviceLockStatusChanged():79 Notify device unlocked.
10-17 18:40:48.489  3108  3108 D LifecycleMonitor: Lifecycle status change: edu.ucsc.cse118.assignment3.MainActivity@638cd14 in: STOPPED
10-17 18:40:48.489  3108  3108 V ActivityScenario: Update currentActivityStage to STOPPED, currentActivity=edu.ucsc.cse118.assignment3.MainActivity@638cd14
10-17 18:40:48.490  3108  3108 D AutofillManager: onActivityFinishing(): calling cancelLocked()
10-17 18:40:48.492  3108  3108 D LifecycleMonitor: Lifecycle status change: edu.ucsc.cse118.assignment3.MainActivity@638cd14 in: DESTROYED
10-17 18:40:48.492  3108  3108 V ActivityScenario: Update currentActivityStage to DESTROYED, currentActivity=null
10-17 18:40:48.493  3108  3133 I TestRunner: finished: construction_channel_framing_message_ranice(edu.ucsc.cse118.assignment3.BasicTest)
