10-17 18:40:34.133  1570  1570 I DeviceUnlockedTag: DeviceUnlockedTag.notifyDeviceLockStatusChanged():79 Notify device unlocked.
10-17 18:40:34.134  1570  1570 I DeviceUnlockedTag: DeviceUnlockedTag.notifyDeviceLockStatusChanged():79 Notify device unlocked.
10-17 18:40:34.134  1570  1570 I DeviceModeUtil: DeviceModeUtil.getDeviceMode():96 Get device mode phone by ui mode:1 and smallestScreenWidthDp:392
10-17 18:40:34.134  1570  1570 I DeviceUnlockedTag: DeviceUnlockedTag.notifyDeviceLockStatusChanged():79 Notify device unlocked.
10-17 18:40:34.137  1570  1570 I NormalModeController: NormalModeController.getKeyboardBodyViewHolderPaddingBottom():111 currentPrimeKeyboardType:SOFT systemPaddingBottom:-1
10-17 18:40:34.137  1570  1570 I KeyboardViewUtil: KeyboardViewUtil.calculateMaxKeyboardBodyHeight():53 leave 344 height for app when screen height:2208, header height:121 and isFullscreenMode:false, so the max keyboard body height is:1743
10-17 18:40:34.137  1570  1570 E LatinPrimeKeyboard: LatinPrimeKeyboard.updateCurrentImeLocales():414 consumeEvent: UPDATE_CURRENT_IME_LOCALES, Illegal argument
10-17 18:40:34.137  1570  1570 I NormalModeController: NormalModeController.getKeyboardBodyViewHolderPaddingBottom():111 currentPrimeKeyboardType:SOFT systemPaddingBottom:-1
10-17 18:40:34.138  1570  1570 I NormalModeController: NormalModeController.getKeyboardBodyViewHolderPaddingBottom():111 currentPrimeKeyboardType:SOFT systemPaddingBottom:-1
10-17 18:40:34.139  1570  1570 I DeviceUnlockedTag: DeviceUnlockedTag.notifyDeviceLockStatusChanged():79 Notify device unlocked.
10-17 18:40:34.139  1570  1570 I DeviceUnlockedTag: DeviceUnlockedTag.notifyDeviceLockStatusChanged():79 Notify device unlocked.
10-17 18:40:34.140  1570  1570 I DeviceUnlockedTag: DeviceUnlockedTag.notifyDeviceLockStatusChanged():79 Notify device unlocked.
10-17 18:40:34.140  1570  1570 I DeviceUnlockedTag: DeviceUnlockedTag.notifyDeviceLockStatusChanged():79 Notify device unlocked.
10-17 18:40:34.140  1570  1570 I DeviceUnlockedTag: DeviceUnlockedTag.notifyDeviceLockStatusChanged():79 Notify device unlocked.
10-17 18:40:34.140  1570  1570 I DeviceUnlockedTag: DeviceUnlockedTag.notifyDeviceLockStatusChanged():79 Notify device unlocked.
10-17 18:40:34.140  1570  1570 I DeviceUnlockedTag: DeviceUnlockedTag.notifyDeviceLockStatusChanged():79 Notify device unlocked.
10-17 18:40:34.140  1570  1570 I VoiceImeExtension: VoiceImeExtension.shouldStartVoiceInputAutomatically():364 No private IME option set to start voice input.
10-17 18:40:34.141  1570  1570 I DeviceUnlockedTag: DeviceUnlockedTag.notifyDeviceLockStatusChanged():79 Notify device unlocked.
10-17 18:40:34.141  1570  1570 I DeviceUnlockedTag: DeviceUnlockedTag.notifyDeviceLockStatusChanged():79 Notify device unlocked.
10-17 18:40:34.141  1570  1570 I DeviceUnlockedTag: DeviceUnlockedTag.notifyDeviceLockStatusChanged():79 Notify device unlocked.
10-17 18:40:34.141  1570  1570 I DeviceUnlockedTag: DeviceUnlockedTag.notifyDeviceLockStatusChanged():79 Notify device unlocked.
10-17 18:40:34.141  1570  1570 I DeviceUnlockedTag: DeviceUnlockedTag.notifyDeviceLockStatusChanged():79 Notify device unlocked.
10-17 18:40:34.141  1570  1570 I DeviceUnlockedTag: DeviceUnlockedTag.notifyDeviceLockStatusChanged():79 Notify device unlocked.
10-17 18:40:34.145  3108  3108 D InsetsController: show(ime(), fromIme=true)
10-17 18:40:34.151  1389  1389 D BoundBrokerSvc: onBind: Intent { act=com.google.android.gms.common.BIND_SHARED_PREFS pkg=com.google.android.gms }
10-17 18:40:34.151  1389  1389 D BoundBrokerSvc: Loading bound service for intent: Intent { act=com.google.android.gms.common.BIND_SHARED_PREFS pkg=com.google.android.gms }
10-17 18:40:34.154  1389  1389 D BoundBrokerSvc: onUnbind: Intent { act=com.google.android.gms.common.BIND_SHARED_PREFS pkg=com.google.android.gms }
10-17 18:40:34.155  1570  1570 I NormalModeController: NormalModeController.getKeyboardBodyViewHolderPaddingBottom():111 currentPrimeKeyboardType:SOFT systemPaddingBottom:-1
10-17 18:40:34.168  1570  2142 D EGL_emulation: app_time_stats: avg=552.19ms min=9.79ms max=1102.07ms count=3
10-17 18:40:34.173  1389  1389 D BoundBrokerSvc: onBind: Intent { act=com.google.android.gms.common.BIND_SHARED_PREFS pkg=com.google.android.gms }
10-17 18:40:34.173  1389  1389 D BoundBrokerSvc: Loading bound service for intent: Intent { act=com.google.android.gms.common.BIND_SHARED_PREFS pkg=com.google.android.gms }
10-17 18:40:34.175  1389  1389 D BoundBrokerSvc: onUnbind: Intent { act=com.google.android.gms.common.BIND_SHARED_PREFS pkg=com.google.android.gms }
10-17 18:40:34.188   863   945 D EGL_emulation: app_time_stats: avg=557.88ms min=28.45ms max=1087.30ms count=2
10-17 18:40:34.304  1570  1570 W SpellCheckerExtension: SpellCheckerExtension.consumeEvent():156 SPELL_CHECK_SUGGESTIONS received with bad key data.
10-17 18:40:34.304  1570  1570 W TooltipLifecycleManager: TooltipLifecycleManager.dismissTooltips():157 Tooltip with id spell_check_add_to_dictionary not found in tooltipManager.
10-17 18:40:34.322  3108  3108 D UiControllerImpl: Injecting string: "mollycse118 making a test message"
10-17 18:40:34.334  1570  1570 I ShortcutsDataManager: ShortcutsDataManager.onContentChanged():70 onContentChanged()
10-17 18:40:34.334  1570  1570 I ContactsDataManager: ContactsDataManager.onContentChanged():155 onContentChanged()
10-17 18:40:34.504  1570 14247 I DeviceUnlockedTag: DeviceUnlockedTag.notifyDeviceLockStatusChanged():79 Notify device unlocked.
10-17 18:40:34.751  3108  3175 D EGL_emulation: app_time_stats: avg=31.66ms min=10.67ms max=232.48ms count=32
10-17 18:40:34.984  3108  3108 I ViewInteraction: Performing 'single click' action on view ((view has effective visibility <VISIBLE> and view.getGlobalVisibleRect() to return non-empty rectangle) and (an instance of android.widget.TextView and view.getText() with or without transformation to match: is "ADD" or (view.getParent() is assignable from class <class com.google.android.material.textfield.TextInputLayout> and (view is an instance of android.view.ViewGroup and has descendant matching an instance of android.widget.TextView and view.getText() with or without transformation to match: is "ADD"))))
10-17 18:40:34.987  1166  1166 D TaplEvents: TIS / TouchInteractionService.onInputEvent: MotionEvent { action=ACTION_DOWN, actionButton=0, id[0]=0, x[0]=539.5, y[0]=1429.5, toolType[0]=TOOL_TYPE_UNKNOWN, buttonState=BUTTON_PRIMARY, classification=NONE, metaState=0, flags=0x0, edgeFlags=0x0, pointerCount=1, historySize=0, eventTime=56897270, downTime=56897270, deviceId=-1, source=0x1002, displayId=0, eventId=-336833615 }
10-17 18:40:35.027  1166  1166 D TaplEvents: TIS / TouchInteractionService.onInputEvent: MotionEvent { action=ACTION_UP, actionButton=0, id[0]=0, x[0]=539.5, y[0]=1429.5, toolType[0]=TOOL_TYPE_FINGER, buttonState=BUTTON_PRIMARY, classification=NONE, metaState=0, flags=0x0, edgeFlags=0x0, pointerCount=1, historySize=0, eventTime=56897312, downTime=56897270, deviceId=-1, source=0x1002, displayId=0, eventId=-366513141 }
10-17 18:40:35.032   354   474 E android.hardware.audio@7.0-impl.ranchu: device/generic/goldfish/audio/stream_out.cpp:updateSourceMetadata:377 failure: Result::NOT_SUPPORTED
10-17 18:40:35.038   351  3232 D resolv  : GetAddrInfoHandler::run: {100 100 100 983140 10153 0}
10-17 18:40:35.039   351  3232 D resolv  : resolv_getaddrinfo: explore_fqdn(): ai_family=0 ai_socktype=1 ai_protocol=6
10-17 18:40:35.040   351  3233 D resolv  : doQuery: (1, 28)
10-17 18:40:35.040   351  3233 D resolv  : res_nmkquery: (QUERY, IN, AAAA)
10-17 18:40:35.040   351  3233 D resolv  : res_nsend
10-17 18:40:35.040   351  3234 D resolv  : doQuery: (1, 1)
10-17 18:40:35.040   351  3234 D resolv  : res_nmkquery: (QUERY, IN, A)
10-17 18:40:35.040   351  3234 D resolv  : res_nsend
10-17 18:40:35.040   351  3234 I resolv  : resolv_cache_lookup: lookup
10-17 18:40:35.040   351  3234 I resolv  : resolv_cache_lookup: FOUND IN CACHE entry=0xb4000079dfbc8210
10-17 18:40:35.040   351  3234 D resolv  : doQuery: rcode=0, ancount=1
10-17 18:40:35.040   351  3233 I resolv  : resolv_cache_lookup: lookup
10-17 18:40:35.040   351  3233 I resolv  : resolv_cache_lookup: NOT IN CACHE
10-17 18:40:35.040   351  3233 I resolv  : resolv_populate_res_for_net: netid=100
10-17 18:40:35.040   351  3233 I resolv  : res_stats_usable_server: NS stats: S 0 + E 0 + T 64 + I 0 = 64, rtt = -1, min_samples = 8
10-17 18:40:35.040   351  3233 I resolv  : res_stats_usable_server: success rate 0
10-17 18:40:35.040   351  3233 I resolv  : res_stats_usable_server: too many resolution errors, ignoring server
10-17 18:40:35.040   351  3233 I resolv  : res_stats_usable_server: NS stats: S 64 + E 0 + T 0 + I 0 = 64, rtt = 18, min_samples = 8
10-17 18:40:35.040   351  3233 I resolv  : res_stats_usable_server: success rate 100
10-17 18:40:35.040   351  3233 D resolv  : res_nsend: Querying server (# 2) address = 10.0.2.3:53
10-17 18:40:35.040   351  3233 D resolv  : send_dg: new DG socket
10-17 18:40:35.042   351  3233 I resolv  : get_timeout: using timeout of 5000 msec
10-17 18:40:35.042   351  3233 I resolv  : retrying_poll: 54 retrying_poll
10-17 18:40:35.042   351  3233 I resolv  : retrying_poll: 54 retrying_poll returning 1
10-17 18:40:35.042   351  3233 I resolv  : res_nsend: used send_dg 28 terrno: 0
10-17 18:40:35.042   351  3233 I resolv  : res_stats_set_sample: rcode = 0, sec = 0
10-17 18:40:35.042   351  3233 I resolv  : res_cache_add_stats_sample_locked: adding sample to stats, next = 49, count = 64
10-17 18:40:35.042   351  3233 D resolv  : res_nsend: got answer:
10-17 18:40:35.042   351  3233 I resolv  : answer_getTTL: TTL = 0
10-17 18:40:35.043   351  3233 I resolv  : cache_dump_mru_locked: MRU LIST (51):  443 440 437 439 442 441 438 436 435 423 424 418 417 391 390 389 388 361 360 354 353 310 309 304 303 287 286 255 254 233 232 134 133 130 129 127 126 125 124 123 121 48 21 26 25 24 23 18 17 16 15
10-17 18:40:35.043   351  3233 D resolv  : doQuery: rcode=0, ancount=0
10-17 18:40:35.053  1570  1570 I GoogleInputMethodService: GoogleInputMethodService.onFinishInputView():2291
10-17 18:40:35.054  1570  1570 W TooltipLifecycleManager: TooltipLifecycleManager.dismissTooltips():157 Tooltip with id spell_check_add_to_dictionary not found in tooltipManager.
10-17 18:40:35.055  1570  1570 I InputBundle: InputBundle.consumeEvent():920 Skip consuming an event as keyboard status is 0
10-17 18:40:35.055  1570  1570 I KeyboardWrapper: KeyboardWrapper.consumeEvent():284 Skip consuming an event as current keyboard is deactivated (state=0, keyboard existence=true)
10-17 18:40:35.055  1570  1570 I VoiceInputManagerWrapper: VoiceInputManagerWrapper.shutdown():77 shutdown()
10-17 18:40:35.055  1570  1570 I DeviceUnlockedTag: DeviceUnlockedTag.notifyDeviceLockStatusChanged():79 Notify device unlocked.
10-17 18:40:35.055  1570  1570 I AndroidIME: AbstractIme.onDeactivate():207 LatinIme.onDeactivate()
10-17 18:40:35.116  1570  1570 I DeviceUnlockedTag: DeviceUnlockedTag.notifyDeviceLockStatusChanged():79 Notify device unlocked.
10-17 18:40:35.153   354   474 E android.hardware.audio@7.0-impl.ranchu: device/generic/goldfish/audio/stream_out.cpp:updateSourceMetadata:377 failure: Result::NOT_SUPPORTED
10-17 18:40:35.299  3108  3108 I ViewInteraction: Performing 'searching for view an instance of android.widget.TextView and view.getText() with or without transformation to match: is "mollycse118 making a test message" in the root view' action on view view.getRootView() to equal view
10-17 18:40:35.309  3108  3108 D LifecycleMonitor: Lifecycle status change: edu.ucsc.cse118.assignment3.MainActivity@5d7b6ee in: PAUSED
10-17 18:40:35.309  3108  3108 V ActivityScenario: Update currentActivityStage to PAUSED, currentActivity=edu.ucsc.cse118.assignment3.MainActivity@5d7b6ee
10-17 18:40:35.310   565  2065 W InputReader: Device virtio_input_multi_touch_2 is associated with display ADISPLAY_ID_NONE.
10-17 18:40:35.310   565  2065 W InputReader: Device virtio_input_multi_touch_3 is associated with display ADISPLAY_ID_NONE.
10-17 18:40:35.310   565  2065 W InputReader: Device virtio_input_multi_touch_5 is associated with display ADISPLAY_ID_NONE.
10-17 18:40:35.310   565  2065 W InputReader: Device virtio_input_multi_touch_7 is associated with display ADISPLAY_ID_NONE.
10-17 18:40:35.310   565  2065 W InputReader: Device virtio_input_multi_touch_11 is associated with display ADISPLAY_ID_NONE.
10-17 18:40:35.310   565  2065 W InputReader: Device virtio_input_multi_touch_6 is associated with display ADISPLAY_ID_NONE.
10-17 18:40:35.311   565  2065 W InputReader: Device virtio_input_multi_touch_4 is associated with display ADISPLAY_ID_NONE.
10-17 18:40:35.311   565  2065 W InputReader: Device virtio_input_multi_touch_9 is associated with display ADISPLAY_ID_NONE.
10-17 18:40:35.311   565  2065 W InputReader: Device virtio_input_multi_touch_8 is associated with display ADISPLAY_ID_NONE.
10-17 18:40:35.311   565  2065 W InputReader: Device virtio_input_multi_touch_10 is associated with display ADISPLAY_ID_NONE.
10-17 18:40:35.313   565  2065 W InputReader: Device virtio_input_multi_touch_2 is associated with display ADISPLAY_ID_NONE.
10-17 18:40:35.313   565  2065 W InputReader: Device virtio_input_multi_touch_3 is associated with display ADISPLAY_ID_NONE.
10-17 18:40:35.313   565  2065 W InputReader: Device virtio_input_multi_touch_5 is associated with display ADISPLAY_ID_NONE.
10-17 18:40:35.313   565  2065 W InputReader: Device virtio_input_multi_touch_7 is associated with display ADISPLAY_ID_NONE.
10-17 18:40:35.313   565  2065 W InputReader: Device virtio_input_multi_touch_11 is associated with display ADISPLAY_ID_NONE.
10-17 18:40:35.313   565  2065 W InputReader: Device virtio_input_multi_touch_6 is associated with display ADISPLAY_ID_NONE.
10-17 18:40:35.313   565  2065 W InputReader: Device virtio_input_multi_touch_4 is associated with display ADISPLAY_ID_NONE.
10-17 18:40:35.313   565  2065 W InputReader: Device virtio_input_multi_touch_9 is associated with display ADISPLAY_ID_NONE.
10-17 18:40:35.313   565  2065 W InputReader: Device virtio_input_multi_touch_8 is associated with display ADISPLAY_ID_NONE.
10-17 18:40:35.313   565  2065 W InputReader: Device virtio_input_multi_touch_10 is associated with display ADISPLAY_ID_NONE.
10-17 18:40:35.371   365   425 D goldfish-address-space: claimShared: Ask to claim region [0x1ec000000 0x1ec9a4000]
10-17 18:40:35.372   365   425 D goldfish-address-space: claimShared: Ask to claim region [0x1f09a4000 0x1f1348000]
10-17 18:40:35.373   365   425 D goldfish-address-space: claimShared: Ask to claim region [0x1f22d4000 0x1f2c78000]
10-17 18:40:35.402   565  2065 W InputReader: Device virtio_input_multi_touch_2 is associated with display ADISPLAY_ID_NONE.
10-17 18:40:35.402   565  2065 W InputReader: Device virtio_input_multi_touch_3 is associated with display ADISPLAY_ID_NONE.
10-17 18:40:35.402   565  2065 W InputReader: Device virtio_input_multi_touch_5 is associated with display ADISPLAY_ID_NONE.
10-17 18:40:35.402   565  2065 W InputReader: Device virtio_input_multi_touch_7 is associated with display ADISPLAY_ID_NONE.
10-17 18:40:35.402   565  2065 W InputReader: Device virtio_input_multi_touch_11 is associated with display ADISPLAY_ID_NONE.
10-17 18:40:35.402   565  2065 W InputReader: Device virtio_input_multi_touch_6 is associated with display ADISPLAY_ID_NONE.
10-17 18:40:35.402   565  2065 W InputReader: Device virtio_input_multi_touch_4 is associated with display ADISPLAY_ID_NONE.
10-17 18:40:35.402   565  2065 W InputReader: Device virtio_input_multi_touch_9 is associated with display ADISPLAY_ID_NONE.
10-17 18:40:35.402   565  2065 W InputReader: Device virtio_input_multi_touch_8 is associated with display ADISPLAY_ID_NONE.
10-17 18:40:35.402   565  2065 W InputReader: Device virtio_input_multi_touch_10 is associated with display ADISPLAY_ID_NONE.
10-17 18:40:35.402   565  2065 W InputReader: Device virtio_input_multi_touch_2 is associated with display ADISPLAY_ID_NONE.
10-17 18:40:35.402   565  2065 W InputReader: Device virtio_input_multi_touch_3 is associated with display ADISPLAY_ID_NONE.
10-17 18:40:35.402   565  2065 W InputReader: Device virtio_input_multi_touch_5 is associated with display ADISPLAY_ID_NONE.
10-17 18:40:35.402   565  2065 W InputReader: Device virtio_input_multi_touch_7 is associated with display ADISPLAY_ID_NONE.
10-17 18:40:35.402   565  2065 W InputReader: Device virtio_input_multi_touch_11 is associated with display ADISPLAY_ID_NONE.
10-17 18:40:35.402   565  2065 W InputReader: Device virtio_input_multi_touch_6 is associated with display ADISPLAY_ID_NONE.
10-17 18:40:35.402   565  2065 W InputReader: Device virtio_input_multi_touch_4 is associated with display ADISPLAY_ID_NONE.
10-17 18:40:35.402   565  2065 W InputReader: Device virtio_input_multi_touch_9 is associated with display ADISPLAY_ID_NONE.
10-17 18:40:35.402   565  2065 W InputReader: Device virtio_input_multi_touch_8 is associated with display ADISPLAY_ID_NONE.
10-17 18:40:35.402   565  2065 W InputReader: Device virtio_input_multi_touch_10 is associated with display ADISPLAY_ID_NONE.
10-17 18:40:35.420   365   425 D goldfish-address-space: claimShared: Ask to claim region [0x1f2c78000 0x1f32a4000]
10-17 18:40:35.433   365   425 D goldfish-address-space: claimShared: Ask to claim region [0x1f55fc000 0x1f5fa0000]
10-17 18:40:35.434   365   424 D goldfish-address-space: claimShared: Ask to claim region [0x1f5fa0000 0x1f6944000]
10-17 18:40:35.435   365   424 D goldfish-address-space: claimShared: Ask to claim region [0x1f6944000 0x1f72e8000]
10-17 18:40:35.454   565  2074 W InputManager-JNI: Input channel object 'e1f5b1b edu.ucsc.cse118.assignment3.test/androidx.test.core.app.InstrumentationActivityInvoker$EmptyActivity (client)' was disposed without first being removed with the input manager!
10-17 18:40:35.457   565  2065 W InputReader: Device virtio_input_multi_touch_2 is associated with display ADISPLAY_ID_NONE.
10-17 18:40:35.457   565  2065 W InputReader: Device virtio_input_multi_touch_3 is associated with display ADISPLAY_ID_NONE.
10-17 18:40:35.457   565  2065 W InputReader: Device virtio_input_multi_touch_5 is associated with display ADISPLAY_ID_NONE.
10-17 18:40:35.457   565  2065 W InputReader: Device virtio_input_multi_touch_7 is associated with display ADISPLAY_ID_NONE.
10-17 18:40:35.457   565  2065 W InputReader: Device virtio_input_multi_touch_11 is associated with display ADISPLAY_ID_NONE.
10-17 18:40:35.457   565  2065 W InputReader: Device virtio_input_multi_touch_6 is associated with display ADISPLAY_ID_NONE.
10-17 18:40:35.457   565  2065 W InputReader: Device virtio_input_multi_touch_4 is associated with display ADISPLAY_ID_NONE.
10-17 18:40:35.457   565  2065 W InputReader: Device virtio_input_multi_touch_9 is associated with display ADISPLAY_ID_NONE.
10-17 18:40:35.457   565  2065 W InputReader: Device virtio_input_multi_touch_8 is associated with display ADISPLAY_ID_NONE.
10-17 18:40:35.457   565  2065 W InputReader: Device virtio_input_multi_touch_10 is associated with display ADISPLAY_ID_NONE.
10-17 18:40:35.457   565  2065 W InputReader: Device virtio_input_multi_touch_2 is associated with display ADISPLAY_ID_NONE.
10-17 18:40:35.457   565  2065 W InputReader: Device virtio_input_multi_touch_3 is associated with display ADISPLAY_ID_NONE.
10-17 18:40:35.457   565  2065 W InputReader: Device virtio_input_multi_touch_5 is associated with display ADISPLAY_ID_NONE.
10-17 18:40:35.457   565  2065 W InputReader: Device virtio_input_multi_touch_7 is associated with display ADISPLAY_ID_NONE.
10-17 18:40:35.457   565  2065 W InputReader: Device virtio_input_multi_touch_11 is associated with display ADISPLAY_ID_NONE.
10-17 18:40:35.457   565  2065 W InputReader: Device virtio_input_multi_touch_6 is associated with display ADISPLAY_ID_NONE.
10-17 18:40:35.457   565  2065 W InputReader: Device virtio_input_multi_touch_4 is associated with display ADISPLAY_ID_NONE.
10-17 18:40:35.457   565  2065 W InputReader: Device virtio_input_multi_touch_9 is associated with display ADISPLAY_ID_NONE.
10-17 18:40:35.457   565  2065 W InputReader: Device virtio_input_multi_touch_8 is associated with display ADISPLAY_ID_NONE.
10-17 18:40:35.457   565  2065 W InputReader: Device virtio_input_multi_touch_10 is associated with display ADISPLAY_ID_NONE.
10-17 18:40:35.472   365   424 D goldfish-address-space: claimShared: Ask to claim region [0x1ec000000 0x1ec9a4000]
10-17 18:40:35.474   365   424 D goldfish-address-space: claimShared: Ask to claim region [0x1f09a4000 0x1f1348000]
10-17 18:40:35.474   365   424 D goldfish-address-space: claimShared: Ask to claim region [0x1f22d4000 0x1f2c78000]
10-17 18:40:35.475  1166  1208 D QuickstepModelDelegate: notifyAppTargetEvent action=1 launchLocation=
10-17 18:40:35.475   365   425 D goldfish-address-space: claimShared: Ask to claim region [0x1fb200000 0x1fbba4000]
10-17 18:40:35.476   365   425 D goldfish-address-space: claimShared: Ask to claim region [0x1f8000000 0x1f89a4000]
10-17 18:40:35.477   365   425 D goldfish-address-space: claimShared: Ask to claim region [0x1f89a4000 0x1f9348000]
10-17 18:40:35.517  1694  1694 I GsaVoiceInteractionSrv: Handling ACTION_START_HOTWORD
10-17 18:40:35.517  1694  1694 I GsaVoiceInteractionSrv: disregardVoiceMatch: false
10-17 18:40:35.517  1694  1694 I GsaVoiceInteractionSrv: Cannot start hotword, hotword has been explicitly disabled.
10-17 18:40:35.535   565  2065 W InputManager-JNI: Input channel object 'd952e94 edu.ucsc.cse118.assignment3.test/androidx.test.core.app.InstrumentationActivityInvoker$EmptyActivity (client)' was disposed without first being removed with the input manager!
10-17 18:40:35.539  1570  1570 I GoogleInputMethodService: GoogleInputMethodService.onFinishInput():3269
10-17 18:40:35.540  1570  1570 I GoogleInputMethodService: GoogleInputMethodService.onStartInput():1947
10-17 18:40:35.541  1570  1570 I DeviceUnlockedTag: DeviceUnlockedTag.notifyDeviceLockStatusChanged():79 Notify device unlocked.
10-17 18:40:35.542  1570  1570 I ShortcutsDataManager: AbstractContentDataManager.startImportContentTask():235 startImportContentTask()
10-17 18:40:35.543  1570  2090 I ShortcutsDataManager: AbstractContentDataManager$ImportContentTask.doInBackground():249 doInBackground()
10-17 18:40:35.543  1570  2090 I PersonalDictionaryDataHandler: PersonalDictionaryDataHandler.beginProcess():111 LanguageTags = [en-US]
10-17 18:40:35.545   863   945 D EGL_emulation: app_time_stats: avg=2083.83ms min=239.95ms max=3927.71ms count=2
10-17 18:40:35.553  3108  3108 D LifecycleMonitor: Lifecycle status change: edu.ucsc.cse118.assignment3.MainActivity@5d7b6ee in: STOPPED
10-17 18:40:35.555  3108  3108 V ActivityScenario: Update currentActivityStage to STOPPED, currentActivity=edu.ucsc.cse118.assignment3.MainActivity@5d7b6ee
10-17 18:40:35.556  3108  3108 D AutofillManager: onActivityFinishing(): calling cancelLocked()
10-17 18:40:35.557  1570  2090 I ShortcutsDataManager: AbstractContentDataManager.importRecords():339 importRecords() : Success : Count = 0
10-17 18:40:35.558  1570  2090 I ShortcutsDataManager: AbstractContentDataManager.importContentData():289 importContentData() : Ending import process
10-17 18:40:35.563  3108  3108 D LifecycleMonitor: Lifecycle status change: edu.ucsc.cse118.assignment3.MainActivity@5d7b6ee in: DESTROYED
10-17 18:40:35.564  3108  3108 V ActivityScenario: Update currentActivityStage to DESTROYED, currentActivity=null
10-17 18:40:35.566  3108  3133 I TestRunner: finished: fab_type_new_message(edu.ucsc.cse118.assignment3.AdvancedTest)
