10-17 18:40:48.504  3108  3133 I TestRunner: started: construction_channel_framing_message_ranice_date(edu.ucsc.cse118.assignment3.BasicTest)
10-17 18:40:48.507  3108  3133 W Settings: Setting always_finish_activities has moved from android.provider.Settings.System to android.provider.Settings.Global, returning read-only value.
10-17 18:40:48.517   354  3191 W android.hardware.audio@7.0-impl.ranchu: TinyalsaSink::consumeThread:184 pcm_write failed with res=-1
10-17 18:40:48.523   863   942 D SplashScreenView: Build android.window.SplashScreenView{8e422b3 V.E...... ......ID 0,0-0,0}
10-17 18:40:48.523   863   942 D SplashScreenView: Icon: view: null drawable: null size: 0
10-17 18:40:48.523   863   942 D SplashScreenView: Branding: view: android.view.View{5278070 G.ED..... ......I. 0,0-0,0 #10204a9 android:id/splashscreen_branding_view} drawable: null size w: 0 h: 0
10-17 18:40:48.529   565  2064 W InputReader: Device virtio_input_multi_touch_2 is associated with display ADISPLAY_ID_NONE.
10-17 18:40:48.529   565  2064 W InputReader: Device virtio_input_multi_touch_3 is associated with display ADISPLAY_ID_NONE.
10-17 18:40:48.529   565  2064 W InputReader: Device virtio_input_multi_touch_5 is associated with display ADISPLAY_ID_NONE.
10-17 18:40:48.529   565  2064 W InputReader: Device virtio_input_multi_touch_7 is associated with display ADISPLAY_ID_NONE.
10-17 18:40:48.529   565  2064 W InputReader: Device virtio_input_multi_touch_11 is associated with display ADISPLAY_ID_NONE.
10-17 18:40:48.529   565  2064 W InputReader: Device virtio_input_multi_touch_6 is associated with display ADISPLAY_ID_NONE.
10-17 18:40:48.529   565  2064 W InputReader: Device virtio_input_multi_touch_4 is associated with display ADISPLAY_ID_NONE.
10-17 18:40:48.529   565  2064 W InputReader: Device virtio_input_multi_touch_9 is associated with display ADISPLAY_ID_NONE.
10-17 18:40:48.529   565  2064 W InputReader: Device virtio_input_multi_touch_8 is associated with display ADISPLAY_ID_NONE.
10-17 18:40:48.529   565  2064 W InputReader: Device virtio_input_multi_touch_10 is associated with display ADISPLAY_ID_NONE.
10-17 18:40:48.529   565  2064 W InputReader: Device virtio_input_multi_touch_2 is associated with display ADISPLAY_ID_NONE.
10-17 18:40:48.529   565  2064 W InputReader: Device virtio_input_multi_touch_3 is associated with display ADISPLAY_ID_NONE.
10-17 18:40:48.529   565  2064 W InputReader: Device virtio_input_multi_touch_5 is associated with display ADISPLAY_ID_NONE.
10-17 18:40:48.529   565  2064 W InputReader: Device virtio_input_multi_touch_7 is associated with display ADISPLAY_ID_NONE.
10-17 18:40:48.529   565  2064 W InputReader: Device virtio_input_multi_touch_11 is associated with display ADISPLAY_ID_NONE.
10-17 18:40:48.529   565  2064 W InputReader: Device virtio_input_multi_touch_6 is associated with display ADISPLAY_ID_NONE.
10-17 18:40:48.529   565  2064 W InputReader: Device virtio_input_multi_touch_4 is associated with display ADISPLAY_ID_NONE.
10-17 18:40:48.529   565  2064 W InputReader: Device virtio_input_multi_touch_9 is associated with display ADISPLAY_ID_NONE.
10-17 18:40:48.529   565  2064 W InputReader: Device virtio_input_multi_touch_8 is associated with display ADISPLAY_ID_NONE.
10-17 18:40:48.529   565  2064 W InputReader: Device virtio_input_multi_touch_10 is associated with display ADISPLAY_ID_NONE.
10-17 18:40:48.539   354  3191 W android.hardware.audio@7.0-impl.ranchu: TinyalsaSink::consumeThread:184 pcm_write failed with res=-1
10-17 18:40:48.540   365   424 D goldfish-address-space: claimShared: Ask to claim region [0x1ec000000 0x1ec9a4000]
10-17 18:40:48.542   365   424 D goldfish-address-space: claimShared: Ask to claim region [0x1f0000000 0x1f09a4000]
10-17 18:40:48.543   365   424 D goldfish-address-space: claimShared: Ask to claim region [0x1f0fd0000 0x1f1974000]
10-17 18:40:48.564   354  3191 W android.hardware.audio@7.0-impl.ranchu: TinyalsaSink::consumeThread:184 pcm_write failed with res=-1
10-17 18:40:48.568   565  2074 W InputReader: Device virtio_input_multi_touch_2 is associated with display ADISPLAY_ID_NONE.
10-17 18:40:48.568   565  2074 W InputReader: Device virtio_input_multi_touch_3 is associated with display ADISPLAY_ID_NONE.
10-17 18:40:48.568   565  2074 W InputReader: Device virtio_input_multi_touch_5 is associated with display ADISPLAY_ID_NONE.
10-17 18:40:48.568   565  2074 W InputReader: Device virtio_input_multi_touch_7 is associated with display ADISPLAY_ID_NONE.
10-17 18:40:48.568   565  2074 W InputReader: Device virtio_input_multi_touch_11 is associated with display ADISPLAY_ID_NONE.
10-17 18:40:48.568   565  2074 W InputReader: Device virtio_input_multi_touch_6 is associated with display ADISPLAY_ID_NONE.
10-17 18:40:48.568   565  2074 W InputReader: Device virtio_input_multi_touch_4 is associated with display ADISPLAY_ID_NONE.
10-17 18:40:48.568   565  2074 W InputReader: Device virtio_input_multi_touch_9 is associated with display ADISPLAY_ID_NONE.
10-17 18:40:48.568   565  2074 W InputReader: Device virtio_input_multi_touch_8 is associated with display ADISPLAY_ID_NONE.
10-17 18:40:48.568   565  2074 W InputReader: Device virtio_input_multi_touch_10 is associated with display ADISPLAY_ID_NONE.
10-17 18:40:48.568   565  2074 W InputReader: Device virtio_input_multi_touch_2 is associated with display ADISPLAY_ID_NONE.
10-17 18:40:48.568   565  2074 W InputReader: Device virtio_input_multi_touch_3 is associated with display ADISPLAY_ID_NONE.
10-17 18:40:48.568   565  2074 W InputReader: Device virtio_input_multi_touch_5 is associated with display ADISPLAY_ID_NONE.
10-17 18:40:48.568   565  2074 W InputReader: Device virtio_input_multi_touch_7 is associated with display ADISPLAY_ID_NONE.
10-17 18:40:48.568   565  2074 W InputReader: Device virtio_input_multi_touch_11 is associated with display ADISPLAY_ID_NONE.
10-17 18:40:48.568   565  2074 W InputReader: Device virtio_input_multi_touch_6 is associated with display ADISPLAY_ID_NONE.
10-17 18:40:48.568   565  2074 W InputReader: Device virtio_input_multi_touch_4 is associated with display ADISPLAY_ID_NONE.
10-17 18:40:48.568   565  2074 W InputReader: Device virtio_input_multi_touch_9 is associated with display ADISPLAY_ID_NONE.
10-17 18:40:48.568   565  2074 W InputReader: Device virtio_input_multi_touch_8 is associated with display ADISPLAY_ID_NONE.
10-17 18:40:48.568   565  2074 W InputReader: Device virtio_input_multi_touch_10 is associated with display ADISPLAY_ID_NONE.
10-17 18:40:48.587   354  3191 W android.hardware.audio@7.0-impl.ranchu: TinyalsaSink::consumeThread:184 pcm_write failed with res=-1
10-17 18:40:48.590  3108  3108 D LifecycleMonitor: Lifecycle status change: edu.ucsc.cse118.assignment3.MainActivity@260b50c in: PRE_ON_CREATE
10-17 18:40:48.592  3108  3108 V ActivityScenario: Activity lifecycle changed event received but ignored because the reported transition was not ON_CREATE while the last known transition was PRE_ON_CREATE
10-17 18:40:48.606   354  3191 W android.hardware.audio@7.0-impl.ranchu: TinyalsaSink::consumeThread:184 pcm_write failed with res=-1
10-17 18:40:48.616 16906 16906 I A       : onApplyWindowInsets: systemWindowInsets=Insets{left=0, top=66, right=0, bottom=44}
10-17 18:40:48.616 16906 16906 I A       : onApplyWindowInsets: systemWindowInsets=Insets{left=0, top=66, right=0, bottom=44}
10-17 18:40:48.621   863   945 D EGL_emulation: app_time_stats: avg=536.50ms min=102.07ms max=970.92ms count=2
10-17 18:40:48.621  1694  1694 I GsaVoiceInteractionSrv: Handling ACTION_STOP_HOTWORD
10-17 18:40:48.622  1694  1694 E HwDetectorWithState: a: 3
10-17 18:40:48.628   354  3191 W android.hardware.audio@7.0-impl.ranchu: TinyalsaSink::consumeThread:184 pcm_write failed with res=-1
10-17 18:40:48.629  3108  3108 D LifecycleMonitor: Lifecycle status change: edu.ucsc.cse118.assignment3.MainActivity@260b50c in: CREATED
10-17 18:40:48.629  3108  3108 V ActivityScenario: Update currentActivityStage to CREATED, currentActivity=edu.ucsc.cse118.assignment3.MainActivity@260b50c
10-17 18:40:48.640  3108  3108 D LifecycleMonitor: Lifecycle status change: edu.ucsc.cse118.assignment3.MainActivity@260b50c in: STARTED
10-17 18:40:48.640  3108  3108 V ActivityScenario: Update currentActivityStage to STARTED, currentActivity=edu.ucsc.cse118.assignment3.MainActivity@260b50c
10-17 18:40:48.640  3108  3108 D LifecycleMonitor: Lifecycle status change: edu.ucsc.cse118.assignment3.MainActivity@260b50c in: RESUMED
10-17 18:40:48.640  3108  3108 V ActivityScenario: Update currentActivityStage to RESUMED, currentActivity=edu.ucsc.cse118.assignment3.MainActivity@260b50c
10-17 18:40:48.650   354  3191 W android.hardware.audio@7.0-impl.ranchu: TinyalsaSink::consumeThread:184 pcm_write failed with res=-1
10-17 18:40:48.655   365   424 D goldfish-address-space: claimShared: Ask to claim region [0x1f2900000 0x1f32a4000]
10-17 18:40:48.657   365   424 D goldfish-address-space: claimShared: Ask to claim region [0x1f4c58000 0x1f55fc000]
10-17 18:40:48.659   365   424 D goldfish-address-space: claimShared: Ask to claim region [0x1f55fc000 0x1f5fa0000]
10-17 18:40:48.672   354  3191 W android.hardware.audio@7.0-impl.ranchu: TinyalsaSink::consumeThread:184 pcm_write failed with res=-1
10-17 18:40:48.673   565   575 I system_server: NativeAlloc concurrent copying GC freed 180271(6671KB) AllocSpace objects, 36(752KB) LOS objects, 49% free, 24MB/48MB, paused 48us,58us total 175.623ms
10-17 18:40:48.677  3108  3108 D RootViewPicker: Root not ready - waiting: 10ms for one to appear.
10-17 18:40:48.678   565   606 I ActivityTaskManager: Displayed edu.ucsc.cse118.assignment3/.MainActivity: +165ms
10-17 18:40:48.688   565  2065 W InputManager-JNI: Input channel object '22423c Splash Screen edu.ucsc.cse118.assignment3.test (client)' was disposed without first being removed with the input manager!
10-17 18:40:48.688  1570  1570 I GoogleInputMethodService: GoogleInputMethodService.onFinishInput():3269
10-17 18:40:48.688  1570  1570 I GoogleInputMethodService: GoogleInputMethodService.onStartInput():1947
10-17 18:40:48.689  1570  1570 I DeviceUnlockedTag: DeviceUnlockedTag.notifyDeviceLockStatusChanged():79 Notify device unlocked.
10-17 18:40:48.694   354  3191 W android.hardware.audio@7.0-impl.ranchu: TinyalsaSink::consumeThread:184 pcm_write failed with res=-1
10-17 18:40:48.715  3108  3108 I ViewInteraction: Performing 'type text(molly@cse118.com)' action on view ((view has effective visibility <VISIBLE> and view.getGlobalVisibleRect() to return non-empty rectangle) and ((view.getId() is <2131230905/edu.ucsc.cse118.assignment3:id/email> and is assignable from class <class android.widget.EditText>) or (is descendant of a view matching view.getId() is <2131230905/edu.ucsc.cse118.assignment3:id/email> and is assignable from class <class android.widget.EditText>)))
10-17 18:40:48.716   354  3191 W android.hardware.audio@7.0-impl.ranchu: TinyalsaSink::consumeThread:184 pcm_write failed with res=-1
10-17 18:40:48.718  1166  1166 D TaplEvents: TIS / TouchInteractionService.onInputEvent: MotionEvent { action=ACTION_DOWN, actionButton=0, id[0]=0, x[0]=539.5, y[0]=782.5, toolType[0]=TOOL_TYPE_UNKNOWN, buttonState=BUTTON_PRIMARY, classification=NONE, metaState=0, flags=0x0, edgeFlags=0x0, pointerCount=1, historySize=0, eventTime=56911001, downTime=56911001, deviceId=-1, source=0x1002, displayId=0, eventId=-114811543 }
10-17 18:40:48.740   354  3191 W android.hardware.audio@7.0-impl.ranchu: TinyalsaSink::consumeThread:184 pcm_write failed with res=-1
10-17 18:40:48.756  1166  1166 D TaplEvents: TIS / TouchInteractionService.onInputEvent: MotionEvent { action=ACTION_UP, actionButton=0, id[0]=0, x[0]=539.5, y[0]=782.5, toolType[0]=TOOL_TYPE_FINGER, buttonState=BUTTON_PRIMARY, classification=NONE, metaState=0, flags=0x0, edgeFlags=0x0, pointerCount=1, historySize=0, eventTime=56911041, downTime=56911001, deviceId=-1, source=0x1002, displayId=0, eventId=-470567841 }
10-17 18:40:48.759  1570  1570 I GoogleInputMethodService: GoogleInputMethodService.onFinishInput():3269
10-17 18:40:48.759  3108  3108 D InputMethodManager: showSoftInput() view=androidx.appcompat.widget.AppCompatEditText{d603166 VFED..CL. .F.P..ID 196,501-884,625 #7f0800b9 app:id/email aid=1073741824} flags=0 reason=SHOW_SOFT_INPUT
10-17 18:40:48.760  1570  1570 W KeyboardViewController: KeyboardViewController.show():493 Requesting to show sub view with id 2131428238(#0x7f0b038e) when keyboard HEADER view is not ready to show
10-17 18:40:48.761   354  3191 W android.hardware.audio@7.0-impl.ranchu: TinyalsaSink::consumeThread:184 pcm_write failed with res=-1
10-17 18:40:48.763  1570  1570 I GoogleInputMethodService: GoogleInputMethodService.onStartInput():1947
10-17 18:40:48.764  1570  1570 I DeviceUnlockedTag: DeviceUnlockedTag.notifyDeviceLockStatusChanged():79 Notify device unlocked.
10-17 18:40:48.765  1570  1570 I GoogleInputMethodService: GoogleInputMethodService.onStartInputView():2057
10-17 18:40:48.765  1570  1570 I DeviceUnlockedTag: DeviceUnlockedTag.notifyDeviceLockStatusChanged():79 Notify device unlocked.
10-17 18:40:48.766  1570  1570 I DeviceUnlockedTag: DeviceUnlockedTag.notifyDeviceLockStatusChanged():79 Notify device unlocked.
10-17 18:40:48.767  3108  3108 I AssistStructure: Flattened final assist data: 1940 bytes, containing 1 windows, 12 views
10-17 18:40:48.767  1570  1570 I KeyboardViewUtil: KeyboardViewUtil.getKeyboardHeightRatio():168 systemKeyboardHeightRatio:1.000000; userKeyboardHeightRatio:1.000000.
10-17 18:40:48.769  1570  1570 I DeviceUnlockedTag: DeviceUnlockedTag.notifyDeviceLockStatusChanged():79 Notify device unlocked.
10-17 18:40:48.769  1570  1570 I AndroidIME: AbstractIme.onActivate():86 LatinIme.onActivate() : EditorInfo = inputType=Email imeActionName=NEXT dump=[inputType=0x21 imeOptions=0x8000005 privateImeOptions=null actionLabel=null actionId=0 initialSelStart=0 initialSelEnd=0 initialCapsMode=0x0 hintText=Email label=null packageName=edu.ucsc.cse118.assignment3 autofillId=1073741824 fieldId=2131230905 fieldName=null extras=Bundle[{android.support.text.emoji.emojiCompat_metadataVersion=7, android.support.text.emoji.emojiCompat_replaceAll=false}] hintLocales=null contentMimeTypes=null ], IncognitoMode = false, DeviceLocked = false
10-17 18:40:48.769  1570  1570 I DeviceUnlockedTag: DeviceUnlockedTag.notifyDeviceLockStatusChanged():79 Notify device unlocked.
10-17 18:40:48.769  1570  1570 I Delight5Facilitator: Delight5Facilitator.initializeForIme():769 initializeForIme() : Locale = [en_US], layout = qwerty
10-17 18:40:48.769  1570  1570 I Delight5Facilitator: Delight5Facilitator.resetDecoder():925 resetDecoder() : Locale = [en_US]
10-17 18:40:48.770  1570  1570 E UserFeatureCache: UserFeatureCache.getStore():468 Wrong feature id provided PERSONALIZED_FST_MODEL_PARAMS for protobuf lab.
10-17 18:40:48.771  1570  1570 E InputContextLock: InputContextLock.mayLockAndRun():126 Failed to run
10-17 18:40:48.771  1570  1570 E InputContextLock: java.lang.NullPointerException: Attempt to invoke virtual method 'java.lang.Class java.lang.Object.getClass()' on a null object reference
10-17 18:40:48.771  1570  1570 E InputContextLock: 	at com.google.android.libraries.inputmethod.userfeaturecache.UserFeatureCache.c(PG:8)
10-17 18:40:48.771  1570  1570 E InputContextLock: 	at com.google.android.apps.inputmethod.libs.delight5.Delight5Facilitator.K(PG:131)
10-17 18:40:48.771  1570  1570 E InputContextLock: 	at cng.call(Unknown Source:4)
10-17 18:40:48.771  1570  1570 E InputContextLock: 	at con.a(PG:6)
10-17 18:40:48.771  1570  1570 E InputContextLock: 	at com.google.android.apps.inputmethod.libs.delight5.Delight5Facilitator.G(PG:37)
10-17 18:40:48.771  1570  1570 E InputContextLock: 	at com.google.android.apps.inputmethod.libs.latin5.LatinIme.h(PG:17)
10-17 18:40:48.771  1570  1570 E InputContextLock: 	at jlx.g(PG:6)
10-17 18:40:48.771  1570  1570 E InputContextLock: 	at jlx.m(PG:2)
10-17 18:40:48.771  1570  1570 E InputContextLock: 	at dww.u(PG:18)
10-17 18:40:48.771  1570  1570 E InputContextLock: 	at com.android.inputmethod.latin.LatinIME.u(PG:104)
10-17 18:40:48.771  1570  1570 E InputContextLock: 	at dww.onStartInputView(PG:29)
10-17 18:40:48.771  1570  1570 E InputContextLock: 	at android.inputmethodservice.InputMethodService.startViews(InputMethodService.java:2291)
10-17 18:40:48.771  1570  1570 E InputContextLock: 	at android.inputmethodservice.InputMethodService.showWindow(InputMethodService.java:2237)
10-17 18:40:48.771  1570  1570 E InputContextLock: 	at android.inputmethodservice.InputMethodService$InputMethodImpl.showSoftInput(InputMethodService.java:808)
10-17 18:40:48.771  1570  1570 E InputContextLock: 	at android.inputmethodservice.InputMethodService$InputMethodImpl.showSoftInputWithToken(InputMethodService.java:782)
10-17 18:40:48.771  1570  1570 E InputContextLock: 	at android.inputmethodservice.IInputMethodWrapper.executeMessage(IInputMethodWrapper.java:225)
10-17 18:40:48.771  1570  1570 E InputContextLock: 	at com.android.internal.os.HandlerCaller$MyHandler.handleMessage(HandlerCaller.java:44)
10-17 18:40:48.771  1570  1570 E InputContextLock: 	at android.os.Handler.dispatchMessage(Handler.java:106)
10-17 18:40:48.771  1570  1570 E InputContextLock: 	at android.os.Looper.loopOnce(Looper.java:201)
10-17 18:40:48.771  1570  1570 E InputContextLock: 	at android.os.Looper.loop(Looper.java:288)
10-17 18:40:48.771  1570  1570 E InputContextLock: 	at android.app.ActivityThread.main(ActivityThread.java:7842)
10-17 18:40:48.771  1570  1570 E InputContextLock: 	at java.lang.reflect.Method.invoke(Native Method)
10-17 18:40:48.771  1570  1570 E InputContextLock: 	at com.android.internal.os.RuntimeInit$MethodAndArgsCaller.run(RuntimeInit.java:548)
10-17 18:40:48.771  1570  1570 E InputContextLock: 	at com.android.internal.os.ZygoteInit.main(ZygoteInit.java:1003)
10-17 18:40:48.771  1570  1570 I VoiceInputManagerWrapper: VoiceInputManagerWrapper.cancelShutdown():55 cancelShutdown()
10-17 18:40:48.771  1570  1570 I VoiceInputManagerWrapper: VoiceInputManagerWrapper.syncLanguagePacks():67 syncLanguagePacks()
10-17 18:40:48.772  1570  1570 I LatinIme: LatinIme.updateEnableInlineSuggestionsOnDecoderSideFlags():1264 inline flag updated to:false
10-17 18:40:48.772  1570  7663 I SpeechFactory: SpeechRecognitionFactory.maybeScheduleAutoPackDownloadForFallback():184 maybeScheduleAutoPackDownloadForFallback()
10-17 18:40:48.772  1570  7663 I FallbackOnDeviceRecognitionProvider: FallbackOnDeviceRecognitionProvider.maybeScheduleAutoPackDownload():196 maybeScheduleAutoPackDownload() for language tag en-US
10-17 18:40:48.774  1570  1570 W Delight5Decoder: Decoder.setRuntimeParams():372 setRuntimeParams() : Native lib is not ready.
10-17 18:40:48.776  1570  1570 I KeyboardWrapper: KeyboardWrapper.consumeEvent():284 Skip consuming an event as current keyboard is deactivated (state=0, keyboard existence=true)
10-17 18:40:48.778  1570  1570 I DeviceUnlockedTag: DeviceUnlockedTag.notifyDeviceLockStatusChanged():79 Notify device unlocked.
10-17 18:40:48.780  1570  1570 I DeviceUnlockedTag: DeviceUnlockedTag.notifyDeviceLockStatusChanged():79 Notify device unlocked.
10-17 18:40:48.780  1570  1570 I DeviceUnlockedTag: DeviceUnlockedTag.notifyDeviceLockStatusChanged():79 Notify device unlocked.
10-17 18:40:48.783   354  3191 W android.hardware.audio@7.0-impl.ranchu: TinyalsaSink::consumeThread:184 pcm_write failed with res=-1
10-17 18:40:48.785  1570  1570 I DeviceUnlockedTag: DeviceUnlockedTag.notifyDeviceLockStatusChanged():79 Notify device unlocked.
10-17 18:40:48.786  1271  1271 W ngj     : Pending fill request while another request in the same session was triggered. [CONTEXT service_id=177 ]
10-17 18:40:48.787  1570  1570 I DeviceUnlockedTag: DeviceUnlockedTag.notifyDeviceLockStatusChanged():79 Notify device unlocked.
10-17 18:40:48.788  1570  1570 I DeviceUnlockedTag: DeviceUnlockedTag.notifyDeviceLockStatusChanged():79 Notify device unlocked.
10-17 18:40:48.788  1570  1570 I DeviceUnlockedTag: DeviceUnlockedTag.notifyDeviceLockStatusChanged():79 Notify device unlocked.
10-17 18:40:48.791  1580  1580 V InlineSuggestionRenderService: handleDestroySuggestionViews called for 0:1631907815
10-17 18:40:48.793  1570  1570 I KeyboardViewHelper: KeyboardViewHelper.getView():166 Get view with height ratio:1.000000
10-17 18:40:48.807   354  3191 W android.hardware.audio@7.0-impl.ranchu: TinyalsaSink::consumeThread:184 pcm_write failed with res=-1
10-17 18:40:48.817  1570  1570 I KeyboardViewUtil: KeyboardViewUtil.calculateMaxKeyboardBodyHeight():53 leave 344 height for app when screen height:2208, header height:121 and isFullscreenMode:false, so the max keyboard body height is:1743
10-17 18:40:48.821  1570  1570 I DeviceUnlockedTag: DeviceUnlockedTag.notifyDeviceLockStatusChanged():79 Notify device unlocked.
10-17 18:40:48.821  1570  1570 I DeviceUnlockedTag: DeviceUnlockedTag.notifyDeviceLockStatusChanged():79 Notify device unlocked.
10-17 18:40:48.822  1570  1570 I DeviceUnlockedTag: DeviceUnlockedTag.notifyDeviceLockStatusChanged():79 Notify device unlocked.
10-17 18:40:48.822  1570  1570 I DeviceUnlockedTag: DeviceUnlockedTag.notifyDeviceLockStatusChanged():79 Notify device unlocked.
10-17 18:40:48.822  1570  1570 I DeviceModeUtil: DeviceModeUtil.getDeviceMode():96 Get device mode phone by ui mode:1 and smallestScreenWidthDp:392
10-17 18:40:48.823  1570  1570 I DeviceUnlockedTag: DeviceUnlockedTag.notifyDeviceLockStatusChanged():79 Notify device unlocked.
10-17 18:40:48.825  1570  1570 I NormalModeController: NormalModeController.getKeyboardBodyViewHolderPaddingBottom():111 currentPrimeKeyboardType:SOFT systemPaddingBottom:-1
10-17 18:40:48.825  1570  1570 I KeyboardViewUtil: KeyboardViewUtil.calculateMaxKeyboardBodyHeight():53 leave 344 height for app when screen height:2208, header height:121 and isFullscreenMode:false, so the max keyboard body height is:1743
10-17 18:40:48.825  1570  1570 E LatinPrimeKeyboard: LatinPrimeKeyboard.updateCurrentImeLocales():414 consumeEvent: UPDATE_CURRENT_IME_LOCALES, Illegal argument
10-17 18:40:48.825  1570  1570 I NormalModeController: NormalModeController.getKeyboardBodyViewHolderPaddingBottom():111 currentPrimeKeyboardType:SOFT systemPaddingBottom:-1
10-17 18:40:48.826  1570  1570 I NormalModeController: NormalModeController.getKeyboardBodyViewHolderPaddingBottom():111 currentPrimeKeyboardType:SOFT systemPaddingBottom:-1
10-17 18:40:48.827   354  3191 W android.hardware.audio@7.0-impl.ranchu: TinyalsaSink::consumeThread:184 pcm_write failed with res=-1
10-17 18:40:48.834  1570  1570 I DeviceUnlockedTag: DeviceUnlockedTag.notifyDeviceLockStatusChanged():79 Notify device unlocked.
10-17 18:40:48.835  1570  1570 I CurrentMicStatusHolder: CurrentMicStatusHolder.onStartInputView():79 Current Mic status = {MicIconHidden-EmailInputType,}
10-17 18:40:48.835  1570  1570 I VoiceImeExtension: VoiceImeExtension.shouldStartVoiceInputAutomatically():364 No private IME option set to start voice input.
10-17 18:40:48.849   354  3191 W android.hardware.audio@7.0-impl.ranchu: TinyalsaSink::consumeThread:184 pcm_write failed with res=-1
10-17 18:40:48.855  1570  1570 I NormalModeController: NormalModeController.getKeyboardBodyViewHolderPaddingBottom():111 currentPrimeKeyboardType:SOFT systemPaddingBottom:-1
10-17 18:40:48.863  1389  1389 D BoundBrokerSvc: onBind: Intent { act=com.google.android.gms.common.BIND_SHARED_PREFS pkg=com.google.android.gms }
10-17 18:40:48.863  1389  1389 D BoundBrokerSvc: Loading bound service for intent: Intent { act=com.google.android.gms.common.BIND_SHARED_PREFS pkg=com.google.android.gms }
10-17 18:40:48.871   354  3191 W android.hardware.audio@7.0-impl.ranchu: TinyalsaSink::consumeThread:184 pcm_write failed with res=-1
10-17 18:40:48.876  1389  1389 D BoundBrokerSvc: onUnbind: Intent { act=com.google.android.gms.common.BIND_SHARED_PREFS pkg=com.google.android.gms }
10-17 18:40:48.890  3108  3108 D InsetsController: show(ime(), fromIme=true)
10-17 18:40:48.894   354  3191 W android.hardware.audio@7.0-impl.ranchu: TinyalsaSink::consumeThread:184 pcm_write failed with res=-1
10-17 18:40:48.915   354  3191 W android.hardware.audio@7.0-impl.ranchu: TinyalsaSink::consumeThread:184 pcm_write failed with res=-1
10-17 18:40:48.922  1570  2142 D EGL_emulation: app_time_stats: avg=1402.10ms min=1402.10ms max=1402.10ms count=1
10-17 18:40:48.937   354  3191 W android.hardware.audio@7.0-impl.ranchu: TinyalsaSink::consumeThread:184 pcm_write failed with res=-1
10-17 18:40:48.944  1389  1389 D BoundBrokerSvc: onBind: Intent { act=com.google.android.gms.common.BIND_SHARED_PREFS pkg=com.google.android.gms }
10-17 18:40:48.944  1389  1389 D BoundBrokerSvc: Loading bound service for intent: Intent { act=com.google.android.gms.common.BIND_SHARED_PREFS pkg=com.google.android.gms }
10-17 18:40:48.947  1389  1389 D BoundBrokerSvc: onUnbind: Intent { act=com.google.android.gms.common.BIND_SHARED_PREFS pkg=com.google.android.gms }
10-17 18:40:48.960   354  3191 W android.hardware.audio@7.0-impl.ranchu: TinyalsaSink::consumeThread:184 pcm_write failed with res=-1
10-17 18:40:48.979  1570  1570 W SpellCheckerExtension: SpellCheckerExtension.consumeEvent():156 SPELL_CHECK_SUGGESTIONS received with bad key data.
10-17 18:40:48.979  1570  1570 W TooltipLifecycleManager: TooltipLifecycleManager.dismissTooltips():157 Tooltip with id spell_check_add_to_dictionary not found in tooltipManager.
10-17 18:40:48.982   354  3191 W android.hardware.audio@7.0-impl.ranchu: TinyalsaSink::consumeThread:184 pcm_write failed with res=-1
10-17 18:40:48.997  3108  3108 D UiControllerImpl: Injecting string: "molly@cse118.com"
10-17 18:40:49.004   354  3191 W android.hardware.audio@7.0-impl.ranchu: TinyalsaSink::consumeThread:184 pcm_write failed with res=-1
10-17 18:40:49.026   354  3191 W android.hardware.audio@7.0-impl.ranchu: TinyalsaSink::consumeThread:184 pcm_write failed with res=-1
10-17 18:40:49.048   354  3191 W android.hardware.audio@7.0-impl.ranchu: TinyalsaSink::consumeThread:184 pcm_write failed with res=-1
10-17 18:40:49.070   354  3191 W android.hardware.audio@7.0-impl.ranchu: TinyalsaSink::consumeThread:184 pcm_write failed with res=-1
10-17 18:40:49.093   354  3191 W android.hardware.audio@7.0-impl.ranchu: TinyalsaSink::consumeThread:184 pcm_write failed with res=-1
10-17 18:40:49.114   354  3191 W android.hardware.audio@7.0-impl.ranchu: TinyalsaSink::consumeThread:184 pcm_write failed with res=-1
10-17 18:40:49.137   354  3191 W android.hardware.audio@7.0-impl.ranchu: TinyalsaSink::consumeThread:184 pcm_write failed with res=-1
10-17 18:40:49.159   354  3191 W android.hardware.audio@7.0-impl.ranchu: TinyalsaSink::consumeThread:184 pcm_write failed with res=-1
10-17 18:40:49.182   354  3191 W android.hardware.audio@7.0-impl.ranchu: TinyalsaSink::consumeThread:184 pcm_write failed with res=-1
10-17 18:40:49.203   354  3191 W android.hardware.audio@7.0-impl.ranchu: TinyalsaSink::consumeThread:184 pcm_write failed with res=-1
10-17 18:40:49.226   354  3191 W android.hardware.audio@7.0-impl.ranchu: TinyalsaSink::consumeThread:184 pcm_write failed with res=-1
10-17 18:40:49.247   354  3191 W android.hardware.audio@7.0-impl.ranchu: TinyalsaSink::consumeThread:184 pcm_write failed with res=-1
10-17 18:40:49.269   354  3191 W android.hardware.audio@7.0-impl.ranchu: TinyalsaSink::consumeThread:184 pcm_write failed with res=-1
10-17 18:40:49.292   354  3191 W android.hardware.audio@7.0-impl.ranchu: TinyalsaSink::consumeThread:184 pcm_write failed with res=-1
10-17 18:40:49.305  3108  3108 I ViewInteraction: Performing 'type text(molly)' action on view ((view has effective visibility <VISIBLE> and view.getGlobalVisibleRect() to return non-empty rectangle) and ((view.getId() is <2131231065/edu.ucsc.cse118.assignment3:id/password> and is assignable from class <class android.widget.EditText>) or (is descendant of a view matching view.getId() is <2131231065/edu.ucsc.cse118.assignment3:id/password> and is assignable from class <class android.widget.EditText>)))
10-17 18:40:49.308  1166  1166 D TaplEvents: TIS / TouchInteractionService.onInputEvent: MotionEvent { action=ACTION_DOWN, actionButton=0, id[0]=0, x[0]=539.5, y[0]=928.5, toolType[0]=TOOL_TYPE_UNKNOWN, buttonState=BUTTON_PRIMARY, classification=NONE, metaState=0, flags=0x0, edgeFlags=0x0, pointerCount=1, historySize=0, eventTime=56911591, downTime=56911591, deviceId=-1, source=0x1002, displayId=0, eventId=-248287058 }
10-17 18:40:49.314   354  3191 W android.hardware.audio@7.0-impl.ranchu: TinyalsaSink::consumeThread:184 pcm_write failed with res=-1
10-17 18:40:49.337   354  3191 W android.hardware.audio@7.0-impl.ranchu: TinyalsaSink::consumeThread:184 pcm_write failed with res=-1
10-17 18:40:49.349  1166  1166 D TaplEvents: TIS / TouchInteractionService.onInputEvent: MotionEvent { action=ACTION_UP, actionButton=0, id[0]=0, x[0]=539.5, y[0]=928.5, toolType[0]=TOOL_TYPE_FINGER, buttonState=BUTTON_PRIMARY, classification=NONE, metaState=0, flags=0x0, edgeFlags=0x0, pointerCount=1, historySize=0, eventTime=56911633, downTime=56911591, deviceId=-1, source=0x1002, displayId=0, eventId=-1042773150 }
10-17 18:40:49.352  3108  3108 D InputMethodManager: showSoftInput() view=androidx.appcompat.widget.AppCompatEditText{be64ca7 VFED..CL. .F.P..ID 196,647-884,771 #7f080159 app:id/password aid=1073741825} flags=0 reason=SHOW_SOFT_INPUT
10-17 18:40:49.352  1570  1570 I GoogleInputMethodService: GoogleInputMethodService.onFinishInputView():2291
10-17 18:40:49.353  1570  1570 W TooltipLifecycleManager: TooltipLifecycleManager.dismissTooltips():157 Tooltip with id spell_check_add_to_dictionary not found in tooltipManager.
10-17 18:40:49.353  1570  1570 I InputBundle: InputBundle.consumeEvent():920 Skip consuming an event as keyboard status is 0
10-17 18:40:49.353  1570  1570 I KeyboardWrapper: KeyboardWrapper.consumeEvent():284 Skip consuming an event as current keyboard is deactivated (state=0, keyboard existence=true)
10-17 18:40:49.353  1570  1570 I VoiceInputManagerWrapper: VoiceInputManagerWrapper.shutdown():77 shutdown()
10-17 18:40:49.354  1570  1570 I DeviceUnlockedTag: DeviceUnlockedTag.notifyDeviceLockStatusChanged():79 Notify device unlocked.
10-17 18:40:49.354  1570  1570 I AndroidIME: AbstractIme.onDeactivate():207 LatinIme.onDeactivate()
10-17 18:40:49.355  1570  1570 I GoogleInputMethodService: GoogleInputMethodService.onFinishInput():3269
10-17 18:40:49.355  1570  1570 I GoogleInputMethodService: GoogleInputMethodService.onStartInput():1947
10-17 18:40:49.355  1570  1570 I DeviceUnlockedTag: DeviceUnlockedTag.notifyDeviceLockStatusChanged():79 Notify device unlocked.
10-17 18:40:49.356  1570  1570 I GoogleInputMethodService: GoogleInputMethodService.onStartInputView():2057
10-17 18:40:49.356  1570  1570 I DeviceUnlockedTag: DeviceUnlockedTag.notifyDeviceLockStatusChanged():79 Notify device unlocked.
10-17 18:40:49.356  1570  1570 I DeviceUnlockedTag: DeviceUnlockedTag.notifyDeviceLockStatusChanged():79 Notify device unlocked.
10-17 18:40:49.356  1570  1570 I KeyboardViewUtil: KeyboardViewUtil.getKeyboardHeightRatio():168 systemKeyboardHeightRatio:1.000000; userKeyboardHeightRatio:1.000000.
10-17 18:40:49.356  1570  1570 I DeviceUnlockedTag: DeviceUnlockedTag.notifyDeviceLockStatusChanged():79 Notify device unlocked.
10-17 18:40:49.356  1570  1570 I AndroidIME: AbstractIme.onActivate():86 PasswordIme.onActivate() : EditorInfo = inputType=Password imeActionName=DONE dump=[inputType=0x81 imeOptions=0x4000006 privateImeOptions=null actionLabel=null actionId=0 initialSelStart=0 initialSelEnd=0 initialCapsMode=0x0 hintText=Password label=null packageName=edu.ucsc.cse118.assignment3 autofillId=1073741825 fieldId=2131231065 fieldName=null extras=Bundle[{android.support.text.emoji.emojiCompat_metadataVersion=7, android.support.text.emoji.emojiCompat_replaceAll=false}] hintLocales=null contentMimeTypes=null ], IncognitoMode = false, DeviceLocked = false
10-17 18:40:49.357  1570  1570 I DeviceUnlockedTag: DeviceUnlockedTag.notifyDeviceLockStatusChanged():79 Notify device unlocked.
10-17 18:40:49.358   354  3191 W android.hardware.audio@7.0-impl.ranchu: TinyalsaSink::consumeThread:184 pcm_write failed with res=-1
10-17 18:40:49.359  1570  1570 I KeyboardViewHelper: KeyboardViewHelper.getView():166 Get view with height ratio:1.000000
10-17 18:40:49.367  1570  1570 I KeyboardViewUtil: KeyboardViewUtil.calculateMaxKeyboardBodyHeight():53 leave 344 height for app when screen height:2208, header height:121 and isFullscreenMode:false, so the max keyboard body height is:1743
10-17 18:40:49.367  1570  1570 I DeviceUnlockedTag: DeviceUnlockedTag.notifyDeviceLockStatusChanged():79 Notify device unlocked.
10-17 18:40:49.368  1570  1570 I KeyboardViewUtil: KeyboardViewUtil.calculateMaxKeyboardBodyHeight():53 leave 344 height for app when screen height:2208, header height:121 and isFullscreenMode:false, so the max keyboard body height is:1743
10-17 18:40:49.369  1570  1570 I NormalModeController: NormalModeController.getKeyboardBodyViewHolderPaddingBottom():111 currentPrimeKeyboardType:SOFT systemPaddingBottom:-1
10-17 18:40:49.369  1570  1570 I NormalModeController: NormalModeController.getKeyboardBodyViewHolderPaddingBottom():111 currentPrimeKeyboardType:SOFT systemPaddingBottom:-1
10-17 18:40:49.372  1570  1570 I CurrentMicStatusHolder: CurrentMicStatusHolder.onStartInputView():79 Current Mic status = {MicIconHidden-SettingOff,MicIconHidden-PasswordOrNumberOrDateInputType,}
10-17 18:40:49.372  1570  1570 I VoiceImeExtension: VoiceImeExtension.shouldStartVoiceInputAutomatically():364 No private IME option set to start voice input.
10-17 18:40:49.381  3108  3108 D InsetsController: show(ime(), fromIme=true)
10-17 18:40:49.381  3108  3108 D InsetsController: show(ime(), fromIme=true)
10-17 18:40:49.383   354  3191 W android.hardware.audio@7.0-impl.ranchu: TinyalsaSink::consumeThread:184 pcm_write failed with res=-1
10-17 18:40:49.384  1389  1389 D BoundBrokerSvc: onBind: Intent { act=com.google.android.gms.common.BIND_SHARED_PREFS pkg=com.google.android.gms }
10-17 18:40:49.385  1389  1389 D BoundBrokerSvc: Loading bound service for intent: Intent { act=com.google.android.gms.common.BIND_SHARED_PREFS pkg=com.google.android.gms }
10-17 18:40:49.391  1389  1389 D BoundBrokerSvc: onUnbind: Intent { act=com.google.android.gms.common.BIND_SHARED_PREFS pkg=com.google.android.gms }
10-17 18:40:49.391  1389  1389 D BoundBrokerSvc: onBind: Intent { act=com.google.android.gms.common.BIND_SHARED_PREFS pkg=com.google.android.gms }
10-17 18:40:49.391  1389  1389 D BoundBrokerSvc: Loading bound service for intent: Intent { act=com.google.android.gms.common.BIND_SHARED_PREFS pkg=com.google.android.gms }
10-17 18:40:49.392  1389  1389 D BoundBrokerSvc: onUnbind: Intent { act=com.google.android.gms.common.BIND_SHARED_PREFS pkg=com.google.android.gms }
10-17 18:40:49.406   354  3191 W android.hardware.audio@7.0-impl.ranchu: TinyalsaSink::consumeThread:184 pcm_write failed with res=-1
10-17 18:40:49.425   354  3191 W android.hardware.audio@7.0-impl.ranchu: TinyalsaSink::consumeThread:184 pcm_write failed with res=-1
10-17 18:40:49.447   354  3191 W android.hardware.audio@7.0-impl.ranchu: TinyalsaSink::consumeThread:184 pcm_write failed with res=-1
10-17 18:40:49.470   354  3191 W android.hardware.audio@7.0-impl.ranchu: TinyalsaSink::consumeThread:184 pcm_write failed with res=-1
10-17 18:40:49.493   354  3191 W android.hardware.audio@7.0-impl.ranchu: TinyalsaSink::consumeThread:184 pcm_write failed with res=-1
10-17 18:40:49.513   354  3191 W android.hardware.audio@7.0-impl.ranchu: TinyalsaSink::consumeThread:184 pcm_write failed with res=-1
10-17 18:40:49.535   354  3191 W android.hardware.audio@7.0-impl.ranchu: TinyalsaSink::consumeThread:184 pcm_write failed with res=-1
10-17 18:40:49.559   354  3191 W android.hardware.audio@7.0-impl.ranchu: TinyalsaSink::consumeThread:184 pcm_write failed with res=-1
10-17 18:40:49.581   354  3191 W android.hardware.audio@7.0-impl.ranchu: TinyalsaSink::consumeThread:184 pcm_write failed with res=-1
10-17 18:40:49.599  3108  3108 D UiControllerImpl: Injecting string: "molly"
10-17 18:40:49.601   354  3191 W android.hardware.audio@7.0-impl.ranchu: TinyalsaSink::consumeThread:184 pcm_write failed with res=-1
10-17 18:40:49.623   354  3191 W android.hardware.audio@7.0-impl.ranchu: TinyalsaSink::consumeThread:184 pcm_write failed with res=-1
10-17 18:40:49.646   354  3191 W android.hardware.audio@7.0-impl.ranchu: TinyalsaSink::consumeThread:184 pcm_write failed with res=-1
10-17 18:40:49.668   354  3191 W android.hardware.audio@7.0-impl.ranchu: TinyalsaSink::consumeThread:184 pcm_write failed with res=-1
10-17 18:40:49.684  3108  3175 D EGL_emulation: app_time_stats: avg=31.73ms min=10.62ms max=232.98ms count=32
10-17 18:40:49.691   354  3191 W android.hardware.audio@7.0-impl.ranchu: TinyalsaSink::consumeThread:184 pcm_write failed with res=-1
10-17 18:40:49.701  3108  3108 I ViewInteraction: Performing 'single click' action on view ((view has effective visibility <VISIBLE> and view.getGlobalVisibleRect() to return non-empty rectangle) and (an instance of android.widget.TextView and view.getText() with or without transformation to match: is "LOGIN" or (view.getParent() is assignable from class <class com.google.android.material.textfield.TextInputLayout> and (view is an instance of android.view.ViewGroup and has descendant matching an instance of android.widget.TextView and view.getText() with or without transformation to match: is "LOGIN"))))
10-17 18:40:49.703  1570 14247 I DeviceUnlockedTag: DeviceUnlockedTag.notifyDeviceLockStatusChanged():79 Notify device unlocked.
10-17 18:40:49.703  1166  1166 D TaplEvents: TIS / TouchInteractionService.onInputEvent: MotionEvent { action=ACTION_DOWN, actionButton=0, id[0]=0, x[0]=539.5, y[0]=1078.5, toolType[0]=TOOL_TYPE_UNKNOWN, buttonState=BUTTON_PRIMARY, classification=NONE, metaState=0, flags=0x0, edgeFlags=0x0, pointerCount=1, historySize=0, eventTime=56911987, downTime=56911987, deviceId=-1, source=0x1002, displayId=0, eventId=-12991581 }
10-17 18:40:49.704  1570 14247 I DeviceUnlockedTag: DeviceUnlockedTag.notifyDeviceLockStatusChanged():79 Notify device unlocked.
10-17 18:40:49.707  1570 14247 I DeviceUnlockedTag: DeviceUnlockedTag.notifyDeviceLockStatusChanged():79 Notify device unlocked.
10-17 18:40:49.712   354  3191 W android.hardware.audio@7.0-impl.ranchu: TinyalsaSink::consumeThread:184 pcm_write failed with res=-1
10-17 18:40:49.734   354  3191 W android.hardware.audio@7.0-impl.ranchu: TinyalsaSink::consumeThread:184 pcm_write failed with res=-1
10-17 18:40:49.743  1166  1166 D TaplEvents: TIS / TouchInteractionService.onInputEvent: MotionEvent { action=ACTION_UP, actionButton=0, id[0]=0, x[0]=539.5, y[0]=1078.5, toolType[0]=TOOL_TYPE_FINGER, buttonState=BUTTON_PRIMARY, classification=NONE, metaState=0, flags=0x0, edgeFlags=0x0, pointerCount=1, historySize=0, eventTime=56912028, downTime=56911987, deviceId=-1, source=0x1002, displayId=0, eventId=-340258465 }
10-17 18:40:49.756   354  3191 W android.hardware.audio@7.0-impl.ranchu: TinyalsaSink::consumeThread:184 pcm_write failed with res=-1
10-17 18:40:49.759   354   474 E android.hardware.audio@7.0-impl.ranchu: device/generic/goldfish/audio/stream_out.cpp:updateSourceMetadata:377 failure: Result::NOT_SUPPORTED
10-17 18:40:49.779   354  3191 W android.hardware.audio@7.0-impl.ranchu: TinyalsaSink::consumeThread:184 pcm_write failed with res=-1
10-17 18:40:49.801   354  3191 W android.hardware.audio@7.0-impl.ranchu: TinyalsaSink::consumeThread:184 pcm_write failed with res=-1
10-17 18:40:49.821  1570  1570 I GoogleInputMethodService: GoogleInputMethodService.onFinishInputView():2291
10-17 18:40:49.822  1570  1570 W TooltipLifecycleManager: TooltipLifecycleManager.dismissTooltips():157 Tooltip with id spell_check_add_to_dictionary not found in tooltipManager.
10-17 18:40:49.823   354  3191 W android.hardware.audio@7.0-impl.ranchu: TinyalsaSink::consumeThread:184 pcm_write failed with res=-1
10-17 18:40:49.823  1570  1570 I AndroidIME: AbstractIme.onDeactivate():207 PasswordIme.onDeactivate()
10-17 18:40:49.836   863   945 D EGL_emulation: app_time_stats: avg=405.23ms min=82.06ms max=785.21ms count=3
10-17 18:40:49.845   354  3191 W android.hardware.audio@7.0-impl.ranchu: TinyalsaSink::consumeThread:184 pcm_write failed with res=-1
10-17 18:40:49.868   354  3191 W android.hardware.audio@7.0-impl.ranchu: TinyalsaSink::consumeThread:184 pcm_write failed with res=-1
10-17 18:40:49.891   354  3191 W android.hardware.audio@7.0-impl.ranchu: TinyalsaSink::consumeThread:184 pcm_write failed with res=-1
10-17 18:40:49.897   354   474 E android.hardware.audio@7.0-impl.ranchu: device/generic/goldfish/audio/stream_out.cpp:updateSourceMetadata:377 failure: Result::NOT_SUPPORTED
10-17 18:40:49.911   354  3191 W android.hardware.audio@7.0-impl.ranchu: TinyalsaSink::consumeThread:184 pcm_write failed with res=-1
10-17 18:40:49.934   354  3191 W android.hardware.audio@7.0-impl.ranchu: TinyalsaSink::consumeThread:184 pcm_write failed with res=-1
10-17 18:40:49.956   354  3191 W android.hardware.audio@7.0-impl.ranchu: TinyalsaSink::consumeThread:184 pcm_write failed with res=-1
10-17 18:40:49.978   354  3191 W android.hardware.audio@7.0-impl.ranchu: TinyalsaSink::consumeThread:184 pcm_write failed with res=-1
10-17 18:40:49.980  3108  3108 I ViewInteraction: Performing 'searching for view an instance of android.widget.TextView and view.getText() with or without transformation to match: is "Construction" in the root view' action on view view.getRootView() to equal view
10-17 18:40:49.981  3108  3108 I ViewInteraction: Performing 'single click' action on view ((view has effective visibility <VISIBLE> and view.getGlobalVisibleRect() to return non-empty rectangle) and (an instance of android.widget.TextView and view.getText() with or without transformation to match: is "Construction" or (view.getParent() is assignable from class <class com.google.android.material.textfield.TextInputLayout> and (view is an instance of android.view.ViewGroup and has descendant matching an instance of android.widget.TextView and view.getText() with or without transformation to match: is "Construction"))))
10-17 18:40:49.982  1166  1166 D TaplEvents: TIS / TouchInteractionService.onInputEvent: MotionEvent { action=ACTION_DOWN, actionButton=0, id[0]=0, x[0]=178.0, y[0]=278.5, toolType[0]=TOOL_TYPE_UNKNOWN, buttonState=BUTTON_PRIMARY, classification=NONE, metaState=0, flags=0x0, edgeFlags=0x0, pointerCount=1, historySize=0, eventTime=56912266, downTime=56912266, deviceId=-1, source=0x1002, displayId=0, eventId=-677940230 }
10-17 18:40:50.001   354  3191 W android.hardware.audio@7.0-impl.ranchu: TinyalsaSink::consumeThread:184 pcm_write failed with res=-1
10-17 18:40:50.021  1166  1166 D TaplEvents: TIS / TouchInteractionService.onInputEvent: MotionEvent { action=ACTION_UP, actionButton=0, id[0]=0, x[0]=178.0, y[0]=278.5, toolType[0]=TOOL_TYPE_FINGER, buttonState=BUTTON_PRIMARY, classification=NONE, metaState=0, flags=0x0, edgeFlags=0x0, pointerCount=1, historySize=0, eventTime=56912306, downTime=56912266, deviceId=-1, source=0x1002, displayId=0, eventId=-170605089 }
10-17 18:40:50.022   354  3191 W android.hardware.audio@7.0-impl.ranchu: TinyalsaSink::consumeThread:184 pcm_write failed with res=-1
10-17 18:40:50.023   354   474 E android.hardware.audio@7.0-impl.ranchu: device/generic/goldfish/audio/stream_out.cpp:updateSourceMetadata:377 failure: Result::NOT_SUPPORTED
10-17 18:40:50.044   354  3191 W android.hardware.audio@7.0-impl.ranchu: TinyalsaSink::consumeThread:184 pcm_write failed with res=-1
10-17 18:40:50.066   354  3191 W android.hardware.audio@7.0-impl.ranchu: TinyalsaSink::consumeThread:184 pcm_write failed with res=-1
10-17 18:40:50.089   354  3191 W android.hardware.audio@7.0-impl.ranchu: TinyalsaSink::consumeThread:184 pcm_write failed with res=-1
10-17 18:40:50.112   354  3191 W android.hardware.audio@7.0-impl.ranchu: TinyalsaSink::consumeThread:184 pcm_write failed with res=-1
10-17 18:40:50.134   354  3191 W android.hardware.audio@7.0-impl.ranchu: TinyalsaSink::consumeThread:184 pcm_write failed with res=-1
10-17 18:40:50.155   354  3191 W android.hardware.audio@7.0-impl.ranchu: TinyalsaSink::consumeThread:184 pcm_write failed with res=-1
10-17 18:40:50.156   354   474 E android.hardware.audio@7.0-impl.ranchu: device/generic/goldfish/audio/stream_out.cpp:updateSourceMetadata:377 failure: Result::NOT_SUPPORTED
10-17 18:40:50.179   354  3191 W android.hardware.audio@7.0-impl.ranchu: TinyalsaSink::consumeThread:184 pcm_write failed with res=-1
10-17 18:40:50.200   354  3191 W android.hardware.audio@7.0-impl.ranchu: TinyalsaSink::consumeThread:184 pcm_write failed with res=-1
10-17 18:40:50.223   354  3191 W android.hardware.audio@7.0-impl.ranchu: TinyalsaSink::consumeThread:184 pcm_write failed with res=-1
10-17 18:40:50.243   354  3191 W android.hardware.audio@7.0-impl.ranchu: TinyalsaSink::consumeThread:184 pcm_write failed with res=-1
10-17 18:40:50.248  3108  3108 I ViewInteraction: Performing 'searching for view an instance of android.widget.TextView and view.getText() with or without transformation to match: is "Framing (Wood)" in the root view' action on view view.getRootView() to equal view
10-17 18:40:50.250  3108  3108 I ViewInteraction: Performing 'single click' action on view ((view has effective visibility <VISIBLE> and view.getGlobalVisibleRect() to return non-empty rectangle) and (an instance of android.widget.TextView and view.getText() with or without transformation to match: is "Framing (Wood)" or (view.getParent() is assignable from class <class com.google.android.material.textfield.TextInputLayout> and (view is an instance of android.view.ViewGroup and has descendant matching an instance of android.widget.TextView and view.getText() with or without transformation to match: is "Framing (Wood)"))))
10-17 18:40:50.252  1166  1166 D TaplEvents: TIS / TouchInteractionService.onInputEvent: MotionEvent { action=ACTION_DOWN, actionButton=0, id[0]=0, x[0]=218.0, y[0]=465.5, toolType[0]=TOOL_TYPE_UNKNOWN, buttonState=BUTTON_PRIMARY, classification=NONE, metaState=0, flags=0x0, edgeFlags=0x0, pointerCount=1, historySize=0, eventTime=56912536, downTime=56912536, deviceId=-1, source=0x1002, displayId=0, eventId=-755018902 }
10-17 18:40:50.268   354  3191 W android.hardware.audio@7.0-impl.ranchu: TinyalsaSink::consumeThread:184 pcm_write failed with res=-1
10-17 18:40:50.289   354  3191 W android.hardware.audio@7.0-impl.ranchu: TinyalsaSink::consumeThread:184 pcm_write failed with res=-1
10-17 18:40:50.292  1166  1166 D TaplEvents: TIS / TouchInteractionService.onInputEvent: MotionEvent { action=ACTION_UP, actionButton=0, id[0]=0, x[0]=218.0, y[0]=465.5, toolType[0]=TOOL_TYPE_FINGER, buttonState=BUTTON_PRIMARY, classification=NONE, metaState=0, flags=0x0, edgeFlags=0x0, pointerCount=1, historySize=0, eventTime=56912576, downTime=56912536, deviceId=-1, source=0x1002, displayId=0, eventId=-431773316 }
10-17 18:40:50.296   354   474 E android.hardware.audio@7.0-impl.ranchu: device/generic/goldfish/audio/stream_out.cpp:updateSourceMetadata:377 failure: Result::NOT_SUPPORTED
10-17 18:40:50.310   354  3191 W android.hardware.audio@7.0-impl.ranchu: TinyalsaSink::consumeThread:184 pcm_write failed with res=-1
10-17 18:40:50.332   354  3191 W android.hardware.audio@7.0-impl.ranchu: TinyalsaSink::consumeThread:184 pcm_write failed with res=-1
10-17 18:40:50.354   354  3191 W android.hardware.audio@7.0-impl.ranchu: TinyalsaSink::consumeThread:184 pcm_write failed with res=-1
10-17 18:40:50.377   354  3191 W android.hardware.audio@7.0-impl.ranchu: TinyalsaSink::consumeThread:184 pcm_write failed with res=-1
10-17 18:40:50.377  1570  1570 I DeviceUnlockedTag: DeviceUnlockedTag.notifyDeviceLockStatusChanged():79 Notify device unlocked.
10-17 18:40:50.399   354  3191 W android.hardware.audio@7.0-impl.ranchu: TinyalsaSink::consumeThread:184 pcm_write failed with res=-1
10-17 18:40:50.421   354  3191 W android.hardware.audio@7.0-impl.ranchu: TinyalsaSink::consumeThread:184 pcm_write failed with res=-1
10-17 18:40:50.422   354   474 E android.hardware.audio@7.0-impl.ranchu: device/generic/goldfish/audio/stream_out.cpp:updateSourceMetadata:377 failure: Result::NOT_SUPPORTED
10-17 18:40:50.443   354  3191 W android.hardware.audio@7.0-impl.ranchu: TinyalsaSink::consumeThread:184 pcm_write failed with res=-1
10-17 18:40:50.465   354  3191 W android.hardware.audio@7.0-impl.ranchu: TinyalsaSink::consumeThread:184 pcm_write failed with res=-1
10-17 18:40:50.488   354  3191 W android.hardware.audio@7.0-impl.ranchu: TinyalsaSink::consumeThread:184 pcm_write failed with res=-1
10-17 18:40:50.509   354  3191 W android.hardware.audio@7.0-impl.ranchu: TinyalsaSink::consumeThread:184 pcm_write failed with res=-1
10-17 18:40:50.531   354  3191 W android.hardware.audio@7.0-impl.ranchu: TinyalsaSink::consumeThread:184 pcm_write failed with res=-1
10-17 18:40:50.553   354  3191 W android.hardware.audio@7.0-impl.ranchu: TinyalsaSink::consumeThread:184 pcm_write failed with res=-1
10-17 18:40:50.567  3108  3108 I ViewInteraction: Performing 'searching for view an instance of android.widget.TextView and view.getText() with or without transformation to match: is "Jul 21, 2022, 10:42:36 AM" in the root view' action on view view.getRootView() to equal view
10-17 18:40:50.574  3108  3108 D LifecycleMonitor: Lifecycle status change: edu.ucsc.cse118.assignment3.MainActivity@260b50c in: PAUSED
10-17 18:40:50.574  3108  3108 V ActivityScenario: Update currentActivityStage to PAUSED, currentActivity=edu.ucsc.cse118.assignment3.MainActivity@260b50c
10-17 18:40:50.575   354  3191 W android.hardware.audio@7.0-impl.ranchu: TinyalsaSink::consumeThread:184 pcm_write failed with res=-1
10-17 18:40:50.578   565  2069 W InputReader: Device virtio_input_multi_touch_2 is associated with display ADISPLAY_ID_NONE.
